    Checking nazo-resource-server v0.2.16 (/src/crates/resource-server)
    Checking nazo-openid4vci v0.2.16 (/src/crates/openid4vci)
    Checking nazo-identity v0.2.16 (/src/crates/identity)
    Checking nazo-openid4vc-http-actix v0.2.16 (/src/crates/openid4vc-http-actix)
    Checking nazo-auth v0.2.16 (/src/crates/authorization-server-core)
    Checking nazo-oauth-server-object-store v0.2.16 (/src/crates/authorization-server-object-store)
    Checking nazo-key-management v0.2.16 (/src/crates/key-management)
    Checking nazo-persistence v0.2.16 (/src/crates/persistence)
    Checking nazo-valkey v0.2.16 (/src/crates/state-store-valkey)
    Checking nazo-postgres v0.2.16 (/src/crates/persistence-postgres)
    Checking nazo-oauth-server v0.2.16 (/src/crates/authorization-server)
error[E0432]: unresolved import `nazo_postgres`
  --> crates/persistence-postgres/src/repositories/mfa/../../../tests/unit/repositories/mfa.rs:12:5
   |
12 | use nazo_postgres::MfaTotpKey;
   |     ^^^^^^^^^^^^^ use of unresolved module or unlinked crate `nazo_postgres`
   |
help: there is a crate or module with a similar name
   |
12 - use nazo_postgres::MfaTotpKey;
12 + use tokio_postgres::MfaTotpKey;
   |

error[E0432]: unresolved import `nazo_postgres`
  --> crates/persistence-postgres/src/repositories/mfa/../../../tests/unit/repositories/mfa.rs:13:5
   |
13 | use nazo_postgres::MfaTotpKeyRing;
   |     ^^^^^^^^^^^^^ use of unresolved module or unlinked crate `nazo_postgres`
   |
help: there is a crate or module with a similar name
   |
13 - use nazo_postgres::MfaTotpKeyRing;
13 + use tokio_postgres::MfaTotpKeyRing;
   |

    Checking nazo-http-actix v0.2.16 (/src/crates/http-actix)
    Checking nazo-oauth-server-valkey v0.2.16 (/src/crates/authorization-server-valkey)
For more information about this error, try `rustc --explain E0432`.
error: could not compile `nazo-postgres` (lib test) due to 2 previous errors
warning: build failed, waiting for other jobs to finish...
