    Checking nazo-identity v0.2.16 (/src/crates/identity)
    Checking nazo-auth v0.2.16 (/src/crates/authorization-server-core)
    Checking nazo-oauth-server-object-store v0.2.16 (/src/crates/authorization-server-object-store)
    Checking nazo-key-management v0.2.16 (/src/crates/key-management)
    Checking nazo-persistence v0.2.16 (/src/crates/persistence)
    Checking nazo-valkey v0.2.16 (/src/crates/state-store-valkey)
    Checking nazo-postgres v0.2.16 (/src/crates/persistence-postgres)
    Checking nazo-oauth-server v0.2.16 (/src/crates/authorization-server)
    Checking nazo-http-actix v0.2.16 (/src/crates/http-actix)
    Checking nazo-oauth-server-valkey v0.2.16 (/src/crates/authorization-server-valkey)
error[E0560]: struct `nazo_identity::ports::PasskeyCredential` has no field named `credential_id`
   --> crates/http-actix/src/../tests/unit/passkey.rs:309:9
    |
309 |         credential_id: "public-credential-id".to_owned(),
    |         ^^^^^^^^^^^^^ `nazo_identity::ports::PasskeyCredential` does not have this field
    |
    = note: all struct fields are already assigned

error[E0308]: mismatched types
   --> crates/http-actix/src/../tests/unit/passkey.rs:310:21
    |
310 |         credential: json!({"private": "credential-material"}),
    |                     ^^^^^^^^^^^^^^^^^^^^^^^^^^^^^^^^^^^^^^^^^ expected `PasskeyCredential`, found `Value`
    |
    = note: this error originates in the macro `$crate::json_internal` which comes from the expansion of the macro `json` (in Nightly builds, run with -Z macro-backtrace for more info)

error[E0560]: struct `nazo_identity::ports::PasskeyCredential` has no field named `sign_count`
   --> crates/http-actix/src/../tests/unit/passkey.rs:312:9
    |
312 |         sign_count: 9,
    |         ^^^^^^^^^^ `nazo_identity::ports::PasskeyCredential` does not have this field
    |
    = note: all struct fields are already assigned

Some errors have detailed explanations: E0308, E0560.
For more information about an error, try `rustc --explain E0308`.
error: could not compile `nazo-http-actix` (lib test) due to 3 previous errors
warning: build failed, waiting for other jobs to finish...
