   Compiling nazo-crypto v0.2.16 (/src/crates/crypto)
   Compiling nazo-scim-events v0.2.16 (/src/crates/scim-events)
   Compiling nazo-runtime-modules v0.2.16 (/src/crates/runtime-capabilities)
   Compiling nazo-digital-credentials v0.2.16 (/src/crates/digital-credentials)
   Compiling nazo-identity v0.2.16 (/src/crates/identity)
   Compiling nazo-operator-protocol v0.2.16 (/src/crates/operator-protocol)
   Compiling nazo-resource-server v0.2.16 (/src/crates/resource-server)
   Compiling nazo-openid4vci v0.2.16 (/src/crates/openid4vci)
   Compiling nazo-openid4vp v0.2.16 (/src/crates/openid4vp)
   Compiling nazo-auth v0.2.16 (/src/crates/authorization-server-core)
   Compiling nazo-persistence v0.2.16 (/src/crates/persistence)
   Compiling nazo-key-management v0.2.16 (/src/crates/key-management)
   Compiling nazo-postgres v0.2.16 (/src/crates/persistence-postgres)
    Finished `test` profile [unoptimized] target(s) in 29.14s
     Running tests/auth_repositories.rs (target/debug/deps/auth_repositories-e5342c894e2e79a7)

running 40 tests
test access_token_revoked_exists_semantics_ignore_deadline_and_scope ... ok
test admin_grant_required::grant_current_role_gate_preserves_separate_admitted_actor_home_tenant ... FAILED
test admin_grant_required::grant_owner_rechecks_current_actor_after_real_demotion_lock_wait ... FAILED
test admin_grant_required::grant_owner_rejects_missing_inactive_or_demoted_current_actor_without_effect_or_outcome ... FAILED
test admin_grant_required::required_ledger_failure_rolls_back_exact_grant_and_refresh_family ... FAILED
test audit_repository_reads_active_scim_credentials_and_drives_logout_outbox ... ok
test authorization_code_replay_compensation_revokes_both_token_kinds ... FAILED
test authorization_replay_waits_for_concurrent_refresh_rotation_before_compensation ... FAILED
test backchannel_logout_fanout_rolls_back_when_any_delivery_is_invalid ... ok
test client_deactivation_is_atomic_across_real_batches_and_repeated_owners ... FAILED
test client_deactivation_waits_for_issuance_and_revokes_committed_credentials ... FAILED
test concurrent_ordinary_rotations_commit_one_winner_and_one_committed_compromise ... FAILED
test family_active_exists_semantics_cover_cardinality_and_predicates ... FAILED
test grant_revoke_skips_already_revoked_family_lock ... FAILED
test grant_revoke_waits_for_concurrent_refresh_rotation_before_revoking_family ... FAILED
test grants_upsert_cover_and_revoke_tokens_atomically ... FAILED
test issuance_commits_complete_audit_payloads_and_pending_events_for_users_rotation_and_reuse ... FAILED
test issuance_waits_for_principal_deactivation_and_rechecks_the_committed_state ... ok
test lost_response_retry_rechecks_family_compromise_under_the_family_lock ... FAILED
test lost_response_successor_requires_exactly_one_bound_unexpired_successor ... FAILED
test new_family_collision_is_tenant_scoped_and_preserves_compromise_audit ... FAILED
test oidc_subject_snapshot_reuses_statement_but_refreshes_epoch_and_binding ... ok
test ordinary_rotation_context_compare_uses_serde_value_semantics ... FAILED
test ordinary_rotation_context_mismatch_commits_compromise_and_reuse_audit ... FAILED
test ordinary_rotation_parent_misses_compromise_family_and_commit_reuse_audit ... FAILED
test principal_snapshot_reuses_authenticated_epoch_and_prepared_query ... ok
test refresh_contract_ensure_rolls_back_with_caller_and_validates_args ... FAILED
test refresh_contract_ensure_serializes_same_key_create_race ... FAILED
test refresh_contract_reference_survives_last_reference_reclaim_race ... FAILED
test refresh_family_requires_one_root_and_matching_direct_parent_context ... FAILED
test refresh_rotation_reuse_compromises_the_whole_family ... FAILED
test refresh_token_authentication_context_round_trips_and_rejects_invalid_values ... FAILED
test refresh_token_client_attestation_binding_round_trips ... FAILED
test required_revocation_event_failure_rolls_back_access_and_refresh_effects ... FAILED
test rotation_sql_failure_propagates_error_and_rolls_back_instead_of_conflicting ... FAILED
test server_auth_callers_do_not_query_diesel_or_auth_tables ... ok
test single_use_grant_retry_is_rejected_without_reissuing_or_duplicating_audit ... FAILED
test single_use_redemption_reads_back_committed_replay_evidence ... FAILED
test stale_logout_worker_cannot_complete_or_fail_a_reclaimed_delivery ... ok
test token_management_revocation_is_client_scoped_idempotent_and_serializes_family ... FAILED

failures:

---- admin_grant_required::grant_current_role_gate_preserves_separate_admitted_actor_home_tenant stdout ----

thread 'admin_grant_required::grant_current_role_gate_preserves_separate_admitted_actor_home_tenant' (55390) panicked at crates/persistence-postgres/tests/auth_repositories.rs:2551:6:
raw refresh token row should insert: DatabaseError(CheckViolation, "new row for relation \"oauth_refresh_contracts\" violates check constraint \"ck_oauth_refresh_contracts_shape\"")
note: run with `RUST_BACKTRACE=1` environment variable to display a backtrace

---- admin_grant_required::grant_owner_rechecks_current_actor_after_real_demotion_lock_wait stdout ----

thread 'admin_grant_required::grant_owner_rechecks_current_actor_after_real_demotion_lock_wait' (55394) panicked at crates/persistence-postgres/tests/auth_repositories.rs:2551:6:
raw refresh token row should insert: DatabaseError(CheckViolation, "new row for relation \"oauth_refresh_contracts\" violates check constraint \"ck_oauth_refresh_contracts_shape\"")

---- admin_grant_required::grant_owner_rejects_missing_inactive_or_demoted_current_actor_without_effect_or_outcome stdout ----

thread 'admin_grant_required::grant_owner_rejects_missing_inactive_or_demoted_current_actor_without_effect_or_outcome' (55400) panicked at crates/persistence-postgres/tests/auth_repositories.rs:2551:6:
raw refresh token row should insert: DatabaseError(CheckViolation, "new row for relation \"oauth_refresh_contracts\" violates check constraint \"ck_oauth_refresh_contracts_shape\"")

---- admin_grant_required::required_ledger_failure_rolls_back_exact_grant_and_refresh_family stdout ----

thread 'admin_grant_required::required_ledger_failure_rolls_back_exact_grant_and_refresh_family' (55404) panicked at crates/persistence-postgres/tests/auth_repositories.rs:2551:6:
raw refresh token row should insert: DatabaseError(CheckViolation, "new row for relation \"oauth_refresh_contracts\" violates check constraint \"ck_oauth_refresh_contracts_shape\"")

---- authorization_code_replay_compensation_revokes_both_token_kinds stdout ----

thread 'authorization_code_replay_compensation_revokes_both_token_kinds' (55414) panicked at crates/persistence-postgres/tests/auth_repositories.rs:2551:6:
raw refresh token row should insert: DatabaseError(CheckViolation, "new row for relation \"oauth_refresh_contracts\" violates check constraint \"ck_oauth_refresh_contracts_shape\"")

---- authorization_replay_waits_for_concurrent_refresh_rotation_before_compensation stdout ----

thread 'authorization_replay_waits_for_concurrent_refresh_rotation_before_compensation' (55420) panicked at crates/persistence-postgres/tests/auth_repositories.rs:2048:14:
original refresh token should persist: Unexpected

---- client_deactivation_is_atomic_across_real_batches_and_repeated_owners stdout ----

thread 'client_deactivation_is_atomic_across_real_batches_and_repeated_owners' (55432) panicked at crates/persistence-postgres/tests/auth_repositories.rs:449:14:
called `Result::unwrap()` on an `Err` value: Unexpected

---- client_deactivation_waits_for_issuance_and_revokes_committed_credentials stdout ----

thread 'client_deactivation_waits_for_issuance_and_revokes_committed_credentials' (55440) panicked at crates/persistence-postgres/tests/auth_repositories.rs:88:26:
task ended before reaching a PostgreSQL lock wait from issuance-before-deactivation-01a11f35534670e39ca77a8e7441b251: Ok(Err(Unexpected))

---- concurrent_ordinary_rotations_commit_one_winner_and_one_committed_compromise stdout ----

thread 'concurrent_ordinary_rotations_commit_one_winner_and_one_committed_compromise' (55446) panicked at crates/persistence-postgres/tests/auth_repositories.rs:2627:33:
rotation commit should return a business result: Unexpected

---- family_active_exists_semantics_cover_cardinality_and_predicates stdout ----

thread 'family_active_exists_semantics_cover_cardinality_and_predicates' (55452) panicked at crates/persistence-postgres/tests/auth_repositories.rs:2551:6:
raw refresh token row should insert: DatabaseError(CheckViolation, "new row for relation \"oauth_refresh_contracts\" violates check constraint \"ck_oauth_refresh_contracts_shape\"")

---- grant_revoke_skips_already_revoked_family_lock stdout ----

thread 'grant_revoke_skips_already_revoked_family_lock' (55458) panicked at crates/persistence-postgres/tests/auth_repositories.rs:1638:14:
refresh family should persist: Unexpected

---- grant_revoke_waits_for_concurrent_refresh_rotation_before_revoking_family stdout ----

thread 'grant_revoke_waits_for_concurrent_refresh_rotation_before_revoking_family' (55464) panicked at crates/persistence-postgres/tests/auth_repositories.rs:1718:14:
original refresh token should persist: Unexpected

---- grants_upsert_cover_and_revoke_tokens_atomically stdout ----

thread 'grants_upsert_cover_and_revoke_tokens_atomically' (55470) panicked at crates/persistence-postgres/tests/auth_repositories.rs:2551:6:
raw refresh token row should insert: DatabaseError(CheckViolation, "new row for relation \"oauth_refresh_contracts\" violates check constraint \"ck_oauth_refresh_contracts_shape\"")

---- issuance_commits_complete_audit_payloads_and_pending_events_for_users_rotation_and_reuse stdout ----

thread 'issuance_commits_complete_audit_payloads_and_pending_events_for_users_rotation_and_reuse' (55476) panicked at crates/persistence-postgres/tests/auth_repositories.rs:964:14:
called `Result::unwrap()` on an `Err` value: Unexpected

---- lost_response_retry_rechecks_family_compromise_under_the_family_lock stdout ----

thread 'lost_response_retry_rechecks_family_compromise_under_the_family_lock' (55490) panicked at crates/persistence-postgres/tests/auth_repositories.rs:2627:33:
rotation commit should return a business result: Unexpected

---- lost_response_successor_requires_exactly_one_bound_unexpired_successor stdout ----

thread 'lost_response_successor_requires_exactly_one_bound_unexpired_successor' (55496) panicked at crates/persistence-postgres/tests/auth_repositories.rs:2551:6:
raw refresh token row should insert: DatabaseError(CheckViolation, "new row for relation \"oauth_refresh_contracts\" violates check constraint \"ck_oauth_refresh_contracts_shape\"")

---- new_family_collision_is_tenant_scoped_and_preserves_compromise_audit stdout ----

thread 'new_family_collision_is_tenant_scoped_and_preserves_compromise_audit' (55502) panicked at crates/persistence-postgres/tests/auth_repositories.rs:2627:33:
rotation commit should return a business result: Unexpected

---- ordinary_rotation_context_compare_uses_serde_value_semantics stdout ----

thread 'ordinary_rotation_context_compare_uses_serde_value_semantics' (55512) panicked at crates/persistence-postgres/tests/auth_repositories.rs:2551:6:
raw refresh token row should insert: DatabaseError(CheckViolation, "new row for relation \"oauth_refresh_contracts\" violates check constraint \"ck_oauth_refresh_contracts_shape\"")

---- ordinary_rotation_context_mismatch_commits_compromise_and_reuse_audit stdout ----

thread 'ordinary_rotation_context_mismatch_commits_compromise_and_reuse_audit' (55518) panicked at crates/persistence-postgres/tests/auth_repositories.rs:2627:33:
rotation commit should return a business result: Unexpected

---- ordinary_rotation_parent_misses_compromise_family_and_commit_reuse_audit stdout ----

thread 'ordinary_rotation_parent_misses_compromise_family_and_commit_reuse_audit' (55524) panicked at crates/persistence-postgres/tests/auth_repositories.rs:2551:6:
raw refresh token row should insert: DatabaseError(CheckViolation, "new row for relation \"oauth_refresh_contracts\" violates check constraint \"ck_oauth_refresh_contracts_shape\"")

---- refresh_contract_ensure_rolls_back_with_caller_and_validates_args stdout ----

thread 'refresh_contract_ensure_rolls_back_with_caller_and_validates_args' (55536) panicked at crates/persistence-postgres/tests/auth_repositories.rs:4745:10:
the in-transaction ensure should apply: DatabaseError(CheckViolation, "new row for relation \"oauth_refresh_contracts\" violates check constraint \"ck_oauth_refresh_contracts_shape\"")

---- refresh_contract_ensure_serializes_same_key_create_race stdout ----

thread 'refresh_contract_ensure_serializes_same_key_create_race' (55540) panicked at crates/persistence-postgres/tests/auth_repositories.rs:4395:6:
winner contract insert should apply: DatabaseError(CheckViolation, "new row for relation \"oauth_refresh_contracts\" violates check constraint \"ck_oauth_refresh_contracts_shape\"")

---- refresh_contract_reference_survives_last_reference_reclaim_race stdout ----

thread 'refresh_contract_reference_survives_last_reference_reclaim_race' (55544) panicked at crates/persistence-postgres/tests/auth_repositories.rs:2627:33:
rotation commit should return a business result: Unexpected

---- refresh_family_requires_one_root_and_matching_direct_parent_context stdout ----

thread 'refresh_family_requires_one_root_and_matching_direct_parent_context' (55548) panicked at crates/persistence-postgres/tests/auth_repositories.rs:1164:14:
root refresh token should persist: Unexpected

---- refresh_rotation_reuse_compromises_the_whole_family stdout ----

thread 'refresh_rotation_reuse_compromises_the_whole_family' (55554) panicked at crates/persistence-postgres/tests/auth_repositories.rs:1838:14:
original token should persist: Unexpected

---- refresh_token_authentication_context_round_trips_and_rejects_invalid_values stdout ----

thread 'refresh_token_authentication_context_round_trips_and_rejects_invalid_values' (55560) panicked at crates/persistence-postgres/tests/auth_repositories.rs:1080:14:
refresh token with a complete authentication context should persist: Unexpected

---- refresh_token_client_attestation_binding_round_trips stdout ----

thread 'refresh_token_client_attestation_binding_round_trips' (55566) panicked at crates/persistence-postgres/tests/auth_repositories.rs:1050:14:
attested refresh token should persist: Unexpected

---- required_revocation_event_failure_rolls_back_access_and_refresh_effects stdout ----

thread 'required_revocation_event_failure_rolls_back_access_and_refresh_effects' (55572) panicked at crates/persistence-postgres/tests/auth_repositories.rs:2551:6:
raw refresh token row should insert: DatabaseError(CheckViolation, "new row for relation \"oauth_refresh_contracts\" violates check constraint \"ck_oauth_refresh_contracts_shape\"")

---- rotation_sql_failure_propagates_error_and_rolls_back_instead_of_conflicting stdout ----

thread 'rotation_sql_failure_propagates_error_and_rolls_back_instead_of_conflicting' (55578) panicked at crates/persistence-postgres/tests/auth_repositories.rs:2627:33:
rotation commit should return a business result: Unexpected

---- single_use_grant_retry_is_rejected_without_reissuing_or_duplicating_audit stdout ----

thread 'single_use_grant_retry_is_rejected_without_reissuing_or_duplicating_audit' (55585) panicked at crates/persistence-postgres/tests/auth_repositories.rs:666:14:
called `Result::unwrap()` on an `Err` value: Unexpected

---- single_use_redemption_reads_back_committed_replay_evidence stdout ----

thread 'single_use_redemption_reads_back_committed_replay_evidence' (55591) panicked at crates/persistence-postgres/tests/auth_repositories.rs:4240:14:
called `Result::unwrap()` on an `Err` value: Unexpected

---- token_management_revocation_is_client_scoped_idempotent_and_serializes_family stdout ----

thread 'token_management_revocation_is_client_scoped_idempotent_and_serializes_family' (55603) panicked at crates/persistence-postgres/tests/auth_repositories.rs:2551:6:
raw refresh token row should insert: DatabaseError(CheckViolation, "new row for relation \"oauth_refresh_contracts\" violates check constraint \"ck_oauth_refresh_contracts_shape\"")


failures:
    admin_grant_required::grant_current_role_gate_preserves_separate_admitted_actor_home_tenant
    admin_grant_required::grant_owner_rechecks_current_actor_after_real_demotion_lock_wait
    admin_grant_required::grant_owner_rejects_missing_inactive_or_demoted_current_actor_without_effect_or_outcome
    admin_grant_required::required_ledger_failure_rolls_back_exact_grant_and_refresh_family
    authorization_code_replay_compensation_revokes_both_token_kinds
    authorization_replay_waits_for_concurrent_refresh_rotation_before_compensation
    client_deactivation_is_atomic_across_real_batches_and_repeated_owners
    client_deactivation_waits_for_issuance_and_revokes_committed_credentials
    concurrent_ordinary_rotations_commit_one_winner_and_one_committed_compromise
    family_active_exists_semantics_cover_cardinality_and_predicates
    grant_revoke_skips_already_revoked_family_lock
    grant_revoke_waits_for_concurrent_refresh_rotation_before_revoking_family
    grants_upsert_cover_and_revoke_tokens_atomically
    issuance_commits_complete_audit_payloads_and_pending_events_for_users_rotation_and_reuse
    lost_response_retry_rechecks_family_compromise_under_the_family_lock
    lost_response_successor_requires_exactly_one_bound_unexpired_successor
    new_family_collision_is_tenant_scoped_and_preserves_compromise_audit
    ordinary_rotation_context_compare_uses_serde_value_semantics
    ordinary_rotation_context_mismatch_commits_compromise_and_reuse_audit
    ordinary_rotation_parent_misses_compromise_family_and_commit_reuse_audit
    refresh_contract_ensure_rolls_back_with_caller_and_validates_args
    refresh_contract_ensure_serializes_same_key_create_race
    refresh_contract_reference_survives_last_reference_reclaim_race
    refresh_family_requires_one_root_and_matching_direct_parent_context
    refresh_rotation_reuse_compromises_the_whole_family
    refresh_token_authentication_context_round_trips_and_rejects_invalid_values
    refresh_token_client_attestation_binding_round_trips
    required_revocation_event_failure_rolls_back_access_and_refresh_effects
    rotation_sql_failure_propagates_error_and_rolls_back_instead_of_conflicting
    single_use_grant_retry_is_rejected_without_reissuing_or_duplicating_audit
    single_use_redemption_reads_back_committed_replay_evidence
    token_management_revocation_is_client_scoped_idempotent_and_serializes_family

test result: FAILED. 8 passed; 32 failed; 0 ignored; 0 measured; 0 filtered out; finished in 7.18s

error: test failed, to rerun pass `-p nazo-postgres --test auth_repositories`
     Running tests/compact_claim_contract.rs (target/debug/deps/compact_claim_contract-f6ed7d999bd5ea36)

running 1 test
test compact_and_retained_contracts_have_distinct_checked_encodings ... FAILED

failures:

---- compact_and_retained_contracts_have_distinct_checked_encodings stdout ----

thread 'compact_and_retained_contracts_have_distinct_checked_encodings' (55612) panicked at crates/persistence-postgres/tests/compact_claim_contract.rs:38:5:
assertion failed: accepted(&mut connection, current.clone()).await
note: run with `RUST_BACKTRACE=1` environment variable to display a backtrace


failures:
    compact_and_retained_contracts_have_distinct_checked_encodings

test result: FAILED. 0 passed; 1 failed; 0 ignored; 0 measured; 0 filtered out; finished in 0.08s

error: test failed, to rerun pass `-p nazo-postgres --test compact_claim_contract`
     Running tests/refresh_authority.rs (target/debug/deps/refresh_authority-dc983da094e4adf7)

running 19 tests
test authentication_class_downgrade_rolls_back_when_required_audit_fails ... FAILED
test authentication_class_downgrade_serializes_with_rotation_in_both_orders ... FAILED
test bound_delayed_rotation_uses_transition_clock_without_false_reuse ... FAILED
test bound_retry_rechecks_exact_transition_window_at_commit ... FAILED
test confidential_and_public_sender_bound_families_keep_64_proofs ... FAILED
test contract_reference_reuses_equal_payload_and_rejects_same_key_different_payload ... FAILED
test family_contract_lookup_preserves_per_family_lock_scope ... FAILED
test legacy_full_migration_sql_key_rotates_without_rekeying_its_original_contract ... ok
test preserve_commit_serializes_before_real_revocation_and_capacity_retirement ... FAILED
test preserve_rechecks_source_expiry_contract_and_sender_binding ... FAILED
test public_proof_cleanup_respects_original_expiry_without_ending_live_family ... FAILED
test public_retention_upgrade_invalidates_unprovable_history_without_reviving_on_down ... ok
test public_unbound_replay_after_65_rotations_revokes_only_its_family ... FAILED
test r05_snapshot_candidate_rechecks_terminal_state_and_member_at_commit ... FAILED
test rotation_narrows_and_reorders_current_audience_without_replacing_original_contract ... FAILED
test rotation_rechecks_expiry_after_acquiring_the_source_row_lock ... FAILED
test rotation_rejects_audience_expansion_without_compromising_the_family ... FAILED
test source_snapshot_cannot_commit_after_real_revocation_or_capacity_retirement ... FAILED
test two_legal_preserves_overlap_while_revocation_waits_for_both ... FAILED

failures:

---- authentication_class_downgrade_rolls_back_when_required_audit_fails stdout ----

thread 'authentication_class_downgrade_rolls_back_when_required_audit_fails' (55617) panicked at crates/persistence-postgres/tests/refresh_authority.rs:220:10:
called `Result::unwrap()` on an `Err` value: Unexpected
note: run with `RUST_BACKTRACE=1` environment variable to display a backtrace

---- authentication_class_downgrade_serializes_with_rotation_in_both_orders stdout ----

thread 'authentication_class_downgrade_serializes_with_rotation_in_both_orders' (55623) panicked at crates/persistence-postgres/tests/refresh_authority.rs:220:10:
called `Result::unwrap()` on an `Err` value: Unexpected

---- bound_delayed_rotation_uses_transition_clock_without_false_reuse stdout ----

thread 'bound_delayed_rotation_uses_transition_clock_without_false_reuse' (55631) panicked at crates/persistence-postgres/tests/refresh_authority.rs:1087:14:
called `Result::unwrap()` on an `Err` value: Unexpected

---- bound_retry_rechecks_exact_transition_window_at_commit stdout ----

thread 'bound_retry_rechecks_exact_transition_window_at_commit' (55637) panicked at crates/persistence-postgres/tests/refresh_authority.rs:1087:14:
called `Result::unwrap()` on an `Err` value: Unexpected

---- confidential_and_public_sender_bound_families_keep_64_proofs stdout ----

thread 'confidential_and_public_sender_bound_families_keep_64_proofs' (55643) panicked at crates/persistence-postgres/tests/refresh_authority.rs:1087:14:
called `Result::unwrap()` on an `Err` value: Unexpected

---- contract_reference_reuses_equal_payload_and_rejects_same_key_different_payload stdout ----

thread 'contract_reference_reuses_equal_payload_and_rejects_same_key_different_payload' (55649) panicked at crates/persistence-postgres/tests/refresh_authority.rs:220:10:
called `Result::unwrap()` on an `Err` value: Unexpected

---- family_contract_lookup_preserves_per_family_lock_scope stdout ----

thread 'family_contract_lookup_preserves_per_family_lock_scope' (55655) panicked at crates/persistence-postgres/tests/refresh_authority.rs:220:10:
called `Result::unwrap()` on an `Err` value: Unexpected

---- preserve_commit_serializes_before_real_revocation_and_capacity_retirement stdout ----

thread 'preserve_commit_serializes_before_real_revocation_and_capacity_retirement' (55667) panicked at crates/persistence-postgres/tests/refresh_authority.rs:220:10:
called `Result::unwrap()` on an `Err` value: Unexpected

---- preserve_rechecks_source_expiry_contract_and_sender_binding stdout ----

thread 'preserve_rechecks_source_expiry_contract_and_sender_binding' (55675) panicked at crates/persistence-postgres/tests/refresh_authority.rs:220:10:
called `Result::unwrap()` on an `Err` value: Unexpected

---- public_proof_cleanup_respects_original_expiry_without_ending_live_family stdout ----

thread 'public_proof_cleanup_respects_original_expiry_without_ending_live_family' (55681) panicked at crates/persistence-postgres/tests/refresh_authority.rs:220:10:
called `Result::unwrap()` on an `Err` value: Unexpected

---- public_unbound_replay_after_65_rotations_revokes_only_its_family stdout ----

thread 'public_unbound_replay_after_65_rotations_revokes_only_its_family' (55691) panicked at crates/persistence-postgres/tests/refresh_authority.rs:220:10:
called `Result::unwrap()` on an `Err` value: Unexpected

---- r05_snapshot_candidate_rechecks_terminal_state_and_member_at_commit stdout ----

thread 'r05_snapshot_candidate_rechecks_terminal_state_and_member_at_commit' (55697) panicked at crates/persistence-postgres/tests/refresh_authority.rs:1087:14:
called `Result::unwrap()` on an `Err` value: Unexpected

---- rotation_narrows_and_reorders_current_audience_without_replacing_original_contract stdout ----

thread 'rotation_narrows_and_reorders_current_audience_without_replacing_original_contract' (55703) panicked at crates/persistence-postgres/tests/refresh_authority.rs:220:10:
called `Result::unwrap()` on an `Err` value: Unexpected

---- rotation_rechecks_expiry_after_acquiring_the_source_row_lock stdout ----

thread 'rotation_rechecks_expiry_after_acquiring_the_source_row_lock' (55709) panicked at crates/persistence-postgres/tests/refresh_authority.rs:220:10:
called `Result::unwrap()` on an `Err` value: Unexpected

---- rotation_rejects_audience_expansion_without_compromising_the_family stdout ----

thread 'rotation_rejects_audience_expansion_without_compromising_the_family' (55715) panicked at crates/persistence-postgres/tests/refresh_authority.rs:220:10:
called `Result::unwrap()` on an `Err` value: Unexpected

---- source_snapshot_cannot_commit_after_real_revocation_or_capacity_retirement stdout ----

thread 'source_snapshot_cannot_commit_after_real_revocation_or_capacity_retirement' (55721) panicked at crates/persistence-postgres/tests/refresh_authority.rs:220:10:
called `Result::unwrap()` on an `Err` value: Unexpected

---- two_legal_preserves_overlap_while_revocation_waits_for_both stdout ----

thread 'two_legal_preserves_overlap_while_revocation_waits_for_both' (55727) panicked at crates/persistence-postgres/tests/refresh_authority.rs:220:10:
called `Result::unwrap()` on an `Err` value: Unexpected


failures:
    authentication_class_downgrade_rolls_back_when_required_audit_fails
    authentication_class_downgrade_serializes_with_rotation_in_both_orders
    bound_delayed_rotation_uses_transition_clock_without_false_reuse
    bound_retry_rechecks_exact_transition_window_at_commit
    confidential_and_public_sender_bound_families_keep_64_proofs
    contract_reference_reuses_equal_payload_and_rejects_same_key_different_payload
    family_contract_lookup_preserves_per_family_lock_scope
    preserve_commit_serializes_before_real_revocation_and_capacity_retirement
    preserve_rechecks_source_expiry_contract_and_sender_binding
    public_proof_cleanup_respects_original_expiry_without_ending_live_family
    public_unbound_replay_after_65_rotations_revokes_only_its_family
    r05_snapshot_candidate_rechecks_terminal_state_and_member_at_commit
    rotation_narrows_and_reorders_current_audience_without_replacing_original_contract
    rotation_rechecks_expiry_after_acquiring_the_source_row_lock
    rotation_rejects_audience_expansion_without_compromising_the_family
    source_snapshot_cannot_commit_after_real_revocation_or_capacity_retirement
    two_legal_preserves_overlap_while_revocation_waits_for_both

test result: FAILED. 2 passed; 17 failed; 0 ignored; 0 measured; 0 filtered out; finished in 4.78s

error: test failed, to rerun pass `-p nazo-postgres --test refresh_authority`
     Running tests/token_issuance_atomicity.rs (target/debug/deps/token_issuance_atomicity-93b8bf560d2d3301)

running 15 tests
test authorization_code_identity_fences_concurrent_holders_and_refresh_families ... FAILED
test authorization_code_receipt_migration_preserves_legacy_and_rejects_old_writers ... ok
test cancelled_issuance_on_pool_runtime_discards_the_blocked_connection ... ok
test concurrent_single_use_commits_commit_exactly_once ... ok
test expired_single_use_grant_rolls_back_everything ... ok
test final_issuance_schema_is_created_directly_without_legacy_state ... ok
test issuance_transaction_executes_on_the_connection_pool_runtime ... ok
test native_source_and_device_secret_expiry_are_rechecked_after_destination_wait ... FAILED
test native_source_busy_nowait_rolls_back_and_returns_retryable_dependency_failure ... FAILED
test native_source_cross_client_capacity_and_maintenance_complete_without_deadlock ... FAILED
test native_source_normal_member_rotation_does_not_invalidate_family_authority ... FAILED
test native_source_revoked_after_preparation_rolls_back_destination ... FAILED
test native_source_same_client_capacity_transfer_requires_own_live_retirement ... FAILED
test native_source_share_lock_holds_through_required_audit_and_commit ... FAILED
test rotation_conflict_keeps_family_compromise_and_only_reuse_audit ... FAILED

failures:

---- authorization_code_identity_fences_concurrent_holders_and_refresh_families stdout ----

thread 'tokio-rt-worker' (55740) panicked at crates/persistence-postgres/tests/token_issuance_atomicity.rs:1146:72:
called `Result::unwrap()` on an `Err` value: Unexpected
note: run with `RUST_BACKTRACE=1` environment variable to display a backtrace

thread 'tokio-rt-worker' (55737) panicked at crates/persistence-postgres/tests/token_issuance_atomicity.rs:1146:72:
called `Result::unwrap()` on an `Err` value: Unexpected

thread 'authorization_code_identity_fences_concurrent_holders_and_refresh_families' (55736) panicked at crates/persistence-postgres/tests/token_issuance_atomicity.rs:1153:45:
called `Result::unwrap()` on an `Err` value: JoinError::Panic(Id(11), "called `Result::unwrap()` on an `Err` value: Unexpected", ...)

---- native_source_and_device_secret_expiry_are_rechecked_after_destination_wait stdout ----

thread 'native_source_and_device_secret_expiry_are_rechecked_after_destination_wait' (55782) panicked at crates/persistence-postgres/tests/token_issuance_atomicity.rs:609:10:
called `Result::unwrap()` on an `Err` value: Unexpected

---- native_source_busy_nowait_rolls_back_and_returns_retryable_dependency_failure stdout ----

thread 'native_source_busy_nowait_rolls_back_and_returns_retryable_dependency_failure' (55790) panicked at crates/persistence-postgres/tests/token_issuance_atomicity.rs:609:10:
called `Result::unwrap()` on an `Err` value: Unexpected

---- native_source_cross_client_capacity_and_maintenance_complete_without_deadlock stdout ----

thread 'native_source_cross_client_capacity_and_maintenance_complete_without_deadlock' (55798) panicked at crates/persistence-postgres/tests/token_issuance_atomicity.rs:609:10:
called `Result::unwrap()` on an `Err` value: Unexpected

---- native_source_normal_member_rotation_does_not_invalidate_family_authority stdout ----

thread 'native_source_normal_member_rotation_does_not_invalidate_family_authority' (55806) panicked at crates/persistence-postgres/tests/token_issuance_atomicity.rs:609:10:
called `Result::unwrap()` on an `Err` value: Unexpected

---- native_source_revoked_after_preparation_rolls_back_destination stdout ----

thread 'native_source_revoked_after_preparation_rolls_back_destination' (55814) panicked at crates/persistence-postgres/tests/token_issuance_atomicity.rs:609:10:
called `Result::unwrap()` on an `Err` value: Unexpected

---- native_source_same_client_capacity_transfer_requires_own_live_retirement stdout ----

thread 'native_source_same_client_capacity_transfer_requires_own_live_retirement' (55822) panicked at crates/persistence-postgres/tests/token_issuance_atomicity.rs:609:10:
called `Result::unwrap()` on an `Err` value: Unexpected

---- native_source_share_lock_holds_through_required_audit_and_commit stdout ----

thread 'native_source_share_lock_holds_through_required_audit_and_commit' (55830) panicked at crates/persistence-postgres/tests/token_issuance_atomicity.rs:609:10:
called `Result::unwrap()` on an `Err` value: Unexpected

---- rotation_conflict_keeps_family_compromise_and_only_reuse_audit stdout ----

thread 'rotation_conflict_keeps_family_compromise_and_only_reuse_audit' (55838) panicked at crates/persistence-postgres/tests/token_issuance_atomicity.rs:400:14:
called `Result::unwrap()` on an `Err` value: Unexpected


failures:
    authorization_code_identity_fences_concurrent_holders_and_refresh_families
    native_source_and_device_secret_expiry_are_rechecked_after_destination_wait
    native_source_busy_nowait_rolls_back_and_returns_retryable_dependency_failure
    native_source_cross_client_capacity_and_maintenance_complete_without_deadlock
    native_source_normal_member_rotation_does_not_invalidate_family_authority
    native_source_revoked_after_preparation_rolls_back_destination
    native_source_same_client_capacity_transfer_requires_own_live_retirement
    native_source_share_lock_holds_through_required_audit_and_commit
    rotation_conflict_keeps_family_compromise_and_only_reuse_audit

test result: FAILED. 6 passed; 9 failed; 0 ignored; 0 measured; 0 filtered out; finished in 2.12s

error: test failed, to rerun pass `-p nazo-postgres --test token_issuance_atomicity`
error: 4 targets failed:
    `-p nazo-postgres --test auth_repositories`
    `-p nazo-postgres --test compact_claim_contract`
    `-p nazo-postgres --test refresh_authority`
    `-p nazo-postgres --test token_issuance_atomicity`
