   Compiling nazo-auth v0.2.16 (/src/crates/authorization-server-core)
   Compiling nazo-persistence v0.2.16 (/src/crates/persistence)
   Compiling nazo-key-management v0.2.16 (/src/crates/key-management)
   Compiling nazo-valkey v0.2.16 (/src/crates/state-store-valkey)
   Compiling nazo-oauth-server v0.2.16 (/src/crates/authorization-server)
   Compiling nazo-postgres v0.2.16 (/src/crates/persistence-postgres)
   Compiling nazo-http-actix v0.2.16 (/src/crates/http-actix)
   Compiling nazo-oauth-server-valkey v0.2.16 (/src/crates/authorization-server-valkey)
   Compiling nazo-oauth-server-postgres v0.2.16 (/src/crates/authorization-server-postgres)
   Compiling nazoauth v0.2.16 (/src/crates/nazoauth)
    Finished `test` profile [unoptimized] target(s) in 1m 04s
     Running unittests src/lib.rs (target/debug/deps/nazoauth-21d781af2e3bd205)

running 51 tests
test http::auth::federation::oidc::tests::exchange_oidc_code_posts_basic_authenticated_authorization_code_request ... ok
test http::authorization::request::tests::endpoint::authorization_request_rejects_client_without_authorization_code_grant_before_redirect ... ok
test http::token::authorization_code_tests::admission::authorization_code_grant_requires_code_before_state_lookup ... ok
test http::authorization::request::tests::prompt_none::prompt_none_issues_single_use_authorization_code_without_user_interaction ... ok
test domain::authorization_decision_tests::authorization_decision_fails_closed_when_authorization_code_store_fails ... ok
test http::token::authorization_code_tests::admission::load_pending_authorization_code_payload_reads_pending_missing_and_malformed_states ... ok
test http::token::authorization_code_tests::admission::pending_authorization_code_validation_covers_non_consuming_policy_boundaries ... ok
test http::token::authorization_code_tests::error_mapping::authorization_code_client_mismatch_uses_invalid_grant ... ok
test http::token::authorization_code_tests::error_mapping::authorization_code_dpop_holder_key_failures_use_invalid_grant ... ok
test http::token::authorization_code_tests::error_mapping::authorization_code_dpop_missing_proof_uses_invalid_grant ... ok
test http::token::authorization_code_tests::error_mapping::authorization_code_dpop_nonce_challenge_keeps_dpop_error ... ok
test http::token::authorization_code_tests::error_mapping::authorization_code_mtls_holder_key_failures_use_invalid_request ... ok
test http::token::authorization_code_tests::admission::token_authorization_code_rejects_client_binding_mismatch_without_consuming_code ... ok
test http::token::authorization_code_tests::admission::token_authorization_code_preserves_pending_state_for_redirect_pkce_and_audience_errors ... ok
test http::token::authorization_code_tests::identity::authorization_code_legacy_payload_and_cache_only_marker_cannot_issue_or_revoke ... ok
test http::token::authorization_code_tests::admission::authorization_code_helpers_fail_closed_when_valkey_is_unavailable ... ok
test http::token::authorization_code_tests::issuance::authorization_code_subset_access_keeps_the_full_initial_refresh_resource_grant ... ok
test http::token::authorization_code_tests::issuance::authorization_code_token_issue_creates_native_sso_binding_for_device_sso_scope ... ok
test http::token::authorization_code_tests::issuance::authorization_code_token_issue_preserves_independent_oidc_sid ... ok
test http::token::authorization_code_tests::issuance::authorization_code_token_issue_preserves_requested_oidc_claims_and_acr ... ok
test http::token::authorization_code_tests::identity::authorization_code_expired_pending_uses_live_receipt_without_reissuing_or_revoking_wrong_holder ... ok
test http::token::authorization_code_tests::identity::authorization_code_original_mtls_holder_survives_disabled_current_binding_in_missing_busy_and_expired_pending ... ok
test http::token::authorization_code_tests::identity::authorization_code_unknown_commit_keeps_one_identity_and_requires_fresh_original_holder ... ok
test http::token::authorization_code_tests::redirect_uri::authorization_code_redirect_uri_matching_preserves_oauth_binding_rules ... ok
test http::token::authorization_code_tests::redirect_uri::token_redirect_uri_is_required_when_authorize_request_supplied_it ... ok
test http::token::authorization_code_tests::redirect_uri::token_redirect_uri_is_still_bound_when_authorization_request_omitted_it ... ok
test http::token::authorization_code_tests::redirect_uri::token_redirect_uri_may_be_omitted_when_authorize_request_used_single_registered_uri ... ok
test http::token::authorization_code_tests::issuance::token_authorization_code_fails_closed_when_pairwise_secret_is_missing ... ok
test http::token::authorization_code_tests::replay::begin_authorization_code_consumption_tracks_single_consumer_and_terminal_states ... ok
test http::token::authorization_code_tests::issuance::protocol_grant_expired_dispatch_authorization_code_after_holder_validation ... ok
test http::token::authorization_code_tests::replay::token_authorization_code_replay_fails_closed_when_token_revocation_errors ... ok
test http::token::authorization_code_tests::issuance::token_authorization_code_uses_client_pairwise_subject_sector ... ok
test http::token::authorization_code_tests::replay::token_authorization_code_replay_reads_back_committed_issuance_evidence ... ok
test http::token::authorization_code_tests::sender_constraints::authorization_code_holder_error_responses_preserve_oauth_error_classes ... ok
test http::token::authorization_code_tests::sender_constraints::bearer_confidential_client_does_not_bind_refresh_token_to_access_token_dpop ... ok
test http::token::authorization_code_tests::sender_constraints::confidential_optional_dpop_code_pins_refresh_token_to_verified_dpop_key ... ok
test http::token::authorization_code_tests::sender_constraints::confidential_required_dpop_client_does_not_pin_refresh_token_to_access_token_dpop_key ... ok
test http::token::authorization_code_tests::sender_constraints::public_dpop_client_binds_refresh_token_to_dpop_key ... ok
test http::token::authorization_code_tests::replay::token_authorization_code_replay_revokes_previous_tokens_and_rejects_reuse ... ok
test http::token::authorization_code_tests::replay::token_authorization_code_reports_busy_failed_and_missing_states ... ok
test http::token::authorization_code_tests::sender_constraints::token_authorization_code_requires_sender_constrained_proof_before_consumption ... ok
test http::token::dispatch::tests::client_auth::non_dpop_or_non_pending_authorization_code_is_not_holder_bound ... ok
test http::token::dispatch::tests::client_auth::pending_authorization_code_detects_dpop_binding ... ok
test http::token::forms_tests::token_form_extracts_authorization_code_exchange_fields_without_reordering ... ok
test http::token::forms_tests::token_form_extracts_device_code_grant_field_separately_from_authorization_code ... ok
test http::token::authorization_code_tests::sender_constraints::token_authorization_code_accepts_matching_mtls_bound_code_before_issuing_response ... ok
test http::token::authorization_code_tests::sender_constraints::token_authorization_code_enforces_client_mtls_policy_before_consumption ... ok
test http::token::issue::tests::failure_boundaries::consumed_authorization_code_marker_failure_returns_error_after_revocation_attempt ... ok
test http::token::issue::tests::failure_boundaries::missing_authorization_code_state_does_not_revoke_committed_access_token ... ok
test http::token::issue::tests::failure_boundaries::protocol_grant_expired_authorization_code_keeps_invalid_grant ... ok
test http::token::authorization_code_tests::replay::committed_code_cleanup_success_failure_and_lost_ack_preserve_replay_revocation ... ok

test result: ok. 51 passed; 0 failed; 0 ignored; 0 measured; 1412 filtered out; finished in 3.50s

     Running tests/avatar_object_store_provider.rs (target/debug/deps/avatar_object_store_provider-806b5ee5ce32ceaf)

running 0 tests

test result: ok. 0 passed; 0 failed; 0 ignored; 0 measured; 1 filtered out; finished in 0.00s

     Running tests/avatar_shared_storage.rs (target/debug/deps/avatar_shared_storage-d7bf7276401285b8)

running 0 tests

test result: ok. 0 passed; 0 failed; 0 ignored; 0 measured; 1 filtered out; finished in 0.00s

     Running tests/operator_task_process.rs (target/debug/deps/operator_task_process-06e81a0bd7e3f3c2)

running 0 tests

test result: ok. 0 passed; 0 failed; 0 ignored; 0 measured; 4 filtered out; finished in 0.00s

     Running tests/tenant_directory_control_process.rs (target/debug/deps/tenant_directory_control_process-a57511e2341d7732)

running 0 tests

test result: ok. 0 passed; 0 failed; 0 ignored; 0 measured; 1 filtered out; finished in 0.00s

     Running tests/tenant_directory_convergence.rs (target/debug/deps/tenant_directory_convergence-70b566a404f8313d)

running 0 tests

test result: ok. 0 passed; 0 failed; 0 ignored; 0 measured; 1 filtered out; finished in 0.00s

     Running tests/token_hotpath_perf.rs (target/debug/deps/token_hotpath_perf-6ef8f4f21c18f90b)

running 0 tests

test result: ok. 0 passed; 0 failed; 0 ignored; 0 measured; 1 filtered out; finished in 0.00s

     Running tests/token_issuance_simplification.rs (target/debug/deps/token_issuance_simplification-faad869ffd3c841d)

running 0 tests

test result: ok. 0 passed; 0 failed; 0 ignored; 0 measured; 3 filtered out; finished in 0.00s

