   Compiling num-traits v0.2.19
   Compiling syn v2.0.119
   Compiling displaydoc v0.2.7
   Compiling aws-lc-sys v0.45.0
   Compiling percent-encoding v2.3.2
   Compiling aws-lc-rs v1.18.1
   Compiling futures-channel v0.3.34
   Compiling futures-io v0.3.34
   Compiling tokio v1.53.2
   Compiling rustix v1.1.5
   Compiling linux-raw-sys v0.12.1
   Compiling wait-timeout v0.2.1
   Compiling getrandom v0.3.4
   Compiling redis-protocol v6.0.0
   Compiling socket2 v0.5.10
   Compiling form_urlencoded v1.2.2
   Compiling tinystr v0.8.4
   Compiling zerotrie v0.2.5
   Compiling icu_collections v2.3.0
   Compiling rand_core v0.9.5
   Compiling icu_locale_core v2.3.0
   Compiling rand_xorshift v0.4.0
   Compiling rand v0.9.5
   Compiling futures-util v0.3.34
   Compiling chrono v0.4.45
   Compiling moxcms v0.8.1
   Compiling float-cmp v0.10.0
   Compiling icu_provider v2.3.1
   Compiling icu_properties v2.3.0
   Compiling icu_normalizer v2.3.0
   Compiling nazo-scim-events v0.2.16 (/src/crates/scim-events)
   Compiling tempfile v3.27.0
   Compiling idna_adapter v1.2.2
   Compiling idna v1.1.0
   Compiling rusty-fork v0.3.1
   Compiling url v2.5.8
   Compiling lettre v0.11.23
   Compiling futures-executor v0.3.34
   Compiling nazo-runtime-modules v0.2.16 (/src/crates/runtime-capabilities)
   Compiling tokio-util v0.7.19
   Compiling tokio-stream v0.1.19
   Compiling futures v0.3.34
   Compiling zeroize_derive v1.5.0
   Compiling der_derive v0.7.3
   Compiling zerocopy-derive v0.8.59
   Compiling der_derive v0.8.0
   Compiling curve25519-dalek-derive v0.1.1
   Compiling tracing-attributes v0.1.31
   Compiling fred-macros v0.1.0
   Compiling zeroize v1.9.0
   Compiling hybrid-array v0.4.15
   Compiling generic-array v0.14.9
   Compiling der v0.7.10
   Compiling der v0.8.2
   Compiling tracing v0.1.44
   Compiling crypto-common v0.2.2
   Compiling block-buffer v0.12.1
   Compiling crypto-common v0.1.6
   Compiling block-buffer v0.10.4
   Compiling crypto-bigint v0.7.5
   Compiling crypto-bigint v0.5.5
   Compiling digest v0.10.7
   Compiling signature v2.2.0
   Compiling hmac v0.12.1
   Compiling sha2 v0.10.9
   Compiling curve25519-dalek v4.1.3
   Compiling image v0.25.10
   Compiling rfc6979 v0.4.0
   Compiling zerocopy v0.8.59
   Compiling digest v0.11.3
   Compiling spki v0.7.3
   Compiling hmac v0.13.0
   Compiling signature v3.0.0
   Compiling sha2 v0.11.0
   Compiling pkcs8 v0.10.2
   Compiling hkdf v0.13.0
   Compiling curve25519-dalek v5.0.0
   Compiling ed25519 v3.0.0
   Compiling blake2 v0.11.0
   Compiling x509-cert v0.2.5
   Compiling sha1 v0.11.0
   Compiling sec1 v0.7.3
   Compiling spki v0.8.0
   Compiling sec1 v0.8.1
   Compiling ed25519 v2.2.3
   Compiling pkcs8 v0.11.0
   Compiling x509-cert v0.3.0
   Compiling elliptic-curve v0.13.8
   Compiling argon2 v0.6.0
   Compiling ed25519-dalek v2.2.0
   Compiling primeorder v0.13.6
   Compiling ecdsa v0.16.9
   Compiling ed25519-dalek v3.0.0
   Compiling p256 v0.13.2
   Compiling elliptic-curve v0.14.1
   Compiling primefield v0.14.0
   Compiling rfc6979 v0.6.0
   Compiling wnaf v0.14.1
   Compiling primeorder v0.14.0
   Compiling ecdsa v0.17.0
   Compiling p256 v0.14.0
   Compiling ppv-lite86 v0.2.21
   Compiling half v2.7.1
   Compiling ciborium-ll v0.2.2
   Compiling rand_chacha v0.3.1
   Compiling ciborium v0.2.2
   Compiling rand_chacha v0.9.0
   Compiling rand v0.8.8
   Compiling proptest v1.11.0
   Compiling passkey-auth v0.1.3
   Compiling fred v10.1.0
   Compiling jsonwebtoken v11.1.0
   Compiling nazo-crypto v0.2.16 (/src/crates/crypto)
   Compiling nazo-identity v0.2.16 (/src/crates/identity)
   Compiling nazo-resource-server v0.2.16 (/src/crates/resource-server)
   Compiling nazo-auth v0.2.16 (/src/crates/authorization-server-core)
   Compiling nazo-valkey v0.2.16 (/src/crates/state-store-valkey)
    Finished `test` profile [unoptimized] target(s) in 12.68s
     Running unittests src/lib.rs (target/debug/deps/nazo_auth-80080b117b53832b)

running 178 tests
test admin_clients::service::tests::client_patch_keeps_subject_type_validation_in_the_core ... ok
test admin_clients::service::tests::page_forwards_the_policy_tenant_to_persistence ... ok
test admin_clients::service::tests::registration_rejects_unknown_subject_types_before_persistence ... ok
test admin_clients::validation::metadata_tests::ciba_and_logout_callback_uri_lengths_share_one_bound ... ok
test admin_clients::validation::metadata_tests::client_metadata_accepts_implemented_jwt_bearer_grant ... ok
test admin_clients::validation::metadata_tests::client_metadata_accepts_refresh_tokens_for_ciba_and_device_grants ... ok
test admin_clients::validation::metadata_tests::client_metadata_rejects_backchannel_logout_uri_with_fragment_or_insecure_host ... ok
test admin_clients::validation::metadata_tests::client_metadata_rejects_frontchannel_logout_uri_with_fragment_or_insecure_host ... ok
test admin_clients::validation::metadata_tests::client_metadata_rejects_non_loopback_http_redirect_uri ... ok
test admin_clients::validation::metadata_tests::client_metadata_rejects_public_client_secret_and_confidential_none ... ok
test admin_clients::validation::metadata_tests::client_metadata_rejects_removed_or_unsafe_grants ... ok
test admin_clients::validation::metadata_tests::client_metadata_rejects_unsupported_auth_and_unsafe_grant_combinations ... ok
test admin_clients::validation::metadata_tests::client_metadata_requires_public_jwks_for_private_key_jwt ... ok
test admin_clients::validation::metadata_tests::client_metadata_requires_refresh_grant_for_offline_access ... ok
test admin_clients::validation::metadata_tests::client_metadata_validates_introspection_jwe_metadata ... ok
test admin_clients::validation::metadata_tests::client_metadata_validates_optional_jwks_for_all_auth_methods ... ok
test admin_clients::validation::metadata_tests::client_metadata_validates_userinfo_and_authorization_response_crypto_metadata ... ok
test admin_clients::validation::metadata_tests::request_object_crypto_metadata_is_a_closed_supported_pair ... ok
test admin_clients::validation::mtls_tests::client_metadata_rejects_duplicate_san_email_bindings ... ok
test admin_clients::validation::mtls_tests::client_metadata_rejects_mtls_auth_for_public_clients ... ok
test admin_clients::validation::mtls_tests::client_metadata_requires_exactly_one_rfc8705_pki_subject_selector ... ok
test admin_clients::validation::mtls_tests::client_metadata_requires_mtls_binding_material ... ok
test admin_clients::validation::mtls_tests::client_metadata_requires_self_signed_mtls_x5c_jwks ... ok
test admin_clients::validation::mtls_tests::client_metadata_validates_mtls_binding_material_shape ... ok
test admin_clients::validation::tests::policy_debug_output_redacts_server_secrets ... ok
test admin_clients::validation::tests::sector_identifier_document_requires_every_redirect ... ok
test admin_clients::validation::tests::sector_identifier_uri_must_have_a_host ... ok
test authorization_policy::tests::authorization_policy_normalizes_oidc_claims_rar_and_jarm ... ok
test authorization_policy::tests::interaction_and_response_failures_are_typed_and_fail_closed ... ok
test authorization_policy::tests::max_age_decision_matches_elapsed_session_age ... ok
test authorization_policy::tests::module_and_profile_failures_preserve_protocol_error_categories ... ok
test authorization_policy::tests::protocol_max_age_zero_accepts_only_completed_fresh_authentication ... ok
test authorization_policy::tests::protocol_max_age_zero_requires_fresh_authentication_without_completion_nonce ... ok
test authorization_policy::tests::response_plan_keeps_plain_and_jarm_outputs_distinct ... ok
test authorization_policy::tests::same_second_fresh_authentication_requires_strictly_later_server_event ... ok
test authorization_policy::tests::session_policy_handles_prompt_none_and_reauthentication_without_transport_state ... ok
test authorization_request::tests::compact_shape_algorithm_key_and_signature_errors_remain_distinct ... ok
test authorization_request::tests::jar_expired_object_never_consumes_replay_state ... ok
test authorization_request::tests::jar_replay_deadline_uses_validated_expiry ... ok
test authorization_request::tests::oidc_signed_request_object_parameters_supersede_outer_duplicates ... ok
test authorization_request::tests::owned_normalizer_reuses_outer_map_without_consuming_it_on_policy_failure ... ok
test authorization_request::tests::par_fapi_policy_requires_confidential_strong_auth_and_sender_constraint ... ok
test authorization_request::tests::registered_request_object_signing_algorithm_is_enforced ... ok
test authorization_request::tests::replay_and_dependency_failures_are_fail_closed_and_keep_error_categories ... ok
test authorization_request::tests::signed_request_object_crypto_defers_time_policy_to_injected_clock ... ok
test authorization_request::tests::signed_request_object_crypto_uses_strict_shared_client_jwk_policy ... ok
test authorization_request::tests::signed_request_object_is_normalized_only_after_all_claim_checks ... ok
test authorization_request::tests::signed_request_object_rejects_conflicts_and_reserved_request_uri ... ok
test authorization_request::tests::signed_request_object_time_window_is_bounded ... ok
test authorization_request::tests::unsigned_request_objects_are_rejected_for_every_client_profile ... ok
test authorization_service::tests::admitted_consent_consumes_its_par_handle_once ... ok
test authorization_service::tests::approved_but_undelivered_keeps_fact_grant_and_consumption_fence ... ok
test authorization_service::tests::arc_trait_object_is_an_authorization_state_store ... ok
test authorization_service::tests::cancellation_before_decision_ack_never_publishes_a_code ... ok
test authorization_service::tests::ciba_request_object_replay_is_delegated_to_the_state_store ... ok
test authorization_service::tests::cleanup_dependency_errors_preserve_the_original_stage_mapping ... ok
test authorization_service::tests::code_expiry_extends_retention_without_extending_admission_expiry ... ok
test authorization_service::tests::competing_decision_kinds_share_one_par_commit ... ok
test authorization_service::tests::concurrent_preparation_disposal_removes_only_the_observed_snapshot ... ok
test authorization_service::tests::consent_cleanup_mismatch_does_not_attempt_par_cleanup ... ok
test authorization_service::tests::consent_replacement_between_load_and_claim_is_preserved ... ok
test authorization_service::tests::corrupt_par_snapshot_between_load_and_disposal_is_preserved ... ok
test authorization_service::tests::decision_kind_requires_matching_code_presence ... ok
test authorization_service::tests::deny_and_prompt_none_share_par_fence_without_incrementing_explicit_grants ... ok
test authorization_service::tests::failed_or_unknown_decision_never_publishes_a_code ... ok
test authorization_service::tests::foreign_user_cannot_consume_an_observed_consent ... ok
test authorization_service::tests::independent_request_fence_is_tenant_scoped_and_expired_input_cannot_commit ... ok
test authorization_service::tests::mismatched_prepared_authorization_is_rejected_before_repository_commit ... ok
test authorization_service::tests::missing_par_preview_retains_consent_for_protocol_redirect ... ok
test authorization_service::tests::owned_request_object_admission_keeps_outer_parameters_on_replay_dependency_failure ... ok
test authorization_service::tests::preview_preserves_longest_material_retention_and_shortest_admission_expiry ... ok
test authorization_service::tests::pushed_request_digest_is_independent_of_hash_map_iteration_order ... ok
test authorization_service::tests::stored_grant_must_cover_every_scope_and_resource ... ok
test authorization_service::tests::successful_commit_binds_exact_prepared_code_before_publication ... ok
test client_assertion::jwk_policy_tests::shared_jwk_policy_rejects_private_material_and_ambiguous_key_ids ... ok
test client_assertion::jwk_policy_tests::shared_rsa_policy_rejects_weak_moduli_and_invalid_exponents ... ok
test client_attestation::tests::client_attestation_window_preserves_inclusive_age_and_future_tolerance ... ok
test client_authentication::tests::all_builtin_methods_are_fixed_and_unknown_methods_fail_closed ... ok
test client_authentication::tests::credential_client_id_must_match_the_resolved_tenant_scoped_client ... ok
test client_authentication::tests::fixed_methods_require_exact_material ... ok
test client_authentication::tests::method_mismatch_and_credential_smuggling_fail_before_adapter_execution ... ok
test client_authentication::tests::presented_credentials_debug_output_redacts_secret_material ... ok
test client_authentication::tests::public_none_is_explicit_and_rejects_hidden_credentials ... ok
test client_authentication::tests::transport_mtls_presentation_preserves_the_registered_self_signed_policy ... ok
test client_registration::tests::baseline_policy_is_explicitly_default_deny ... ok
test client_registration::tests::independent_message_signing_requirements_can_coexist ... ok
test client_registration::tests::pushed_requests_are_independent_of_fapi_client_authentication ... ok
test client_registration::tests::unknown_policy_version_fails_closed ... ok
test device::tests::arc_trait_objects_preserve_the_store_version_type ... ok
test device::tests::stale_approval_claims_are_reclaimable_but_bounded ... ok
test device::tests::state_version_exposes_the_opaque_comparison_token ... ok
test dpop::tests::accepts_an_explicit_alternate_mtls_endpoint_target ... ok
test dpop::tests::arc_trait_object_is_a_dpop_state_store ... ok
test dpop::tests::binding_and_missing_proof_are_enforced ... ok
test dpop::tests::concurrent_replay_consumption_has_exactly_one_winner ... ok
test dpop::tests::constant_time_comparison_preserves_equality_semantics ... ok
test dpop::tests::dpop_explicit_null_or_empty_crit_is_rejected ... ok
test dpop::tests::dpop_future_iat_replay_marker_outlives_acceptance ... ok
test dpop::tests::dpop_http_method_is_case_sensitive ... ok
test dpop::tests::dpop_nonce_ttl_does_not_follow_replay_ttl ... ok
test dpop::tests::dpop_noncritical_extension_remains_accepted ... ok
test dpop::tests::dpop_replay_scope_preserves_exact_method ... ok
test dpop::tests::dpop_unknown_critical_header_is_rejected ... ok
test dpop::tests::enforces_htu_htm_iat_jti_and_ath ... ok
test dpop::tests::htu_ignores_query_and_fragment_but_not_origin ... ok
test dpop::tests::htu_normalizes_claim_and_configured_target_equivalently ... ok
test dpop::tests::nonce_has_256_bits_of_urlsafe_entropy ... ok
test dpop::tests::protected_resource_replay_scope_rejects_same_jti_across_dpop_keys ... ok
test dpop::tests::rejects_oversized_raw_jti_even_when_trimmed_payload_is_short ... ok
test dpop::tests::rejects_private_or_mislabelled_jwk_material ... ok
test dpop::tests::rejects_wrong_type_algorithm_curve_segments_and_signature ... ok
test dpop::tests::required_nonce_is_reusable_while_jti_replay_remains_one_time ... ok
test dpop::tests::state_failures_are_fail_closed_with_compatible_error_categories ... ok
test dpop::tests::verifies_public_jwk_and_protocol_claims ... ok
test dynamic_client_registration::tests::configuration_update_rejects_invalid_shapes_and_public_secrets ... ok
test dynamic_client_registration::tests::configuration_update_rejects_server_fields_and_requires_matching_credentials ... ok
test dynamic_client_registration::tests::default_registration_contract_matches_oidc_code_client_behavior ... ok
test dynamic_client_registration::tests::every_rp_metadata_choice_fails_closed_when_no_server_value_is_supported ... ok
test dynamic_client_registration::tests::external_request_uri_registration_is_validated_and_preserved ... ok
test dynamic_client_registration::tests::private_key_jwt_registration_enables_standard_oidc_token_endpoint_audience ... ok
test dynamic_client_registration::tests::public_and_confidential_code_clients_share_one_registration_path ... ok
test dynamic_client_registration::tests::rp_metadata_choice_lists_reject_empty_values ... ok
test dynamic_client_registration::tests::rp_metadata_choices_select_supported_single_values_and_reject_inconsistency ... ok
test dynamic_client_registration::tests::software_statement_and_response_type_errors_keep_rfc_codes ... ok
test dynamic_client_registration::tests::third_party_initiated_login_uri_requires_https_and_is_preserved ... ok
test extension_grants::tests::actor_claim_requires_same_client_and_rejects_sender_constraint ... ok
test extension_grants::tests::admitted_raw_assertions_and_exchange_tokens_borrow_the_original_buffers ... ok
test extension_grants::tests::dual_subject_binding_and_sender_binding_conversion_fail_closed ... ok
test extension_grants::tests::empty_but_present_grant_tokens_reach_crypto_validation ... ok
test extension_grants::tests::exchange_subject_identity_table_separates_user_and_client ... ok
test extension_grants::tests::jwt_bearer_claims_require_exact_party_audience_time_and_replay_values ... ok
test extension_grants::tests::token_exchange_multi_target_fails_closed_on_any_denied_target ... ok
test extension_grants::tests::token_exchange_type_scope_and_target_policy_is_explicit ... ok
test extension_grants::tests::verified_subject_limits_scope_and_preserves_sender_binding ... ok
test metadata::document::tests::baseline_document_shape_is_locked ... ok
test metadata::document::tests::ciba_metadata_is_complete_and_profile_scoped ... ok
test metadata::document::tests::composable_metadata_advertises_the_union_of_supported_client_policies ... ok
test metadata::document::tests::draining_modules_are_not_advertised_as_accepting_new_transactions ... ok
test metadata::document::tests::external_request_uri_is_advertised_only_with_both_required_modules_on_baseline ... ok
test metadata::document::tests::fapi_external_request_uri_is_not_advertised_and_other_configuration_is_preserved ... ok
test metadata::document::tests::fapi_profiles_publish_only_the_selected_security_contract ... ok
test metadata::document::tests::grant_modules_change_only_the_typed_grant_catalog ... ok
test metadata::document::tests::id_token_metadata_includes_non_primary_eligible_signing_keys ... ok
test metadata::document::tests::jarm_capability_controls_jwt_response_mode ... ok
test metadata::document::tests::native_sso_does_not_emit_nonstandard_discovery_field ... ok
test metadata::document::tests::non_standard_http_signatures_and_scim_do_not_mutate_standard_metadata ... ok
test metadata::document::tests::protected_resource_metadata_uses_the_same_rar_snapshot ... ok
test metadata::document::tests::runtime_module_advertisements_are_table_driven ... ok
test metadata::document::tests::token_management_auth_metadata_projects_its_actual_endpoint_policies ... ok
test oauth_parameters::tests::duplicate_detection_is_limited_to_named_parameters ... ok
test oauth_parameters::tests::json_string_collections_ignore_non_string_members ... ok
test oauth_parameters::tests::scope_and_subset_policy_preserve_oauth_semantics ... ok
test oauth_parameters::tests::token_audience_policy_accepts_string_or_array_only ... ok
test oidc_logout::tests::oidc_pairwise_subject_requires_secret_and_supported_subject_type ... ok
test oidc_logout::tests::oidc_pairwise_subject_uses_explicit_sector_and_redirect_host_fallback ... ok
test oidc_logout::tests::oidc_subject_for_public_client_is_the_user_identifier ... ok
test oidc_logout::tests::pairwise_subject_is_stable_within_sector_and_distinct_across_sectors ... ok
test oidc_logout::tests::redirect_state_is_appended_without_replacing_registered_query ... ok
test oidc_logout::tests::resolve_client_rejects_conflicting_hint_audience ... ok
test rate_limit::tests::arc_trait_object_forwards_to_rate_limit_port ... ok
test resource_indicator::tests::private_parameter_representation_uses_the_same_validation ... ok
test resource_indicator::tests::resource_indicators_require_absolute_unique_fragmentless_uris ... ok
test session_management::tests::issuer_uses_browser_origin_serialization ... ok
test session_management::tests::state_is_bound_to_client_origin_browser_state_and_salt ... ok
test token::tests::authentication_context_accepts_only_the_current_version ... ok
test token::tests::public_unbound_refresh_proofs_are_retained_until_token_expiry ... ok
test token::tests::refresh_authority_keeps_the_immutable_contract_and_generation_sid_separate ... ok
test token_endpoint::tests::client_grant_profile_and_sender_constraint_are_admitted_together ... ok
test token_endpoint::tests::conflicting_client_authentication_material_is_rejected_before_crypto ... ok
test token_endpoint::tests::core_grants_dispatch_to_distinct_typed_requests ... ok
test token_endpoint::tests::every_extension_grant_is_exhaustively_classified_without_parsing_its_state_machine ... ok
test token_endpoint::tests::required_grant_material_fails_closed ... ok
test token_endpoint::tests::sender_constraint_matrix_rejects_missing_mismatched_and_dual_bindings ... ok
test token_service::tests::access_token_cannot_bind_two_sender_constraints ... ok
test token_service::tests::arc_trait_object_is_a_token_state_store ... ok
test token_service::tests::introspection_reports_dpop_only_for_dpop_bound_tokens ... ok
test token_service::tests::token_inspection_builds_exact_rfc7662_documents ... ok
test token_service::tests::token_inspection_preserves_owned_audience_and_confirmation_shapes ... ok

test result: ok. 178 passed; 0 failed; 0 ignored; 0 measured; 0 filtered out; finished in 0.04s

     Running tests/admin_client_types.rs (target/debug/deps/admin_client_types-28250a502798ffa1)

running 7 tests
test admin_client_ports_and_errors_have_stable_operator_messages ... ok
test admin_create_and_patch_keep_ciba_user_code_disabled_without_stored_state ... ok
test client_patch_applies_optional_registration_metadata_as_one_update ... ok
test client_patch_preserves_pairwise_host_and_rejects_unsafe_transitions ... ok
test prepared_and_created_client_debug_redacts_all_secret_material ... ok
test prepared_write_moves_registration_and_holds_undisclosed_secret ... ok
test supplied_client_secret_is_bounded_and_redacted ... ok

test result: ok. 7 passed; 0 failed; 0 ignored; 0 measured; 0 filtered out; finished in 0.00s

     Running tests/authorization_details.rs (target/debug/deps/authorization_details-9bb92ca74d80e4ff)

running 5 tests
test authorization_details_enforce_rar_size_and_cardinality_limits ... ok
test authorization_details_normalization_preserves_only_empty_internal_states ... ok
test authorization_details_require_array_of_supported_typed_objects ... ok
test canonicalization_preserves_the_exact_valid_json_shape ... ok
test high_risk_authorization_details_detect_payments_and_write_actions ... ok

test result: ok. 5 passed; 0 failed; 0 ignored; 0 measured; 0 filtered out; finished in 0.00s

     Running tests/authorization_pkce_policy.rs (target/debug/deps/authorization_pkce_policy-542b248fb5dbb4c9)

running 5 tests
test confidential_non_oidc_code_flow_requires_pkce ... ok
test explicit_confidential_oidc_compatibility_policy_may_omit_pkce_and_nonce ... ok
test hardened_profile_requires_pkce_even_for_confidential_oidc_client ... ok
test nonce_does_not_control_explicit_confidential_oidc_compatibility_policy ... ok
test public_client_cannot_replace_pkce_with_oidc_nonce ... ok

test result: ok. 5 passed; 0 failed; 0 ignored; 0 measured; 0 filtered out; finished in 0.00s

     Running tests/ciba_decision_preparation.rs (target/debug/deps/ciba_decision_preparation-18449dc7e9128e34)

running 6 tests
test decision_uses_the_earlier_request_or_caller_deadline ... ok
test prepared_ciba_conflict_reloads_poll_timing_but_rejects_changed_authorization ... ok
test prepared_ciba_decision_rechecks_time_and_user_after_preparation ... ok
test prepared_ciba_decision_reuses_validated_snapshot_and_bound_handle ... ok
test prepared_ciba_unknown_write_outcome_stops_without_retrying_or_claiming_commit ... ok
test store_clock_rejects_late_approval_and_denial_before_retention_expires ... ok

test result: ok. 6 passed; 0 failed; 0 ignored; 0 measured; 0 filtered out; finished in 0.00s

     Running tests/ciba_ping_creation.rs (target/debug/deps/ciba_ping_creation-4df6847456d2aa0e)

running 4 tests
test authentication_context_is_bound_on_approval_and_invalid_context_is_rejected ... ok
test decision_deadline_preserves_the_neutral_atomic_contract ... ok
test ping_creation_allows_the_adapter_to_atomically_bind_auth_req_id ... ok
test protocol_ciba_deadline_defaults_refuse_unenforced_authority_without_mutation ... ok

test result: ok. 4 passed; 0 failed; 0 ignored; 0 measured; 0 filtered out; finished in 0.00s

     Running tests/ciba_ping_delivery_policy.rs (target/debug/deps/ciba_ping_delivery_policy-019d72cf8e925a18)

running 4 tests
test ciba_ping_endpoint_length_is_bounded_consistently ... ok
test ciba_ping_endpoint_requires_an_https_origin_without_ambiguous_authority ... ok
test ciba_ping_retries_are_bounded_and_never_cross_authorization_expiry ... ok
test redirects_and_client_errors_are_terminal_but_server_errors_are_retryable ... ok

test result: ok. 4 passed; 0 failed; 0 ignored; 0 measured; 0 filtered out; finished in 0.00s

     Running tests/ciba_registration_contract.rs (target/debug/deps/ciba_registration_contract-ed866bc0a6734200)

running 4 tests
test ciba_user_code_and_weak_request_signing_are_not_supported ... ok
test omitted_and_false_ciba_user_code_metadata_have_the_same_public_value ... ok
test ping_requires_an_https_notification_endpoint_and_ciba_grant ... ok
test poll_and_ping_are_the_only_registered_delivery_modes ... ok

test result: ok. 4 passed; 0 failed; 0 ignored; 0 measured; 0 filtered out; finished in 0.00s

     Running tests/ciba_state_version.rs (target/debug/deps/ciba_state_version-c041cc0da5acc67e)

running 2 tests
test arc_trait_objects_preserve_the_store_version_type ... ok
test state_version_exposes_only_adapter_comparison_inputs ... ok

test result: ok. 2 passed; 0 failed; 0 ignored; 0 measured; 0 filtered out; finished in 0.00s

     Running tests/claims_contract.rs (target/debug/deps/claims_contract-03fa2030a6c535a9)

running 11 tests
test access_token_claims_follow_jwt_profile_for_user_subjects ... ok
test access_token_claims_keep_client_credentials_subject_separate ... ok
test access_token_without_sender_constraints_does_not_emit_cnf ... ok
test authorization_response_jwt_omits_absent_state_and_inapplicable_result ... ok
test authorization_response_jwt_preserves_explicit_empty_state ... ok
test authorization_response_jwt_ttl_is_never_zero_or_negative ... ok
test backchannel_logout_token_claims_follow_oidc_shape_without_nonce ... ok
test backchannel_logout_token_ttl_is_never_zero_or_negative ... ok
test id_token_claims_include_independent_sid_and_protect_reserved_claims ... ok
test id_token_extra_claims_cannot_override_registered_claims ... ok
test token_claim_constructors_are_locked_to_complete_reviewed_shapes ... ok

test result: ok. 11 passed; 0 failed; 0 ignored; 0 measured; 0 filtered out; finished in 0.00s

     Running tests/claims_edge_cases.rs (target/debug/deps/claims_edge_cases-2cb227763b0f202c)

running 35 tests
test access_token_claims_carries_userinfo_claim_requests ... ok
test access_token_claims_client_credentials_omits_user_id ... ok
test access_token_claims_cnf_is_none_when_both_dpop_and_mtls_are_present ... ok
test access_token_claims_cnf_is_none_when_sender_constraints_are_absent ... ok
test access_token_claims_cnf_with_mtls_x5t_only ... ok
test access_token_claims_empty_audience_is_empty_json_array ... ok
test access_token_claims_empty_authorization_details_is_empty_array ... ok
test access_token_claims_empty_scope_is_empty_string ... ok
test access_token_claims_include_user_id_only_for_public_user_subject ... ok
test access_token_claims_includes_all_required_jwt_fields ... ok
test access_token_claims_multiple_audiences_produces_json_array ... ok
test access_token_claims_scope_is_sorted_alphabetically ... ok
test access_token_claims_single_audience_is_json_string_not_array ... ok
test access_token_claims_zero_ttl_produces_exp_equal_to_iat ... ok
test authorization_response_jwt_exp_floor_is_iat_plus_one ... ok
test authorization_response_jwt_includes_standard_timestamp_and_identifier_claims ... ok
test authorization_response_jwt_with_all_optionals_absent ... ok
test authorization_response_jwt_with_code_and_state ... ok
test authorization_response_jwt_with_code_error_and_state ... ok
test authorization_response_jwt_with_code_only ... ok
test authorization_response_jwt_with_error_and_state ... ok
test authorization_response_jwt_with_error_only ... ok
test authorization_response_jwt_with_state_only ... ok
test backchannel_logout_token_claims_exp_is_at_least_iat_plus_one ... ok
test backchannel_logout_token_claims_full_with_sub_and_sid ... ok
test backchannel_logout_token_claims_includes_openid_events_claim ... ok
test backchannel_logout_token_claims_omits_both_sub_and_sid_when_not_provided ... ok
test backchannel_logout_token_claims_omits_sid_when_not_provided ... ok
test backchannel_logout_token_claims_omits_sub_when_not_provided ... ok
test backchannel_logout_token_claims_standard_fields_are_always_present ... ok
test id_token_claims_extra_claims_null_value_does_not_crash ... ok
test id_token_claims_extra_claims_top_level_non_object_is_ignored ... ok
test id_token_claims_filters_all_reserved_keys_from_extra_claims ... ok
test id_token_claims_includes_all_fields_when_provided ... ok
test id_token_claims_omits_optional_fields_when_not_provided ... ok

test result: ok. 35 passed; 0 failed; 0 ignored; 0 measured; 0 filtered out; finished in 0.00s

     Running tests/client_assertion_core.rs (target/debug/deps/client_assertion_core-0f2dfd850cc85c6a)

running 8 tests
test configured_mtls_endpoint_alias_is_only_accepted_for_opted_in_endpoint_audiences ... ok
test endpoint_audiences_and_arrays_follow_exact_client_policy ... ok
test key_selection_rejects_private_mismatched_and_ambiguous_material ... ok
test registered_client_assertion_algorithm_is_enforced_before_key_selection ... ok
test rsa_key_strength_uses_unsigned_bit_length_and_safe_public_exponents ... ok
test time_jti_and_party_failures_are_distinct_and_fail_closed ... ok
test unverified_identity_is_only_a_lookup_hint_with_matching_nonempty_parties ... ok
test valid_assertion_returns_only_replay_and_algorithm_material ... ok

test result: ok. 8 passed; 0 failed; 0 ignored; 0 measured; 0 filtered out; finished in 0.02s

     Running tests/dependency_boundary.rs (target/debug/deps/dependency_boundary-54426344de94cb8f)

running 1 test
test auth_has_no_framework_or_storage_dependencies ... ok

test result: ok. 1 passed; 0 failed; 0 ignored; 0 measured; 0 filtered out; finished in 0.02s

     Running tests/device.rs (target/debug/deps/device-e4ec9c0c4db37224)

running 3 tests
test device_authorization_policy_defaults_resource_and_binds_expiry ... ok
test device_authorization_policy_fails_closed_at_each_admission_boundary ... ok
test device_poll_state_machine_preserves_terminal_and_slow_down_contracts ... ok

test result: ok. 3 passed; 0 failed; 0 ignored; 0 measured; 0 filtered out; finished in 0.00s

     Running tests/dynamic_registration_presentation.rs (target/debug/deps/dynamic_registration_presentation-cbdc985d9a7ce6c6)

running 2 tests
test dynamic_registration_preserves_https_presentation_metadata ... ok
test dynamic_registration_rejects_unsafe_presentation_metadata ... ok

test result: ok. 2 passed; 0 failed; 0 ignored; 0 measured; 0 filtered out; finished in 0.00s

     Running tests/logout_registration_defaults.rs (target/debug/deps/logout_registration_defaults-87d7749baf23493f)

running 2 tests
test explicit_logout_session_requirements_are_preserved ... ok
test omitted_logout_session_requirements_follow_openid_connect_false_defaults ... ok

test result: ok. 2 passed; 0 failed; 0 ignored; 0 measured; 0 filtered out; finished in 0.00s

     Running tests/logout_service.rs (target/debug/deps/logout_service-028b960164afd595)

running 9 tests
test client_id_only_does_not_fan_out_to_an_ungranted_client ... ok
test current_session_membership_allows_client_id_only_fanout ... ok
test dependency_error_is_closed_and_non_http ... ok
test expired_hint_is_accepted_only_when_bound_to_the_current_session ... ok
test hinted_frontchannel_preserves_only_hinted_client_compatibility ... ok
test logout_batches_session_clients_and_reuses_the_validated_hint ... ok
test no_hint_frontchannel_fans_out_once_and_retry_deduplicates_backchannel ... ok
test unbound_logout_requires_both_user_confirmation_and_csrf_authorization ... ok
test valid_hint_makes_an_ungranted_client_a_bound_fanout_target ... ok

test result: ok. 9 passed; 0 failed; 0 ignored; 0 measured; 0 filtered out; finished in 0.00s

     Running tests/metadata.rs (target/debug/deps/metadata-fa6457f682649bf8)

running 2 tests
test disabled_but_draining_ciba_is_hidden_while_existing_polling_remains_admissible ... ok
test metadata_exposes_only_capabilities_accepting_new_work ... ok

test result: ok. 2 passed; 0 failed; 0 ignored; 0 measured; 0 filtered out; finished in 0.00s

     Running tests/protocol_policy.rs (target/debug/deps/protocol_policy-7c57836ad078494d)

running 6 tests
test baseline_profile_accepts_public_bearer_clients ... ok
test fapi2_profile_preserves_exact_rejection_codes_and_descriptions ... ok
test grant_type_wire_values_are_protocol_stable ... ok
test protocol_error_code_wire_values_are_exhaustive ... ok
test protocol_errors_serialize_exact_oauth_fields ... ok
test sender_thumbprints_accept_only_canonical_sha256_evidence ... ok

test result: ok. 6 passed; 0 failed; 0 ignored; 0 measured; 0 filtered out; finished in 0.00s

     Running tests/signing.rs (target/debug/deps/signing-f98ad8b9888cf541)

running 1 test
test signer_receives_only_purpose_scoped_signing_material ... ok

test result: ok. 1 passed; 0 failed; 0 ignored; 0 measured; 0 filtered out; finished in 0.00s

     Running tests/token_management.rs (target/debug/deps/token_management-3d265b9961a21ffa)

running 6 tests
test access_revocation_storage_failure_is_propagated ... ok
test expired_introspection_avoids_storage_but_live_token_fails_closed_on_storage_error ... ok
test ownership_introspection_audience_shapes_keep_membership_and_tenant_boundaries ... ok
test ownership_refresh_introspection_preserves_scope_output ... ok
test unknown_or_foreign_access_uses_raw_refresh_lookup_without_a_jti ... ok
test verified_owned_access_revokes_directly_and_retains_audit_count_and_expiry ... ok

test result: ok. 6 passed; 0 failed; 0 ignored; 0 measured; 0 filtered out; finished in 0.00s

     Running tests/uri_policy.rs (target/debug/deps/uri_policy-dc936b7d28318407)

running 10 tests
test https_redirect_uris_without_forbidden_parts_are_allowed ... ok
test issuer_requires_https_except_loopback_http ... ok
test issuer_urls_reject_query_fragment_credentials_and_trailing_slash ... ok
test loopback_redirect_matching_ignores_only_port ... ok
test loopback_redirect_matching_varies_only_by_port ... ok
test non_loopback_http_redirect_uris_are_rejected ... ok
test pkce_values_follow_rfc7636_length_and_charset ... ok
test redirect_uri_policy_allows_only_oauth_bcp_exceptions ... ok
test redirect_uri_rejects_credentials_fragments_and_wildcards ... ok
test registered_redirect_resolution_is_framework_independent ... ok

test result: ok. 10 passed; 0 failed; 0 ignored; 0 measured; 0 filtered out; finished in 0.16s

     Running unittests src/lib.rs (target/debug/deps/nazo_identity-4fe94d34d6934a54)

running 54 tests
test avatar::tests::avatar_reference_rejects_extra_query_or_path_components ... ok
test avatar::tests::content_detection_uses_file_signatures ... ok
test avatar::tests::direct_avatar_read_and_delete_preserve_repository_and_storage_boundaries ... ok
test avatar::tests::direct_shared_candidates_survive_database_cas_miss_and_unknown_outcomes ... ok
test avatar::tests::direct_upload_begin_rejects_invalid_references_and_provider_failures ... ok
test avatar::tests::direct_upload_claim_states_fail_closed_and_release_invalid_pending_claims ... ok
test avatar::tests::direct_upload_fixes_validated_snapshot_before_database_cas ... ok
test avatar::tests::direct_upload_handles_retries_repository_failures_and_overview_failures ... ok
test avatar::tests::direct_upload_recognizes_completed_and_already_recorded_candidates ... ok
test avatar::tests::direct_upload_rejects_empty_declared_length_before_storage_authorization ... ok
test avatar::tests::direct_upload_rejects_oversized_declared_length_before_storage_authorization ... ok
test avatar::tests::direct_upload_releases_pending_claim_after_invalid_staged_bytes ... ok
test avatar::tests::direct_upload_retry_from_another_service_returns_the_selected_candidate ... ok
test avatar::tests::direct_upload_validates_staged_snapshots_and_storage_transitions ... ok
test avatar::tests::final_object_identifier_binds_upload_and_exact_bytes ... ok
test avatar::tests::pending_reads_once_and_keeps_validated_mime_while_candidate_failures_never_publish ... ok
test avatar::tests::pending_validates_and_hashes_once_and_drops_bytes_before_recording ... ok
test federation::tests::browser_binding_digest_is_tenant_scoped_and_canonical_hex ... ok
test federation::tests::every_account_result_passes_active_gate_before_link_audit_or_session_creation ... ok
test federation::tests::legacy_state_deserializes_without_inventing_a_browser_binding ... ok
test mfa_service::tests::disable_reuses_verified_generation_without_consuming_another_factor ... ok
test mfa_service::tests::failed_or_replayed_confirmation_cannot_return_backup_code_secrets ... ok
test mfa_service::tests::required_confirmation_has_no_bare_repository_fallback_or_backup_code_disclosure ... ok
test model::tests::login_identity_debug_never_exposes_password_hash ... ok
test model::tests::password_hash_accepts_argon2_0_5_phc_vector ... ok
test model::tests::password_hash_verifies_candidates_without_exposing_the_verifier ... ok
test passkey::tests::malformed_owned_credential_keeps_the_existing_consistency_failure ... ok
test passkey::tests::owned_credential_value_keeps_existing_webauthn_key_material_and_wire ... ok
test profile::tests::applications_are_loaded_from_the_accounts_tenant ... ok
test profile::tests::profile_text_trims_blanks_and_enforces_byte_limit ... ok
test profile::tests::profile_update_normalizes_only_profile_fields_and_resets_changed_phone_verification ... ok
test profile::tests::profile_url_accepts_only_absolute_http_urls ... ok
test profile::tests::retry_is_idempotent_when_profile_write_succeeds_before_overview_failure ... ok
test registration::tests::denied_email_reservation_releases_peer_and_skips_code_delivery ... ok
test registration::tests::failed_delivery_deletes_code_and_releases_tenant_scoped_reservations ... ok
test registration::tests::failed_email_reservation_releases_peer_and_skips_code_delivery ... ok
test registration::tests::failed_hash_and_uncertain_code_store_release_only_this_attempt ... ok
test registration::tests::registration_scopes_code_load_and_consumption_to_service_tenant ... ok
test registration::tests::successful_send_scopes_code_and_cooldowns_to_service_tenant ... ok
test registration::tests::verification_codes_are_fixed_width_decimal_values ... ok
test session::tests::add_amr_deduplicates_methods_and_preserves_claim_order ... ok
test session::tests::authentication_precision_is_owned_by_the_record_and_legacy_updates_clear_it ... ok
test session::tests::binding_client_fails_closed_for_invalid_or_missing_sessions ... ok
test session::tests::binding_client_rejects_repeated_compare_and_set_conflicts ... ok
test session::tests::binding_clients_is_session_scoped_and_idempotent ... ok
test session::tests::corrupt_session_is_deleted_and_resolves_as_missing ... ok
test session::tests::current_session_exposes_exact_logged_in_clients ... ok
test session::tests::invalid_authentication_metadata_is_deleted_fail_closed ... ok
test session::tests::mfa_resolution_invalidates_inactive_or_corrupt_sessions_but_keeps_dependency_failures ... ok
test session::tests::mfa_resolution_reads_one_snapshot_and_one_account_for_either_session_state ... ok
test session::tests::recent_interactive_mfa_has_one_strict_time_and_factor_policy ... ok
test session::tests::step_up_builds_a_fresh_session_and_csrf_pair_for_atomic_rotation ... ok
test session::tests::unavailable_session_store_is_not_downgraded_to_anonymous ... ok
test tenancy::tests::tenant_host_has_one_canonical_form ... ok

test result: ok. 54 passed; 0 failed; 0 ignored; 0 measured; 0 filtered out; finished in 0.93s

     Running tests/access_request_validation.rs (target/debug/deps/access_request_validation-b20e72b47db1a59a)

running 3 tests
test access_request_database_boundaries_are_enforced_before_persistence ... ok
test access_request_fields_are_trimmed_and_https_site_is_accepted ... ok
test access_request_rejects_empty_fields_and_unsafe_site_urls ... ok

test result: ok. 3 passed; 0 failed; 0 ignored; 0 measured; 0 filtered out; finished in 0.00s

     Running tests/admin_policy.rs (target/debug/deps/admin_policy-a30f98a271710515)

running 3 tests
test admin_cannot_elevate_or_demote_disable_self ... ok
test admin_cannot_modify_peer_superior_or_grant_own_level ... ok
test admin_policy_rejects_cross_tenant_and_resolves_safe_update ... ok

test result: ok. 3 passed; 0 failed; 0 ignored; 0 measured; 0 filtered out; finished in 0.00s

     Running tests/authentication_method_authority.rs (target/debug/deps/authentication_method_authority-95ac3d7c48545b9a)

running 3 tests
test local_authentication_serializes_only_one_method_representation ... ok
test persisted_amr_preserves_unknown_values_without_inventing_federation ... ok
test single_method_authority_keeps_existing_metadata_validation ... ok

test result: ok. 3 passed; 0 failed; 0 ignored; 0 measured; 0 filtered out; finished in 0.00s

     Running tests/dependency_boundary.rs (target/debug/deps/dependency_boundary-ac67edc0f4c60c27)

running 1 test
test identity_has_no_auth_framework_or_storage_dependencies ... ok

test result: ok. 1 passed; 0 failed; 0 ignored; 0 measured; 0 filtered out; finished in 0.02s

     Running tests/model.rs (target/debug/deps/model-3395152d612d8879)

running 6 tests
test authentication_context_has_ordered_deduplicated_amr_and_mfa ... ok
test authentication_context_validates_persisted_metadata ... ok
test identity_ids_reject_nil_uuid_during_deserialization ... ok
test identity_ids_reject_nil_uuid_values ... ok
test principal_and_tenant_context_do_not_require_database_rows ... ok
test subject_claims_are_framework_and_storage_independent ... ok

test result: ok. 6 passed; 0 failed; 0 ignored; 0 measured; 0 filtered out; finished in 0.00s

     Running tests/password_authentication.rs (target/debug/deps/password_authentication-003c466f21d70133)

running 2 tests
test missing_and_inactive_accounts_share_dummy_verification_and_failure_behavior ... ok
test pending_mfa_login_uses_a_short_session_ttl ... ok

test result: ok. 2 passed; 0 failed; 0 ignored; 0 measured; 0 filtered out; finished in 0.00s

     Running tests/policy.rs (target/debug/deps/policy-a9418641ad2346e1)

running 15 tests
test backup_code_normalization_preserves_strict_display_contract ... ok
test base32_decode_accepts_transport_whitespace_case_and_padding_only ... ok
test email_policy_normalizes_addresses_and_renders_existing_template ... ok
test email_policy_preserves_lettre_address_syntax_contract ... ok
test federation_callback_token_policy_is_exact ... ok
test generated_backup_code_uses_two_fixed_width_numeric_chunks ... ok
test generated_totp_secret_is_base32_without_padding ... ok
test mfa_policy_preserves_totp_and_backup_code_contracts ... ok
test otpauth_uri_keeps_existing_encoding_contract ... ok
test passkey_policy_binds_tenant_user_and_validates_user_input ... ok
test scim_policy_normalizes_identity_filter_payload_and_patch ... ok
test scim_policy_rejects_invalid_email_dot_placement ... ok
test session_policy_validates_metadata_and_preserves_amr_order ... ok
test totp_verification_rejects_replay_and_keeps_one_step_skew ... ok
test totp_verifier_rejects_malformed_code_or_secret_without_fallback ... ok

test result: ok. 15 passed; 0 failed; 0 ignored; 0 measured; 0 filtered out; finished in 0.00s

     Running tests/port_arc_dispatch.rs (target/debug/deps/port_arc_dispatch-e8376aa938ce069d)

running 7 tests
test authentication_audit_arc_dispatches_complete_event_once ... ok
test delivery_arc_preserves_borrowed_fields_ttl_and_error ... ok
test federation_audit_arc_dispatches_complete_event_once ... ok
test federation_hasher_arc_preserves_generated_value ... ok
test passkey_audit_arc_dispatches_complete_event_once ... ok
test secret_hasher_arc_dispatches_both_operations_without_changing_results ... ok
test secret_verifier_arc_preserves_arguments_and_busy_error ... ok

test result: ok. 7 passed; 0 failed; 0 ignored; 0 measured; 0 filtered out; finished in 0.00s

     Running tests/repository_ports.rs (target/debug/deps/repository_ports-4705deb1352a22e4)

running 9 tests
test avatar_direct_upload_contract_keeps_storage_details_opaque ... ok
test avatar_storage_errors_are_descriptive_without_exposing_unrelated_state ... ok
test avatar_upload_claim_preserves_the_fixed_candidate_across_a_retry ... ok
test fake_user_repository_is_a_minimal_test_substitute ... ok
test fake_user_repository_round_trips_principals_and_subject_claims ... ok
test identity_port_errors_and_secret_wrappers_preserve_safe_messages ... ok
test public_account_is_composed_from_domain_concepts_not_a_flat_database_row ... ok
test public_identity_api_has_no_catch_all_identity_user ... ok
test totp_key_ring_requires_distinct_non_empty_versioned_keys ... ok

test result: ok. 9 passed; 0 failed; 0 ignored; 0 measured; 0 filtered out; finished in 0.00s

     Running tests/scim_core.rs (target/debug/deps/scim_core-163a063da04fafa4)

running 10 tests
test cursor_core_binds_tenant_actor_filter_count_and_lifetime ... ok
test cursor_envelope_rejects_noncanonical_and_malformed_inputs ... ok
test documents_preserve_public_wire_shape_and_hide_internal_identity_state ... ok
test filter_and_identity_normalization_are_case_stable ... ok
test list_query_parser_preserves_wire_names_and_exact_error_types ... ok
test malformed_cursor_plaintext_is_rejected_without_panicking ... ok
test pagination_is_total_and_bounded_across_boundary_values ... ok
test patch_schema_and_operations_preserve_scim_error_semantics ... ok
test repository_failures_delete_outcomes_and_scopes_are_typed ... ok
test scim_json_models_deserialize_post_and_patch_inputs_without_extra_dtos ... ok

test result: ok. 10 passed; 0 failed; 0 ignored; 0 measured; 0 filtered out; finished in 0.00s

     Running tests/scim_service.rs (target/debug/deps/scim_service-ae28ede700010a08)

running 3 tests
test credential_lookup_is_delegated_to_the_credential_port ... ok
test get_post_put_patch_and_delete_use_the_single_scim_repository_boundary ... ok
test list_users_builds_a_tenant_scoped_repository_query ... ok

test result: ok. 3 passed; 0 failed; 0 ignored; 0 measured; 0 filtered out; finished in 0.00s

     Running unittests src/lib.rs (target/debug/deps/nazo_valkey-6a08f3f92732bce3)

running 21 tests
test authorization::tests::authorization_code_begin_reply_maps_terminal_states_exactly ... ok
test authorization::tests::authorization_code_begin_reply_rejects_malformed_structured_states ... ok
test authorization::tests::decision_cleanup_errors_and_unknown_replies_never_become_success ... ok
test authorization::tests::decision_cleanup_reply_preserves_all_three_outcomes ... ok
test authorization_state::tests::preparation_dependency_errors_do_not_become_conflicts ... ok
test authorization_state::tests::preparation_write_outcomes_preserve_conflict_semantics ... ok
test authorization_state::tests::unknown_cleanup_network_outcomes_remain_errors_without_claiming_a_phase ... ok
test avatar_upload_state::tests::generation_is_the_only_owner_state_and_completion_discards_preparation ... ok
test avatar_upload_state::tests::initial_upload_state_contains_no_lease_or_future_stage_placeholders ... ok
test avatar_upload_state::tests::malformed_upload_state_cannot_be_claimed_or_published ... ok
test avatar_upload_state::tests::persisted_authorization_rejects_invalid_identity_and_expiry ... ok
test avatar_upload_state::tests::upload_authorization_is_create_once_and_expiry_is_authoritative ... ok
test command::tests::compare_delete_checks_the_opaque_value_before_deleting ... ok
test error::tests::fred_protocol_errors_remain_distinct_from_corrupt_stored_data ... ok
test keys::tests::email_verification_keys_are_tenant_scoped_and_hide_subjects ... ok
test keys::tests::fapi_http_signature_replay_key_is_tenant_scoped_and_stable ... ok
test keys::tests::oidc_federation_state_key_is_deterministic_and_hides_the_state ... ok
test keys::tests::private_key_jwt_replay_key_is_client_scoped_and_hashed ... ok
test tenant_directory::tests::decoder_rejects_unknown_fields_and_noncanonical_revision ... ok
test tenant_directory::tests::equal_wire_reuses_validated_snapshot_but_changed_wire_is_revalidated ... ok
test tenant_directory::tests::strict_round_trip_preserves_snapshot ... ok

test result: ok. 21 passed; 0 failed; 0 ignored; 0 measured; 0 filtered out; finished in 0.01s

     Running tests/authorization_contract.rs (target/debug/deps/authorization_contract-b669584ca92832d1)

running 19 tests
test authorization_code_begin_and_busy_retry_preserve_the_original_ttl ... ok
test authorization_code_transitions_keep_begin_ttl_and_terminal_replay_semantics ... ok
test concurrent_authorization_code_begin_has_one_consuming_winner ... ok
test concurrent_consent_cleanup_has_exactly_one_winner ... ok
test concurrent_preparation_writes_have_one_initial_winner ... ok
test concurrent_reauthentication_nonce_consumption_has_exactly_one_winner ... ok
test consent_rejects_replacement_and_retry_after_preview_without_refreshing_ttl ... ok
test consent_snapshot_accepts_old_wire_but_rejects_rewritten_or_changed_state ... ok
test decision_cleanup_keeps_tenant_deployment_and_epoch_boundaries ... ok
test decision_cleanup_preserves_replacements_and_original_partial_cleanup_order ... ok
test decision_cleanup_uses_raw_versions_and_supports_consent_without_par ... ok
test decision_cleanup_wrong_type_is_an_error_at_the_confirmed_stage ... ok
test invalid_preparation_ttl_remains_an_unexpected_dependency_error ... ok
test malformed_snapshot_and_corrupt_replacement_fail_closed_without_deleting ... ok
test par_preserves_exact_hashed_key_json_ttl_and_conditional_cleanup ... ok
test par_rejects_replacement_and_retry_after_preview_without_refreshing_ttl ... ok
test par_snapshot_cleanup_accepts_legacy_wire_with_reordered_multi_parameter_json ... ok
test preparation_conflicts_and_cleanup_are_tenant_scoped ... ok
test reauthentication_precision_is_versioned_and_legacy_nonce_is_consumed_fail_closed ... ok

test result: ok. 19 passed; 0 failed; 0 ignored; 0 measured; 0 filtered out; finished in 2.15s

     Running tests/avatar_upload_state_contract.rs (target/debug/deps/avatar_upload_state_contract-d3b922bac8a8a53e)

running 2 tests
test avatar_upload_claims_are_leased_and_owner_fenced ... ok
test avatar_upload_release_and_expired_lease_allow_a_new_owner ... ok

test result: ok. 2 passed; 0 failed; 0 ignored; 0 measured; 0 filtered out; finished in 0.00s

     Running tests/ciba_device_contract.rs (target/debug/deps/ciba_device_contract-e8e08cfcab58ce07)

running 15 tests
test approved_device_code_remains_retryable_for_owner_claim ... ok
test ciba_cas_preserves_exact_key_payload_deadline_and_single_winner ... ok
test ciba_cas_rejects_an_expired_authorization_without_mutating_state ... ok
test ciba_decision_atomically_schedules_and_terminally_acks_ping_delivery ... ok
test ciba_ping_claim_reports_full_stale_and_mixed_scans_before_live_tail ... ok
test concurrent_approved_ciba_polls_preserve_retryable_state_until_durable_commit ... ok
test concurrent_device_denials_commit_one_terminal_result ... ok
test concurrent_device_polls_atomically_accumulate_slow_down ... ok
test device_claim_checks_live_mapping_and_recorded_snapshot_preserves_exact_deadline ... ok
test device_creation_is_atomic_and_collision_leaves_no_orphan ... ok
test device_snapshot_preserves_raw_cas_value_and_rejects_missing_expiry_or_corruption ... ok
test expired_ciba_ping_is_failed_without_exposing_its_notification_token ... ok
test protocol_ciba_deadline_create_rejects_every_explicit_elapsed_value ... ok
test protocol_ciba_deadline_delete_rejects_elapsed_authority_without_mutation ... ok
test protocol_ciba_deadline_replace_rejects_elapsed_authority_without_mutation ... ok

test result: ok. 15 passed; 0 failed; 0 ignored; 0 measured; 0 filtered out; finished in 0.04s

     Running tests/delivery_contract.rs (target/debug/deps/delivery_contract-86bab4fbba8f579e)

running 6 tests
test client_delivery_preserves_payload_and_exact_original_deadline ... ok
test committed_snapshot_rejects_republication_and_has_one_exact_consumer ... ok
test concurrent_stagers_cannot_overwrite_the_winners_secret_or_attempt ... ok
test exact_publish_cannot_recreate_missing_or_replace_another_attempt ... ok
test expired_attempts_cannot_stage_publish_or_extend_the_deadline ... ok
test recovery_consume_before_original_publisher_resumes_cannot_disclose_twice ... ok

test result: ok. 6 passed; 0 failed; 0 ignored; 0 measured; 0 filtered out; finished in 0.03s

     Running tests/federation_binding.rs (target/debug/deps/federation_binding-60f8d010f96b94da)

running 4 tests
test correct_and_wrong_browser_concurrency_has_exactly_one_owner_winner ... ok
test each_federation_take_uses_the_single_eval_matching_path ... ok
test matching_owner_typed_corruption_is_consumed_then_rejected ... ok
test nonowner_legacy_and_corrupt_state_keep_exact_raw_value_and_expiry ... ok

test result: ok. 4 passed; 0 failed; 0 ignored; 0 measured; 0 filtered out; finished in 0.01s

     Running tests/remaining_contract.rs (target/debug/deps/remaining_contract-f97efdc9057cd48f)

running 16 tests
test authentication_short_state_preserves_exact_keys_and_one_time_semantics ... ok
test concurrent_rate_counters_are_atomic_and_preserve_first_window_ttl ... ok
test email_code_compare_delete_never_removes_a_newer_value ... ok
test email_verification_state_isolated_by_tenant ... ok
test late_hash_cannot_store_after_owner_expiry_or_overwrite_a_new_sender ... ok
test late_smtp_failure_preserves_newer_code_and_both_cooldowns ... ok
test login_session_create_is_atomic_and_never_overwrites_a_collision ... ok
test login_session_replacement_atomically_invalidates_the_previous_session ... ok
test mfa_failure_budget_is_session_bound_and_clears_after_success ... ok
test saml_assertion_replay_reservation_is_atomic ... ok
test social_federation_state_is_consumed_once_and_keeps_provider_binding ... ok
test token_state_preserves_native_sso_key_contract ... ok
test typed_passkey_authentication_keeps_legacy_default_fields ... ok
test typed_passkey_ceremony_is_atomically_consumed_once_under_concurrency ... ok
test typed_passkey_codec_preserves_legacy_json_unknown_fields_expiry_and_corrupt_consumption ... ok
test typed_passkey_duplicate_recognized_field_fails_closed_after_atomic_consumption ... ok

test result: ok. 16 passed; 0 failed; 0 ignored; 0 measured; 0 filtered out; finished in 4.44s

     Running tests/replay_contract.rs (target/debug/deps/replay_contract-f34064ec1bc9372c)

running 14 tests
test authorization_and_resource_server_share_the_nonce_key_and_ttl_contract ... ok
test client_attestation_expired_marker_cannot_be_reinserted_by_slow_node ... ok
test client_attestation_token_and_par_share_atomic_window_and_replay_marker ... ok
test concurrent_dpop_replay_consumers_have_exactly_one_winner ... ok
test concurrent_private_key_jwt_consumers_have_exactly_one_winner ... ok
test concurrent_resource_server_nonce_validations_share_the_validity_window ... ok
test connection_rejects_cluster_topology_before_connecting ... ok
test dpop_nonce_preserves_exact_key_and_remains_valid_until_expiry ... ok
test fapi_http_signature_replay_isolated_by_tenant_after_cutover ... ok
test fapi_http_signature_replay_preserves_exact_key_value_and_ttl_contract ... ok
test protocol_replay_keys_preserve_hashing_prefix_and_one_time_semantics ... ok
test protocol_request_object_replay_keeps_absolute_expiry_and_refuses_expired_reinsertion ... ok
test replay_store_distinguishes_unavailable_dependency ... ok
test replay_ttl_overflow_fails_before_storage ... ok

test result: ok. 14 passed; 0 failed; 0 ignored; 0 measured; 0 filtered out; finished in 6.24s

     Running tests/replay_window.rs (target/debug/deps/replay_window-b0c7825e09e6192f)

running 1 test
test replay_nx_allows_only_one_concurrent_acceptance ... ok

test result: ok. 1 passed; 0 failed; 0 ignored; 0 measured; 0 filtered out; finished in 0.00s

     Running tests/session_contract.rs (target/debug/deps/session_contract-096d84b5430d15cb)

running 5 tests
test concurrent_session_rotation_has_exactly_one_winner_and_no_partial_state ... ok
test session_authentication_precision_roundtrips_and_malformed_precision_is_rejected ... ok
test session_compare_and_set_preserves_ttl_and_logged_in_rps ... ok
test session_load_rejects_a_record_without_current_mfa_state ... ok
test session_store_preserves_exact_key_payload_and_ttl ... ok

test result: ok. 5 passed; 0 failed; 0 ignored; 0 measured; 0 filtered out; finished in 0.01s

     Running tests/tenant_directory_cache_contract.rs (target/debug/deps/tenant_directory_cache_contract-b2b30f121671618b)

running 1 test
test cache_is_monotonic_and_authoritative_snapshot_repairs_corruption ... ok

test result: ok. 1 passed; 0 failed; 0 ignored; 0 measured; 0 filtered out; finished in 0.00s

     Running tests/tenant_namespace_contract.rs (target/debug/deps/tenant_namespace_contract-124ed234c2a1c666)

running 4 tests
test ciba_ping_queue_is_isolated_between_tenants_with_the_same_auth_req_id ... ok
test deployment_and_epoch_remain_physical_key_boundaries ... ok
test tenant_is_part_of_every_physical_state_key ... ok
test two_tenants_can_store_the_same_logical_key_without_conflict ... ok

test result: ok. 4 passed; 0 failed; 0 ignored; 0 measured; 0 filtered out; finished in 0.01s

   Doc-tests nazo_auth

running 0 tests

test result: ok. 0 passed; 0 failed; 0 ignored; 0 measured; 0 filtered out; finished in 0.00s

   Doc-tests nazo_identity

running 5 tests
test crates/identity/src/model.rs - model::AuthenticationContext (line 93) - compile fail ... ok
test crates/identity/src/model.rs - model::PasswordHash (line 278) - compile fail ... ok
test crates/identity/src/model.rs - model::PasswordHash (line 283) - compile fail ... ok
test crates/identity/src/model.rs - model::PasswordHash (line 290) - compile fail ... ok
test crates/identity/src/model.rs - model::PasswordHash (line 295) - compile fail ... ok

test result: ok. 5 passed; 0 failed; 0 ignored; 0 measured; 0 filtered out; finished in 0.24s

   Doc-tests nazo_valkey

running 0 tests

test result: ok. 0 passed; 0 failed; 0 ignored; 0 measured; 0 filtered out; finished in 0.00s

