    Checking nazo-crypto v0.2.16 (/src/crates/crypto)
    Checking nazo-scim-events v0.2.16 (/src/crates/scim-events)
    Checking nazo-runtime-modules v0.2.16 (/src/crates/runtime-capabilities)
    Checking nazo-identity v0.2.16 (/src/crates/identity)
    Checking nazo-digital-credentials v0.2.16 (/src/crates/digital-credentials)
    Checking nazo-resource-server v0.2.16 (/src/crates/resource-server)
    Checking nazo-operator-protocol v0.2.16 (/src/crates/operator-protocol)
    Checking nazo-http-signatures v0.2.16 (/src/crates/http-signatures)
    Checking nazo-openid4vci v0.2.16 (/src/crates/openid4vci)
    Checking nazo-openid4vp v0.2.16 (/src/crates/openid4vp)
    Checking nazo-openid4vc-http-actix v0.2.16 (/src/crates/openid4vc-http-actix)
    Checking nazo-auth v0.2.16 (/src/crates/authorization-server-core)
    Checking nazo-oauth-server-object-store v0.2.16 (/src/crates/authorization-server-object-store)
    Checking nazo-key-management v0.2.16 (/src/crates/key-management)
    Checking nazo-persistence v0.2.16 (/src/crates/persistence)
    Checking nazo-valkey v0.2.16 (/src/crates/state-store-valkey)
    Checking nazo-postgres v0.2.16 (/src/crates/persistence-postgres)
    Checking nazo-oauth-server v0.2.16 (/src/crates/authorization-server)
    Checking nazo-http-actix v0.2.16 (/src/crates/http-actix)
    Checking nazo-oauth-server-valkey v0.2.16 (/src/crates/authorization-server-valkey)
    Checking nazo-oauth-server-postgres v0.2.16 (/src/crates/authorization-server-postgres)
    Checking nazoauth v0.2.16 (/src/crates/nazoauth)
    Finished `dev` profile [unoptimized] target(s) in 37.51s
