   Compiling nazo-crypto v0.2.16 (/src/crates/crypto)
   Compiling nazo-scim-events v0.2.16 (/src/crates/scim-events)
   Compiling nazo-runtime-modules v0.2.16 (/src/crates/runtime-capabilities)
   Compiling nazo-digital-credentials v0.2.16 (/src/crates/digital-credentials)
   Compiling nazo-identity v0.2.16 (/src/crates/identity)
   Compiling nazo-operator-protocol v0.2.16 (/src/crates/operator-protocol)
   Compiling nazo-resource-server v0.2.16 (/src/crates/resource-server)
   Compiling nazo-openid4vci v0.2.16 (/src/crates/openid4vci)
   Compiling nazo-openid4vp v0.2.16 (/src/crates/openid4vp)
   Compiling nazo-auth v0.2.16 (/src/crates/authorization-server-core)
   Compiling nazo-persistence v0.2.16 (/src/crates/persistence)
   Compiling nazo-key-management v0.2.16 (/src/crates/key-management)
   Compiling nazo-postgres v0.2.16 (/src/crates/persistence-postgres)
    Finished `test` profile [unoptimized] target(s) in 23.70s
     Running unittests src/lib.rs (target/debug/deps/nazo_postgres-b8465415b1a45d86)

running 1 test
test convert::identity::tests::passkey_adapter_rejects_conflicting_credential_authorities ... FAILED

failures:

---- convert::identity::tests::passkey_adapter_rejects_conflicting_credential_authorities stdout ----

thread 'convert::identity::tests::passkey_adapter_rejects_conflicting_credential_authorities' (71742) panicked at crates/persistence-postgres/src/convert/../../tests/unit/convert/identity.rs:177:5:
legacy JSON counter must agree with CAS column
note: run with `RUST_BACKTRACE=1` environment variable to display a backtrace


failures:
    convert::identity::tests::passkey_adapter_rejects_conflicting_credential_authorities

test result: FAILED. 0 passed; 1 failed; 0 ignored; 0 measured; 73 filtered out; finished in 0.00s

error: test failed, to rerun pass `-p nazo-postgres --lib`
