   Compiling libc v0.2.190
   Compiling zeroize v1.9.0
   Compiling subtle v2.6.1
   Compiling ctutils v0.4.2
   Compiling hybrid-array v0.4.15
   Compiling const-oid v0.10.2
   Compiling syn v3.0.6
   Compiling syn v2.0.119
   Compiling memchr v2.8.3
   Compiling cc v1.6.0
   Compiling image v0.25.10
   Compiling generic-array v0.14.9
   Compiling block-buffer v0.12.1
   Compiling crypto-common v0.2.2
   Compiling serde_json v1.0.151
   Compiling nom v8.0.0
   Compiling block-buffer v0.10.4
   Compiling crypto-common v0.1.6
   Compiling digest v0.10.7
   Compiling digest v0.11.3
   Compiling hmac v0.12.1
   Compiling sha2 v0.10.9
   Compiling rfc6979 v0.4.0
   Compiling blake2 v0.11.0
   Compiling sha2 v0.11.0
   Compiling sha1 v0.11.0
   Compiling hmac v0.13.0
   Compiling getrandom v0.2.17
   Compiling getrandom v0.4.3
   Compiling rand_core v0.6.4
   Compiling phc v0.6.1
   Compiling uuid v1.27.0
   Compiling rand v0.10.3
   Compiling blake3 v1.8.7
   Compiling ff v0.13.1
   Compiling crypto-bigint v0.5.5
   Compiling signature v2.2.0
   Compiling group v0.13.0
   Compiling password-hash v0.6.1
   Compiling argon2 v0.6.0
   Compiling synstructure v0.14.0
   Compiling der_derive v0.7.3
   Compiling zerocopy-derive v0.8.59
   Compiling curve25519-dalek-derive v0.1.1
   Compiling tracing-attributes v0.1.31
   Compiling zerofrom-derive v0.1.8
   Compiling yoke-derive v0.8.4
   Compiling zerovec-derive v0.11.6
   Compiling displaydoc v0.2.7
   Compiling serde_derive v1.0.229
   Compiling thiserror-impl v2.0.21
   Compiling tokio-macros v2.7.2
   Compiling curve25519-dalek v4.1.3
   Compiling der v0.7.10
   Compiling tokio v1.53.2
   Compiling tracing v0.1.44
   Compiling zerofrom v0.1.8
   Compiling yoke v0.8.3
   Compiling zerovec v0.11.8
   Compiling zerotrie v0.2.5
   Compiling thiserror v2.0.21
   Compiling nazo-crypto v0.2.16 (/src/crates/crypto)
   Compiling zerocopy v0.8.59
   Compiling spki v0.7.3
   Compiling tinystr v0.8.4
   Compiling potential_utf v0.1.6
   Compiling icu_collections v2.3.0
   Compiling pkcs8 v0.10.2
   Compiling x509-cert v0.2.5
   Compiling icu_locale_core v2.3.0
   Compiling sec1 v0.7.3
   Compiling ed25519 v2.2.3
   Compiling ed25519-dalek v2.2.0
   Compiling elliptic-curve v0.13.8
   Compiling primeorder v0.13.6
   Compiling ecdsa v0.16.9
   Compiling serde v1.0.229
   Compiling icu_provider v2.3.1
   Compiling p256 v0.13.2
   Compiling icu_properties v2.3.0
   Compiling icu_normalizer v2.3.0
   Compiling chrono v0.4.45
   Compiling idna_adapter v1.2.2
   Compiling idna v1.1.0
   Compiling nazo-scim-events v0.2.16 (/src/crates/scim-events)
   Compiling url v2.5.8
   Compiling lettre v0.11.23
   Compiling ppv-lite86 v0.2.21
   Compiling half v2.7.1
   Compiling ciborium-ll v0.2.2
   Compiling rand_chacha v0.3.1
   Compiling ciborium v0.2.2
   Compiling rand v0.8.8
   Compiling passkey-auth v0.1.3
   Compiling nazo-identity v0.2.16 (/src/crates/identity)
    Finished `test` profile [unoptimized] target(s) in 6.51s
     Running tests/authentication_method_authority.rs (target/debug/deps/authentication_method_authority-2209177fa080748b)

running 1 test
test real_session_metadata_rejects_empty_evidence_and_invalid_time_or_sid ... FAILED

failures:

---- real_session_metadata_rejects_empty_evidence_and_invalid_time_or_sid stdout ----

thread 'real_session_metadata_rejects_empty_evidence_and_invalid_time_or_sid' (45524) panicked at crates/identity/tests/authentication_method_authority.rs:20:9:
assertion failed: !valid_authentication_metadata(1_000, &amr, Some("sid"), 1_001)
note: run with `RUST_BACKTRACE=1` environment variable to display a backtrace


failures:
    real_session_metadata_rejects_empty_evidence_and_invalid_time_or_sid

test result: FAILED. 0 passed; 1 failed; 0 ignored; 0 measured; 1 filtered out; finished in 0.00s

error: test failed, to rerun pass `-p nazo-identity --test authentication_method_authority`
