   Compiling unicode-ident v1.0.26
   Compiling proc-macro2 v1.0.107
   Compiling quote v1.0.47
   Compiling libc v0.2.190
   Compiling cfg-if v1.0.5
   Compiling subtle v2.6.1
   Compiling typenum v1.20.1
   Compiling rand_core v0.10.1
   Compiling getrandom v0.4.3
   Compiling cmov v0.5.4
   Compiling const-oid v0.10.2
   Compiling base64ct v1.8.3
   Compiling autocfg v1.5.1
   Compiling flagset v0.4.7
   Compiling serde_core v1.0.229
   Compiling version_check v0.9.5
   Compiling memchr v2.8.3
   Compiling const-oid v0.9.6
   Compiling find-msvc-tools v0.1.14
   Compiling cpufeatures v0.3.1
   Compiling shlex v2.0.1
   Compiling stable_deref_trait v1.2.1
   Compiling dunce v1.0.5
   Compiling fs_extra v1.3.0
   Compiling pkg-config v0.3.34
   Compiling serde v1.0.229
   Compiling cpubits v0.1.1
   Compiling thiserror v2.0.21
   Compiling semver v1.0.28
   Compiling ctutils v0.4.2
   Compiling generic-array v0.14.9
   Compiling aws-lc-rs v1.18.1
   Compiling pem-rfc7468 v1.0.0
   Compiling zmij v1.0.23
   Compiling smallvec v1.16.2
   Compiling num-traits v0.2.19
   Compiling rustc_version v0.4.1
   Compiling itoa v1.0.18
   Compiling untrusted v0.7.1
   Compiling serde_json v1.0.151
   Compiling pem-rfc7468 v0.7.0
   Compiling ff v0.14.0
   Compiling writeable v0.6.4
   Compiling litemap v0.8.3
   Compiling base64 v0.22.1
   Compiling chacha20 v0.10.2
   Compiling icu_properties_data v2.3.0
   Compiling icu_normalizer_data v2.3.0
   Compiling utf8_iter v1.0.4
   Compiling group v0.14.0
   Compiling base16ct v1.0.0
   Compiling syn v2.0.119
   Compiling syn v3.0.6
   Compiling iana-time-zone v0.1.65
   Compiling pin-project-lite v0.2.17
   Compiling percent-encoding v2.3.2
   Compiling zerocopy v0.8.59
   Compiling curve25519-dalek v5.0.0
   Compiling simd-adler32 v0.3.10
   Compiling time-core v0.1.9
   Compiling num-conv v0.2.2
   Compiling deranged v0.5.8
   Compiling crc32fast v1.5.2
   Compiling powerfmt v0.2.0
   Compiling adler2 v2.0.1
   Compiling time-macros v0.2.32
   Compiling minimal-lexical v0.2.1
   Compiling base64 v0.23.1
   Compiling bytes v1.12.1
   Compiling miniz_oxide v0.9.1
   Compiling jobserver v0.1.35
   Compiling getrandom v0.2.17
   Compiling rand_core v0.6.4
   Compiling rand v0.10.3
   Compiling phc v0.6.1
   Compiling nom v7.1.3
   Compiling cc v1.6.0
   Compiling form_urlencoded v1.2.2
   Compiling ff v0.13.1
   Compiling futures-sink v0.3.34
   Compiling futures-core v0.3.34
   Compiling base16ct v0.2.0
   Compiling num-integer v0.1.47
   Compiling group v0.13.0
   Compiling password-hash v0.6.1
   Compiling flate2 v1.1.10
   Compiling once_cell v1.21.4
   Compiling cpufeatures v0.2.17
   Compiling oid-registry v0.8.1
   Compiling bitflags v2.13.2
   Compiling curve25519-dalek v4.1.3
   Compiling num-bigint v0.4.8
   Compiling strsim v0.11.1
   Compiling fnv v1.0.7
   Compiling slab v0.4.12
   Compiling ident_case v1.0.1
   Compiling ciborium-io v0.2.2
   Compiling futures-task v0.3.34
   Compiling mio v1.2.4
   Compiling socket2 v0.6.5
   Compiling rustversion v1.0.23
   Compiling winnow v1.0.4
   Compiling tinyvec v1.13.3
   Compiling byteorder v1.5.0
   Compiling lazy_static v1.5.1
   Compiling data-encoding v2.11.1
   Compiling arrayvec v0.7.8
   Compiling constant_time_eq v0.4.2
   Compiling miniz_oxide v0.8.9
   Compiling time v0.3.55
   Compiling fdeflate v0.3.7
   Compiling parking_lot_core v0.9.12
   Compiling toml_parser v1.1.3+spec-1.1.0
   Compiling winnow v0.7.15
   Compiling quick-error v2.0.1
   Compiling byteorder-lite v0.1.0
   Compiling unicode-normalization v0.1.25
   Compiling pxfm v0.1.30
   Compiling cmake v0.1.58
   Compiling uuid v1.27.0
   Compiling serde_spanned v1.1.1
   Compiling toml_datetime v0.7.5+spec-1.1.0
   Compiling zune-core v0.5.3
   Compiling unicode-bidi v0.3.18
   Compiling unicode-properties v0.1.4
   Compiling png v0.18.1
   Compiling image-webp v0.2.4
   Compiling rusticata-macros v4.1.0
   Compiling zune-jpeg v0.5.15
   Compiling tracing-core v0.1.36
   Compiling nom v8.0.0
   Compiling siphasher v1.0.4
   Compiling aws-lc-sys v0.45.0
   Compiling blake3 v1.8.7
   Compiling stringprep v0.1.5
   Compiling email_address v0.2.9
   Compiling bytemuck v1.25.2
   Compiling anyhow v1.0.104
   Compiling either v1.18.0
   Compiling fallible-iterator v0.2.0
   Compiling diesel_derives v2.3.10
   Compiling scopeguard v1.2.0
   Compiling heck v0.5.0
   Compiling lock_api v0.4.14
   Compiling arc-swap v1.9.2
   Compiling phf_shared v0.13.1
   Compiling toml v0.9.12+spec-1.1.0
   Compiling urlencoding v2.1.3
   Compiling untrusted v0.9.0
   Compiling rustls v0.23.45
   Compiling parking_lot v0.12.5
   Compiling phf v0.13.1
   Compiling futures-channel v0.3.34
   Compiling whoami v2.1.3
   Compiling log v0.4.34
   Compiling downcast-rs v2.0.2
   Compiling pem v4.0.0
   Compiling openssl-probe v0.2.1
   Compiling deadpool-runtime v0.3.1
   Compiling http v1.5.0
   Compiling yasna v0.6.0
   Compiling synstructure v0.13.2
   Compiling darling_core v0.21.3
   Compiling diesel_table_macro_syntax v0.3.0
   Compiling synstructure v0.14.0
   Compiling displaydoc v0.2.7
   Compiling zerofrom-derive v0.1.8
   Compiling serde_derive v1.0.229
   Compiling yoke-derive v0.8.4
   Compiling zerovec-derive v0.11.6
   Compiling thiserror-impl v2.0.21
   Compiling futures-macro v0.3.34
   Compiling zeroize_derive v1.5.0
   Compiling der_derive v0.8.0
   Compiling der_derive v0.7.3
   Compiling curve25519-dalek-derive v0.1.1
   Compiling zeroize v1.9.0
   Compiling hybrid-array v0.4.15
   Compiling zerocopy-derive v0.8.59
   Compiling asn1-rs-derive v0.6.0
   Compiling asn1-rs-impl v0.2.0
   Compiling futures-util v0.3.34
   Compiling rustls-pki-types v1.15.1
   Compiling der v0.7.10
   Compiling zerofrom v0.1.8
   Compiling crypto-common v0.2.2
   Compiling block-buffer v0.12.1
   Compiling yoke v0.8.3
   Compiling crypto-bigint v0.7.5
   Compiling block-buffer v0.10.4
   Compiling crypto-common v0.1.6
   Compiling der v0.8.2
   Compiling inout v0.2.2
   Compiling asn1-rs v0.7.2
   Compiling crypto-bigint v0.5.5
   Compiling digest v0.10.7
   Compiling zerovec v0.11.8
   Compiling zerotrie v0.2.5
   Compiling tokio-macros v2.7.2
   Compiling signature v2.2.0
   Compiling hmac v0.12.1
   Compiling rfc6979 v0.4.0
   Compiling sha2 v0.10.9
   Compiling digest v0.11.3
   Compiling tinystr v0.8.4
   Compiling potential_utf v0.1.6
   Compiling hmac v0.13.0
   Compiling sha2 v0.11.0
   Compiling icu_locale_core v2.3.0
   Compiling icu_collections v2.3.0
   Compiling spki v0.7.3
   Compiling hkdf v0.13.0
   Compiling signature v3.0.0
   Compiling cipher v0.5.2
   Compiling universal-hash v0.6.1
   Compiling pkcs8 v0.10.2
   Compiling polyval v0.7.3
   Compiling spki v0.8.0
   Compiling sec1 v0.8.1
   Compiling ctr v0.10.1
   Compiling aes v0.9.3
   Compiling ghash v0.6.0
   Compiling pkcs8 v0.11.0
   Compiling ed25519 v3.0.0
   Compiling blake2 v0.11.0
   Compiling aead v0.6.1
   Compiling x509-cert v0.3.0
   Compiling sec1 v0.7.3
   Compiling der-parser v10.0.0
   Compiling ed25519 v2.2.3
   Compiling aes-gcm v0.11.1
   Compiling argon2 v0.6.0
   Compiling elliptic-curve v0.13.8
   Compiling darling_macro v0.21.3
   Compiling x509-cert v0.2.5
   Compiling tokio v1.53.2
   Compiling ed25519-dalek v2.2.0
   Compiling icu_provider v2.3.1
   Compiling darling v0.21.3
   Compiling md-5 v0.11.0
   Compiling primeorder v0.13.6
   Compiling ecdsa v0.16.9
   Compiling moxcms v0.8.1
   Compiling tracing-attributes v0.1.31
   Compiling ed25519-dalek v3.0.0
   Compiling postgres-protocol v0.6.12
   Compiling chrono v0.4.45
   Compiling icu_normalizer v2.3.0
   Compiling icu_properties v2.3.0
   Compiling elliptic-curve v0.14.1
   Compiling primefield v0.14.0
   Compiling rfc6979 v0.6.0
   Compiling p256 v0.13.2
   Compiling dsl_auto_type v0.2.0
   Compiling wnaf v0.14.1
   Compiling sha1 v0.11.0
   Compiling postgres-types v0.2.14
   Compiling nazo-runtime-modules v0.2.16 (/src/crates/runtime-capabilities)
   Compiling primeorder v0.14.0
   Compiling ecdsa v0.17.0
   Compiling async-trait v0.1.92
   Compiling migrations_internals v2.3.0
   Compiling tracing v0.1.44
   Compiling webpki-roots v1.0.9
   Compiling rustls-native-certs v0.8.4
   Compiling p256 v0.14.0
   Compiling idna_adapter v1.2.2
   Compiling migrations_macros v2.3.0
   Compiling idna v1.1.0
   Compiling nazo-scim-events v0.2.16 (/src/crates/scim-events)
   Compiling url v2.5.8
   Compiling lettre v0.11.23
   Compiling half v2.7.1
   Compiling ppv-lite86 v0.2.21
   Compiling ciborium-ll v0.2.2
   Compiling rand_chacha v0.3.1
   Compiling ciborium v0.2.2
   Compiling rand v0.8.8
   Compiling image v0.25.10
   Compiling tokio-util v0.7.19
   Compiling deadpool v0.13.1
   Compiling passkey-auth v0.1.3
   Compiling tokio-postgres v0.7.18
   Compiling diesel v2.3.13
   Compiling jsonwebtoken v11.1.0
   Compiling x509-parser v0.18.1
   Compiling rustls-webpki v0.103.15
   Compiling nazo-crypto v0.2.16 (/src/crates/crypto)
   Compiling rcgen v0.14.10
   Compiling nazo-digital-credentials v0.2.16 (/src/crates/digital-credentials)
   Compiling nazo-identity v0.2.16 (/src/crates/identity)
   Compiling nazo-operator-protocol v0.2.16 (/src/crates/operator-protocol)
   Compiling nazo-resource-server v0.2.16 (/src/crates/resource-server)
   Compiling nazo-openid4vci v0.2.16 (/src/crates/openid4vci)
   Compiling nazo-openid4vp v0.2.16 (/src/crates/openid4vp)
   Compiling nazo-auth v0.2.16 (/src/crates/authorization-server-core)
   Compiling tokio-rustls v0.26.6
   Compiling tokio-postgres-rustls v0.14.0
   Compiling nazo-persistence v0.2.16 (/src/crates/persistence)
   Compiling nazo-key-management v0.2.16 (/src/crates/key-management)
   Compiling diesel_migrations v2.3.2
   Compiling diesel-async v0.9.2
   Compiling nazo-postgres v0.2.16 (/src/crates/persistence-postgres)
    Finished `test` profile [unoptimized] target(s) in 1m 29s
     Running tests/security_state_maintenance.rs (target/debug/deps/security_state_maintenance-4aa53c5266a7a328)

running 1 test
test expired_remembered_devices_are_reclaimed_without_user_activity ... 
thread 'expired_remembered_devices_are_reclaimed_without_user_activity' (14530) panicked at crates/persistence-postgres/tests/security_state_maintenance.rs:3198:5:
expired devices must participate in bounded catch-up
note: run with `RUST_BACKTRACE=1` environment variable to display a backtrace
FAILED

failures:

failures:
    expired_remembered_devices_are_reclaimed_without_user_activity

test result: FAILED. 0 passed; 1 failed; 0 ignored; 0 measured; 28 filtered out; finished in 1.01s

error: test failed, to rerun pass `-p nazo-postgres --test security_state_maintenance`
