   Compiling libc v0.2.190
   Compiling getrandom v0.4.3
   Compiling memchr v2.8.3
   Compiling syn v2.0.119
   Compiling syn v3.0.6
   Compiling percent-encoding v2.3.2
   Compiling futures-core v0.3.34
   Compiling ref-cast v1.0.27
   Compiling hashbrown v0.17.1
   Compiling equivalent v1.0.2
   Compiling rustc-hash v2.1.3
   Compiling form_urlencoded v1.2.2
   Compiling nom v7.1.3
   Compiling serde_json v1.0.151
   Compiling nom v8.0.0
   Compiling indexmap v2.14.2
   Compiling getrandom v0.2.17
   Compiling rand_core v0.6.4
   Compiling phc v0.6.1
   Compiling rand v0.10.3
   Compiling uuid v1.27.0
   Compiling ed25519-compact v2.6.0
   Compiling ff v0.13.1
   Compiling group v0.13.0
   Compiling password-hash v0.6.1
   Compiling rusticata-macros v4.1.0
   Compiling synstructure v0.14.0
   Compiling synstructure v0.13.2
   Compiling displaydoc v0.2.7
   Compiling zerofrom-derive v0.1.8
   Compiling yoke-derive v0.8.4
   Compiling zerovec-derive v0.11.6
   Compiling thiserror-impl v2.0.21
   Compiling serde_derive v1.0.229
   Compiling futures-macro v0.3.34
   Compiling ref-cast-impl v1.0.27
   Compiling zeroize_derive v1.5.0
   Compiling der_derive v0.8.0
   Compiling der_derive v0.7.3
   Compiling curve25519-dalek-derive v0.1.1
   Compiling asn1-rs-impl v0.2.0
   Compiling asn1-rs-derive v0.6.0
   Compiling zerocopy-derive v0.8.59
   Compiling tracing-attributes v0.1.31
   Compiling sfv v0.15.0
   Compiling zeroize v1.9.0
   Compiling hybrid-array v0.4.15
   Compiling generic-array v0.14.9
   Compiling aws-lc-rs v1.18.1
   Compiling rustls-pki-types v1.15.1
   Compiling futures-util v0.3.34
   Compiling der v0.7.10
   Compiling zerofrom v0.1.8
   Compiling yoke v0.8.3
   Compiling der v0.8.2
   Compiling tracing v0.1.44
   Compiling thiserror v2.0.21
   Compiling zerovec v0.11.8
   Compiling zerotrie v0.2.5
   Compiling crypto-common v0.2.2
   Compiling block-buffer v0.12.1
   Compiling crypto-bigint v0.7.5
   Compiling inout v0.2.2
   Compiling asn1-rs v0.7.2
   Compiling block-buffer v0.10.4
   Compiling crypto-common v0.1.6
   Compiling crypto-bigint v0.5.5
   Compiling digest v0.10.7
   Compiling signature v2.2.0
   Compiling hmac v0.12.1
   Compiling sha2 v0.10.9
   Compiling curve25519-dalek v4.1.3
   Compiling hkdf v0.12.4
   Compiling rfc6979 v0.4.0
   Compiling zerocopy v0.8.59
   Compiling tinystr v0.8.4
   Compiling potential_utf v0.1.6
   Compiling icu_collections v2.3.0
   Compiling digest v0.11.3
   Compiling universal-hash v0.6.1
   Compiling cipher v0.5.2
   Compiling icu_locale_core v2.3.0
   Compiling spki v0.7.3
   Compiling hmac v0.13.0
   Compiling signature v3.0.0
   Compiling pkcs8 v0.10.2
   Compiling sha2 v0.11.0
   Compiling hkdf v0.13.0
   Compiling polyval v0.7.3
   Compiling sec1 v0.7.3
   Compiling ed25519 v3.0.0
   Compiling spki v0.8.0
   Compiling sec1 v0.8.1
   Compiling ghash v0.6.0
   Compiling rustls-webpki v0.103.15
   Compiling pkcs8 v0.11.0
   Compiling oid-registry v0.8.1
   Compiling der-parser v10.0.0
   Compiling ctr v0.10.1
   Compiling aes v0.9.3
   Compiling blake2 v0.11.0
   Compiling curve25519-dalek v5.0.0
   Compiling aead v0.6.1
   Compiling x509-cert v0.3.0
   Compiling elliptic-curve v0.13.8
   Compiling ed25519 v2.2.3
   Compiling x509-cert v0.2.5
   Compiling argon2 v0.6.0
   Compiling ed25519-dalek v2.2.0
   Compiling icu_provider v2.3.1
   Compiling x509-parser v0.18.1
   Compiling aes-gcm v0.11.1
   Compiling rustls v0.23.45
   Compiling ecdsa v0.16.9
   Compiling primeorder v0.13.6
   Compiling sha1 v0.11.0
   Compiling futures-executor v0.3.34
   Compiling icu_properties v2.3.0
   Compiling serde v1.0.229
   Compiling icu_normalizer v2.3.0
   Compiling ed25519-dalek v3.0.0
   Compiling p256 v0.13.2
   Compiling p521 v0.13.3
   Compiling p384 v0.13.1
   Compiling elliptic-curve v0.14.1
   Compiling primefield v0.14.0
   Compiling rfc6979 v0.6.0
   Compiling wnaf v0.14.1
   Compiling jsonwebtoken v11.1.0
   Compiling chrono v0.4.45
   Compiling nazo-runtime-modules v0.2.16 (/src/crates/runtime-capabilities)
   Compiling primeorder v0.14.0
   Compiling ecdsa v0.17.0
   Compiling rcgen v0.14.10
   Compiling idna_adapter v1.2.2
   Compiling idna v1.1.0
   Compiling p256 v0.14.0
   Compiling p384 v0.14.0
   Compiling url v2.5.8
   Compiling lettre v0.11.23
   Compiling nazo-scim-events v0.2.16 (/src/crates/scim-events)
   Compiling half v2.7.1
   Compiling ppv-lite86 v0.2.21
   Compiling ciborium-ll v0.2.2
   Compiling rand_chacha v0.3.1
   Compiling ciborium v0.2.2
   Compiling rand v0.8.8
   Compiling coset v0.4.2
   Compiling nazo-crypto v0.2.16 (/src/crates/crypto)
   Compiling passkey-auth v0.1.3
   Compiling nazo-digital-credentials v0.2.16 (/src/crates/digital-credentials)
   Compiling nazo-operator-protocol v0.2.16 (/src/crates/operator-protocol)
   Compiling nazo-resource-server v0.2.16 (/src/crates/resource-server)
   Compiling mdoc-rs v0.2.0 (https://github.com/nazozero/mdoc-rs?rev=40e5ac7e1739150870c41544219345c2b6de4c9b#40e5ac7e)
   Compiling nazo-identity v0.2.16 (/src/crates/identity)
   Compiling httpsig v0.0.26
   Compiling nazo-openid4vci v0.2.16 (/src/crates/openid4vci)
   Compiling nazo-http-signatures v0.2.16 (/src/crates/http-signatures)
   Compiling nazo-openid4vp v0.2.16 (/src/crates/openid4vp)
   Compiling nazo-auth v0.2.16 (/src/crates/authorization-server-core)
   Compiling nazo-key-management v0.2.16 (/src/crates/key-management)
   Compiling nazo-persistence v0.2.16 (/src/crates/persistence)
   Compiling nazo-oauth-server v0.2.16 (/src/crates/authorization-server)
    Finished `test` profile [unoptimized] target(s) in 14.29s
     Running unittests src/lib.rs (target/debug/deps/nazo_oauth_server-031f8727fab3cdf7)

running 28 tests
test token::issue::refresh_persistence::tests::new_refresh_family_retains_full_code_grant_when_access_token_is_narrower ... ok
test token::issue::refresh_persistence::tests::openid4vci_credential_authorization_still_requires_refresh_grant ... ok
test token::issue::refresh_persistence::tests::ownership_refresh_borrowed_context_rejects_each_contract_field_difference ... ok
test token::issue::refresh_persistence::tests::ownership_refresh_context_normalizes_nonce_and_keeps_generation_sid_separate ... ok
test token::issue::refresh_persistence::tests::ownership_refresh_context_rejects_equal_but_malformed_issue_and_source ... ok
test token::issue::refresh_persistence::tests::ownership_refresh_rejects_blank_generation_sid_after_lifecycle_separation ... ok
test token::issue::refresh_persistence::tests::refresh_authentication_context_preserves_original_claim_contract_on_scope_narrowing ... ok
test token::issue::refresh_persistence::tests::refresh_id_token_sid_contract_distinguishes_presence_and_original_omission ... ok
test token::issue::refresh_persistence::tests::refresh_policy_requires_exact_source_shape_even_without_a_refresh_response ... ok
test token::issue::refresh_persistence::tests::refresh_signing_input_preserves_sender_binding_and_cannot_add_an_actor ... ok
test token::issue::refresh_persistence::tests::refresh_without_id_token_preserves_the_original_sid_contract ... ok
test token::issue::refresh_persistence::tests::rotated_refresh_preserves_original_contract_while_selecting_current_audience ... ok
test token::issue::refresh_persistence::tests::should_issue_refresh_token_exact_grant_match_required ... ok
test token::issue::refresh_persistence::tests::should_issue_refresh_token_false_without_offline_access_scope ... ok
test token::issue::refresh_persistence::tests::should_issue_refresh_token_false_without_refresh_grant ... ok
test token::issue::refresh_persistence::tests::should_issue_refresh_token_for_openid4vci_credential_authorization ... ok
test token::issue::refresh_persistence::tests::should_issue_refresh_token_scope_case_sensitive ... ok
test token::issue::refresh_persistence::tests::should_issue_refresh_token_true_with_refresh_grant_and_offline_access ... ok
test token::issue::refresh_persistence::tests::unbound_refresh_source_can_constrain_access_token_without_rebinding_refresh_token ... ok
test token::issue::tests::essential_id_token_claim_requests_match_protocol_claim_values ... ok
test token::issue::tests::failed_authorization_code_transition_is_idempotent_only_for_terminal_or_missing_states ... ok
test token::issue::tests::id_token_sid_is_included_for_session_bound_logout_clients ... ok
test token::issue::tests::id_token_sid_is_not_enabled_for_all_clients_by_logout_feature_flags ... ok
test token::issue::tests::id_token_sid_is_omitted_unless_explicitly_requested ... ok
test token::issue::tests::id_token_sid_request_object_also_allows_session_sid ... ok
test token::issue::tests::id_token_signing_alg_uses_rs256_default_and_ps256_for_fapi_clients ... ok
test token::issue::tests::refresh_token_grant_matching_is_exact_and_scope_case_sensitive ... ok
test token::issue::tests::refresh_token_requires_authorized_use_case_and_client_grant ... ok

test result: ok. 28 passed; 0 failed; 0 ignored; 0 measured; 343 filtered out; finished in 0.00s

