   Compiling nazo-digital-credentials v0.2.16 (/src/crates/digital-credentials)
   Compiling nazo-auth v0.2.16 (/src/crates/authorization-server-core)
   Compiling nazo-openid4vci v0.2.16 (/src/crates/openid4vci)
   Compiling nazo-openid4vp v0.2.16 (/src/crates/openid4vp)
   Compiling nazo-persistence v0.2.16 (/src/crates/persistence)
   Compiling nazo-key-management v0.2.16 (/src/crates/key-management)
   Compiling nazo-postgres v0.2.16 (/src/crates/persistence-postgres)
    Finished `test` profile [unoptimized] target(s) in 22.18s
     Running unittests src/lib.rs (target/debug/deps/nazo_postgres-d13d9a85d9dbf20f)

running 78 tests
test convert::identity::passkey_tests::malformed_owned_credential_keeps_the_existing_consistency_failure ... ok
test convert::identity::passkey_tests::owned_credential_value_keeps_existing_webauthn_key_material_and_wire ... ok
test convert::identity::tests::compact_passkey_material_has_one_id_and_counter_authority ... ok
test convert::identity::tests::display_summaries_reject_corrupt_tenant_and_user_identifiers ... ok
test convert::identity::tests::passkey_adapter_rejects_conflicting_credential_authorities ... ok
test convert::identity::tests::persisted_blank_password_hash_is_rejected ... ok
test convert::identity::tests::subject_claims_uses_full_persisted_user_invariant ... ok
test repositories::access_requests::tests::search_pattern_trims_and_ignores_blank_queries ... ok
test repositories::access_token_revocation::tests::deadline_adds_one_more_window_to_an_already_padded_input ... ok
test repositories::access_token_revocation::tests::deadline_is_exp_plus_exactly_one_clock_skew_window ... ok
test repositories::access_token_revocation::tests::deadline_rejects_an_unrepresentable_exp_instead_of_wrapping ... ok
test repositories::access_token_revocation::tests::owner_batch_conflicting_clients_roll_back_and_other_tenants_are_untouched ... ok
test repositories::access_token_revocation::tests::owner_batch_dedups_duplicate_keys_to_the_longest_deadline ... ok
test repositories::access_token_revocation::tests::upsert_extends_only_forward_and_preserves_the_first_fact ... ok
test repositories::access_token_revocation::tests::upsert_rejects_duplicate_authority_keys_inside_one_batch ... ok
test repositories::admin_provision::tests::identifiers_use_the_file_identifier_contract ... ok
test repositories::audit::tests::identity_event_rejects_a_real_cross_tenant_actor ... ok
test repositories::audit_ledger::tests::audit_event_validation_rejects_non_object_and_invalid_names ... ok
test repositories::audit_ledger::tests::audit_hash_is_domain_separated_and_chain_ordered ... ok
test repositories::audit_ledger::tests::completed_single_mutation_preserves_insert_and_idempotent_replay_results ... ok
test repositories::audit_ledger::tests::completed_single_mutation_rejects_missing_or_extra_rows ... ok
test repositories::audit_ledger::tests::generic_audit_append_rejects_reserved_authorization_authority ... ok
test repositories::audit_ledger::tests::payload_byte_count_matches_compact_json_and_exact_limit ... ok
test repositories::authorization_flow::tests::authorization_repository_error_mapping_is_exhaustive ... ok
test repositories::authorization_flow::tests::device_grant_repository_error_mapping_is_exhaustive ... ok
test repositories::authorization_flow::tests::fixed_tenant_adapter_rejects_cross_tenant_grant_writes_before_database_access ... ok
test repositories::clients::logout::tests::logout_projection_selects_only_its_eleven_facts ... ok
test repositories::clients::tests::missing_client_rows_preserve_not_found_semantics ... ok
test repositories::clients::tests::oauth_client_record_into_domain_validates_json_columns_after_decode ... ok
test repositories::clients::tests::oauth_client_record_queryable_by_name_rejects_malformed_rows ... ok
test repositories::clients::tests::persisted_client_string_arrays_reject_non_array_json ... ok
test repositories::clients::tests::replace_registration_validates_the_record_before_audited_commit ... ok
test repositories::controller_registry::approvals::tests::identity_action_catalog_is_closed ... ok
test repositories::controller_registry::slots::tests::controller_id_requires_canonical_lowercase_uuidv7 ... ok
test repositories::controller_registry::slots::tests::kid_must_bind_to_public_key_material ... ok
test repositories::controller_registry::slots::tests::kid_shape_must_be_unpadded_base64url_sha256_length ... ok
test repositories::controller_registry::slots::tests::label_bounds_are_enforced_before_storage ... ok
test repositories::controller_registry::slots::tests::slot_index_selection_fills_lowest_free_and_stops_at_three ... ok
test repositories::controller_registry::slots::tests::status_catalog_is_closed ... ok
test repositories::controller_registry::slots::tests::summary_never_carries_public_key_bytes ... ok
test repositories::mfa::tests::backup_hash_count_and_error_mappings_are_fail_closed ... ok
test repositories::mfa::tests::enrollment_unique_violation_is_a_typed_conflict ... ok
test repositories::mfa::tests::mfa_repository_key_requirement_precedes_database_access ... ok
test repositories::mfa::tests::totp_envelope_authenticates_secret_and_identity_binding ... ok
test repositories::mfa::tests::totp_secret_validation_rejects_malformed_rows_and_uses_previous_keys ... ok
test repositories::openid4vc::issuance::store::payload_tests::retained_ciphertext_is_decoded_only_at_adapter_boundary ... ok
test repositories::recovery_root::tests::failed_attempt_counter_refuses_open_and_broken_transaction_states ... ok
test repositories::runtime_modules::tests::desired_revision_exhaustion_is_rejected_without_saturation ... ok
test repositories::tenancy::tests::active_boundary_is_accepted ... ok
test repositories::tenancy::tests::directory_revision_rejects_negative_storage_values ... ok
test repositories::tenancy::tests::directory_snapshot_maps_active_bindings_and_empty_directory ... ok
test repositories::tenancy::tests::directory_snapshot_rejects_incomplete_rows ... ok
test repositories::tenancy::tests::inactive_organization_fails_closed_as_consistency_error ... ok
test repositories::tenancy::tests::inactive_realm_fails_closed_as_consistency_error ... ok
test repositories::tenancy::tests::inactive_tenant_fails_closed_as_consistency_error ... ok
test repositories::tenancy::tests::missing_boundary_row_is_not_found ... ok
test repositories::tenancy::tests::missing_tenant_or_realm_row_is_not_found ... ok
test repositories::tenancy::tests::organization_from_another_tenant_fails_closed_as_consistency_error ... ok
test repositories::tenancy::tests::query_errors_preserve_not_found_and_unexpected_semantics ... ok
test repositories::tenancy::tests::realm_from_another_tenant_fails_closed_as_consistency_error ... ok
test repositories::token_issuance::tests::audit_events_cover_issuance_rotation_and_reuse_shapes ... ok
test repositories::token_issuance::tests::commit_input_validation_enforces_mode_ownership_and_expiry_contracts ... ok
test repositories::token_issuance::tests::commit_transaction_conversion_preserves_diesel_errors ... ok
test repositories::token_issuance::tests::owner_revocation_streams_large_sets_and_rolls_back_all_batches ... ok
test repositories::token_issuance::tests::token_error_mappings_preserve_conflicts_and_corruption_boundaries ... ok
test repositories::tokens::tests::current_refresh_audience_rejects_malformed_json_instead_of_dropping_values ... ok
test repositories::tokens::tests::new_family_requires_current_encoding_and_nonblank_generation_sid ... ok
test repositories::tokens::tests::ownership_current_moves_original_grant_and_spent_keeps_both_audience_views ... ok
test repositories::tokens::tests::ownership_public_uuid_boundary_keeps_consistency_error_before_connection ... ok
test repositories::tokens::tests::refresh_contract_preparation_excludes_response_only_facts ... ok
test repositories::tokens::tests::refresh_contract_preparation_preserves_the_original_canonical_digest ... ok
test repositories::tokens::tests::refresh_family_lock_key_is_the_shared_high_xor_low_formula ... ok
test repositories::tokens::tests::refresh_token_validation_accepts_complete_current_context ... ok
test repositories::tokens::tests::refresh_token_validation_rejects_malformed_context_and_audiences ... ok
test unavailable::tests::actual_migration_harness_preserves_wrapped_query_type ... ok
test unavailable::tests::direct_boxed_public_migration_errors_keep_typed_retry_and_original_cause ... ok
test unavailable::tests::only_typed_query_and_pool_failures_are_unavailable ... ok
test unavailable::tests::unlock_failure_preserves_primary_error_category ... ok

test result: ok. 78 passed; 0 failed; 0 ignored; 0 measured; 0 filtered out; finished in 6.19s

