   Compiling nazo-auth v0.2.16 (/src/crates/authorization-server-core)
   Compiling nazo-key-management v0.2.16 (/src/crates/key-management)
   Compiling nazo-persistence v0.2.16 (/src/crates/persistence)
   Compiling nazo-valkey v0.2.16 (/src/crates/state-store-valkey)
   Compiling nazo-oauth-server v0.2.16 (/src/crates/authorization-server)
   Compiling nazo-postgres v0.2.16 (/src/crates/persistence-postgres)
   Compiling nazo-http-actix v0.2.16 (/src/crates/http-actix)
   Compiling nazo-oauth-server-valkey v0.2.16 (/src/crates/authorization-server-valkey)
   Compiling nazo-oauth-server-postgres v0.2.16 (/src/crates/authorization-server-postgres)
   Compiling nazoauth v0.2.16 (/src/crates/nazoauth)
    Finished `test` profile [unoptimized] target(s) in 1m 23s
     Running unittests src/lib.rs (target/debug/deps/nazoauth-21d781af2e3bd205)

running 8 tests
test jobs::security_state::tests::abort_cancels_inflight_batch_and_await_finishes ... ok
test jobs::security_state::tests::budget_exhaustion_rests_for_elapsed_work_before_resuming ... ok
test jobs::security_state::tests::failed_batch_does_not_stop_the_interval ... ok
test jobs::security_state::tests::failed_history_remains_due_and_saturated_history_finishes_before_rest ... ok
test jobs::security_state::tests::first_batch_is_immediate_and_interval_starts_after_completion ... ok
test jobs::security_state::tests::history_waits_an_hour_while_protocol_cleanup_continues ... ok
test jobs::security_state::tests::saturated_batches_drain_immediately_until_unsaturated ... ok
test jobs::security_state::tests::saturated_cycle_can_drain_more_than_512_batches ... ok

test result: ok. 8 passed; 0 failed; 0 ignored; 0 measured; 1457 filtered out; finished in 0.01s

     Running tests/avatar_object_store_provider.rs (target/debug/deps/avatar_object_store_provider-806b5ee5ce32ceaf)

running 0 tests

test result: ok. 0 passed; 0 failed; 0 ignored; 0 measured; 1 filtered out; finished in 0.00s

     Running tests/avatar_shared_storage.rs (target/debug/deps/avatar_shared_storage-d7bf7276401285b8)

running 0 tests

test result: ok. 0 passed; 0 failed; 0 ignored; 0 measured; 1 filtered out; finished in 0.00s

     Running tests/operator_task_process.rs (target/debug/deps/operator_task_process-06e81a0bd7e3f3c2)

running 0 tests

test result: ok. 0 passed; 0 failed; 0 ignored; 0 measured; 4 filtered out; finished in 0.00s

     Running tests/tenant_directory_control_process.rs (target/debug/deps/tenant_directory_control_process-a57511e2341d7732)

running 0 tests

test result: ok. 0 passed; 0 failed; 0 ignored; 0 measured; 1 filtered out; finished in 0.00s

     Running tests/tenant_directory_convergence.rs (target/debug/deps/tenant_directory_convergence-70b566a404f8313d)

running 0 tests

test result: ok. 0 passed; 0 failed; 0 ignored; 0 measured; 1 filtered out; finished in 0.00s

     Running tests/token_hotpath_perf.rs (target/debug/deps/token_hotpath_perf-6ef8f4f21c18f90b)

running 0 tests

test result: ok. 0 passed; 0 failed; 0 ignored; 0 measured; 1 filtered out; finished in 0.00s

     Running tests/token_issuance_simplification.rs (target/debug/deps/token_issuance_simplification-faad869ffd3c841d)

running 0 tests

test result: ok. 0 passed; 0 failed; 0 ignored; 0 measured; 3 filtered out; finished in 0.00s

