    Checking libc v0.2.190
    Checking smallvec v1.16.2
    Checking form_urlencoded v1.2.2
    Checking num-integer v0.1.47
    Checking bitflags v2.13.2
    Checking slab v0.4.12
    Checking tracing-core v0.1.36
    Checking rustls-webpki v0.103.15
    Checking log v0.4.34
    Checking futures-util v0.3.34
    Checking png v0.18.1
    Checking icu_normalizer v2.3.0
    Checking num-bigint v0.4.8
    Checking tracing v0.1.44
    Checking idna_adapter v1.2.2
    Checking rustls v0.23.45
    Checking idna v1.1.0
    Checking url v2.5.8
    Checking lettre v0.11.23
    Checking image v0.25.10
    Checking getrandom v0.4.3
    Checking getrandom v0.2.17
    Checking mio v1.2.4
    Checking socket2 v0.6.5
    Checking parking_lot_core v0.9.12
    Checking whoami v2.1.3
    Checking crypto-common v0.2.2
    Checking crypto-bigint v0.7.5
    Checking rand v0.10.3
    Checking uuid v1.27.0
    Checking phc v0.6.1
    Checking rand_core v0.6.4
    Checking parking_lot v0.12.5
    Checking der-parser v10.0.0
    Checking signature v2.2.0
    Checking ff v0.13.1
    Checking crypto-bigint v0.5.5
    Checking rand_chacha v0.3.1
    Checking password-hash v0.6.1
    Checking tokio v1.53.2
    Checking group v0.13.0
    Checking nazo-scim-events v0.2.16 (/src/crates/scim-events)
    Checking diesel v2.3.13
    Checking jsonwebtoken v11.1.0
    Checking ed25519 v2.2.3
    Checking rand v0.8.8
    Checking ed25519-dalek v2.2.0
    Checking x509-parser v0.18.1
    Checking digest v0.11.3
    Checking universal-hash v0.6.1
    Checking cipher v0.5.2
    Checking aead v0.6.1
    Checking polyval v0.7.3
    Checking hmac v0.13.0
    Checking sha2 v0.11.0
    Checking signature v3.0.0
    Checking blake2 v0.11.0
    Checking ghash v0.6.0
    Checking aes v0.9.3
    Checking ctr v0.10.1
    Checking hkdf v0.13.0
    Checking ed25519 v3.0.0
    Checking curve25519-dalek v5.0.0
    Checking md-5 v0.11.0
    Checking sha1 v0.11.0
    Checking argon2 v0.6.0
    Checking nazo-runtime-modules v0.2.16 (/src/crates/runtime-capabilities)
    Checking aes-gcm v0.11.1
    Checking rcgen v0.14.10
    Checking elliptic-curve v0.13.8
    Checking postgres-protocol v0.6.12
    Checking ed25519-dalek v3.0.0
    Checking primeorder v0.13.6
    Checking ecdsa v0.16.9
    Checking postgres-types v0.2.14
    Checking p256 v0.13.2
    Checking passkey-auth v0.1.3
    Checking elliptic-curve v0.14.1
    Checking primefield v0.14.0
    Checking rfc6979 v0.6.0
    Checking wnaf v0.14.1
    Checking ecdsa v0.17.0
    Checking primeorder v0.14.0
    Checking p256 v0.14.0
    Checking nazo-crypto v0.2.16 (/src/crates/crypto)
    Checking nazo-digital-credentials v0.2.16 (/src/crates/digital-credentials)
    Checking nazo-identity v0.2.16 (/src/crates/identity)
    Checking nazo-operator-protocol v0.2.16 (/src/crates/operator-protocol)
    Checking nazo-resource-server v0.2.16 (/src/crates/resource-server)
    Checking tokio-util v0.7.19
    Checking tokio-rustls v0.26.6
    Checking deadpool v0.13.1
    Checking tokio-postgres v0.7.18
    Checking nazo-openid4vci v0.2.16 (/src/crates/openid4vci)
    Checking nazo-openid4vp v0.2.16 (/src/crates/openid4vp)
    Checking nazo-auth v0.2.16 (/src/crates/authorization-server-core)
    Checking tokio-postgres-rustls v0.14.0
    Checking nazo-persistence v0.2.16 (/src/crates/persistence)
    Checking nazo-key-management v0.2.16 (/src/crates/key-management)
    Checking diesel_migrations v2.3.2
    Checking diesel-async v0.9.2
    Checking nazo-postgres v0.2.16 (/src/crates/persistence-postgres)
    Finished `dev` profile [unoptimized] target(s) in 1m 06s
