   Compiling subtle v2.6.1
   Compiling typenum v1.20.1
   Compiling rand_core v0.10.1
   Compiling getrandom v0.4.3
   Compiling cmov v0.5.4
   Compiling const-oid v0.10.2
   Compiling base64ct v1.8.3
   Compiling flagset v0.4.7
   Compiling memchr v2.8.3
   Compiling const-oid v0.9.6
   Compiling num-traits v0.2.19
   Compiling cpufeatures v0.3.1
   Compiling getrandom v0.2.17
   Compiling zeroize v1.9.0
   Compiling zerofrom v0.1.8
   Compiling stable_deref_trait v1.2.1
   Compiling cpubits v0.1.1
   Compiling serde v1.0.229
   Compiling ctutils v0.4.2
   Compiling smallvec v1.16.2
   Compiling thiserror v2.0.21
   Compiling aws-lc-sys v0.45.0
   Compiling untrusted v0.7.1
   Compiling itoa v1.0.18
   Compiling zmij v1.0.23
   Compiling yoke v0.8.3
   Compiling ff v0.14.0
   Compiling writeable v0.6.4
   Compiling rand_core v0.6.4
   Compiling pem-rfc7468 v1.0.0
   Compiling pem-rfc7468 v0.7.0
   Compiling litemap v0.8.3
   Compiling base64 v0.22.1
   Compiling chacha20 v0.10.2
   Compiling zerovec v0.11.8
   Compiling zerotrie v0.2.5
   Compiling utf8_iter v1.0.4
   Compiling group v0.14.0
   Compiling base16ct v1.0.0
   Compiling icu_properties_data v2.3.0
   Compiling icu_normalizer_data v2.3.0
   Compiling iana-time-zone v0.1.65
   Compiling serde_json v1.0.151
   Compiling rand v0.10.3
   Compiling percent-encoding v2.3.2
   Compiling aws-lc-rs v1.18.1
   Compiling hybrid-array v0.4.15
   Compiling generic-array v0.14.9
   Compiling simd-adler32 v0.3.10
   Compiling zerocopy v0.8.59
   Compiling phc v0.6.1
   Compiling uuid v1.27.0
   Compiling deranged v0.5.8
   Compiling chrono v0.4.45
   Compiling powerfmt v0.2.0
   Compiling adler2 v2.0.1
   Compiling minimal-lexical v0.2.1
   Compiling tinystr v0.8.4
   Compiling potential_utf v0.1.6
   Compiling base64 v0.23.1
   Compiling icu_locale_core v2.3.0
   Compiling icu_collections v2.3.0
   Compiling password-hash v0.6.1
   Compiling nom v7.1.3
   Compiling crypto-common v0.2.2
   Compiling block-buffer v0.12.1
   Compiling crypto-bigint v0.7.5
   Compiling der v0.7.10
   Compiling inout v0.2.2
   Compiling block-buffer v0.10.4
   Compiling crypto-common v0.1.6
   Compiling bytes v1.12.1
   Compiling crc32fast v1.5.2
   Compiling digest v0.10.7
   Compiling miniz_oxide v0.9.1
   Compiling form_urlencoded v1.2.2
   Compiling signature v2.2.0
   Compiling ff v0.13.1
   Compiling futures-core v0.3.34
   Compiling base16ct v0.2.0
   Compiling futures-sink v0.3.34
   Compiling group v0.13.0
   Compiling crypto-bigint v0.5.5
   Compiling universal-hash v0.6.1
   Compiling cipher v0.5.2
   Compiling time v0.3.55
   Compiling aead v0.6.1
   Compiling icu_provider v2.3.1
   Compiling digest v0.11.3
   Compiling der v0.8.2
   Compiling polyval v0.7.3
   Compiling ctr v0.10.1
   Compiling aes v0.9.3
   Compiling jsonwebtoken v11.1.0
   Compiling hmac v0.13.0
   Compiling sha2 v0.11.0
   Compiling signature v3.0.0
   Compiling spki v0.7.3
   Compiling hkdf v0.13.0
   Compiling icu_normalizer v2.3.0
   Compiling icu_properties v2.3.0
   Compiling ed25519 v3.0.0
   Compiling ghash v0.6.0
   Compiling pkcs8 v0.10.2
   Compiling blake2 v0.11.0
   Compiling curve25519-dalek v5.0.0
   Compiling aes-gcm v0.11.1
   Compiling rusticata-macros v4.1.0
   Compiling sec1 v0.7.3
   Compiling flate2 v1.1.10
   Compiling num-integer v0.1.47
   Compiling argon2 v0.6.0
   Compiling once_cell v1.21.4
   Compiling cpufeatures v0.2.17
   Compiling bitflags v2.13.2
   Compiling hmac v0.12.1
   Compiling slab v0.4.12
   Compiling elliptic-curve v0.13.8
   Compiling num-bigint v0.4.8
   Compiling ciborium-io v0.2.2
   Compiling futures-task v0.3.34
   Compiling rfc6979 v0.4.0
   Compiling sha2 v0.10.9
   Compiling rustls-pki-types v1.15.1
   Compiling mio v1.2.4
   Compiling futures-util v0.3.34
   Compiling socket2 v0.6.5
   Compiling constant_time_eq v0.4.2
   Compiling tinyvec v1.13.3
   Compiling byteorder v1.5.0
   Compiling lazy_static v1.5.1
   Compiling spki v0.8.0
   Compiling sec1 v0.8.1
   Compiling primefield v0.14.0
   Compiling pkcs8 v0.11.0
   Compiling idna_adapter v1.2.2
   Compiling rfc6979 v0.6.0
   Compiling x509-cert v0.3.0
   Compiling idna v1.1.0
   Compiling ed25519-dalek v3.0.0
   Compiling data-encoding v2.11.1
   Compiling wnaf v0.14.1
   Compiling arrayvec v0.7.8
   Compiling elliptic-curve v0.14.1
   Compiling unicode-normalization v0.1.25
   Compiling tokio v1.53.2
   Compiling primeorder v0.13.6
   Compiling ecdsa v0.16.9
   Compiling curve25519-dalek v4.1.3
   Compiling ed25519 v2.2.3
   Compiling x509-cert v0.2.5
   Compiling blake3 v1.8.7
   Compiling asn1-rs v0.7.2
   Compiling url v2.5.8
   Compiling primeorder v0.14.0
   Compiling ecdsa v0.17.0
   Compiling miniz_oxide v0.8.9
   Compiling fdeflate v0.3.7
   Compiling quick-error v2.0.1
   Compiling pxfm v0.1.30
   Compiling byteorder-lite v0.1.0
   Compiling zune-core v0.5.3
   Compiling unicode-bidi v0.3.18
   Compiling unicode-properties v0.1.4
   Compiling zune-jpeg v0.5.15
   Compiling p256 v0.14.0
   Compiling ed25519-dalek v2.2.0
   Compiling png v0.18.1
   Compiling image-webp v0.2.4
   Compiling half v2.7.1
   Compiling ppv-lite86 v0.2.21
   Compiling stringprep v0.1.5
   Compiling p256 v0.13.2
   Compiling tracing-core v0.1.36
   Compiling ciborium-ll v0.2.2
   Compiling md-5 v0.11.0
   Compiling rand_chacha v0.3.1
   Compiling nom v8.0.0
   Compiling siphasher v1.0.4
   Compiling email_address v0.2.9
   Compiling der-parser v10.0.0
   Compiling oid-registry v0.8.1
   Compiling ciborium v0.2.2
   Compiling rand v0.8.8
   Compiling bytemuck v1.25.2
   Compiling either v1.18.0
   Compiling fallible-iterator v0.2.0
   Compiling scopeguard v1.2.0
   Compiling dsl_auto_type v0.2.0
   Compiling x509-parser v0.18.1
   Compiling lock_api v0.4.14
   Compiling phf_shared v0.13.1
   Compiling tracing v0.1.44
   Compiling arc-swap v1.9.2
   Compiling parking_lot_core v0.9.12
   Compiling postgres-protocol v0.6.12
   Compiling sha1 v0.11.0
   Compiling nazo-scim-events v0.2.16 (/src/crates/scim-events)
   Compiling urlencoding v2.1.3
   Compiling rustls v0.23.45
   Compiling untrusted v0.9.0
   Compiling passkey-auth v0.1.3
   Compiling nazo-runtime-modules v0.2.16 (/src/crates/runtime-capabilities)
   Compiling rustls-webpki v0.103.15
   Compiling parking_lot v0.12.5
   Compiling phf v0.13.1
   Compiling futures-channel v0.3.34
   Compiling whoami v2.1.3
   Compiling downcast-rs v2.0.2
   Compiling migrations_internals v2.3.0
   Compiling pem v4.0.0
   Compiling postgres-types v0.2.14
   Compiling diesel_derives v2.3.10
   Compiling nazo-crypto v0.2.16 (/src/crates/crypto)
   Compiling openssl-probe v0.2.1
   Compiling deadpool-runtime v0.3.1
   Compiling proc-macro2 v1.0.107
   Compiling webpki-roots v1.0.9
   Compiling rustls-native-certs v0.8.4
   Compiling http v1.5.0
   Compiling moxcms v0.8.1
   Compiling yasna v0.6.0
   Compiling nazo-digital-credentials v0.2.16 (/src/crates/digital-credentials)
   Compiling nazo-operator-protocol v0.2.16 (/src/crates/operator-protocol)
   Compiling quote v1.0.47
   Compiling rcgen v0.14.10
   Compiling syn v3.0.6
   Compiling nazo-resource-server v0.2.16 (/src/crates/resource-server)
   Compiling nazo-openid4vci v0.2.16 (/src/crates/openid4vci)
   Compiling tokio-util v0.7.19
   Compiling deadpool v0.13.1
   Compiling lettre v0.11.23
   Compiling tokio-postgres v0.7.18
   Compiling nazo-openid4vp v0.2.16 (/src/crates/openid4vp)
   Compiling tokio-rustls v0.26.6
   Compiling image v0.25.10
   Compiling diesel v2.3.13
   Compiling tokio-postgres-rustls v0.14.0
   Compiling nazo-identity v0.2.16 (/src/crates/identity)
   Compiling nazo-auth v0.2.16 (/src/crates/authorization-server-core)
   Compiling nazo-persistence v0.2.16 (/src/crates/persistence)
   Compiling nazo-key-management v0.2.16 (/src/crates/key-management)
   Compiling diesel_migrations v2.3.2
   Compiling diesel-async v0.9.2
   Compiling nazo-postgres v0.2.16 (/src/crates/persistence-postgres)
    Finished `test` profile [unoptimized] target(s) in 1m 31s
     Running tests/migrations.rs (target/debug/deps/migrations-9abda8436c69604d)

running 1 test
test pending_migrations_create_all_runtime_module_state_tables ... ok

test result: ok. 1 passed; 0 failed; 0 ignored; 0 measured; 26 filtered out; finished in 2.48s
