   Compiling proc-macro2 v1.0.107
   Compiling quote v1.0.47
   Compiling unicode-ident v1.0.26
   Compiling cfg-if v1.0.5
   Compiling libc v0.2.190
   Compiling subtle v2.6.1
   Compiling typenum v1.20.1
   Compiling memchr v2.8.3
   Compiling rand_core v0.10.1
   Compiling getrandom v0.4.3
   Compiling log v0.4.34
   Compiling pin-project-lite v0.2.17
   Compiling smallvec v1.16.2
   Compiling bytes v1.12.1
   Compiling serde_core v1.0.229
   Compiling cmov v0.5.4
   Compiling futures-core v0.3.34
   Compiling once_cell v1.21.4
   Compiling find-msvc-tools v0.1.14
   Compiling shlex v2.0.1
   Compiling const-oid v0.10.2
   Compiling autocfg v1.5.1
   Compiling itoa v1.0.18
   Compiling futures-sink v0.3.34
   Compiling version_check v0.9.5
   Compiling parking_lot_core v0.9.12
   Compiling scopeguard v1.2.0
   Compiling base64ct v1.8.3
   Compiling pkg-config v0.3.34
   Compiling ctutils v0.4.2
   Compiling lock_api v0.4.14
   Compiling flagset v0.4.7
   Compiling cpufeatures v0.3.1
   Compiling serde v1.0.229
   Compiling num-traits v0.2.19
   Compiling fs_extra v1.3.0
   Compiling slab v0.4.12
   Compiling syn v2.0.119
   Compiling syn v3.0.6
   Compiling dunce v1.0.5
   Compiling generic-array v0.14.9
   Compiling const-oid v0.9.6
   Compiling futures-channel v0.3.34
   Compiling tracing-core v0.1.36
   Compiling percent-encoding v2.3.2
   Compiling futures-task v0.3.34
   Compiling aws-lc-rs v1.18.1
   Compiling stable_deref_trait v1.2.1
   Compiling futures-io v0.3.34
   Compiling untrusted v0.7.1
   Compiling thiserror v2.0.21
   Compiling time-core v0.1.9
   Compiling num-conv v0.2.2
   Compiling deranged v0.5.8
   Compiling powerfmt v0.2.0
   Compiling zmij v1.0.23
   Compiling time-macros v0.2.32
   Compiling untrusted v0.9.0
   Compiling rustls v0.23.45
   Compiling serde_json v1.0.151
   Compiling writeable v0.6.4
   Compiling bitflags v2.13.2
   Compiling litemap v0.8.3
   Compiling jobserver v0.1.35
   Compiling icu_properties_data v2.3.0
   Compiling icu_normalizer_data v2.3.0
   Compiling utf8_iter v1.0.4
   Compiling cc v1.6.0
   Compiling base64 v0.22.1
   Compiling cpubits v0.1.1
   Compiling form_urlencoded v1.2.2
   Compiling chacha20 v0.10.2
   Compiling pem-rfc7468 v1.0.0
   Compiling semver v1.0.28
   Compiling zerocopy v0.8.59
   Compiling http v1.5.0
   Compiling num-integer v0.1.47
   Compiling ff v0.14.0
   Compiling rustc_version v0.4.1
   Compiling base64 v0.23.1
   Compiling errno v0.3.14
   Compiling socket2 v0.6.5
   Compiling mio v1.2.4
   Compiling parking_lot v0.12.5
   Compiling signal-hook-registry v1.4.8
   Compiling getrandom v0.2.17
   Compiling rand v0.10.3
   Compiling minimal-lexical v0.2.1
   Compiling pem-rfc7468 v0.7.0
   Compiling group v0.14.0
   Compiling rand_core v0.6.4
   Compiling nom v7.1.3
   Compiling base16ct v1.0.0
   Compiling foldhash v0.2.0
   Compiling time v0.3.55
   Compiling simd-adler32 v0.3.10
   Compiling hashbrown v0.17.1
   Compiling lazy_static v1.5.1
   Compiling adler2 v2.0.1
   Compiling cmake v0.1.58
   Compiling crc32fast v1.5.2
   Compiling equivalent v1.0.2
   Compiling oid-registry v0.8.1
   Compiling miniz_oxide v0.9.1
   Compiling rustversion v1.0.23
   Compiling iana-time-zone v0.1.65
   Compiling curve25519-dalek v5.0.0
   Compiling num-bigint v0.4.8
   Compiling phc v0.6.1
   Compiling data-encoding v2.11.1
   Compiling uuid v1.27.0
   Compiling ff v0.13.1
   Compiling pem v4.0.0
   Compiling indexmap v2.14.2
   Compiling flate2 v1.1.10
   Compiling password-hash v0.6.1
   Compiling base16ct v0.2.0
   Compiling group v0.13.0
   Compiling cpufeatures v0.2.17
   Compiling mime v0.3.17
   Compiling httpdate v1.0.3
   Compiling ciborium-io v0.2.2
   Compiling aws-lc-sys v0.45.0
   Compiling openssl-probe v0.2.1
   Compiling fnv v1.0.7
   Compiling anyhow v1.0.104
   Compiling ryu v1.0.23
   Compiling blake3 v1.8.7
   Compiling curve25519-dalek v4.1.3
   Compiling httparse v1.10.1
   Compiling rusticata-macros v4.1.0
   Compiling constant_time_eq v0.4.2
   Compiling synstructure v0.14.0
   Compiling synstructure v0.13.2
   Compiling strsim v0.11.1
   Compiling fastrand v2.5.0
   Compiling ident_case v1.0.1
   Compiling arrayvec v0.7.8
   Compiling atomic-waker v1.1.2
   Compiling http-body v1.1.0
   Compiling miniz_oxide v0.8.9
   Compiling fdeflate v0.3.7
   Compiling aho-corasick v1.1.5
   Compiling quick-error v2.0.1
   Compiling regex-syntax v0.8.11
   Compiling pxfm v0.1.30
   Compiling zune-core v0.5.3
   Compiling byteorder-lite v0.1.0
   Compiling zstd-sys v2.1.0+zstd.1.5.7
   Compiling email-encoding v0.4.2
   Compiling yasna v0.6.0
   Compiling image-webp v0.2.4
   Compiling zune-jpeg v0.5.15
   Compiling png v0.18.1
   Compiling nom v8.0.0
   Compiling quoted_printable v0.5.2
   Compiling urlencoding v2.1.3
   Compiling bytemuck v1.25.2
   Compiling email_address v0.2.9
   Compiling either v1.18.0
   Compiling arc-swap v1.9.2
   Compiling serde_derive v1.0.229
   Compiling tokio-macros v2.7.2
   Compiling zeroize_derive v1.5.0
   Compiling displaydoc v0.2.7
   Compiling zerofrom-derive v0.1.8
   Compiling tracing-attributes v0.1.31
   Compiling futures-macro v0.3.34
   Compiling yoke-derive v0.8.4
   Compiling zeroize v1.9.0
   Compiling tokio v1.53.2
   Compiling hybrid-array v0.4.15
   Compiling futures-util v0.3.34
   Compiling zerovec-derive v0.11.6
   Compiling rustls-pki-types v1.15.1
   Compiling crypto-common v0.2.2
   Compiling block-buffer v0.12.1
   Compiling zerofrom v0.1.8
   Compiling crypto-common v0.1.6
   Compiling tracing v0.1.44
   Compiling block-buffer v0.10.4
   Compiling yoke v0.8.3
   Compiling thiserror-impl v2.0.21
   Compiling digest v0.10.7
   Compiling der_derive v0.8.0
   Compiling zerotrie v0.2.5
   Compiling zerocopy-derive v0.8.59
   Compiling digest v0.11.3
   Compiling signature v2.2.0
   Compiling crypto-bigint v0.7.5
   Compiling hmac v0.13.0
   Compiling sha2 v0.11.0
   Compiling der_derive v0.7.3
   Compiling zerovec v0.11.8
   Compiling hkdf v0.13.0
   Compiling signature v3.0.0
   Compiling curve25519-dalek-derive v0.1.1
   Compiling der v0.8.2
   Compiling inout v0.2.2
   Compiling tinystr v0.8.4
   Compiling potential_utf v0.1.6
   Compiling asn1-rs-derive v0.6.0
   Compiling der v0.7.10
   Compiling icu_collections v2.3.0
   Compiling asn1-rs-impl v0.2.0
   Compiling icu_locale_core v2.3.0
   Compiling cipher v0.5.2
   Compiling universal-hash v0.6.1
   Compiling polyval v0.7.3
   Compiling hmac v0.12.1
   Compiling chrono v0.4.45
   Compiling ctr v0.10.1
   Compiling aes v0.9.3
   Compiling ghash v0.6.0
   Compiling asn1-rs v0.7.2
   Compiling aead v0.6.1
   Compiling ed25519 v3.0.0
   Compiling blake2 v0.11.0
   Compiling hkdf v0.12.4
   Compiling crypto-bigint v0.5.5
   Compiling icu_provider v2.3.1
   Compiling spki v0.8.0
   Compiling pkcs8 v0.11.0
   Compiling icu_properties v2.3.0
   Compiling icu_normalizer v2.3.0
   Compiling spki v0.7.3
   Compiling sec1 v0.8.1
   Compiling primefield v0.14.0
   Compiling rfc6979 v0.6.0
   Compiling elliptic-curve v0.14.1
   Compiling wnaf v0.14.1
   Compiling pkcs8 v0.10.2
   Compiling der-parser v10.0.0
   Compiling idna_adapter v1.2.2
   Compiling tokio-util v0.7.19
   Compiling sec1 v0.7.3
   Compiling ed25519-dalek v3.0.0
   Compiling x509-cert v0.3.0
   Compiling idna v1.1.0
   Compiling argon2 v0.6.0
   Compiling primeorder v0.14.0
   Compiling ecdsa v0.17.0
   Compiling aes-gcm v0.11.1
   Compiling elliptic-curve v0.13.8
   Compiling async-trait v0.1.92
   Compiling url v2.5.8
   Compiling rfc6979 v0.4.0
   Compiling sha1 v0.11.0
   Compiling sha2 v0.10.9
   Compiling rustls-native-certs v0.8.4
   Compiling ecdsa v0.16.9
   Compiling primeorder v0.13.6
   Compiling h2 v0.4.19
   Compiling ed25519 v2.2.3
   Compiling p256 v0.14.0
   Compiling x509-cert v0.2.5
   Compiling p256 v0.13.2
   Compiling moxcms v0.8.1
   Compiling regex-automata v0.4.18
   Compiling nazo-scim-events v0.2.16 (/src/crates/scim-events)
   Compiling serde_urlencoded v0.7.1
   Compiling bytes-utils v0.1.4
   Compiling alloc-no-stdlib v2.0.4
   Compiling unicode-segmentation v1.13.3
   Compiling zstd-safe v7.3.0
   Compiling local-waker v0.1.4
   Compiling darling_core v0.21.3
   Compiling alloc-stdlib v0.2.4
   Compiling ed25519-dalek v2.2.0
   Compiling convert_case v0.10.0
   Compiling ppv-lite86 v0.2.21
   Compiling half v2.7.1
   Compiling actix-rt v2.15.0
   Compiling nazo-runtime-modules v0.2.16 (/src/crates/runtime-capabilities)
   Compiling http-body-util v0.1.5
   Compiling ciborium-ll v0.2.2
   Compiling rand_chacha v0.3.1
   Compiling ciborium v0.2.2
   Compiling rand v0.8.8
   Compiling encoding_rs v0.8.42
   Compiling actix-service v2.0.3
   Compiling byteorder v1.5.0
   Compiling unicode-xid v0.2.6
   Compiling tinyvec v1.13.3
   Compiling ref-cast v1.0.27
   Compiling passkey-auth v0.1.3
   Compiling derive_more-impl v2.1.1
   Compiling bytestring v1.5.1
   Compiling brotli-decompressor v5.0.3
   Compiling actix-utils v3.0.2
   Compiling unicode-normalization v0.1.25
   Compiling futures-executor v0.3.34
   Compiling ref-cast-impl v1.0.27
   Compiling http v0.2.12
   Compiling cookie v0.16.2
   Compiling tower-service v0.3.3
   Compiling multiversion_no_op v1.0.0
   Compiling impl-more v0.3.8
   Compiling simdutf8 v0.1.5
   Compiling regex-lite v0.1.9
   Compiling unicode-bidi v0.3.18
   Compiling core_detect v1.0.0
   Compiling darling_macro v0.21.3
   Compiling getrandom v0.3.4
   Compiling image v0.25.10
   Compiling winnow v1.0.4
   Compiling unicode-properties v0.1.4
   Compiling try-lock v0.2.5
   Compiling stringprep v0.1.5
   Compiling want v0.3.1
   Compiling actix-router v0.5.4
   Compiling toml_parser v1.1.3+spec-1.1.0
   Compiling darling v0.21.3
   Compiling brotli v8.0.4
   Compiling regex v1.13.1
   Compiling local-channel v0.1.5
   Compiling actix-codec v0.5.4
   Compiling md-5 v0.11.0
   Compiling serde_spanned v1.1.1
   Compiling toml_datetime v0.7.5+spec-1.1.0
   Compiling siphasher v1.0.4
   Compiling rustix v1.1.5
   Compiling outref v0.5.2
   Compiling fallible-iterator v0.2.0
   Compiling heck v0.5.0
   Compiling diesel_derives v2.3.10
   Compiling derive_more v2.1.1
   Compiling language-tags v0.3.2
   Compiling winnow v0.7.15
   Compiling vsimd v0.8.0
   Compiling postgres-protocol v0.6.12
   Compiling dsl_auto_type v0.2.0
   Compiling base64-simd v0.8.0
   Compiling phf_shared v0.13.1
   Compiling actix-web-codegen v4.4.0
   Compiling sfv v0.15.0
   Compiling hyper v1.11.1
   Compiling actix-server v2.9.8
   Compiling p384 v0.14.0
   Compiling tokio-stream v0.1.19
   Compiling opentelemetry v0.33.0
   Compiling toml v0.9.12+spec-1.1.0
   Compiling actix-macros v0.2.5
   Compiling diesel_table_macro_syntax v0.3.0
   Compiling ed25519-compact v2.6.0
   Compiling sync_wrapper v1.0.2
   Compiling crc16 v0.4.0
   Compiling ipnet v2.12.2
   Compiling tower-layer v0.3.3
   Compiling rustc-hash v2.1.3
   Compiling linux-raw-sys v0.12.1
   Compiling pin-utils v0.1.1
   Compiling tower v0.5.3
   Compiling aws-smithy-types v1.8.1
   Compiling hyper-util v0.1.21
   Compiling migrations_internals v2.3.0
   Compiling rand_core v0.9.5
   Compiling phf v0.13.1
   Compiling postgres-types v0.2.14
   Compiling coset v0.4.2
   Compiling p384 v0.13.1
   Compiling httpsig v0.0.26
   Compiling p521 v0.13.3
   Compiling aws-smithy-async v1.3.0
   Compiling aws-smithy-runtime-api-macros v1.1.0
   Compiling whoami v2.1.3
   Compiling downcast-rs v2.0.2
   Compiling aws-smithy-runtime-api v1.19.0
   Compiling rand_chacha v0.9.0
   Compiling tokio-postgres v0.7.18
   Compiling mdoc-rs v0.2.0 (https://github.com/nazozero/mdoc-rs?rev=40e5ac7e1739150870c41544219345c2b6de4c9b#40e5ac7e)
   Compiling migrations_macros v2.3.0
   Compiling tower-http v0.6.11
   Compiling futures v0.3.34
   Compiling itertools v0.14.0
   Compiling darling_core v0.24.1
   Compiling deadpool-runtime v0.3.1
   Compiling unicase v2.9.0
   Compiling cookie-factory v0.3.2
   Compiling cfg_aliases v0.2.2
   Compiling nix v0.31.3
   Compiling deadpool v0.13.1
   Compiling mime_guess v2.0.5
   Compiling redis-protocol v6.0.0
   Compiling rand v0.9.5
   Compiling matchers v0.2.0
   Compiling webpki-roots v1.0.9
   Compiling fred-macros v0.1.0
   Compiling sharded-slab v0.1.7
   Compiling socket2 v0.5.10
   Compiling float-cmp v0.10.0
   Compiling tracing-log v0.2.0
   Compiling thread_local v1.1.10
   Compiling rustix v0.38.44
   Compiling prost-derive v0.14.4
   Compiling nu-ansi-term v0.50.3
   Compiling opentelemetry_sdk v0.33.0
   Compiling aws-credential-types v1.3.0
   Compiling fred v10.1.0
   Compiling tracing-subscriber v0.3.23
   Compiling aws-smithy-http v0.64.1
   Compiling tempfile v3.27.0
   Compiling linux-raw-sys v0.4.15
   Compiling v_escape-base v0.1.0
   Compiling hex v0.4.3
   Compiling diesel v2.3.13
   Compiling bytesize v2.7.0
   Compiling v_htmlescape v0.17.0
   Compiling prost v0.14.4
   Compiling aws-sigv4 v1.6.0
   Compiling darling_macro v0.24.1
   Compiling xattr v1.6.1
   Compiling serde_plain v1.0.2
   Compiling darling v0.24.1
   Compiling actix-multipart-derive v0.8.1
   Compiling filetime v0.2.29
   Compiling libyaml-rs v0.3.0
   Compiling http-range v0.1.5
   Compiling tar v0.4.46
   Compiling opentelemetry-appender-tracing v0.33.0
   Compiling tracing-opentelemetry v0.34.0
   Compiling lru v0.18.5
   Compiling yaml_serde v0.10.7
   Compiling fs2 v0.4.3
   Compiling atomicwrites v0.4.4
   Compiling process-wrap v10.0.1
   Compiling opentelemetry-proto v0.33.0
   Compiling zstd v0.13.3
   Compiling rustls-webpki v0.103.15
   Compiling x509-parser v0.18.1
   Compiling jsonwebtoken v11.1.0
   Compiling rcgen v0.14.10
   Compiling tokio-rustls v0.26.6
   Compiling nazo-crypto v0.2.16 (/src/crates/crypto)
   Compiling rustls-platform-verifier v0.7.1
   Compiling lettre v0.11.23
   Compiling actix-tls v3.6.1
   Compiling hyper-rustls v0.27.10
   Compiling tokio-postgres-rustls v0.14.0
   Compiling reqwest v0.13.5
   Compiling actix-http v3.18.12 (https://github.com/nazozero/actix-web?rev=8b4f61be8de6b4bf6279c472c144dfea133b34aa#8b4f61be)
   Compiling nazo-digital-credentials v0.2.16 (/src/crates/digital-credentials)
   Compiling nazo-operator-protocol v0.2.16 (/src/crates/operator-protocol)
   Compiling nazo-resource-server v0.2.16 (/src/crates/resource-server)
   Compiling nazo-http-signatures v0.2.16 (/src/crates/http-signatures)
   Compiling nazo-openid4vci v0.2.16 (/src/crates/openid4vci)
   Compiling nazo-openid4vp v0.2.16 (/src/crates/openid4vp)
   Compiling nazo-identity v0.2.16 (/src/crates/identity)
   Compiling opentelemetry-http v0.33.0
   Compiling opentelemetry-otlp v0.33.0
   Compiling actix-web v4.15.0
   Compiling nazo-auth v0.2.16 (/src/crates/authorization-server-core)
   Compiling nazo-oauth-server-object-store v0.2.16 (/src/crates/authorization-server-object-store)
   Compiling actix-cors v0.7.2
   Compiling nazo-openid4vc-http-actix v0.2.16 (/src/crates/openid4vc-http-actix)
   Compiling actix-multipart v0.8.5
   Compiling actix-files v0.7.0
   Compiling nazo-key-management v0.2.16 (/src/crates/key-management)
   Compiling nazo-persistence v0.2.16 (/src/crates/persistence)
   Compiling nazo-valkey v0.2.16 (/src/crates/state-store-valkey)
   Compiling nazo-oauth-server v0.2.16 (/src/crates/authorization-server)
   Compiling nazo-http-actix v0.2.16 (/src/crates/http-actix)
   Compiling nazo-oauth-server-valkey v0.2.16 (/src/crates/authorization-server-valkey)
   Compiling diesel_migrations v2.3.2
   Compiling diesel-async v0.9.2
   Compiling nazo-postgres v0.2.16 (/src/crates/persistence-postgres)
   Compiling nazo-oauth-server-postgres v0.2.16 (/src/crates/authorization-server-postgres)
   Compiling nazoauth v0.2.16 (/src/crates/nazoauth)
    Finished `release` profile [optimized] target(s) in 4m 06s
