 Downloading crates ...
  Downloaded actix-codec v0.5.4
  Downloaded actix-server v2.9.8
  Downloaded actix-macros v0.2.5
  Downloaded actix-multipart-derive v0.8.1
  Downloaded actix-utils v3.0.2
  Downloaded serde_plain v1.0.2
  Downloaded actix-service v2.0.3
  Downloaded actix-rt v2.15.0
  Downloaded actix-cors v0.7.2
  Downloaded actix-router v0.5.4
  Downloaded actix-web-codegen v4.4.0
  Downloaded actix-files v0.7.0
  Downloaded actix-multipart v0.8.5
  Downloaded actix-tls v3.6.1
  Downloaded serde_urlencoded v0.7.1
  Downloaded actix-web v4.15.0
  Downloaded aws-smithy-runtime-api-macros v1.1.0
  Downloaded base64-simd v0.8.0
  Downloaded bit-set v0.8.0
  Downloaded bytestring v1.5.1
  Downloaded bit-vec v0.8.0
  Downloaded quoted_printable v0.5.2
  Downloaded cookie v0.16.2
  Downloaded httpdate v1.0.3
  Downloaded http-body v1.1.0
  Downloaded hex v0.4.3
  Downloaded http-range v0.1.5
  Downloaded pin-utils v0.1.1
  Downloaded sync_wrapper v1.0.2
  Downloaded fs2 v0.4.3
  Downloaded quick-error v1.2.3
  Downloaded alloc-no-stdlib v2.0.4
  Downloaded matchers v0.2.0
  Downloaded darling_core v0.24.1
  Downloaded regex v1.13.1
  Downloaded cfg_aliases v0.2.2
  Downloaded darling_macro v0.24.1
  Downloaded simdutf8 v0.1.5
  Downloaded signal-hook-registry v1.4.8
  Downloaded rand_pcg v0.10.2
  Downloaded local-waker v0.1.4
  Downloaded multiversion_no_op v1.0.0
  Downloaded ryu v1.0.23
  Downloaded sharded-slab v0.1.7
  Downloaded lru-slab v0.1.3
  Downloaded atomicwrites v0.4.4
  Downloaded alloc-stdlib v0.2.4
  Downloaded unicase v2.9.0
  Downloaded mime v0.3.17
  Downloaded unarray v0.1.4
  Downloaded local-channel v0.1.5
  Downloaded unicode-xid v0.2.6
  Downloaded rand_xorshift v0.4.0
  Downloaded v_escape-base v0.1.0
  Downloaded outref v0.5.2
  Downloaded core_detect v1.0.0
  Downloaded errno v0.3.14
  Downloaded fastrand v2.5.0
  Downloaded convert_case v0.10.0
  Downloaded email-encoding v0.4.2
  Downloaded filetime v0.2.29
  Downloaded foldhash v0.2.0
  Downloaded rand_core v0.9.5
  Downloaded rustls-platform-verifier v0.7.1
  Downloaded wait-timeout v0.2.1
  Downloaded aws-credential-types v1.3.0
  Downloaded nu-ansi-term v0.50.3
  Downloaded rand_chacha v0.9.0
  Downloaded http-body-util v0.1.5
  Downloaded impl-more v0.3.8
  Downloaded lru v0.18.5
  Downloaded ipnet v2.12.2
  Downloaded atomic-waker v1.1.2
  Downloaded try-lock v0.2.5
  Downloaded prost-derive v0.14.4
  Downloaded hyper-rustls v0.27.10
  Downloaded opentelemetry-http v0.33.0
  Downloaded tracing-log v0.2.0
  Downloaded vsimd v0.8.0
  Downloaded quinn-udp v0.5.16
  Downloaded unicode-segmentation v1.13.3
  Downloaded mime_guess v2.0.5
  Downloaded httparse v1.10.1
  Downloaded xattr v1.6.1
  Downloaded want v0.3.1
  Downloaded opentelemetry-appender-tracing v0.33.0
  Downloaded aws-smithy-http v0.64.1
  Downloaded aws-smithy-async v1.3.0
  Downloaded bytesize v2.7.0
  Downloaded getrandom v0.3.4
  Downloaded libyaml-rs v0.3.0
  Downloaded darling v0.24.1
  Downloaded derive_more-impl v2.1.1
  Downloaded tower v0.5.3
  Downloaded aws-smithy-runtime-api v1.19.0
  Downloaded opentelemetry-proto v0.33.0
  Downloaded language-tags v0.3.2
  Downloaded thread_local v1.1.10
  Downloaded tower-layer v0.3.3
  Downloaded prost v0.14.4
  Downloaded tar v0.4.46
  Downloaded tempfile v3.27.0
  Downloaded tower-service v0.3.3
  Downloaded zstd v0.13.3
  Downloaded v_htmlescape v0.17.0
  Downloaded derive_more v2.1.1
  Downloaded zstd-safe v7.3.0
  Downloaded opentelemetry-otlp v0.33.0
  Downloaded opentelemetry v0.33.0
  Downloaded quinn v0.11.12
  Downloaded aws-sigv4 v1.6.0
  Downloaded http v0.2.12
  Downloaded rusty-fork v0.3.1
  Downloaded rand v0.9.5
  Downloaded itertools v0.14.0
  Downloaded aws-smithy-types v1.8.1
  Downloaded brotli-decompressor v5.0.3
  Downloaded hyper-util v0.1.21
  Downloaded tracing-opentelemetry v0.34.0
  Downloaded yaml_serde v0.10.7
  Downloaded h2 v0.4.19
  Downloaded hyper v1.11.1
  Downloaded regex-lite v0.1.9
  Downloaded aho-corasick v1.1.5
  Downloaded proptest v1.11.0
  Downloaded process-wrap v10.0.1
  Downloaded quinn-proto v0.11.19
  Downloaded tower-http v0.6.11
  Downloaded opentelemetry_sdk v0.33.0
  Downloaded nix v0.31.3
  Downloaded reqwest v0.13.5
  Downloaded rustix v0.38.44
  Downloaded tracing-subscriber v0.3.23
  Downloaded regex-syntax v0.8.11
  Downloaded regex-automata v0.4.18
  Downloaded encoding_rs v0.8.42
  Downloaded rustix v1.1.5
  Downloaded brotli v8.0.4
  Downloaded zstd-sys v2.1.0+zstd.1.5.7
  Downloaded linux-raw-sys v0.4.15
  Downloaded linux-raw-sys v0.12.1
   Compiling proc-macro2 v1.0.107
   Compiling unicode-ident v1.0.26
   Compiling quote v1.0.47
    Checking cfg-if v1.0.5
   Compiling libc v0.2.190
    Checking subtle v2.6.1
    Checking typenum v1.20.1
    Checking rand_core v0.10.1
    Checking memchr v2.8.3
   Compiling getrandom v0.4.3
    Checking log v0.4.34
   Compiling serde_core v1.0.229
    Checking smallvec v1.16.2
    Checking pin-project-lite v0.2.17
    Checking cmov v0.5.4
    Checking once_cell v1.21.4
    Checking bytes v1.12.1
   Compiling autocfg v1.5.1
   Compiling find-msvc-tools v0.1.14
   Compiling shlex v2.0.1
    Checking const-oid v0.10.2
    Checking itoa v1.0.18
    Checking base64ct v1.8.3
   Compiling num-traits v0.2.19
   Compiling version_check v0.9.5
   Compiling serde v1.0.229
   Compiling pkg-config v0.3.34
    Checking flagset v0.4.7
    Checking ctutils v0.4.2
    Checking cpufeatures v0.3.1
   Compiling thiserror v2.0.21
   Compiling dunce v1.0.5
   Compiling fs_extra v1.3.0
    Checking const-oid v0.9.6
   Compiling generic-array v0.14.9
   Compiling aws-lc-rs v1.18.1
    Checking futures-core v0.3.34
    Checking percent-encoding v2.3.2
    Checking untrusted v0.7.1
    Checking scopeguard v1.2.0
   Compiling parking_lot_core v0.9.12
    Checking stable_deref_trait v1.2.1
   Compiling zmij v1.0.23
   Compiling serde_json v1.0.151
   Compiling num-conv v0.2.2
   Compiling time-core v0.1.9
    Checking lock_api v0.4.14
    Checking deranged v0.5.8
    Checking powerfmt v0.2.0
   Compiling time-macros v0.2.32
    Checking untrusted v0.9.0
   Compiling rustls v0.23.45
    Checking futures-sink v0.3.34
    Checking base64 v0.22.1
    Checking cpubits v0.1.1
    Checking writeable v0.6.4
    Checking litemap v0.8.3
    Checking chacha20 v0.10.2
   Compiling icu_normalizer_data v2.3.0
    Checking utf8_iter v1.0.4
   Compiling syn v2.0.119
   Compiling syn v3.0.6
   Compiling icu_properties_data v2.3.0
    Checking pem-rfc7468 v1.0.0
   Compiling semver v1.0.28
    Checking num-integer v0.1.47
    Checking form_urlencoded v1.2.2
    Checking ff v0.14.0
    Checking base64 v0.23.1
    Checking minimal-lexical v0.2.1
    Checking slab v0.4.12
   Compiling rustc_version v0.4.1
    Checking group v0.14.0
    Checking base16ct v1.0.0
    Checking futures-channel v0.3.34
    Checking tracing-core v0.1.36
    Checking lazy_static v1.5.1
    Checking nom v7.1.3
    Checking futures-io v0.3.34
    Checking futures-task v0.3.34
   Compiling jobserver v0.1.35
   Compiling oid-registry v0.8.1
    Checking num-bigint v0.4.8
    Checking bitflags v2.13.2
    Checking data-encoding v2.11.1
   Compiling curve25519-dalek v5.0.0
    Checking pem v4.0.0
    Checking iana-time-zone v0.1.65
   Compiling zerocopy v0.8.59
    Checking simd-adler32 v0.3.10
   Compiling cc v1.6.0
   Compiling crc32fast v1.5.2
    Checking adler2 v2.0.1
    Checking pem-rfc7468 v0.7.0
    Checking constant_time_eq v0.4.2
    Checking arrayvec v0.7.8
    Checking fastrand v2.5.0
    Checking miniz_oxide v0.9.1
    Checking ciborium-io v0.2.2
    Checking httpdate v1.0.3
    Checking mime v0.3.17
    Checking base16ct v0.2.0
    Checking cpufeatures v0.2.17
    Checking openssl-probe v0.2.1
    Checking getrandom v0.2.17
    Checking errno v0.3.14
    Checking mio v1.2.4
    Checking time v0.3.55
    Checking socket2 v0.6.5
   Compiling curve25519-dalek v4.1.3
    Checking signal-hook-registry v1.4.8
    Checking rand v0.10.3
    Checking rand_core v0.6.4
    Checking phc v0.6.1
    Checking parking_lot v0.12.5
    Checking uuid v1.27.0
    Checking flate2 v1.1.10
    Checking ff v0.13.1
    Checking miniz_oxide v0.8.9
    Checking fdeflate v0.3.7
    Checking byteorder-lite v0.1.0
   Compiling rustversion v1.0.23
    Checking password-hash v0.6.1
    Checking zune-core v0.5.3
    Checking group v0.13.0
    Checking quick-error v2.0.1
    Checking pxfm v0.1.30
    Checking email-encoding v0.4.2
    Checking nom v8.0.0
    Checking email_address v0.2.9
    Checking urlencoding v2.1.3
    Checking zune-jpeg v0.5.15
   Compiling cmake v0.1.58
    Checking rusticata-macros v4.1.0
    Checking png v0.18.1
    Checking bytemuck v1.25.2
    Checking quoted_printable v0.5.2
    Checking image-webp v0.2.4
   Compiling anyhow v1.0.104
    Checking http v1.5.0
    Checking fnv v1.0.7
    Checking foldhash v0.2.0
    Checking equivalent v1.0.2
   Compiling strsim v0.11.1
    Checking hashbrown v0.17.1
   Compiling ident_case v1.0.1
    Checking regex-syntax v0.8.11
    Checking arc-swap v1.9.2
   Compiling either v1.18.0
    Checking byteorder v1.5.0
    Checking tinyvec v1.13.3
   Compiling winnow v1.0.4
    Checking unicode-properties v0.1.4
    Checking unicode-bidi v0.3.18
    Checking fallible-iterator v0.2.0
   Compiling heck v0.5.0
    Checking indexmap v2.14.2
   Compiling winnow v0.7.15
   Compiling aws-lc-sys v0.45.0
   Compiling blake3 v1.8.7
    Checking unicode-normalization v0.1.25
   Compiling toml_parser v1.1.3+spec-1.1.0
   Compiling getrandom v0.3.4
    Checking siphasher v1.0.4
    Checking yasna v0.6.0
   Compiling diesel_derives v2.3.10
   Compiling synstructure v0.13.2
   Compiling darling_core v0.21.3
    Checking stringprep v0.1.5
   Compiling diesel_table_macro_syntax v0.3.0
    Checking phf_shared v0.13.1
    Checking serde_spanned v1.1.1
   Compiling synstructure v0.14.0
    Checking toml_datetime v0.7.5+spec-1.1.0
   Compiling rustix v1.1.5
    Checking phf v0.13.1
    Checking whoami v2.1.3
    Checking downcast-rs v2.0.2
    Checking linux-raw-sys v0.12.1
    Checking rand_core v0.9.5
    Checking deadpool-runtime v0.3.1
    Checking wait-timeout v0.2.1
    Checking bit-vec v0.8.0
    Checking quick-error v1.2.3
    Checking rand_xorshift v0.4.0
    Checking moxcms v0.8.1
   Compiling ref-cast v1.0.27
    Checking unarray v0.1.4
    Checking ryu v1.0.23
    Checking ed25519-compact v2.6.0
   Compiling httparse v1.10.1
    Checking rustc-hash v2.1.3
    Checking atomic-waker v1.1.2
    Checking bit-set v0.8.0
    Checking aho-corasick v1.1.5
   Compiling zstd-sys v2.1.0+zstd.1.5.7
    Checking local-waker v0.1.4
   Compiling toml v0.9.12+spec-1.1.0
   Compiling zstd-safe v7.3.0
    Checking bytes-utils v0.1.4
   Compiling unicode-segmentation v1.13.3
    Checking alloc-no-stdlib v2.0.4
   Compiling encoding_rs v0.8.42
    Checking alloc-stdlib v0.2.4
    Checking actix-service v2.0.3
   Compiling unicode-xid v0.2.6
   Compiling convert_case v0.10.0
   Compiling zeroize_derive v1.5.0
   Compiling der_derive v0.8.0
   Compiling curve25519-dalek-derive v0.1.1
   Compiling asn1-rs-impl v0.2.0
   Compiling tracing-attributes v0.1.31
   Compiling asn1-rs-derive v0.6.0
   Compiling zerocopy-derive v0.8.59
   Compiling der_derive v0.7.3
    Checking regex-automata v0.4.18
    Checking zeroize v1.9.0
   Compiling serde_derive v1.0.229
   Compiling displaydoc v0.2.7
    Checking hybrid-array v0.4.15
   Compiling thiserror-impl v2.0.21
   Compiling zerofrom-derive v0.1.8
    Checking rustls-pki-types v1.15.1
    Checking crypto-common v0.2.2
    Checking block-buffer v0.12.1
   Compiling yoke-derive v0.8.4
   Compiling zerovec-derive v0.11.6
   Compiling tokio-macros v2.7.2
    Checking der v0.8.2
    Checking crypto-bigint v0.7.5
    Checking crypto-common v0.1.6
    Checking block-buffer v0.10.4
    Checking digest v0.11.3
    Checking digest v0.10.7
    Checking hmac v0.13.0
    Checking sha2 v0.11.0
    Checking hkdf v0.13.0
    Checking signature v2.2.0
    Checking tokio v1.53.2
    Checking signature v3.0.0
    Checking inout v0.2.2
   Compiling futures-macro v0.3.34
    Checking asn1-rs v0.7.2
    Checking tracing v0.1.44
    Checking spki v0.8.0
    Checking zerofrom v0.1.8
    Checking sec1 v0.8.1
    Checking cipher v0.5.2
    Checking universal-hash v0.6.1
    Checking aead v0.6.1
    Checking yoke v0.8.3
    Checking pkcs8 v0.11.0
    Checking polyval v0.7.3
    Checking ed25519 v3.0.0
    Checking blake2 v0.11.0
    Checking zerovec v0.11.8
    Checking zerotrie v0.2.5
    Checking x509-cert v0.3.0
    Checking ctr v0.10.1
    Checking ghash v0.6.0
    Checking aes v0.9.3
    Checking argon2 v0.6.0
    Checking der v0.7.10
    Checking futures-util v0.3.34
    Checking hmac v0.12.1
    Checking hkdf v0.12.4
    Checking sha1 v0.11.0
    Checking crypto-bigint v0.5.5
   Compiling async-trait v0.1.92
    Checking tinystr v0.8.4
    Checking potential_utf v0.1.6
    Checking aes-gcm v0.11.1
    Checking icu_collections v2.3.0
    Checking icu_locale_core v2.3.0
    Checking rfc6979 v0.4.0
    Checking der-parser v10.0.0
    Checking sha2 v0.10.9
    Checking rustls-native-certs v0.8.4
    Checking spki v0.7.3
    Checking ed25519-dalek v3.0.0
    Checking image v0.25.10
   Compiling darling_macro v0.21.3
    Checking pkcs8 v0.10.2
    Checking x509-cert v0.2.5
    Checking md-5 v0.11.0
    Checking sec1 v0.7.3
    Checking icu_provider v2.3.1
    Checking ed25519 v2.2.3
    Checking elliptic-curve v0.14.1
    Checking primefield v0.14.0
    Checking rfc6979 v0.6.0
    Checking postgres-protocol v0.6.12
   Compiling darling v0.21.3
    Checking elliptic-curve v0.13.8
    Checking icu_properties v2.3.0
    Checking icu_normalizer v2.3.0
    Checking wnaf v0.14.1
   Compiling dsl_auto_type v0.2.0
    Checking primeorder v0.13.6
    Checking ecdsa v0.16.9
    Checking primeorder v0.14.0
    Checking ecdsa v0.17.0
    Checking chrono v0.4.45
    Checking ed25519-dalek v2.2.0
   Compiling migrations_internals v2.3.0
    Checking postgres-types v0.2.14
    Checking webpki-roots v1.0.9
    Checking p256 v0.13.2
    Checking tempfile v3.27.0
   Compiling ref-cast-impl v1.0.27
   Compiling migrations_macros v2.3.0
    Checking p384 v0.13.1
    Checking p521 v0.13.3
    Checking p256 v0.14.0
    Checking rusty-fork v0.3.1
    Checking idna_adapter v1.2.2
    Checking idna v1.1.0
    Checking p384 v0.14.0
    Checking serde_urlencoded v0.7.1
    Checking sfv v0.15.0
    Checking url v2.5.8
   Compiling bytestring v1.5.1
   Compiling derive_more-impl v2.1.1
    Checking brotli-decompressor v5.0.3
    Checking actix-utils v3.0.2
    Checking nazo-scim-events v0.2.16 (/src/crates/scim-events)
    Checking http v0.2.12
    Checking nazo-runtime-modules v0.2.16 (/src/crates/runtime-capabilities)
    Checking futures-executor v0.3.34
   Compiling cookie v0.16.2
   Compiling multiversion_no_op v1.0.0
    Checking simdutf8 v0.1.5
    Checking impl-more v0.3.8
   Compiling regex-lite v0.1.9
    Checking core_detect v1.0.0
    Checking regex v1.13.1
    Checking local-channel v0.1.5
    Checking http-body v1.1.0
    Checking language-tags v0.3.2
    Checking tokio-util v0.7.19
    Checking deadpool v0.13.1
    Checking actix-rt v2.15.0
    Checking brotli v8.0.4
    Checking tokio-stream v0.1.19
   Compiling actix-router v0.5.4
   Compiling actix-macros v0.2.5
   Compiling crc16 v0.4.0
    Checking actix-server v2.9.8
    Checking futures v0.3.34
    Checking cookie-factory v0.3.2
    Checking tokio-postgres v0.7.18
    Checking ppv-lite86 v0.2.21
    Checking half v2.7.1
    Checking h2 v0.4.19
    Checking actix-codec v0.5.4
   Compiling fred-macros v0.1.0
    Checking redis-protocol v6.0.0
    Checking socket2 v0.5.10
   Compiling actix-web-codegen v4.4.0
    Checking ciborium-ll v0.2.2
    Checking float-cmp v0.10.0
    Checking rand_chacha v0.3.1
    Checking rand_chacha v0.9.0
    Checking ciborium v0.2.2
    Checking http-body-util v0.1.5
    Checking rand v0.8.8
    Checking rand v0.9.5
    Checking try-lock v0.2.5
    Checking tower-service v0.3.3
    Checking outref v0.5.2
    Checking want v0.3.1
    Checking vsimd v0.8.0
    Checking sync_wrapper v1.0.2
    Checking pin-utils v0.1.1
    Checking ipnet v2.12.2
    Checking tower-layer v0.3.3
    Checking aws-smithy-async v1.3.0
    Checking tower v0.5.3
   Compiling aws-smithy-runtime-api-macros v1.1.0
    Checking proptest v1.11.0
    Checking coset v0.4.2
    Checking hex v0.4.3
    Checking passkey-auth v0.1.3
    Checking fred v10.1.0
    Checking base64-simd v0.8.0
    Checking opentelemetry v0.33.0
   Compiling darling_core v0.24.1
    Checking tower-http v0.6.11
    Checking aws-smithy-types v1.8.1
    Checking httpsig v0.0.26
   Compiling itertools v0.14.0
    Checking mdoc-rs v0.2.0 (https://github.com/nazozero/mdoc-rs?rev=40e5ac7e1739150870c41544219345c2b6de4c9b#40e5ac7e)
   Compiling cfg_aliases v0.2.2
   Compiling unicase v2.9.0
    Checking derive_more v2.1.1
   Compiling nix v0.31.3
    Checking matchers v0.2.0
    Checking tracing-log v0.2.0
    Checking sharded-slab v0.1.7
   Compiling mime_guess v2.0.5
    Checking thread_local v1.1.10
    Checking aws-smithy-runtime-api v1.19.0
   Compiling rustix v0.38.44
    Checking nu-ansi-term v0.50.3
    Checking opentelemetry_sdk v0.33.0
    Checking linux-raw-sys v0.4.15
    Checking tracing-subscriber v0.3.23
   Compiling bytesize v2.7.0
    Checking v_escape-base v0.1.0
    Checking v_htmlescape v0.17.0
    Checking serde_plain v1.0.2
    Checking xattr v1.6.1
    Checking filetime v0.2.29
    Checking libyaml-rs v0.3.0
    Checking http-range v0.1.5
    Checking tar v0.4.46
    Checking aws-credential-types v1.3.0
    Checking aws-smithy-http v0.64.1
    Checking lru v0.18.5
    Checking aws-sigv4 v1.6.0
    Checking fs2 v0.4.3
    Checking tracing-opentelemetry v0.34.0
    Checking opentelemetry-appender-tracing v0.33.0
   Compiling prost-derive v0.14.4
    Checking yaml_serde v0.10.7
    Checking hyper v1.11.1
    Checking process-wrap v10.0.1
    Checking diesel v2.3.13
   Compiling darling_macro v0.24.1
    Checking prost v0.14.4
    Checking hyper-util v0.1.21
   Compiling darling v0.24.1
   Compiling actix-multipart-derive v0.8.1
    Checking atomicwrites v0.4.4
    Checking opentelemetry-proto v0.33.0
    Checking zstd v0.13.3
    Checking rustls-webpki v0.103.15
    Checking x509-parser v0.18.1
    Checking jsonwebtoken v11.1.0
    Checking rcgen v0.14.10
    Checking nazo-crypto v0.2.16 (/src/crates/crypto)
    Checking tokio-rustls v0.26.6
    Checking rustls-platform-verifier v0.7.1
    Checking lettre v0.11.23
    Checking tokio-postgres-rustls v0.14.0
    Checking actix-tls v3.6.1
    Checking hyper-rustls v0.27.10
    Checking nazo-digital-credentials v0.2.16 (/src/crates/digital-credentials)
    Checking nazo-resource-server v0.2.16 (/src/crates/resource-server)
    Checking nazo-operator-protocol v0.2.16 (/src/crates/operator-protocol)
    Checking nazo-http-signatures v0.2.16 (/src/crates/http-signatures)
    Checking reqwest v0.13.5
    Checking actix-http v3.18.12 (https://github.com/nazozero/actix-web?rev=8b4f61be8de6b4bf6279c472c144dfea133b34aa#8b4f61be)
    Checking nazo-openid4vci v0.2.16 (/src/crates/openid4vci)
    Checking opentelemetry-http v0.33.0
    Checking nazo-openid4vp v0.2.16 (/src/crates/openid4vp)
    Checking nazo-identity v0.2.16 (/src/crates/identity)
    Checking opentelemetry-otlp v0.33.0
    Checking actix-web v4.15.0
    Checking nazo-auth v0.2.16 (/src/crates/authorization-server-core)
    Checking nazo-oauth-server-object-store v0.2.16 (/src/crates/authorization-server-object-store)
    Checking actix-cors v0.7.2
    Checking nazo-openid4vc-http-actix v0.2.16 (/src/crates/openid4vc-http-actix)
    Checking actix-multipart v0.8.5
    Checking actix-files v0.7.0
    Checking nazo-key-management v0.2.16 (/src/crates/key-management)
    Checking nazo-persistence v0.2.16 (/src/crates/persistence)
    Checking nazo-valkey v0.2.16 (/src/crates/state-store-valkey)
    Checking nazo-oauth-server v0.2.16 (/src/crates/authorization-server)
    Checking nazo-http-actix v0.2.16 (/src/crates/http-actix)
    Checking nazo-oauth-server-valkey v0.2.16 (/src/crates/authorization-server-valkey)
    Checking diesel_migrations v2.3.2
    Checking diesel-async v0.9.2
    Checking nazo-postgres v0.2.16 (/src/crates/persistence-postgres)
    Checking nazo-oauth-server-postgres v0.2.16 (/src/crates/authorization-server-postgres)
    Checking nazoauth v0.2.16 (/src/crates/nazoauth)
    Finished `dev` profile [unoptimized] target(s) in 2m 07s
