RUN_ID=final-rehearsal-10m-r1
DEPID=01a0bfa7-5541-7940-88b0-c9370adbbe56 RATE=1800 DUR_MAIN=600s DUR_SIDE=400s
start_utc=2026-09-20T16:31:28Z
--- tool digests (repo copy) ---
sha256 ledger.sql bd7a669eac6db63aab862a3ff6f31d257ea76ad05a9a0433e7278a095a648b11
sha256 soak_sampler.py 3f2534d264b500fef6371c6311d1147db2dd3fe8f11d14a7dbf98f68b7f3f1b3
sha256 vkledger.py 9367851303b227157c004a7ad4251c9f05388c46d12e0f95116a1fbad913f82b
sha256 ledger_check.py ccd14fd8188d0fed8169f33fe62b11e03a9d7c37b8d5b15a750b6ccf5dfc8f89
sha256 soak_run.sh bbba13837c9b521a733bc132b6b4e494b6bc0e2ce65a963feae8f9804f51fbd7
--- container-side digests ---
sampler unavailable
soak start 2026-09-20T16:31:29Z RUN_ID=final-rehearsal-10m-r1 RATE=1800
ledger pre 16:31:29
check /workspace/perf-results/final-rehearsal-10m-r1/ledger-pre.txt: PASS
vkledger pre: keys=258 dbsize=258
 Container soak-sampler-final-rehearsal-10m-r1 Creating 
 Container soak-sampler-final-rehearsal-10m-r1 Created 
dfd55ee5d6c054a420df8ad3accd59a0e25963891eef74ac8b28d8820ed2b753
sampler started 16:31:30
runner rss sampler pid=1759 16:31:30
 Volume nazoauth-perf_audit_receiver_data Creating 
 Volume nazoauth-perf_audit_receiver_data Created 
 Container soak-anchor-rcv-final-rehearsal-10m-r1 Creating 
 Container soak-anchor-rcv-final-rehearsal-10m-r1 Created 
18f83828ea5917f11eca4470c56d1075a7f70511238cf622f47e32fd6fac0ee7
 Container soak-anchor-worker-final-rehearsal-10m-r1 Creating 
 Container soak-anchor-worker-final-rehearsal-10m-r1 Created 
78854ab465061d0f6c7994ced59df69a802c6ef5e94fdb72d43ab1bb94597f22
audit anchor worker+receiver started depid=01a0bfa7-5541-7940-88b0-c9370adbbe56 16:31:34
audit health sampler pid=2017 16:31:34
main cap_mixed arrival=1800ops/s pid=2021 16:31:34
 Container soak-argon2-final-rehearsal-10m-r1 Creating 
 Container soak-argon2-final-rehearsal-10m-r1 Created 
b6f62ad4f3d50c6b3015522221f28c8c5b692d514b6cdc25ea491731e99ba92d
argon2 sidecar arrival=8/s started 16:33:35
 Container soak-meta-final-rehearsal-10m-r1 Creating 
 Container soak-meta-final-rehearsal-10m-r1 Created 
bc3518b871c71b055bde58130b004ec08cb23594eb4e48a53147ecca9fd46a8c
meta sidecar arrival=200/s started 16:33:36
 Container soak-fapi-final-rehearsal-10m-r1 Creating 
 Container soak-fapi-final-rehearsal-10m-r1 Created 
6c98eb9c2764f6ad5a8227b02f4d5896a56812f08c8a2303aae395db934d3626
fapi sidecar arrival=30/s started 16:33:36
main finished 16:41:39
time="2026-09-21T00:42:20+08:00" level=warning msg="Found orphan containers (soak-fapi-final-rehearsal-10m-r1, soak-meta-final-rehearsal-10m-r1, soak-argon2-final-rehearsal-10m-r1, soak-sampler-final-rehearsal-10m-r1) for this project. If you removed or renamed this service in your compose file, you can run this command with the --remove-orphans flag to clean it up."
 Container nazoauth-perf-perf-run-ce5bf36043a5 Creating 
 Container nazoauth-perf-perf-run-ce5bf36043a5 Created 
sampler /workspace/perf-results/final-rehearsal-10m-r1/soak-metrics.jsonl: PASS (62 rows)
ledger post 16:42:31
check /workspace/perf-results/final-rehearsal-10m-r1/ledger-post.txt: PASS
end_utc=2026-09-20T16:42:33Z
SOAK_DONE RUN_ID=final-rehearsal-10m-r1 2026-09-20T16:42:33Z
