info: syncing channel updates for 1.99.0-x86_64-unknown-linux-gnu
info: latest update on 2026-10-01 for version 1.99.0 (b940084d7 2026-09-28)
info: downloading 2 components
    Updating git repository `https://github.com/nazozero/actix-web`
    Updating git repository `https://github.com/nazozero/mdoc-rs`
    Updating crates.io index
warning: spurious network error (3 tries remaining): [35] SSL connect error (TLS connect error: error:0A000126:SSL routines::unexpected eof while reading)
 Downloading crates ...
  Downloaded aws-lc-rs v1.18.1
  Downloaded aws-smithy-async v1.3.0
  Downloaded aws-sigv4 v1.6.0
  Downloaded aws-smithy-http v0.64.1
  Downloaded multiversion_no_op v1.0.0
  Downloaded actix-codec v0.5.4
  Downloaded miniz_oxide v0.8.9
  Downloaded elliptic-curve v0.14.1
  Downloaded miniz_oxide v0.9.1
  Downloaded mio v1.2.4
  Downloaded moxcms v0.8.1
  Downloaded openssl-probe v0.2.1
  Downloaded potential_utf v0.1.6
  Downloaded opentelemetry-appender-tracing v0.33.0
  Downloaded opentelemetry v0.33.0
  Downloaded p256 v0.14.0
  Downloaded password-hash v0.6.1
  Downloaded pem-rfc7468 v0.7.0
  Downloaded quick-error v2.0.1
  Downloaded rfc6979 v0.6.0
  Downloaded percent-encoding v2.3.2
  Downloaded rusticata-macros v4.1.0
  Downloaded quinn-udp v0.5.16
  Downloaded rand_chacha v0.9.0
  Downloaded rustls-native-certs v0.8.4
  Downloaded powerfmt v0.2.0
  Downloaded rustc-hash v2.1.3
  Downloaded phf_shared v0.13.1
  Downloaded rand_chacha v0.3.1
  Downloaded num-conv v0.2.2
  Downloaded quoted_printable v0.5.2
  Downloaded scopeguard v1.2.0
  Downloaded ref-cast v1.0.27
  Downloaded rfc6979 v0.4.0
  Downloaded pin-utils v0.1.1
  Downloaded rustc_version v0.4.1
  Downloaded outref v0.5.2
  Downloaded pem v4.0.0
  Downloaded postgres-protocol v0.6.12
  Downloaded pkcs8 v0.10.2
  Downloaded phf v0.13.1
  Downloaded rand_core v0.10.1
  Downloaded polyval v0.7.3
  Downloaded opentelemetry-otlp v0.33.0
  Downloaded parking_lot_core v0.9.12
  Downloaded pin-project-lite v0.2.17
  Downloaded pkg-config v0.3.34
  Downloaded primefield v0.14.0
  Downloaded rand_pcg v0.10.2
  Downloaded cfg-if v1.0.5
  Downloaded primeorder v0.14.0
  Downloaded base16ct v1.0.0
  Downloaded block-buffer v0.12.1
  Downloaded downcast-rs v2.0.2
  Downloaded rand_core v0.9.5
  Downloaded darling v0.21.3
  Downloaded base64ct v1.8.3
  Downloaded quote v1.0.47
  Downloaded bytesize v2.7.0
  Downloaded data-encoding v2.11.1
  Downloaded blake2 v0.11.0
  Downloaded pem-rfc7468 v1.0.0
  Downloaded opentelemetry-http v0.33.0
  Downloaded ref-cast-impl v1.0.27
  Downloaded rustversion v1.0.23
  Downloaded ppv-lite86 v0.2.21
  Downloaded der_derive v0.7.3
  Downloaded phc v0.6.1
  Downloaded primeorder v0.13.6
  Downloaded nu-ansi-term v0.50.3
  Downloaded digest v0.10.7
  Downloaded coset v0.4.2
  Downloaded ecdsa v0.16.9
  Downloaded num-integer v0.1.47
  Downloaded rcgen v0.14.10
  Downloaded postgres-types v0.2.14
  Downloaded rand_core v0.6.4
  Downloaded pkcs8 v0.11.0
  Downloaded prost v0.14.4
  Downloaded prost-derive v0.14.4
  Downloaded rustls-pki-types v1.15.1
  Downloaded once_cell v1.21.4
  Downloaded either v1.18.0
  Downloaded oid-registry v0.8.1
  Downloaded chrono v0.4.45
  Downloaded p256 v0.13.2
  Downloaded curve25519-dalek v4.1.3
  Downloaded ed25519 v3.0.0
  Downloaded num-traits v0.2.19
  Downloaded parking_lot v0.12.5
  Downloaded proc-macro2 v1.0.107
  Downloaded rustls-platform-verifier v0.7.1
  Downloaded ryu v1.0.23
  Downloaded passkey-auth v0.1.3
  Downloaded opentelemetry-proto v0.33.0
  Downloaded redis-protocol v6.0.0
  Downloaded quinn v0.11.12
  Downloaded p384 v0.14.0
  Downloaded rustls-webpki v0.103.15
  Downloaded regex-lite v0.1.9
  Downloaded rand v0.9.5
  Downloaded num-bigint v0.4.8
  Downloaded diesel_derives v2.3.10
  Downloaded rand v0.8.8
  Downloaded rand v0.10.3
  Downloaded const-oid v0.9.6
  Downloaded crypto-common v0.1.6
  Downloaded nom v7.1.3
  Downloaded p521 v0.13.3
  Downloaded bytestring v1.5.1
  Downloaded block-buffer v0.10.4
  Downloaded crypto-common v0.2.2
  Downloaded byteorder v1.5.0
  Downloaded darling_macro v0.24.1
  Downloaded png v0.18.1
  Downloaded der_derive v0.8.0
  Downloaded bytemuck v1.25.2
  Downloaded reqwest v0.13.5
  Downloaded ciborium-ll v0.2.2
  Downloaded nom v8.0.0
  Downloaded aws-smithy-runtime-api v1.19.0
  Downloaded ciborium v0.2.2
  Downloaded constant_time_eq v0.4.2
  Downloaded dunce v1.0.5
  Downloaded bytes-utils v0.1.4
  Downloaded chacha20 v0.10.2
  Downloaded crc16 v0.4.0
  Downloaded cc v1.6.0
  Downloaded regex v1.13.1
  Downloaded derive_more-impl v2.1.1
  Downloaded byteorder-lite v0.1.0
  Downloaded crypto-bigint v0.5.5
  Downloaded ciborium-io v0.2.2
  Downloaded p384 v0.13.1
  Downloaded deadpool-runtime v0.3.1
  Downloaded cpufeatures v0.2.17
  Downloaded curve25519-dalek-derive v0.1.1
  Downloaded process-wrap v10.0.1
  Downloaded aws-smithy-runtime-api-macros v1.1.0
  Downloaded cookie-factory v0.3.2
  Downloaded diesel_table_macro_syntax v0.3.0
  Downloaded base64-simd v0.8.0
  Downloaded cfg_aliases v0.2.2
  Downloaded base16ct v0.2.0
  Downloaded darling_macro v0.21.3
  Downloaded cpufeatures v0.3.1
  Downloaded cmake v0.1.58
  Downloaded convert_case v0.10.0
  Downloaded quinn-proto v0.11.19
  Downloaded dsl_auto_type v0.2.0
  Downloaded cpubits v0.1.1
  Downloaded bitflags v2.13.2
  Downloaded diesel_migrations v2.3.2
  Downloaded ed25519 v2.2.3
  Downloaded opentelemetry_sdk v0.33.0
  Downloaded ctr v0.10.1
  Downloaded displaydoc v0.2.7
  Downloaded cmov v0.5.4
  Downloaded core_detect v1.0.0
  Downloaded ed25519-dalek v2.2.0
  Downloaded base64 v0.22.1
  Downloaded cookie v0.16.2
  Downloaded deranged v0.5.8
  Downloaded nix v0.31.3
  Downloaded ctutils v0.4.2
  Downloaded bit-vec v0.9.1
  Downloaded darling v0.24.1
  Downloaded cipher v0.5.2
  Downloaded digest v0.11.3
  Downloaded crc32fast v1.5.2
  Downloaded regex-syntax v0.8.11
  Downloaded rustls v0.23.45
  Downloaded elliptic-curve v0.13.8
  Downloaded rustix v0.38.44
  Downloaded ecdsa v0.17.0
  Downloaded ed25519-compact v2.6.0
  Downloaded const-oid v0.10.2
  Downloaded deadpool v0.13.1
  Downloaded rustix v1.1.5
  Downloaded der v0.8.2
  Downloaded darling_core v0.21.3
  Downloaded bytes v1.12.1
  Downloaded der-parser v10.0.0
  Downloaded diesel-async v0.9.2
  Downloaded base64 v0.23.1
  Downloaded derive_more v2.1.1
  Downloaded blake3 v1.8.7
  Downloaded darling_core v0.24.1
  Downloaded der v0.7.10
  Downloaded aws-smithy-types v1.8.1
  Downloaded ed25519-dalek v3.0.0
  Downloaded regex-automata v0.4.18
  Downloaded brotli-decompressor v5.0.3
  Downloaded crypto-bigint v0.7.5
  Downloaded zstd-sys v2.1.0+zstd.1.5.7
  Downloaded pxfm v0.1.30
  Downloaded curve25519-dalek v5.0.0
  Downloaded diesel v2.3.13
  Downloaded brotli v8.0.4
  Downloaded ring v0.17.14
  Downloaded actix-router v0.5.4
  Downloaded adler2 v2.0.1
  Downloaded actix-web-codegen v4.4.0
  Downloaded actix-tls v3.6.1
  Downloaded arc-swap v1.9.2
  Downloaded asn1-rs-derive v0.6.0
  Downloaded atomicwrites v0.4.4
  Downloaded email_address v0.2.9
  Downloaded fallible-iterator v0.2.0
  Downloaded ff v0.14.0
  Downloaded flate2 v1.1.10
  Downloaded form_urlencoded v1.2.2
  Downloaded fs_extra v1.3.0
  Downloaded futures-executor v0.3.34
  Downloaded futures-task v0.3.34
  Downloaded group v0.14.0
  Downloaded getrandom v0.3.4
  Downloaded hex v0.4.3
  Downloaded heck v0.5.0
  Downloaded http-body v1.1.0
  Downloaded httpdate v1.0.3
  Downloaded hyper-rustls v0.27.10
  Downloaded icu_locale_core v2.3.0
  Downloaded icu_properties_data v2.3.0
  Downloaded idna_adapter v1.2.2
  Downloaded itoa v1.0.18
  Downloaded image v0.25.10
  Downloaded lazy_static v1.5.1
  Downloaded aws-lc-sys v0.45.0
  Downloaded yasna v0.6.0
  Downloaded zerocopy-derive v0.8.59
  Downloaded zeroize_derive v1.5.0
  Downloaded zlib-rs v0.6.8
  Downloaded actix-files v0.7.0
  Downloaded tempfile v3.27.0
  Downloaded tls_codec_derive v0.4.2
  Downloaded toml_parser v1.1.3+spec-1.1.0
  Downloaded linux-raw-sys v0.4.15
  Downloaded local-waker v0.1.4
  Downloaded lru-slab v0.1.3
  Downloaded migrations_internals v2.3.0
  Downloaded minimal-lexical v0.2.1
  Downloaded serde v1.0.229
  Downloaded serde_plain v1.0.2
  Downloaded serde_spanned v1.1.1
  Downloaded tokio v1.53.2
  Downloaded tracing-log v0.2.0
  Downloaded sharded-slab v0.1.7
  Downloaded signature v3.0.0
  Downloaded slab v0.4.12
  Downloaded stringprep v0.1.5
  Downloaded typenum v1.20.1
  Downloaded spki v0.7.3
  Downloaded universal-hash v0.6.1
  Downloaded urlencoding v2.1.3
  Downloaded v_htmlescape v0.17.0
  Downloaded spki v0.8.0
  Downloaded stable_deref_trait v1.2.1
  Downloaded thiserror v2.0.21
  Downloaded tower-service v0.3.3
  Downloaded zmij v1.0.23
  Downloaded alloc-stdlib v0.2.4
  Downloaded aes-gcm v0.11.1
  Downloaded asn1-rs-impl v0.2.0
  Downloaded unicode-normalization v0.1.25
  Downloaded http v0.2.12
  Downloaded hyper-util v0.1.21
  Downloaded webpki-roots v1.0.9
  Downloaded wnaf v0.14.1
  Downloaded writeable v0.6.4
  Downloaded yoke-derive v0.8.4
  Downloaded zeroize v1.9.0
  Downloaded idna v1.1.0
  Downloaded inout v0.2.2
  Downloaded tokio-postgres-rustls v0.14.0
  Downloaded tracing-opentelemetry v0.34.0
  Downloaded zune-jpeg v0.5.15
  Downloaded actix-cors v0.7.2
  Downloaded unicode-bidi v0.3.18
  Downloaded actix-utils v3.0.2
  Downloaded vsimd v0.8.0
  Downloaded aws-credential-types v1.3.0
  Downloaded errno v0.3.14
  Downloaded filetime v0.2.29
  Downloaded fs2 v0.4.3
  Downloaded x509-cert v0.2.5
  Downloaded fnv v1.0.7
  Downloaded futures-io v0.3.34
  Downloaded generic-array v0.14.9
  Downloaded group v0.13.0
  Downloaded winnow v1.0.4
  Downloaded zerofrom v0.1.8
  Downloaded zerovec-derive v0.11.6
  Downloaded hkdf v0.12.4
  Downloaded httparse v1.10.1
  Downloaded aes v0.9.3
  Downloaded actix-server v2.9.8
  Downloaded atomic-waker v1.1.2
  Downloaded find-msvc-tools v0.1.14
  Downloaded icu_normalizer_data v2.3.0
  Downloaded flagset v0.4.7
  Downloaded futures-core v0.3.34
  Downloaded futures-macro v0.3.34
  Downloaded jsonwebtoken v11.1.0
  Downloaded half v2.7.1
  Downloaded libyaml-rs v0.3.0
  Downloaded hmac v0.13.0
  Downloaded lock_api v0.4.14
  Downloaded md-5 v0.11.0
  Downloaded http v1.5.0
  Downloaded memchr v2.8.3
  Downloaded icu_collections v2.3.0
  Downloaded serde_core v1.0.229
  Downloaded ipnet v2.12.2
  Downloaded local-channel v0.1.5
  Downloaded serdect v0.4.3
  Downloaded sha2 v0.11.0
  Downloaded simd-adler32 v0.3.10
  Downloaded socket2 v0.5.10
  Downloaded lettre v0.11.23
  Downloaded migrations_macros v2.3.0
  Downloaded signal-hook-registry v1.4.8
  Downloaded serde_urlencoded v0.7.1
  Downloaded shlex v2.0.1
  Downloaded thiserror-impl v2.0.21
  Downloaded thread_local v1.1.10
  Downloaded tar v0.4.46
  Downloaded toml_datetime v0.7.5+spec-1.1.0
  Downloaded tracing-attributes v0.1.31
  Downloaded syn v2.0.119
  Downloaded unicase v2.9.0
  Downloaded synstructure v0.14.0
  Downloaded unicode-ident v1.0.26
  Downloaded v_escape-base v0.1.0
  Downloaded x509-cert v0.3.0
  Downloaded time v0.3.55
  Downloaded winnow v0.7.15
  Downloaded zune-core v0.5.3
  Downloaded tinyvec v1.13.3
  Downloaded actix-service v2.0.3
  Downloaded alloc-no-stdlib v2.0.4
  Downloaded async-trait v0.1.92
  Downloaded toml v0.9.12+spec-1.1.0
  Downloaded tower-layer v0.3.3
  Downloaded fastrand v2.5.0
  Downloaded futures-channel v0.3.34
  Downloaded unicode-xid v0.2.6
  Downloaded untrusted v0.7.1
  Downloaded actix-macros v0.2.5
  Downloaded getrandom v0.4.3
  Downloaded argon2 v0.6.0
  Downloaded ident_case v1.0.1
  Downloaded equivalent v1.0.2
  Downloaded sec1 v0.8.1
  Downloaded subtle v2.6.1
  Downloaded zerotrie v0.2.5
  Downloaded foldhash v0.2.0
  Downloaded hkdf v0.13.0
  Downloaded hmac v0.12.1
  Downloaded mime_guess v2.0.5
  Downloaded icu_normalizer v2.3.0
  Downloaded impl-more v0.3.8
  Downloaded tracing v0.1.44
  Downloaded language-tags v0.3.2
  Downloaded unicode-properties v0.1.4
  Downloaded whoami v2.1.3
  Downloaded email-encoding v0.4.2
  Downloaded tower-http v0.6.11
  Downloaded yaml_serde v0.10.7
  Downloaded zstd-safe v7.3.0
  Downloaded getrandom v0.2.17
  Downloaded http-range v0.1.5
  Downloaded icu_provider v2.3.1
  Downloaded libc v0.2.190
  Downloaded serde_json v1.0.151
  Downloaded signature v2.2.0
  Downloaded socket2 v0.6.5
  Downloaded synstructure v0.13.2
  Downloaded tls_codec v0.4.2
  Downloaded tokio-stream v0.1.19
  Downloaded utf8_iter v1.0.4
  Downloaded yoke v0.8.3
  Downloaded zstd v0.13.3
  Downloaded actix-rt v2.15.0
  Downloaded actix-web v4.15.0
  Downloaded float-cmp v0.10.0
  Downloaded futures-sink v0.3.34
  Downloaded h2 v0.4.19
  Downloaded httpsig v0.0.26
  Downloaded icu_properties v2.3.0
  Downloaded litemap v0.8.3
  Downloaded mime v0.3.17
  Downloaded sha1 v0.11.0
  Downloaded itertools v0.14.0
  Downloaded smallvec v1.16.2
  Downloaded time-core v0.1.9
  Downloaded tokio-postgres v0.7.18
  Downloaded unicode-segmentation v1.13.3
  Downloaded version_check v0.9.5
  Downloaded aho-corasick v1.1.5
  Downloaded autocfg v1.5.1
  Downloaded fred v10.1.0
  Downloaded try-lock v0.2.5
  Downloaded x509-parser v0.18.1
  Downloaded anyhow v1.0.104
  Downloaded futures-util v0.3.34
  Downloaded image-webp v0.2.4
  Downloaded serde_derive v1.0.229
  Downloaded tokio-rustls v0.26.6
  Downloaded uuid v1.27.0
  Downloaded linux-raw-sys v0.12.1
  Downloaded zerocopy v0.8.59
  Downloaded iana-time-zone v0.1.65
  Downloaded sec1 v0.7.3
  Downloaded sha2 v0.10.9
  Downloaded untrusted v0.9.0
  Downloaded zerovec v0.11.8
  Downloaded strsim v0.11.1
  Downloaded sync_wrapper v1.0.2
  Downloaded syn v3.0.6
  Downloaded tokio-macros v2.7.2
  Downloaded tracing-core v0.1.36
  Downloaded url v2.5.8
  Downloaded xattr v1.6.1
  Downloaded actix-multipart v0.8.5
  Downloaded arrayvec v0.7.8
  Downloaded ff v0.13.1
  Downloaded ghash v0.6.0
  Downloaded hyper v1.11.1
  Downloaded jobserver v0.1.35
  Downloaded semver v1.0.28
  Downloaded siphasher v1.0.4
  Downloaded tinystr v0.8.4
  Downloaded tracing-subscriber v0.3.23
  Downloaded zerofrom-derive v0.1.8
  Downloaded want v0.3.1
  Downloaded asn1-rs v0.7.2
  Downloaded futures v0.3.34
  Downloaded hybrid-array v0.4.15
  Downloaded log v0.4.34
  Downloaded sfv v0.15.0
  Downloaded time-macros v0.2.32
  Downloaded hashbrown v0.17.1
  Downloaded matchers v0.2.0
  Downloaded simdutf8 v0.1.5
  Downloaded lru v0.18.5
  Downloaded fdeflate v0.3.7
  Downloaded indexmap v2.14.2
  Downloaded tower v0.5.3
  Downloaded actix-multipart-derive v0.8.1
  Downloaded fred-macros v0.1.0
  Downloaded tokio-util v0.7.19
  Downloaded http-body-util v0.1.5
  Downloaded aead v0.6.1
  Downloaded encoding_rs v0.8.42
   Compiling proc-macro2 v1.0.107
   Compiling quote v1.0.47
   Compiling unicode-ident v1.0.26
   Compiling cfg-if v1.0.5
   Compiling libc v0.2.190
   Compiling subtle v2.6.1
   Compiling typenum v1.20.1
   Compiling memchr v2.8.3
   Compiling rand_core v0.10.1
   Compiling getrandom v0.4.3
   Compiling log v0.4.34
   Compiling pin-project-lite v0.2.17
   Compiling bytes v1.12.1
   Compiling smallvec v1.16.2
   Compiling serde_core v1.0.229
   Compiling cmov v0.5.4
   Compiling futures-core v0.3.34
   Compiling once_cell v1.21.4
   Compiling find-msvc-tools v0.1.14
   Compiling shlex v2.0.1
   Compiling autocfg v1.5.1
   Compiling const-oid v0.10.2
   Compiling itoa v1.0.18
   Compiling futures-sink v0.3.34
   Compiling parking_lot_core v0.9.12
   Compiling ctutils v0.4.2
   Compiling scopeguard v1.2.0
   Compiling version_check v0.9.5
   Compiling base64ct v1.8.3
   Compiling pkg-config v0.3.34
   Compiling lock_api v0.4.14
   Compiling flagset v0.4.7
   Compiling cpufeatures v0.3.1
   Compiling dunce v1.0.5
   Compiling serde v1.0.229
   Compiling fs_extra v1.3.0
   Compiling slab v0.4.12
   Compiling const-oid v0.9.6
   Compiling num-traits v0.2.19
   Compiling generic-array v0.14.9
   Compiling futures-channel v0.3.34
   Compiling tracing-core v0.1.36
   Compiling percent-encoding v2.3.2
   Compiling stable_deref_trait v1.2.1
   Compiling futures-io v0.3.34
   Compiling aws-lc-rs v1.18.1
   Compiling futures-task v0.3.34
   Compiling syn v2.0.119
   Compiling syn v3.0.6
   Compiling untrusted v0.7.1
   Compiling thiserror v2.0.21
   Compiling num-conv v0.2.2
   Compiling time-core v0.1.9
   Compiling errno v0.3.14
   Compiling mio v1.2.4
   Compiling signal-hook-registry v1.4.8
   Compiling socket2 v0.6.5
   Compiling getrandom v0.2.17
   Compiling time-macros v0.2.32
   Compiling deranged v0.5.8
   Compiling parking_lot v0.12.5
   Compiling rand_core v0.6.4
   Compiling jobserver v0.1.35
   Compiling powerfmt v0.2.0
   Compiling zmij v1.0.23
   Compiling serde_json v1.0.151
   Compiling writeable v0.6.4
   Compiling untrusted v0.9.0
   Compiling litemap v0.8.3
   Compiling cc v1.6.0
   Compiling rustls v0.23.45
   Compiling bitflags v2.13.2
   Compiling utf8_iter v1.0.4
   Compiling icu_properties_data v2.3.0
   Compiling icu_normalizer_data v2.3.0
   Compiling base64 v0.22.1
   Compiling cpubits v0.1.1
   Compiling form_urlencoded v1.2.2
   Compiling chacha20 v0.10.2
   Compiling pem-rfc7468 v1.0.0
   Compiling semver v1.0.28
   Compiling zerocopy v0.8.59
   Compiling http v1.5.0
   Compiling num-integer v0.1.47
   Compiling ff v0.14.0
   Compiling minimal-lexical v0.2.1
   Compiling base64 v0.23.1
   Compiling rustc_version v0.4.1
   Compiling pem-rfc7468 v0.7.0
   Compiling nom v7.1.3
   Compiling rand v0.10.3
   Compiling group v0.14.0
   Compiling base16ct v1.0.0
   Compiling foldhash v0.2.0
   Compiling simd-adler32 v0.3.10
   Compiling adler2 v2.0.1
   Compiling crc32fast v1.5.2
   Compiling lazy_static v1.5.1
   Compiling equivalent v1.0.2
   Compiling rustversion v1.0.23
   Compiling time v0.3.55
   Compiling iana-time-zone v0.1.65
   Compiling oid-registry v0.8.1
   Compiling curve25519-dalek v5.0.0
   Compiling miniz_oxide v0.9.1
   Compiling hashbrown v0.17.1
   Compiling num-bigint v0.4.8
   Compiling cmake v0.1.58
   Compiling phc v0.6.1
   Compiling data-encoding v2.11.1
   Compiling uuid v1.27.0
   Compiling pem v4.0.0
   Compiling password-hash v0.6.1
   Compiling rusticata-macros v4.1.0
   Compiling ff v0.13.1
   Compiling base16ct v0.2.0
   Compiling indexmap v2.14.2
   Compiling flate2 v1.1.10
   Compiling group v0.13.0
   Compiling mime v0.3.17
   Compiling httpdate v1.0.3
   Compiling cpufeatures v0.2.17
   Compiling ciborium-io v0.2.2
   Compiling openssl-probe v0.2.1
   Compiling ryu v1.0.23
   Compiling fnv v1.0.7
   Compiling aws-lc-sys v0.45.0
   Compiling anyhow v1.0.104
   Compiling blake3 v1.8.7
   Compiling curve25519-dalek v4.1.3
   Compiling httparse v1.10.1
   Compiling arrayvec v0.7.8
   Compiling atomic-waker v1.1.2
   Compiling constant_time_eq v0.4.2
   Compiling strsim v0.11.1
   Compiling fastrand v2.5.0
   Compiling ident_case v1.0.1
   Compiling http-body v1.1.0
   Compiling fdeflate v0.3.7
   Compiling miniz_oxide v0.8.9
   Compiling aho-corasick v1.1.5
   Compiling zune-core v0.5.3
   Compiling byteorder-lite v0.1.0
   Compiling quick-error v2.0.1
   Compiling pxfm v0.1.30
   Compiling regex-syntax v0.8.11
   Compiling zune-jpeg v0.5.15
   Compiling zstd-sys v2.1.0+zstd.1.5.7
   Compiling synstructure v0.13.2
   Compiling synstructure v0.14.0
   Compiling image-webp v0.2.4
   Compiling png v0.18.1
   Compiling email-encoding v0.4.2
   Compiling nom v8.0.0
   Compiling quoted_printable v0.5.2
   Compiling email_address v0.2.9
   Compiling urlencoding v2.1.3
   Compiling bytemuck v1.25.2
   Compiling either v1.18.0
   Compiling arc-swap v1.9.2
   Compiling yasna v0.6.0
   Compiling alloc-no-stdlib v2.0.4
   Compiling local-waker v0.1.4
   Compiling zstd-safe v7.3.0
   Compiling bytes-utils v0.1.4
   Compiling unicode-segmentation v1.13.3
   Compiling darling_core v0.21.3
   Compiling alloc-stdlib v0.2.4
   Compiling zeroize_derive v1.5.0
   Compiling tracing-attributes v0.1.31
   Compiling der_derive v0.8.0
   Compiling zerocopy-derive v0.8.59
   Compiling tokio-macros v2.7.2
   Compiling serde_derive v1.0.229
   Compiling zeroize v1.9.0
   Compiling displaydoc v0.2.7
   Compiling hybrid-array v0.4.15
   Compiling zerofrom-derive v0.1.8
   Compiling tokio v1.53.2
   Compiling futures-macro v0.3.34
   Compiling yoke-derive v0.8.4
   Compiling tracing v0.1.44
   Compiling zerovec-derive v0.11.6
   Compiling crypto-common v0.2.2
   Compiling block-buffer v0.12.1
   Compiling rustls-pki-types v1.15.1
   Compiling crypto-common v0.1.6
   Compiling futures-util v0.3.34
   Compiling zerofrom v0.1.8
   Compiling block-buffer v0.10.4
   Compiling thiserror-impl v2.0.21
   Compiling digest v0.10.7
   Compiling der v0.8.2
   Compiling digest v0.11.3
   Compiling signature v2.2.0
   Compiling yoke v0.8.3
   Compiling crypto-bigint v0.7.5
   Compiling der_derive v0.7.3
   Compiling zerovec v0.11.8
   Compiling zerotrie v0.2.5
   Compiling hmac v0.13.0
   Compiling sha2 v0.11.0
   Compiling signature v3.0.0
   Compiling hkdf v0.13.0
   Compiling curve25519-dalek-derive v0.1.1
   Compiling inout v0.2.2
   Compiling asn1-rs-impl v0.2.0
   Compiling asn1-rs-derive v0.6.0
   Compiling cipher v0.5.2
   Compiling universal-hash v0.6.1
   Compiling tinystr v0.8.4
   Compiling potential_utf v0.1.6
   Compiling polyval v0.7.3
   Compiling hmac v0.12.1
   Compiling icu_collections v2.3.0
   Compiling der v0.7.10
   Compiling spki v0.8.0
   Compiling icu_locale_core v2.3.0
   Compiling sec1 v0.8.1
   Compiling pkcs8 v0.11.0
   Compiling asn1-rs v0.7.2
   Compiling ghash v0.6.0
   Compiling ctr v0.10.1
   Compiling aes v0.9.3
   Compiling aead v0.6.1
   Compiling ed25519 v3.0.0
   Compiling blake2 v0.11.0
   Compiling x509-cert v0.3.0
   Compiling icu_provider v2.3.1
   Compiling chrono v0.4.45
   Compiling argon2 v0.6.0
   Compiling icu_properties v2.3.0
   Compiling icu_normalizer v2.3.0
   Compiling spki v0.7.3
   Compiling tokio-util v0.7.19
   Compiling primefield v0.14.0
   Compiling elliptic-curve v0.14.1
   Compiling rfc6979 v0.6.0
   Compiling wnaf v0.14.1
   Compiling pkcs8 v0.10.2
   Compiling der-parser v10.0.0
   Compiling sec1 v0.7.3
   Compiling ed25519-dalek v3.0.0
   Compiling ecdsa v0.17.0
   Compiling primeorder v0.14.0
   Compiling aes-gcm v0.11.1
   Compiling hkdf v0.12.4
   Compiling idna_adapter v1.2.2
   Compiling idna v1.1.0
   Compiling crypto-bigint v0.5.5
   Compiling async-trait v0.1.92
   Compiling rfc6979 v0.4.0
   Compiling sha1 v0.11.0
   Compiling sha2 v0.10.9
   Compiling rustls-native-certs v0.8.4
   Compiling h2 v0.4.19
   Compiling url v2.5.8
   Compiling p256 v0.14.0
   Compiling ed25519 v2.2.3
   Compiling x509-cert v0.2.5
   Compiling ppv-lite86 v0.2.21
   Compiling half v2.7.1
   Compiling moxcms v0.8.1
   Compiling regex-automata v0.4.18
   Compiling nazo-scim-events v0.2.16 (/src/crates/scim-events)
   Compiling rand_chacha v0.3.1
   Compiling elliptic-curve v0.13.8
   Compiling ciborium-ll v0.2.2
   Compiling ciborium v0.2.2
   Compiling rand v0.8.8
   Compiling serde_urlencoded v0.7.1
   Compiling primeorder v0.13.6
   Compiling ecdsa v0.16.9
   Compiling nazo-runtime-modules v0.2.16 (/src/crates/runtime-capabilities)
   Compiling actix-rt v2.15.0
   Compiling ed25519-dalek v2.2.0
   Compiling convert_case v0.10.0
   Compiling http-body-util v0.1.5
   Compiling encoding_rs v0.8.42
   Compiling actix-service v2.0.3
   Compiling p256 v0.13.2
   Compiling tinyvec v1.13.3
   Compiling ref-cast v1.0.27
   Compiling unicode-xid v0.2.6
   Compiling byteorder v1.5.0
   Compiling passkey-auth v0.1.3
   Compiling unicode-normalization v0.1.25
   Compiling derive_more-impl v2.1.1
   Compiling bytestring v1.5.1
   Compiling futures-executor v0.3.34
   Compiling darling_macro v0.21.3
   Compiling ref-cast-impl v1.0.27
   Compiling brotli-decompressor v5.0.3
   Compiling actix-utils v3.0.2
   Compiling http v0.2.12
   Compiling cookie v0.16.2
   Compiling simdutf8 v0.1.5
   Compiling impl-more v0.3.8
   Compiling core_detect v1.0.0
   Compiling getrandom v0.3.4
   Compiling winnow v1.0.4
   Compiling unicode-properties v0.1.4
   Compiling tower-service v0.3.3
   Compiling try-lock v0.2.5
   Compiling regex-lite v0.1.9
   Compiling unicode-bidi v0.3.18
   Compiling multiversion_no_op v1.0.0
   Compiling want v0.3.1
   Compiling toml_parser v1.1.3+spec-1.1.0
   Compiling darling v0.21.3
   Compiling brotli v8.0.4
   Compiling actix-codec v0.5.4
   Compiling actix-router v0.5.4
   Compiling stringprep v0.1.5
   Compiling md-5 v0.11.0
   Compiling local-channel v0.1.5
   Compiling serde_spanned v1.1.1
   Compiling toml_datetime v0.7.5+spec-1.1.0
   Compiling fallible-iterator v0.2.0
   Compiling heck v0.5.0
   Compiling diesel_derives v2.3.10
   Compiling winnow v0.7.15
   Compiling image v0.25.10
   Compiling vsimd v0.8.0
   Compiling siphasher v1.0.4
   Compiling regex v1.13.1
   Compiling rustix v1.1.5
   Compiling derive_more v2.1.1
   Compiling language-tags v0.3.2
   Compiling outref v0.5.2
   Compiling base64-simd v0.8.0
   Compiling toml v0.9.12+spec-1.1.0
   Compiling phf_shared v0.13.1
   Compiling hyper v1.11.1
   Compiling actix-web-codegen v4.4.0
   Compiling postgres-protocol v0.6.12
   Compiling dsl_auto_type v0.2.0
   Compiling sfv v0.15.0
   Compiling actix-server v2.9.8
   Compiling p384 v0.14.0
   Compiling tokio-stream v0.1.19
   Compiling opentelemetry v0.33.0
   Compiling actix-macros v0.2.5
   Compiling diesel_table_macro_syntax v0.3.0
   Compiling ed25519-compact v2.6.0
   Compiling sync_wrapper v1.0.2
   Compiling tower-layer v0.3.3
   Compiling rustc-hash v2.1.3
   Compiling linux-raw-sys v0.12.1
   Compiling pin-utils v0.1.1
   Compiling crc16 v0.4.0
   Compiling ipnet v2.12.2
   Compiling aws-smithy-types v1.8.1
   Compiling tower v0.5.3
   Compiling hyper-util v0.1.21
   Compiling rand_core v0.9.5
   Compiling postgres-types v0.2.14
   Compiling migrations_internals v2.3.0
   Compiling phf v0.13.1
   Compiling coset v0.4.2
   Compiling p384 v0.13.1
   Compiling p521 v0.13.3
   Compiling aws-smithy-async v1.3.0
   Compiling aws-smithy-runtime-api-macros v1.1.0
   Compiling whoami v2.1.3
   Compiling downcast-rs v2.0.2
   Compiling httpsig v0.0.26
   Compiling tokio-postgres v0.7.18
   Compiling mdoc-rs v0.2.0 (https://github.com/nazozero/mdoc-rs?rev=40e5ac7e1739150870c41544219345c2b6de4c9b#40e5ac7e)
   Compiling aws-smithy-runtime-api v1.19.0
   Compiling migrations_macros v2.3.0
   Compiling rand_chacha v0.9.0
   Compiling tower-http v0.6.11
   Compiling futures v0.3.34
   Compiling itertools v0.14.0
   Compiling darling_core v0.24.1
   Compiling cfg_aliases v0.2.2
   Compiling deadpool-runtime v0.3.1
   Compiling unicase v2.9.0
   Compiling cookie-factory v0.3.2
   Compiling deadpool v0.13.1
   Compiling mime_guess v2.0.5
   Compiling diesel v2.3.13
   Compiling redis-protocol v6.0.0
   Compiling nix v0.31.3
   Compiling rand v0.9.5
   Compiling matchers v0.2.0
   Compiling webpki-roots v1.0.9
   Compiling fred-macros v0.1.0
   Compiling sharded-slab v0.1.7
   Compiling float-cmp v0.10.0
   Compiling tracing-log v0.2.0
   Compiling socket2 v0.5.10
   Compiling thread_local v1.1.10
   Compiling rustix v0.38.44
   Compiling nu-ansi-term v0.50.3
   Compiling prost-derive v0.14.4
   Compiling opentelemetry_sdk v0.33.0
   Compiling tracing-subscriber v0.3.23
   Compiling fred v10.1.0
   Compiling aws-smithy-http v0.64.1
   Compiling aws-credential-types v1.3.0
   Compiling tempfile v3.27.0
   Compiling v_escape-base v0.1.0
   Compiling hex v0.4.3
   Compiling bytesize v2.7.0
   Compiling linux-raw-sys v0.4.15
   Compiling aws-sigv4 v1.6.0
   Compiling v_htmlescape v0.17.0
   Compiling prost v0.14.4
   Compiling darling_macro v0.24.1
   Compiling xattr v1.6.1
   Compiling serde_plain v1.0.2
   Compiling darling v0.24.1
   Compiling actix-multipart-derive v0.8.1
   Compiling filetime v0.2.29
   Compiling http-range v0.1.5
   Compiling libyaml-rs v0.3.0
   Compiling tar v0.4.46
   Compiling tracing-opentelemetry v0.34.0
   Compiling opentelemetry-appender-tracing v0.33.0
   Compiling lru v0.18.5
   Compiling fs2 v0.4.3
   Compiling yaml_serde v0.10.7
   Compiling opentelemetry-proto v0.33.0
   Compiling atomicwrites v0.4.4
   Compiling process-wrap v10.0.1
   Compiling zstd v0.13.3
   Compiling rustls-webpki v0.103.15
   Compiling x509-parser v0.18.1
   Compiling jsonwebtoken v11.1.0
   Compiling rcgen v0.14.10
   Compiling tokio-rustls v0.26.6
   Compiling nazo-crypto v0.2.16 (/src/crates/crypto)
   Compiling rustls-platform-verifier v0.7.1
   Compiling lettre v0.11.23
   Compiling actix-tls v3.6.1
   Compiling hyper-rustls v0.27.10
   Compiling tokio-postgres-rustls v0.14.0
   Compiling reqwest v0.13.5
   Compiling actix-http v3.18.12 (https://github.com/nazozero/actix-web?rev=8b4f61be8de6b4bf6279c472c144dfea133b34aa#8b4f61be)
   Compiling nazo-digital-credentials v0.2.16 (/src/crates/digital-credentials)
   Compiling nazo-operator-protocol v0.2.16 (/src/crates/operator-protocol)
   Compiling nazo-resource-server v0.2.16 (/src/crates/resource-server)
   Compiling nazo-http-signatures v0.2.16 (/src/crates/http-signatures)
   Compiling nazo-openid4vci v0.2.16 (/src/crates/openid4vci)
   Compiling nazo-identity v0.2.16 (/src/crates/identity)
   Compiling nazo-openid4vp v0.2.16 (/src/crates/openid4vp)
   Compiling opentelemetry-http v0.33.0
   Compiling actix-web v4.15.0
   Compiling opentelemetry-otlp v0.33.0
   Compiling nazo-auth v0.2.16 (/src/crates/authorization-server-core)
   Compiling nazo-oauth-server-object-store v0.2.16 (/src/crates/authorization-server-object-store)
   Compiling actix-cors v0.7.2
   Compiling actix-multipart v0.8.5
   Compiling actix-files v0.7.0
   Compiling nazo-openid4vc-http-actix v0.2.16 (/src/crates/openid4vc-http-actix)
   Compiling nazo-persistence v0.2.16 (/src/crates/persistence)
   Compiling nazo-key-management v0.2.16 (/src/crates/key-management)
   Compiling nazo-valkey v0.2.16 (/src/crates/state-store-valkey)
   Compiling nazo-oauth-server v0.2.16 (/src/crates/authorization-server)
   Compiling nazo-http-actix v0.2.16 (/src/crates/http-actix)
   Compiling nazo-oauth-server-valkey v0.2.16 (/src/crates/authorization-server-valkey)
   Compiling diesel_migrations v2.3.2
   Compiling diesel-async v0.9.2
   Compiling nazo-postgres v0.2.16 (/src/crates/persistence-postgres)
   Compiling nazo-oauth-server-postgres v0.2.16 (/src/crates/authorization-server-postgres)
   Compiling nazoauth v0.2.16 (/src/crates/nazoauth)
    Finished `release` profile [optimized] target(s) in 4m 38s
