#0 building with "default" instance using docker driver

#1 [internal] load build definition from Containerfile
#1 transferring dockerfile: 316B done
#1 DONE 0.0s

#2 [internal] load metadata for docker.io/library/python:3.14.8-alpine@sha256:f6a589d43c42b9e7f7dc67a12d37132491f362859a5d750607710cc56da3bc72
#2 DONE 0.9s

#3 [internal] load .dockerignore
#3 transferring context: 590B done
#3 DONE 0.0s

#4 [internal] load build context
#4 transferring context: 4.78kB done
#4 DONE 0.0s

#5 [1/3] FROM docker.io/library/python:3.14.8-alpine@sha256:f6a589d43c42b9e7f7dc67a12d37132491f362859a5d750607710cc56da3bc72
#5 resolve docker.io/library/python:3.14.8-alpine@sha256:f6a589d43c42b9e7f7dc67a12d37132491f362859a5d750607710cc56da3bc72 0.0s done
#5 DONE 0.1s

#5 [1/3] FROM docker.io/library/python:3.14.8-alpine@sha256:f6a589d43c42b9e7f7dc67a12d37132491f362859a5d750607710cc56da3bc72
#5 sha256:d486488257d0aa8b040529bcab1337e849158dafb6f28c6d79df56cce8042b48 0B / 249B 0.2s
#5 sha256:d486488257d0aa8b040529bcab1337e849158dafb6f28c6d79df56cce8042b48 249B / 249B 0.3s done
#5 sha256:2a22c5887fa227de1798e9b92a3692c3bb96fa108c1164afe00a928c35a0986c 0B / 16.11MB 0.2s
#5 sha256:48f6a258842734fe23e0e4c69db9996cbaefd41c1cde2372b95449f9fc5601eb 0B / 416.27kB 0.2s
#5 sha256:e2de96513ba9eb53b431787ec8a65cdde380ac4772a3e4c4b714dcfde2a102b5 0B / 3.85MB 0.2s
#5 sha256:48f6a258842734fe23e0e4c69db9996cbaefd41c1cde2372b95449f9fc5601eb 416.27kB / 416.27kB 0.3s done
#5 sha256:e2de96513ba9eb53b431787ec8a65cdde380ac4772a3e4c4b714dcfde2a102b5 3.85MB / 3.85MB 0.4s done
#5 extracting sha256:e2de96513ba9eb53b431787ec8a65cdde380ac4772a3e4c4b714dcfde2a102b5
#5 sha256:2a22c5887fa227de1798e9b92a3692c3bb96fa108c1164afe00a928c35a0986c 16.11MB / 16.11MB 0.5s done
#5 extracting sha256:e2de96513ba9eb53b431787ec8a65cdde380ac4772a3e4c4b714dcfde2a102b5 0.2s done
#5 extracting sha256:48f6a258842734fe23e0e4c69db9996cbaefd41c1cde2372b95449f9fc5601eb 0.1s done
#5 DONE 0.8s

#5 [1/3] FROM docker.io/library/python:3.14.8-alpine@sha256:f6a589d43c42b9e7f7dc67a12d37132491f362859a5d750607710cc56da3bc72
#5 extracting sha256:2a22c5887fa227de1798e9b92a3692c3bb96fa108c1164afe00a928c35a0986c
#5 extracting sha256:2a22c5887fa227de1798e9b92a3692c3bb96fa108c1164afe00a928c35a0986c 0.8s done
#5 DONE 1.6s

#5 [1/3] FROM docker.io/library/python:3.14.8-alpine@sha256:f6a589d43c42b9e7f7dc67a12d37132491f362859a5d750607710cc56da3bc72
#5 extracting sha256:d486488257d0aa8b040529bcab1337e849158dafb6f28c6d79df56cce8042b48 0.0s done
#5 DONE 1.7s

#6 [2/3] RUN apk add --no-cache openssl
#6 4.792 (1/1) Installing openssl (3.5.9-r0)
#6 5.222 Executing busybox-1.37.0-r31.trigger
#6 5.228 OK: 12.8 MiB in 31 packages
#6 DONE 5.4s

#7 [3/3] COPY scripts/ensure_runtime_keyset.py /scripts/ensure_runtime_keyset.py
#7 DONE 0.4s

#8 exporting to image
#8 exporting layers
#8 exporting layers 0.3s done
#8 exporting manifest sha256:f2ad207492b8d830a932208788964c955eea13d6c55393760fd18c2d836caafd done
#8 exporting config sha256:14670c497768beb4602f4df076b5fddee54c94e5d3011bcc2910ff111516f336 done
#8 exporting attestation manifest sha256:f78b0ba4d5dafeb9642962289951c55dc3a4a55d2a198dd44794944d0b78d437 0.0s done
#8 exporting manifest list sha256:2fd9f6f3b1a215a9bc3eb01fd32added19ce0db5fb4e00aa4e0736d6bcc1a1af 0.0s done
#8 naming to docker.io/library/nazoauth-perf-keyset:20261009 done
#8 unpacking to docker.io/library/nazoauth-perf-keyset:20261009 0.1s done
#8 DONE 0.5s
