#0 building with "default" instance using docker driver

#1 [internal] load remote build context
#1 DONE 0.1s

#2 copy /context /
#2 DONE 0.0s

#3 [internal] load metadata for docker.io/library/nazoauth-perf-runtime-base:20261009
#3 DONE 0.0s

#4 [1/4] FROM docker.io/library/nazoauth-perf-runtime-base:20261009@sha256:b3396d02831c9955bc16b2e215490e2f3b6dbccb976101630d9451a14d925bab
#4 resolve docker.io/library/nazoauth-perf-runtime-base:20261009@sha256:b3396d02831c9955bc16b2e215490e2f3b6dbccb976101630d9451a14d925bab 0.0s done
#4 CACHED

#5 [2/4] COPY --chmod=0755 nazoauth /usr/local/bin/nazoauth
#5 DONE 0.0s

#6 [3/4] COPY source-sha /etc/nazoauth-source-sha
#6 DONE 0.0s

#7 [4/4] COPY env.yaml /app/.env.yaml
#7 DONE 0.0s

#8 exporting to image
#8 exporting layers
#8 exporting layers 1.1s done
#8 exporting manifest sha256:02562b01ae7af33408741bd04ae6b2951a2564e737771668f0eedb4bd6de5d32 done
#8 exporting config sha256:4eb9041535cb1918d6fa2f0c8513ab68fa7c399706ba7f8af17d5e214c96d461 done
#8 exporting attestation manifest sha256:1da3f320bda8281f9f123536531dfcd43599d9654bd61add970978198cde740f 0.0s done
#8 exporting manifest list sha256:a672e989619587cb7f0893c84b642b1fbc4906b9cbc8d0478084628fe8514ced 0.0s done
#8 naming to docker.io/library/nazoauth-perf-diagnostic-read-after:20261009 done
#8 unpacking to docker.io/library/nazoauth-perf-diagnostic-read-after:20261009 0.1s done
#8 DONE 1.3s
