#0 building with "default" instance using docker driver

#1 [internal] load remote build context
#1 DONE 0.1s

#2 copy /context /
#2 DONE 0.0s

#3 [internal] load metadata for docker.io/library/nazoauth-perf-runtime-base:20261009
#3 DONE 0.0s

#4 [1/4] FROM docker.io/library/nazoauth-perf-runtime-base:20261009@sha256:b3396d02831c9955bc16b2e215490e2f3b6dbccb976101630d9451a14d925bab
#4 resolve docker.io/library/nazoauth-perf-runtime-base:20261009@sha256:b3396d02831c9955bc16b2e215490e2f3b6dbccb976101630d9451a14d925bab 0.0s done
#4 CACHED

#5 [2/4] COPY --chmod=0755 nazoauth /usr/local/bin/nazoauth
#5 DONE 0.0s

#6 [3/4] COPY source-sha /etc/nazoauth-source-sha
#6 DONE 0.0s

#7 [4/4] COPY env.yaml /app/.env.yaml
#7 DONE 0.0s

#8 exporting to image
#8 exporting layers
#8 exporting layers 1.1s done
#8 exporting manifest sha256:977ad44e9e787565df0963c4b0b40020040a6c768760ceb5652da93202afcb1a 0.0s done
#8 exporting config sha256:03efef87a66c202c49e3910eda91f7b65d6a486eb76764cb1c481126a5e95286 0.0s done
#8 exporting attestation manifest sha256:79a55d9b201613f8b6ba5ceff9a3ff6d5d64d4f99c21a2597f0f618336995390 0.0s done
#8 exporting manifest list sha256:de6d27888e4485cad5da752edb373b6a7902e700f4ed48fb91d0d8da79664670 done
#8 naming to docker.io/library/nazoauth-perf-read:20261009 done
#8 unpacking to docker.io/library/nazoauth-perf-read:20261009 0.1s done
#8 DONE 1.3s
