#0 building with "default" instance using docker driver

#1 [internal] load remote build context
#1 DONE 0.0s

#2 copy /context /
#2 DONE 0.0s

#3 [internal] load metadata for docker.io/library/nazoauth-perf-runtime-base:20261009
#3 DONE 0.0s

#4 [1/2] FROM docker.io/library/nazoauth-perf-runtime-base:20261009@sha256:b3396d02831c9955bc16b2e215490e2f3b6dbccb976101630d9451a14d925bab
#4 resolve docker.io/library/nazoauth-perf-runtime-base:20261009@sha256:b3396d02831c9955bc16b2e215490e2f3b6dbccb976101630d9451a14d925bab 0.0s done
#4 CACHED

#5 [2/2] COPY --chmod=0755 receiver /usr/local/bin/nazo-audit-anchor-receiver
#5 DONE 0.0s

#6 exporting to image
#6 exporting layers
#6 exporting layers 0.2s done
#6 exporting manifest sha256:ff33f9beecaf5df74a65c26ab01f6a4a7318d55cf2aea819dd2ba445c9e41a48 0.0s done
#6 exporting config sha256:9ea85e3b4dbddff605a1b205f6af1c9ff0b2a56f407b84f95d76e8b877955c03 0.0s done
#6 exporting attestation manifest sha256:2d5924a1e97c236e8572d25ea36b8815bba1679adecdb185b4381dcf798f62ce 0.0s done
#6 exporting manifest list sha256:6790f2f8ffd4163c4ddeae480b8286a0b03dfa059d50c88ae2d9f265aab4b8ab 0.0s done
#6 naming to docker.io/library/nazoauth-perf-receiver:20261009 done
#6 unpacking to docker.io/library/nazoauth-perf-receiver:20261009 0.1s done
#6 DONE 0.4s
