#0 building with "default" instance using docker driver

#1 [internal] load remote build context
#1 CACHED

#2 copy /context /
#2 CACHED

#3 resolve image config for docker-image://docker.io/docker/dockerfile:1.27.1@sha256:4edf897a3ffa55b89f906fc8cc78afdb3f1834cc9c7083565e611a8a7d5fe99e
#3 DONE 0.2s

#4 docker-image://docker.io/docker/dockerfile:1.27.1@sha256:4edf897a3ffa55b89f906fc8cc78afdb3f1834cc9c7083565e611a8a7d5fe99e
#4 resolve docker.io/docker/dockerfile:1.27.1@sha256:4edf897a3ffa55b89f906fc8cc78afdb3f1834cc9c7083565e611a8a7d5fe99e 0.0s done
#4 CACHED

#5 [internal] load metadata for docker.io/library/golang:1.27.1-alpine@sha256:8a5910f31396cd4d89662f56c68b3ae31d374308270a1c3bd96672ee5ed43414
#5 DONE 0.1s

#6 [internal] load metadata for docker.io/library/debian:trixie-slim@sha256:a99cfc517144bc59b1978475ec53b46ecabec7e43635402ee5b77cc54cd1b20a
#6 DONE 0.2s

#7 [mc-build 1/4] ADD --checksum=sha256:95cd293c7119f16921a6dc515a1fb74a2227f19fd994b9c8b770a154e802ac44 https://codeload.github.com/minio/mc/tar.gz/7394ce0dd2a80935aded936b09fa12cbb3cb8096 /tmp/source.tar.gz
#7 DONE 0.0s

#8 [minio-build 1/4] ADD --checksum=sha256:45521908307306e925c98d629e1c17d78c8b72b6ee242b1bfb1409f7d8ee5841 https://codeload.github.com/minio/minio/tar.gz/9e49d5e7a648f00e26f2246f4dc28e6b07f8c84a /tmp/source.tar.gz
#8 DONE 0.0s

#9 [build-base 1/2] FROM docker.io/library/golang:1.27.1-alpine@sha256:8a5910f31396cd4d89662f56c68b3ae31d374308270a1c3bd96672ee5ed43414
#9 resolve docker.io/library/golang:1.27.1-alpine@sha256:8a5910f31396cd4d89662f56c68b3ae31d374308270a1c3bd96672ee5ed43414 0.0s done
#9 DONE 0.0s

#10 [stage-3 1/7] FROM docker.io/library/debian:trixie-slim@sha256:a99cfc517144bc59b1978475ec53b46ecabec7e43635402ee5b77cc54cd1b20a
#10 resolve docker.io/library/debian:trixie-slim@sha256:a99cfc517144bc59b1978475ec53b46ecabec7e43635402ee5b77cc54cd1b20a 0.0s done
#10 DONE 0.0s

#11 [stage-3 2/7] RUN apt-get update && apt-get install -y --no-install-recommends ca-certificates     && rm -rf /var/lib/apt/lists/*     && mkdir /data && chown 10001:10001 /data
#11 CACHED

#12 [mc-build 2/4] RUN mkdir /src && tar -xzf /tmp/source.tar.gz -C /src --strip-components=1
#12 CACHED

#13 [mc-build 3/4] WORKDIR /src
#13 CACHED

#14 [mc-build 1/4] ADD --checksum=sha256:95cd293c7119f16921a6dc515a1fb74a2227f19fd994b9c8b770a154e802ac44 https://codeload.github.com/minio/mc/tar.gz/7394ce0dd2a80935aded936b09fa12cbb3cb8096 /tmp/source.tar.gz
#14 CACHED

#15 [minio-build 2/4] RUN mkdir /src && tar -xzf /tmp/source.tar.gz -C /src --strip-components=1
#15 CACHED

#16 [build-base 2/2] RUN apk add --no-cache ca-certificates
#16 CACHED

#17 [minio-build 1/4] ADD --checksum=sha256:45521908307306e925c98d629e1c17d78c8b72b6ee242b1bfb1409f7d8ee5841 https://codeload.github.com/minio/minio/tar.gz/9e49d5e7a648f00e26f2246f4dc28e6b07f8c84a /tmp/source.tar.gz
#17 CACHED

#18 [mc-build 4/4] RUN --mount=type=cache,id=nazoauth-minio-go-mod,target=/go/pkg/mod,sharing=locked     --mount=type=cache,id=nazoauth-minio-go-build,target=/root/.cache/go-build,sharing=locked     go build -mod=readonly -p 2 -trimpath       -ldflags='-s -w -X github.com/minio/mc/cmd.Version=2025-08-13T08:35:41Z -X github.com/minio/mc/cmd.ReleaseTag=RELEASE.2025-08-13T08-35-41Z -X github.com/minio/mc/cmd.CommitID=7394ce0dd2a80935aded936b09fa12cbb3cb8096 -X github.com/minio/mc/cmd.ShortCommitID=7394ce0dd2a80 -X github.com/minio/mc/cmd.CopyrightYear=2025'       -o /out/mc .
#18 CACHED

#19 [minio-build 3/4] WORKDIR /src
#19 CACHED

#20 [minio-build 4/4] RUN --mount=type=cache,id=nazoauth-minio-go-mod,target=/go/pkg/mod,sharing=locked     --mount=type=cache,id=nazoauth-minio-go-build,target=/root/.cache/go-build,sharing=locked     go build -mod=readonly -p 2 -trimpath       -ldflags='-s -w -X github.com/minio/minio/cmd.Version=2025-10-15T17:29:55Z -X github.com/minio/minio/cmd.ReleaseTag=RELEASE.2025-10-15T17-29-55Z -X github.com/minio/minio/cmd.CommitID=9e49d5e7a648f00e26f2246f4dc28e6b07f8c84a -X github.com/minio/minio/cmd.ShortCommitID=9e49d5e7a648 -X github.com/minio/minio/cmd.CopyrightYear=2025'       -o /out/minio .
#20 1.061 go: downloading github.com/minio/console v1.7.7-0.20250905210349-2017f33b26e1
#20 6.124 go: downloading github.com/go-openapi/runtime v0.28.0
#20 6.378 go: downloading github.com/jessevdk/go-flags v1.6.1
#20 6.378 go: downloading github.com/minio/mc v0.0.0-20250313080218-cf909e1063a9
#20 6.681 go: downloading github.com/minio/websocket v1.6.0
#20 6.681 go: downloading github.com/unrolled/secure v1.17.0
#20 6.751 go: downloading github.com/docker/go-units v0.5.0
#20 6.751 go: downloading github.com/go-openapi/validate v0.24.0
#20 DONE 61.9s

#21 [stage-3 3/7] COPY --from=minio-build /out/minio /usr/local/bin/minio
#21 DONE 0.1s

#22 [stage-3 4/7] COPY --from=mc-build /out/mc /usr/local/bin/mc
#22 DONE 0.0s

#23 [stage-3 5/7] COPY --from=minio-build /src/LICENSE /usr/share/doc/minio/LICENSE
#23 DONE 0.0s

#24 [stage-3 6/7] COPY --from=mc-build /src/LICENSE /usr/share/doc/mc/LICENSE
#24 DONE 0.1s

#25 [stage-3 7/7] WORKDIR /data
#25 DONE 0.0s

#26 exporting to image
#26 exporting layers
#26 exporting layers 3.1s done
#26 exporting manifest sha256:6a40661289c06b35658f7d829952b0d18ccfc94601d2a57be63e834d6210f3b8 0.0s done
#26 exporting config sha256:b34057a36566d78ecd249bb0ceb66aa515f9f49bda007af1089f644d1de74ad2 0.0s done
#26 exporting attestation manifest sha256:60492ef4838f8e8f6acfa6d3f1efe78718906c63617f0e720c02417928f4af6a 0.0s done
#26 exporting manifest list sha256:041a9cf5bf13c0140eef1765c198098ac529c477b64c219c45628caaad1afa3b done
#26 naming to docker.io/library/nazoauth-perf-unit-minio:20261009 done
#26 unpacking to docker.io/library/nazoauth-perf-unit-minio:20261009
#26 unpacking to docker.io/library/nazoauth-perf-unit-minio:20261009 0.5s done
#26 DONE 3.7s
