   Compiling nazo-postgres v0.2.16 (/src/crates/persistence-postgres)
    Finished `test` profile [unoptimized] target(s) in 2.44s
     Running tests/audit_commit_boundary.rs (target/debug/deps/audit_commit_boundary-ac6634436bdbcf27)

running 4 tests
test committed_ack_with_lost_ready_for_query_recovers_from_the_durable_checkpoint ... proxy dropped committed ACK ReadyForQuery(I): caller Err, original backend 183 disposed, checkpoint recovered, stale generation rejected, next batch ACK succeeded
ok
test every_audit_mutation_rejects_late_commit_failure_cancel_and_disconnect ... Genesis: late commit error propagated: unexpected repository error: revision late commit failure; backend=188
Genesis/raise: backend gone, replacement=189, durable_changed=false
Genesis: cancel at deferred commit, no early success, backend=193
Genesis/cancel: backend gone, replacement=194, durable_changed=true
Genesis: disconnect at deferred commit, no early success, backend=198
Genesis/disconnect: backend gone, replacement=199, durable_changed=false
Observe: late commit error propagated: unexpected repository error: revision late commit failure; backend=203
Observe/raise: backend gone, replacement=204, durable_changed=false
Observe: cancel at deferred commit, no early success, backend=208
Observe/cancel: backend gone, replacement=209, durable_changed=true
Observe: disconnect at deferred commit, no early success, backend=213
Observe/disconnect: backend gone, replacement=214, durable_changed=false
Singleton: late commit error propagated: unexpected repository error: revision late commit failure; backend=218
Singleton/raise: backend gone, replacement=219, durable_changed=false
Singleton: cancel at deferred commit, no early success, backend=223
Singleton/cancel: backend gone, replacement=224, durable_changed=true
Singleton: disconnect at deferred commit, no early success, backend=228
Singleton/disconnect: backend gone, replacement=229, durable_changed=false
Batch: late commit error propagated: unexpected repository error: revision late commit failure; backend=233
Batch/raise: backend gone, replacement=234, durable_changed=false
Batch: cancel at deferred commit, no early success, backend=238
Batch/cancel: backend gone, replacement=239, durable_changed=true
Batch: disconnect at deferred commit, no early success, backend=243
Batch/disconnect: backend gone, replacement=244, durable_changed=false
Ack: late commit error propagated: unexpected repository error: revision late commit failure; backend=248
Ack/raise: backend gone, replacement=249, durable_changed=false
Ack: cancel at deferred commit, no early success, backend=253
Ack/cancel: backend gone, replacement=254, durable_changed=true
Ack: disconnect at deferred commit, no early success, backend=259
Ack/disconnect: backend gone, replacement=260, durable_changed=false
Fail: late commit error propagated: unexpected repository error: revision late commit failure; backend=264
Fail/raise: backend gone, replacement=265, durable_changed=false
Fail: cancel at deferred commit, no early success, backend=269
Fail/cancel: backend gone, replacement=270, durable_changed=true
Fail: disconnect at deferred commit, no early success, backend=274
Fail/disconnect: backend gone, replacement=275, durable_changed=false
ok
test first_data_row_is_not_a_commit_acknowledgement ... first DataRow=true, next result=23514 revision late commit failure; no durable event
ok
test fresh_audit_conflict_rolls_back_the_callers_business_transaction ... ok

test result: ok. 4 passed; 0 failed; 0 ignored; 0 measured; 0 filtered out; finished in 18.00s

     Running tests/auth_repositories.rs (target/debug/deps/auth_repositories-e5342c894e2e79a7)

running 40 tests
test access_token_revoked_exists_semantics_ignore_deadline_and_scope ... ok
test admin_grant_required::grant_current_role_gate_preserves_separate_admitted_actor_home_tenant ... ok
test admin_grant_required::grant_owner_rechecks_current_actor_after_real_demotion_lock_wait ... ok
test admin_grant_required::grant_owner_rejects_missing_inactive_or_demoted_current_actor_without_effect_or_outcome ... ok
test admin_grant_required::required_ledger_failure_rolls_back_exact_grant_and_refresh_family ... ok
test audit_repository_reads_active_scim_credentials_and_drives_logout_outbox ... ok
test authorization_code_replay_compensation_revokes_both_token_kinds ... ok
test authorization_replay_waits_for_concurrent_refresh_rotation_before_compensation ... ok
test backchannel_logout_fanout_rolls_back_when_any_delivery_is_invalid ... ok
test client_deactivation_is_atomic_across_real_batches_and_repeated_owners ... deactivation fixture: seeded owners and legacy batches
deactivation fixture: rollback and two-owner commit verified
deactivation fixture: checking principal epoch
deactivation fixture: checking absence of redundant JTI state
deactivation fixture: checking principal epoch
deactivation fixture: checking absence of redundant JTI state
deactivation fixture: starting concurrent deactivation
deactivation fixture: concurrent writers completed
ok
test client_deactivation_waits_for_issuance_and_revokes_committed_credentials ... ok
test concurrent_ordinary_rotations_commit_one_winner_and_one_committed_compromise ... ok
test family_active_exists_semantics_cover_cardinality_and_predicates ... ok
test grant_revoke_skips_already_revoked_family_lock ... ok
test grant_revoke_waits_for_concurrent_refresh_rotation_before_revoking_family ... ok
test grants_upsert_cover_and_revoke_tokens_atomically ... ok
test issuance_commits_complete_audit_payloads_and_pending_events_for_users_rotation_and_reuse ... ok
test issuance_waits_for_principal_deactivation_and_rechecks_the_committed_state ... ok
test lost_response_retry_rechecks_family_compromise_under_the_family_lock ... ok
test lost_response_successor_requires_exactly_one_bound_unexpired_successor ... ok
test new_family_collision_is_tenant_scoped_and_preserves_compromise_audit ... ok
test oidc_subject_snapshot_reuses_statement_but_refreshes_epoch_and_binding ... ok
test ordinary_rotation_context_compare_uses_serde_value_semantics ... ok
test ordinary_rotation_context_mismatch_commits_compromise_and_reuse_audit ... ok
test ordinary_rotation_parent_misses_compromise_family_and_commit_reuse_audit ... ok
test principal_snapshot_reuses_authenticated_epoch_and_prepared_query ... ok
test refresh_contract_ensure_rolls_back_with_caller_and_validates_args ... ok
test refresh_contract_ensure_serializes_same_key_create_race ... ok
test refresh_contract_reference_survives_last_reference_reclaim_race ... ok
test refresh_family_requires_one_root_and_matching_direct_parent_context ... ok
test refresh_rotation_reuse_compromises_the_whole_family ... ok
test refresh_token_authentication_context_round_trips_and_rejects_invalid_values ... ok
test refresh_token_client_attestation_binding_round_trips ... ok
test required_revocation_event_failure_rolls_back_access_and_refresh_effects ... ok
test rotation_sql_failure_propagates_error_and_rolls_back_instead_of_conflicting ... ok
test server_auth_callers_do_not_query_diesel_or_auth_tables ... ok
test single_use_grant_retry_is_rejected_without_reissuing_or_duplicating_audit ... ok
test single_use_redemption_reads_back_committed_replay_evidence ... ok
test stale_logout_worker_cannot_complete_or_fail_a_reclaimed_delivery ... ok
test token_management_revocation_is_client_scoped_idempotent_and_serializes_family ... ok

test result: ok. 40 passed; 0 failed; 0 ignored; 0 measured; 0 filtered out; finished in 20.32s

     Running tests/identity_repositories.rs (target/debug/deps/identity_repositories-3c555c2f11e937fc)

running 61 tests
test access_request_boundary_has_no_server_diesel_or_forwarding_support_layer ... ok
test active_subject_id_by_tenant_id_returns_the_live_principal_subject ... ok
test active_subject_id_fails_closed_on_corrupt_principal_rows ... ok
test active_subject_id_is_none_for_inactive_missing_and_cross_tenant_users ... ok
test active_subject_id_read_projects_only_the_seven_principal_columns ... ok
test admin_partial_update_validates_final_role_level_before_commit ... ok
test admin_user_page_is_tenant_scoped_at_the_query_boundary ... ok
test admin_user_required::admin_user_required_current_actor_context_and_hierarchy_denials_commit_no_success ... ok
test admin_user_required::admin_user_required_hidden_committed_ack_returns_no_account_receipt ... ok
test admin_user_required::admin_user_required_ledger_failure_rolls_back_create_patch_and_noop_outcome ... ok
test admin_user_required::admin_user_required_ports_have_no_bare_mutation_fallback ... ok
test application_projection_filters_mixed_scope_elements ... ok
test authentication_snapshot_matches_the_split_client_and_salt_reads ... ok
test authorized_admin_update_serializes_hierarchy_and_audit_in_one_transaction ... ok
test backup_code_batch_replacement_clears_empty_and_rolls_back_invalid_batches ... ok
test backup_code_is_consumed_once_atomically ... ok
test client_registration_keeps_plaintext_out_of_protocol_core_and_postgres ... ok
test client_secret_comparison_returns_only_salt_and_database_equality ... ok
test concurrent_federated_create_is_idempotent_with_one_connection_and_tenant_scoped ... ok
test concurrent_totp_enrollment_confirmation_has_one_audited_winner ... ok
test failed_totp_enrollment_confirmation_is_durably_audited_without_state_change ... ok
test federated_unique_conflict_recovery_returns_current_inactive_account ... ok
test identity_claim_boundaries_use_narrow_single_snapshot_reads ... ok
test identity_display_projections_preserve_metadata_and_tenant_user_scope ... ok
test inactive_account_has_no_issuable_subject_claims ... ok
test mfa_backup_code_bounds_and_enrollment_conflict_are_explicit ... ok
test mfa_clear_waits_for_actual_remember_key_share_then_removes_committed_device ... ok
test mfa_encrypted_lifecycle_and_trait_boundary_are_tenant_safe ... ok
test mfa_generation::mfa_clear_committed_unknown_retry_cannot_clear_formal_g2 ... ok
test mfa_generation::mfa_clear_failure_after_dependent_deletes_rolls_back_every_generation_field ... ok
test mfa_generation::mfa_clear_generation_lock_orders_formal_g2_install_after_commit ... ok
test mfa_generation::mfa_confirm_and_regenerate_hidden_committed_ack_return_no_backup_codes ... ok
test mfa_generation::mfa_confirmation_required_ledger_and_inactive_actor_roll_back_before_code_disclosure ... ok
test mfa_generation::mfa_disable_required_ledger_failure_rolls_back_current_generation_and_dependents ... ok
test mfa_generation::mfa_regeneration_required_ledger_and_inactive_actor_preserve_exact_old_backups ... ok
test mfa_generation::mfa_verified_g1_disable_preserves_fully_installed_g2_after_barrier ... ok
test mfa_generation_fences_late_remember_and_regeneration_after_clear_and_reenrollment ... ok
test mfa_two_consumed_backup_proofs_regenerate_serially_without_generation_lock_cycle ... ok
test oauth_client_persistence_contract_distinguishes_lifetimes_from_character_literals ... ok
test oauth_client_persistence_contract_ignores_documentation_and_cfg_test_items ... ok
test oauth_client_persistence_contract_keeps_scanning_after_cfg_test_items ... ok
test oauth_client_persistence_contract_rejects_aliases_declarations_imports_and_raw_sql ... ok
test oauth_client_persistence_contract_skips_cfg_test_items_with_const_generics ... ok
test oauth_client_queries_cross_the_persistence_port_without_a_server_postgres_dependency ... ok
test oauth_client_repository_keeps_records_private_and_returns_domain_clients ... ok
test passkey_and_federation_uniqueness_are_typed_conflicts ... ok
test passkey_counter_update_is_monotonic_compare_and_set ... ok
test profile_update_cannot_restore_stale_phone_verification ... ok
test profile_update_persists_only_the_typed_profile_projection ... ok
test repositories_accept_validated_tenant_and_user_ids ... ok
test scim_replace_returns_domain_claims_from_one_transaction ... ok
test seed_upsert_is_atomic_and_preserves_unmanaged_client_state ... ok
test seed_upsert_persists_jarm_algorithm_on_insert_and_conflict_update ... ok
test server_has_no_identity_rows_or_identity_diesel_queries ... ok
test server_mfa_verification_does_not_query_migrated_tables_directly ... ok
test subject_claims_reject_invalid_persisted_role_invariant ... ok
test system_tenant_admin_outcomes_preserve_cross_tenant_audit_and_rollback ... ok
test totp_enrollment_orders_cross_store_changes_for_safe_recovery ... ok
test totp_last_step_compare_and_set_has_one_concurrent_winner ... ok
test totp_verification_classification_and_audit_are_atomic_and_replay_safe ... ok
test user_lookup_is_tenant_scoped ... ok

test result: ok. 61 passed; 0 failed; 0 ignored; 0 measured; 0 filtered out; finished in 5.67s

     Running tests/oauth_client_dcr.rs (target/debug/deps/oauth_client_dcr-9fa1c5f624f3b06e)

running 16 tests
test admin_client_required::admin_client_required_current_actor_denies_inactive_demoted_and_wrong_context ... ok
test admin_client_required::admin_client_required_hidden_committed_ack_withholds_secret_and_updated_receipt ... ok
test admin_client_required::admin_client_required_ledger_failure_rolls_back_insert_and_exact_cas ... ok
test admin_client_required::admin_client_required_ports_have_no_bare_repository_fallback ... ok
test concurrent_replace_registration_on_one_token_rotates_exactly_once ... ok
test dcr_replace_cannot_resurrect_a_concurrently_deleted_client ... ok
test dcr_required_event_failure_rolls_back_each_owned_effect ... ok
test dynamic_profile_metadata_round_trips_through_postgres ... ok
test dynamic_registration_store_maps_repository_failures_to_unavailable ... ok
test dynamic_registration_store_preserves_atomic_credential_semantics ... ok
test dynamic_registration_store_round_trips_registration_and_secret_material ... ok
test oauth_client_reads_fail_closed_across_tenants ... ok
test registration_token_rotation_rejects_a_stale_authenticated_token ... ok
test replace_registration_rejects_stale_predicates_without_writing ... ok
test replace_registration_returning_and_record_exclude_secret_columns ... ok
test replace_registration_returns_the_committed_row ... ok

test result: ok. 16 passed; 0 failed; 0 ignored; 0 measured; 0 filtered out; finished in 2.14s

     Running tests/query_counts.rs (target/debug/deps/query_counts-34af96b8353a7654)

running 22 tests
test ca01_authentication_snapshot_is_single_combined_read ... ok
test dc01_replace_registration_is_single_update_returning ... ok
test df01_deferred_claim_ready_uses_locked_projection_then_lease_update ... ok
test exs04_existence_checks_are_single_statements ... ok
test id01_active_subject_id_by_tenant_id_is_single_read ... ok
test new_family_capacity_transition_has_bounded_round_trips_and_complete_evidence ... NEW_FAMILY_ROUND_TRIPS counts=[3, 3, 3, 3, 3, 3, 3, 3, 3, 3, 3, 3, 3] confirmed_commits=13 live=10 retired=3 issued_audit=13 retired_audit=3
ok
test oidc_refresh_early_profile_is_coherent_and_final_fences_reject_changes ... ok
test oidc_refresh_snapshot_fallback_and_non_oidc_keep_original_reads ... ok
test oidc_refresh_snapshot_prepares_public_and_pairwise_in_one_runtime_role_query ... ok
test oidc_subject_preparation_reads_claims_epoch_and_binding_once ... ok
test principal_fence_timeout_covers_later_locks_and_resets_at_transaction_end ... ok
test refresh_contract_prepared_shape_preserves_distinct_contracts ... ok
test refresh_lookup_prepared_cache_reuses_two_shapes_and_isolates_binds ... REFRESH_LOOKUP_CACHE same_backend=true statements=2 plain_executions=8 prepared_executions=9 parameter_types_match=true bind_isolation=true
ok
test rf00_malformed_refresh_contract_is_rejected_before_pool_checkout ... ok
test rf01_ordinary_rotation_commit_has_exact_statement_count ... ok
test rf06_lost_response_successor_is_single_read ... ok
test rv09_mixed_revocation_retains_refresh_probes_before_jti_upsert ... ok
test rv09_revoke_issued_tokens_short_circuits_without_a_family ... ok
test rv09_revoke_refresh_family_is_lookup_lock_and_single_update ... ok
test ui01_userinfo_snapshot_is_single_read_for_both_subject_refs ... ok
test up06_upsert_access_verifies_no_write_retries ... ok
test vf01_pre_authorized_access_is_one_statement_per_path ... ok

test result: ok. 22 passed; 0 failed; 0 ignored; 0 measured; 0 filtered out; finished in 7.11s

     Running tests/read_connection_ownership.rs (target/debug/deps/read_connection_ownership-f5bd71db4a5e7cd0)

running 2 tests
test cancelling_a_blocked_read_retires_its_backend_before_reuse ... cancelled read backend 822 independently disappeared; replacement 825 executes SQL
ok
test completed_reads_return_connections_before_request_resumes ... client lookup: real query completed and pool slot returned before caller resumed
client identity: real query completed and pool slot returned before caller resumed
client authentication snapshot: real query completed and pool slot returned before caller resumed
client secret match: real query completed and pool slot returned before caller resumed
public account: real query completed and pool slot returned before caller resumed
principal: real query completed and pool slot returned before caller resumed
subject claims: real query completed and pool slot returned before caller resumed
ok

test result: ok. 2 passed; 0 failed; 0 ignored; 0 measured; 0 filtered out; finished in 0.39s

     Running tests/security_state_commit_boundary.rs (target/debug/deps/security_state_commit_boundary-8ee755885b9914e5)

running 1 test
test cleanup_counts_wait_for_commit_and_uncertain_connections_are_discarded ... raise: no premature cleanup success, backend retired, recovery committed
cancel: no premature cleanup success, backend retired, recovery committed
disconnect: no premature cleanup success, backend retired, recovery committed
ok

test result: ok. 1 passed; 0 failed; 0 ignored; 0 measured; 0 filtered out; finished in 2.51s

