   Compiling syn v2.0.119
    Checking cfg-if v1.0.5
    Checking libc v0.2.190
    Checking subtle v2.6.1
    Checking typenum v1.20.1
   Compiling syn v3.0.6
   Compiling zeroize_derive v1.5.0
    Checking zeroize v1.9.0
    Checking rand_core v0.10.1
    Checking getrandom v0.4.3
    Checking hybrid-array v0.4.15
    Checking cmov v0.5.4
    Checking ctutils v0.4.2
    Checking crypto-common v0.2.2
    Checking base64ct v1.8.3
    Checking const-oid v0.10.2
    Checking block-buffer v0.12.1
   Compiling num-traits v0.2.19
    Checking flagset v0.4.7
    Checking memchr v2.8.3
    Checking const-oid v0.9.6
    Checking digest v0.11.3
    Checking generic-array v0.14.9
    Checking cpufeatures v0.3.1
    Checking serde_core v1.0.229
   Compiling jobserver v0.1.35
   Compiling cc v1.6.0
   Compiling synstructure v0.14.0
   Compiling displaydoc v0.2.7
    Checking getrandom v0.2.17
    Checking rand_core v0.6.4
   Compiling zerofrom-derive v0.1.8
    Checking crypto-common v0.1.6
    Checking block-buffer v0.10.4
   Compiling serde_derive v1.0.229
    Checking zerofrom v0.1.8
    Checking digest v0.10.7
   Compiling yoke-derive v0.8.4
   Compiling cmake v0.1.58
    Checking stable_deref_trait v1.2.1
   Compiling aws-lc-sys v0.45.0
    Checking yoke v0.8.3
    Checking cpubits v0.1.1
    Checking hmac v0.13.0
   Compiling zerovec-derive v0.11.6
    Checking zerovec v0.11.8
    Checking serde v1.0.229
   Compiling aws-lc-rs v1.18.1
    Checking pem-rfc7468 v1.0.0
   Compiling thiserror-impl v2.0.21
   Compiling der_derive v0.8.0
    Checking smallvec v1.16.2
    Checking der v0.8.2
    Checking thiserror v2.0.21
    Checking untrusted v0.7.1
    Checking itoa v1.0.18
    Checking zmij v1.0.23
    Checking tinystr v0.8.4
    Checking crypto-bigint v0.7.5
    Checking sha2 v0.11.0
    Checking pem-rfc7468 v0.7.0
    Checking ff v0.14.0
   Compiling der_derive v0.7.3
    Checking writeable v0.6.4
    Checking litemap v0.8.3
    Checking base64 v0.22.1
    Checking icu_locale_core v2.3.0
    Checking der v0.7.10
    Checking serde_json v1.0.151
    Checking spki v0.8.0
    Checking potential_utf v0.1.6
    Checking zerotrie v0.2.5
    Checking signature v2.2.0
    Checking chacha20 v0.10.2
    Checking utf8_iter v1.0.4
    Checking icu_collections v2.3.0
    Checking rand v0.10.3
    Checking icu_provider v2.3.1
    Checking spki v0.7.3
    Checking group v0.14.0
    Checking inout v0.2.2
   Compiling curve25519-dalek-derive v0.1.1
   Compiling zerocopy-derive v0.8.59
    Checking pin-project-lite v0.2.17
    Checking base16ct v1.0.0
    Checking sec1 v0.8.1
    Checking zerocopy v0.8.59
    Checking icu_normalizer_data v2.3.0
    Checking icu_properties_data v2.3.0
    Checking pkcs8 v0.11.0
    Checking hkdf v0.13.0
    Checking signature v3.0.0
    Checking percent-encoding v2.3.2
    Checking iana-time-zone v0.1.65
    Checking chrono v0.4.45
    Checking elliptic-curve v0.14.1
    Checking icu_properties v2.3.0
    Checking icu_normalizer v2.3.0
    Checking cipher v0.5.2
    Checking primefield v0.14.0
    Checking universal-hash v0.6.1
    Checking simd-adler32 v0.3.10
    Checking bitflags v2.13.2
    Checking polyval v0.7.3
    Checking wnaf v0.14.1
    Checking idna_adapter v1.2.2
    Checking pkcs8 v0.10.2
    Checking rfc6979 v0.6.0
    Checking uuid v1.27.0
    Checking phc v0.6.1
    Checking once_cell v1.21.4
    Checking base64 v0.23.1
    Checking adler2 v2.0.1
    Checking password-hash v0.6.1
    Checking ecdsa v0.17.0
    Checking idna v1.1.0
    Checking primeorder v0.14.0
    Checking curve25519-dalek v5.0.0
    Checking ghash v0.6.0
    Checking ctr v0.10.1
    Checking aes v0.9.3
    Checking ed25519 v3.0.0
    Checking aead v0.6.1
    Checking blake2 v0.11.0
    Checking futures-sink v0.3.34
    Checking futures-core v0.3.34
    Checking argon2 v0.6.0
    Checking aes-gcm v0.11.1
    Checking ed25519-dalek v3.0.0
    Checking p256 v0.14.0
    Checking crc32fast v1.5.2
    Checking miniz_oxide v0.9.1
    Checking form_urlencoded v1.2.2
    Checking x509-cert v0.3.0
    Checking ff v0.13.1
    Checking base16ct v0.2.0
    Checking sec1 v0.7.3
    Checking group v0.13.0
    Checking url v2.5.8
    Checking flate2 v1.1.10
    Checking ppv-lite86 v0.2.21
    Checking crypto-bigint v0.5.5
   Compiling futures-macro v0.3.34
    Checking futures-task v0.3.34
    Checking cpufeatures v0.2.17
    Checking slab v0.4.12
    Checking futures-util v0.3.34
    Checking elliptic-curve v0.13.8
    Checking half v2.7.1
    Checking hmac v0.12.1
   Compiling blake3 v1.8.7
    Checking ciborium-io v0.2.2
    Checking ciborium-ll v0.2.2
    Checking rfc6979 v0.4.0
    Checking sha2 v0.10.9
    Checking arrayvec v0.7.8
    Checking constant_time_eq v0.4.2
    Checking curve25519-dalek v4.1.3
    Checking ecdsa v0.16.9
    Checking ciborium v0.2.2
    Checking primeorder v0.13.6
    Checking rand_chacha v0.3.1
    Checking miniz_oxide v0.8.9
    Checking ed25519 v2.2.3
    Checking fdeflate v0.3.7
    Checking x509-cert v0.2.5
    Checking byteorder-lite v0.1.0
    Checking zune-core v0.5.3
    Checking quick-error v2.0.1
    Checking pxfm v0.1.30
    Checking moxcms v0.8.1
    Checking image-webp v0.2.4
    Checking zune-jpeg v0.5.15
    Checking png v0.18.1
    Checking ed25519-dalek v2.2.0
    Checking rand v0.8.8
    Checking p256 v0.13.2
    Checking tracing-core v0.1.36
    Checking nom v8.0.0
   Compiling tracing-attributes v0.1.31
    Checking email_address v0.2.9
    Checking bytemuck v1.25.2
    Checking image v0.25.10
    Checking lettre v0.11.23
    Checking tracing v0.1.44
    Checking arc-swap v1.9.2
    Checking passkey-auth v0.1.3
    Checking nazo-scim-events v0.2.16 (/src/crates/scim-events)
    Checking sha1 v0.11.0
    Checking urlencoding v2.1.3
    Checking nazo-runtime-modules v0.2.16 (/src/crates/runtime-capabilities)
    Checking anyhow v1.0.104
   Compiling num-conv v0.2.2
   Compiling time-core v0.1.9
   Compiling time-macros v0.2.32
    Checking deranged v0.5.8
    Checking powerfmt v0.2.0
    Checking minimal-lexical v0.2.1
    Checking time v0.3.55
    Checking nom v7.1.3
   Compiling synstructure v0.13.2
    Checking bytes v1.12.1
   Compiling asn1-rs-derive v0.6.0
    Checking rusticata-macros v4.1.0
   Compiling asn1-rs-impl v0.2.0
    Checking asn1-rs v0.7.2
    Checking num-integer v0.1.47
   Compiling oid-registry v0.8.1
    Checking num-bigint v0.4.8
   Compiling strsim v0.11.1
   Compiling fnv v1.0.7
   Compiling ident_case v1.0.1
   Compiling darling_core v0.21.3
    Checking der-parser v10.0.0
   Compiling tokio-macros v2.7.2
    Checking rustls-pki-types v1.15.1
    Checking socket2 v0.6.5
    Checking mio v1.2.4
    Checking lazy_static v1.5.1
    Checking tinyvec v1.13.3
    Checking data-encoding v2.11.1
    Checking byteorder v1.5.0
    Checking unicode-normalization v0.1.25
    Checking tokio v1.53.2
    Checking jsonwebtoken v11.1.0
    Checking nazo-crypto v0.2.16 (/src/crates/crypto)
    Checking nazo-identity v0.2.16 (/src/crates/identity)
    Checking x509-parser v0.18.1
    Checking nazo-auth v0.2.16 (/src/crates/authorization-server-core)
   Compiling darling_macro v0.21.3
    Checking unicode-bidi v0.3.18
   Compiling parking_lot_core v0.9.12
   Compiling winnow v1.0.4
    Checking unicode-properties v0.1.4
    Checking stringprep v0.1.5
   Compiling toml_parser v1.1.3+spec-1.1.0
   Compiling darling v0.21.3
   Compiling serde_spanned v1.1.1
   Compiling toml_datetime v0.7.5+spec-1.1.0
    Checking md-5 v0.11.0
    Checking scopeguard v1.2.0
    Checking fallible-iterator v0.2.0
   Compiling winnow v0.7.15
   Compiling either v1.18.0
   Compiling diesel_derives v2.3.10
   Compiling heck v0.5.0
    Checking siphasher v1.0.4
   Compiling dsl_auto_type v0.2.0
    Checking phf_shared v0.13.1
   Compiling toml v0.9.12+spec-1.1.0
    Checking postgres-protocol v0.6.12
    Checking lock_api v0.4.14
    Checking nazo-digital-credentials v0.2.16 (/src/crates/digital-credentials)
   Compiling diesel_table_macro_syntax v0.3.0
    Checking untrusted v0.9.0
   Compiling rustls v0.23.45
    Checking rustls-webpki v0.103.15
    Checking parking_lot v0.12.5
   Compiling migrations_internals v2.3.0
    Checking postgres-types v0.2.14
    Checking phf v0.13.1
    Checking tokio-util v0.7.19
    Checking futures-channel v0.3.34
   Compiling async-trait v0.1.92
    Checking whoami v2.1.3
    Checking downcast-rs v2.0.2
    Checking log v0.4.34
   Compiling proc-macro2 v1.0.107
    Checking tokio-postgres v0.7.18
   Compiling migrations_macros v2.3.0
    Checking diesel v2.3.13
    Checking nazo-operator-protocol v0.2.16 (/src/crates/operator-protocol)
    Checking pem v4.0.0
    Checking deadpool-runtime v0.3.1
    Checking openssl-probe v0.2.1
    Checking unicode-ident v1.0.26
   Compiling quote v1.0.47
    Checking rustls-native-certs v0.8.4
    Checking deadpool v0.13.1
    Checking nazo-openid4vp v0.2.16 (/src/crates/openid4vp)
    Checking tokio-rustls v0.26.6
    Checking nazo-openid4vci v0.2.16 (/src/crates/openid4vci)
    Checking webpki-roots v1.0.9
    Checking http v1.5.0
    Checking nazo-resource-server v0.2.16 (/src/crates/resource-server)
    Checking tokio-postgres-rustls v0.14.0
    Checking nazo-persistence v0.2.16 (/src/crates/persistence)
    Checking nazo-key-management v0.2.16 (/src/crates/key-management)
    Checking yasna v0.6.0
    Checking rcgen v0.14.10
    Checking getrandom v0.3.4
    Checking rand_core v0.9.5
    Checking linux-raw-sys v0.12.1
    Checking rustix v1.1.5
    Checking fastrand v2.5.0
    Checking tempfile v3.27.0
    Checking wait-timeout v0.2.1
    Checking bit-vec v0.8.0
    Checking quick-error v1.2.3
    Checking rusty-fork v0.3.1
    Checking bit-set v0.8.0
    Checking rand_xorshift v0.4.0
    Checking rand_chacha v0.9.0
    Checking rand v0.9.5
    Checking regex-syntax v0.8.11
    Checking unarray v0.1.4
    Checking proptest v1.11.0
    Checking futures-executor v0.3.34
    Checking diesel_migrations v2.3.2
    Checking diesel-async v0.9.2
    Checking nazo-postgres v0.2.16 (/src/crates/persistence-postgres)
    Finished `dev` profile [unoptimized + debuginfo] target(s) in 2m 30s
