   Compiling nazo-auth v0.2.16 (/src/crates/authorization-server-core)
    Finished `test` profile [unoptimized + debuginfo] target(s) in 1.86s
     Running unittests src/lib.rs (target/debug/deps/nazo_auth-02dd8dea3e58f495)

running 180 tests
test admin_clients::service::tests::page_forwards_the_policy_tenant_to_persistence ... ok
test admin_clients::validation::metadata_tests::client_metadata_accepts_implemented_jwt_bearer_grant ... ok
test admin_clients::validation::metadata_tests::client_metadata_accepts_refresh_tokens_for_ciba_and_device_grants ... ok
test admin_clients::validation::metadata_tests::ciba_and_logout_callback_uri_lengths_share_one_bound ... ok
test admin_clients::validation::metadata_tests::client_metadata_rejects_removed_or_unsafe_grants ... ok
test admin_clients::validation::metadata_tests::client_metadata_rejects_non_loopback_http_redirect_uri ... ok
test admin_clients::validation::metadata_tests::client_metadata_rejects_public_client_secret_and_confidential_none ... ok
test admin_clients::service::tests::client_patch_keeps_subject_type_validation_in_the_core ... ok
test admin_clients::service::tests::registration_rejects_unknown_subject_types_before_persistence ... ok
test admin_clients::validation::metadata_tests::client_metadata_rejects_unsupported_auth_and_unsafe_grant_combinations ... ok
test admin_clients::validation::metadata_tests::client_metadata_rejects_backchannel_logout_uri_with_fragment_or_insecure_host ... ok
test admin_clients::validation::metadata_tests::client_metadata_requires_refresh_grant_for_offline_access ... ok
test admin_clients::validation::metadata_tests::client_metadata_rejects_frontchannel_logout_uri_with_fragment_or_insecure_host ... ok
test admin_clients::validation::metadata_tests::request_object_crypto_metadata_is_a_closed_supported_pair ... ok
test admin_clients::validation::metadata_tests::client_metadata_validates_optional_jwks_for_all_auth_methods ... ok
test admin_clients::validation::metadata_tests::client_metadata_validates_introspection_jwe_metadata ... ok
test admin_clients::validation::mtls_tests::client_metadata_rejects_mtls_auth_for_public_clients ... ok
test admin_clients::validation::mtls_tests::client_metadata_rejects_duplicate_san_email_bindings ... ok
test admin_clients::validation::metadata_tests::client_metadata_requires_public_jwks_for_private_key_jwt ... ok
test admin_clients::validation::mtls_tests::client_metadata_requires_mtls_binding_material ... ok
test admin_clients::validation::mtls_tests::client_metadata_requires_exactly_one_rfc8705_pki_subject_selector ... ok
test admin_clients::validation::metadata_tests::client_metadata_validates_userinfo_and_authorization_response_crypto_metadata ... ok
test admin_clients::validation::tests::policy_debug_output_redacts_server_secrets ... ok
test admin_clients::validation::tests::sector_identifier_document_requires_every_redirect ... ok
test admin_clients::validation::mtls_tests::client_metadata_validates_mtls_binding_material_shape ... ok
test admin_clients::validation::tests::sector_identifier_uri_must_have_a_host ... ok
test admin_clients::validation::mtls_tests::client_metadata_requires_self_signed_mtls_x5c_jwks ... ok
test authorization_policy::tests::interaction_and_response_failures_are_typed_and_fail_closed ... ok
test authorization_policy::tests::module_and_profile_failures_preserve_protocol_error_categories ... ok
test authorization_policy::tests::protocol_max_age_zero_accepts_only_completed_fresh_authentication ... ok
test authorization_policy::tests::authorization_policy_normalizes_oidc_claims_rar_and_jarm ... ok
test authorization_policy::tests::protocol_max_age_zero_requires_fresh_authentication_without_completion_nonce ... ok
test authorization_policy::tests::same_second_fresh_authentication_requires_strictly_later_server_event ... ok
test authorization_policy::tests::session_policy_handles_prompt_none_and_reauthentication_without_transport_state ... ok
test authorization_policy::tests::response_plan_keeps_plain_and_jarm_outputs_distinct ... ok
test authorization_request::tests::jar_expired_object_never_consumes_replay_state ... ok
test authorization_request::tests::jar_replay_deadline_uses_validated_expiry ... ok
test authorization_request::tests::oidc_signed_request_object_parameters_supersede_outer_duplicates ... ok
test authorization_request::tests::owned_normalizer_reuses_outer_map_without_consuming_it_on_policy_failure ... ok
test authorization_request::tests::replay_and_dependency_failures_are_fail_closed_and_keep_error_categories ... ok
test authorization_request::tests::par_fapi_policy_requires_confidential_strong_auth_and_sender_constraint ... ok
test authorization_request::tests::signed_request_object_rejects_conflicts_and_reserved_request_uri ... ok
test authorization_request::tests::signed_request_object_is_normalized_only_after_all_claim_checks ... ok
test authorization_service::tests::arc_trait_object_is_an_authorization_state_store ... ok
test authorization_service::tests::admitted_consent_consumes_its_par_handle_once ... ok
test authorization_service::tests::approved_but_undelivered_keeps_fact_grant_and_consumption_fence ... ok
test authorization_service::tests::decision_kind_requires_matching_code_presence ... ok
test authorization_request::tests::registered_request_object_signing_algorithm_is_enforced ... ok
test authorization_service::tests::foreign_user_cannot_consume_an_observed_consent ... ok
test authorization_service::tests::owned_request_object_admission_keeps_outer_parameters_on_replay_dependency_failure ... ok
test authorization_service::tests::preview_preserves_longest_material_retention_and_shortest_admission_expiry ... ok
test authorization_service::tests::stored_grant_must_cover_every_scope_and_resource ... ok
test client_assertion::jwk_policy_tests::shared_jwk_policy_rejects_private_material_and_ambiguous_key_ids ... ok
test authorization_service::tests::failed_or_unknown_decision_never_publishes_a_code ... ok
test client_attestation::tests::client_attestation_window_preserves_inclusive_age_and_future_tolerance ... ok
test client_authentication::tests::all_builtin_methods_are_fixed_and_unknown_methods_fail_closed ... ok
test authorization_service::tests::consent_replacement_between_load_and_claim_is_preserved ... ok
test authorization_service::tests::pushed_request_digest_is_independent_of_hash_map_iteration_order ... ok
test client_authentication::tests::method_mismatch_and_credential_smuggling_fail_before_adapter_execution ... ok
test authorization_request::tests::signed_request_object_crypto_defers_time_policy_to_injected_clock ... ok
test authorization_service::tests::concurrent_preparation_disposal_removes_only_the_observed_snapshot ... ok
test authorization_service::tests::ciba_request_object_replay_is_delegated_to_the_state_store ... ok
test client_registration::tests::baseline_policy_is_explicitly_default_deny ... ok
test client_authentication::tests::transport_mtls_presentation_preserves_the_registered_self_signed_policy ... ok
test authorization_request::tests::compact_shape_algorithm_key_and_signature_errors_remain_distinct ... ok
test client_registration::tests::unknown_policy_version_fails_closed ... ok
test client_registration::tests::pushed_requests_are_independent_of_fapi_client_authentication ... ok
test client_registration::tests::independent_message_signing_requirements_can_coexist ... ok
test device::tests::arc_trait_objects_preserve_the_store_version_type ... ok
test device::tests::stale_approval_claims_are_reclaimable_but_bounded ... ok
test device::tests::state_version_exposes_the_opaque_comparison_token ... ok
test client_assertion::jwk_policy_tests::shared_rsa_policy_rejects_weak_moduli_and_invalid_exponents ... ok
test client_authentication::tests::credential_client_id_must_match_the_resolved_tenant_scoped_client ... ok
test dpop::tests::constant_time_comparison_preserves_equality_semantics ... ok
test client_authentication::tests::fixed_methods_require_exact_material ... ok
test client_authentication::tests::public_none_is_explicit_and_rejects_hidden_credentials ... ok
test authorization_service::tests::mismatched_prepared_authorization_is_rejected_before_repository_commit ... ok
test client_authentication::tests::presented_credentials_debug_output_redacts_secret_material ... ok
test authorization_service::tests::missing_par_preview_retains_consent_for_protocol_redirect ... ok
test dpop::tests::arc_trait_object_is_a_dpop_state_store ... ok
test authorization_service::tests::successful_commit_binds_exact_prepared_code_before_publication ... ok
test authorization_service::tests::code_expiry_extends_retention_without_extending_admission_expiry ... ok
test dpop::tests::dpop_nonce_ttl_does_not_follow_replay_ttl ... ok
test dpop::tests::dpop_replay_scope_preserves_exact_method ... ok
test authorization_service::tests::cancellation_before_decision_ack_never_publishes_a_code ... ok
test authorization_service::tests::deny_and_prompt_none_share_par_fence_without_incrementing_explicit_grants ... ok
test authorization_service::tests::corrupt_par_snapshot_between_load_and_disposal_is_preserved ... ok
test authorization_request::tests::signed_request_object_crypto_uses_strict_shared_client_jwk_policy ... ok
test dpop::tests::accepts_an_explicit_alternate_mtls_endpoint_target ... ok
test authorization_request::tests::unsigned_request_objects_are_rejected_for_every_client_profile ... ok
test authorization_service::tests::competing_decision_kinds_share_one_par_commit ... ok
test dpop::tests::nonce_has_256_bits_of_urlsafe_entropy ... ok
test extension_grants::tests::dual_subject_binding_and_sender_binding_conversion_fail_closed ... ok
test extension_grants::tests::empty_but_present_grant_tokens_reach_crypto_validation ... ok
test extension_grants::tests::jwt_bearer_claims_require_exact_party_audience_time_and_replay_values ... ok
test extension_grants::tests::exchange_subject_identity_table_separates_user_and_client ... ok
test dynamic_client_registration::tests::default_registration_contract_matches_oidc_code_client_behavior ... ok
test dpop::tests::binding_and_missing_proof_are_enforced ... ok
test dpop::tests::dpop_noncritical_extension_remains_accepted ... ok
test dynamic_client_registration::tests::external_request_uri_registration_is_validated_and_preserved ... ok
test dpop::tests::dpop_unknown_critical_header_is_rejected ... ok
test dpop::tests::rejects_oversized_raw_jti_even_when_trimmed_payload_is_short ... ok
test extension_grants::tests::verified_subject_limits_scope_and_preserves_sender_binding ... ok
test metadata::document::tests::protected_resource_metadata_uses_the_same_rar_snapshot ... ok
test authorization_service::tests::consent_cleanup_mismatch_does_not_attempt_par_cleanup ... ok
test metadata::document::tests::composable_metadata_advertises_the_union_of_supported_client_policies ... ok
test dynamic_client_registration::tests::rp_metadata_choice_lists_reject_empty_values ... ok
test dpop::tests::dpop_future_iat_replay_marker_outlives_acceptance ... ok
test dpop::tests::concurrent_replay_consumption_has_exactly_one_winner ... ok
test dpop::tests::htu_ignores_query_and_fragment_but_not_origin ... ok
test dpop::tests::verifies_public_jwk_and_protocol_claims ... ok
test dynamic_client_registration::tests::rp_metadata_choices_select_supported_single_values_and_reject_inconsistency ... ok
test extension_grants::tests::actor_claim_requires_same_client_and_rejects_sender_constraint ... ok
test extension_grants::tests::token_exchange_type_scope_and_target_policy_is_explicit ... ok
test dpop::tests::dpop_http_method_is_case_sensitive ... ok
test dpop::tests::protected_resource_replay_scope_rejects_same_jti_across_dpop_keys ... ok
test oauth_parameters::tests::scope_and_subset_policy_preserve_oauth_semantics ... ok
test dpop::tests::htu_normalizes_claim_and_configured_target_equivalently ... ok
test oidc_logout::tests::oidc_subject_for_public_client_is_the_user_identifier ... ok
test extension_grants::tests::token_exchange_multi_target_fails_closed_on_any_denied_target ... ok
test metadata::document::tests::id_token_metadata_includes_non_primary_eligible_signing_keys ... ok
test oauth_parameters::tests::json_string_collections_ignore_non_string_members ... ok
test oidc_logout::tests::pairwise_subject_is_stable_within_sector_and_distinct_across_sectors ... ok
test oidc_logout::tests::oidc_pairwise_subject_uses_explicit_sector_and_redirect_host_fallback ... ok
test oauth_parameters::tests::duplicate_detection_is_limited_to_named_parameters ... ok
test dynamic_client_registration::tests::public_and_confidential_code_clients_share_one_registration_path ... ok
test oauth_parameters::tests::token_audience_policy_accepts_string_or_array_only ... ok
test oidc_logout::tests::oidc_pairwise_subject_requires_secret_and_supported_subject_type ... ok
test oidc_logout::tests::redirect_state_is_appended_without_replacing_registered_query ... ok
test rate_limit::tests::arc_trait_object_forwards_to_rate_limit_port ... ok
test metadata::document::tests::fapi_profiles_publish_only_the_selected_security_contract ... ok
test metadata::document::tests::native_sso_does_not_emit_nonstandard_discovery_field ... ok
test session_management::tests::issuer_uses_browser_origin_serialization ... ok
test metadata::document::tests::ciba_metadata_is_complete_and_profile_scoped ... ok
test token::tests::public_unbound_refresh_proofs_are_retained_until_token_expiry ... ok
test resource_indicator::tests::private_parameter_representation_uses_the_same_validation ... ok
test metadata::document::tests::fapi_external_request_uri_is_not_advertised_and_other_configuration_is_preserved ... ok
test token_endpoint::tests::conflicting_client_authentication_material_is_rejected_before_crypto ... ok
test metadata::document::tests::baseline_document_shape_is_locked ... ok
test authorization_service::tests::cleanup_dependency_errors_preserve_the_original_stage_mapping ... ok
test metadata::document::tests::grant_modules_change_only_the_typed_grant_catalog ... ok
test token_endpoint::tests::every_extension_grant_is_exhaustively_classified_without_parsing_its_state_machine ... ok
test authorization_service::tests::independent_request_fence_is_tenant_scoped_and_expired_input_cannot_commit ... ok
test token_endpoint::tests::required_grant_material_fails_closed ... ok
test oidc_logout::tests::resolve_client_rejects_conflicting_hint_audience ... ok
test token_endpoint::tests::sender_constraint_matrix_rejects_missing_mismatched_and_dual_bindings ... ok
test token::tests::authentication_context_accepts_current_and_retained_legacy_versions ... ok
test dynamic_client_registration::tests::software_statement_and_response_type_errors_keep_rfc_codes ... ok
test dynamic_client_registration::tests::private_key_jwt_registration_enables_standard_oidc_token_endpoint_audience ... ok
test dynamic_client_registration::tests::third_party_initiated_login_uri_requires_https_and_is_preserved ... ok
test metadata::document::tests::jarm_capability_controls_jwt_response_mode ... ok
test session_management::tests::state_is_bound_to_client_origin_browser_state_and_salt ... ok
test dynamic_client_registration::tests::configuration_update_rejects_invalid_shapes_and_public_secrets ... ok
test dpop::tests::rejects_private_or_mislabelled_jwk_material ... ok
test token_endpoint::tests::client_grant_profile_and_sender_constraint_are_admitted_together ... ok
test metadata::document::tests::draining_modules_are_not_advertised_as_accepting_new_transactions ... ok
test token_endpoint::tests::core_grants_dispatch_to_distinct_typed_requests ... ok
test dpop::tests::state_failures_are_fail_closed_with_compatible_error_categories ... ok
test resource_indicator::tests::resource_indicators_require_absolute_unique_fragmentless_uris ... ok
test token_service::tests::arc_trait_object_is_a_token_state_store ... ok
test metadata::document::tests::token_management_auth_metadata_projects_its_actual_endpoint_policies ... ok
test dpop::tests::dpop_explicit_null_or_empty_crit_is_rejected ... ok
test metadata::document::tests::non_standard_http_signatures_and_scim_do_not_mutate_standard_metadata ... ok
test dpop::tests::rejects_wrong_type_algorithm_curve_segments_and_signature ... ok
test dynamic_client_registration::tests::configuration_update_rejects_server_fields_and_requires_matching_credentials ... ok
test token_service::tests::authorization_code_holder_serialization_omits_absent_proofs ... ok
test token::tests::refresh_authority_keeps_the_immutable_contract_and_generation_sid_separate ... ok
test token_service::tests::compact_code_holder_still_rejects_missing_authority_and_invalid_proofs ... ok
test token_service::tests::access_token_cannot_bind_two_sender_constraints ... ok
test token_service::tests::introspection_reports_dpop_only_for_dpop_bound_tokens ... ok
test extension_grants::tests::admitted_raw_assertions_and_exchange_tokens_borrow_the_original_buffers ... ok
test token_service::tests::token_inspection_builds_exact_rfc7662_documents ... ok
test token_service::tests::token_inspection_preserves_owned_audience_and_confirmation_shapes ... ok
test metadata::document::tests::external_request_uri_is_advertised_only_with_both_required_modules_on_baseline ... ok
test dynamic_client_registration::tests::every_rp_metadata_choice_fails_closed_when_no_server_value_is_supported ... ok
test metadata::document::tests::runtime_module_advertisements_are_table_driven ... ok
test authorization_request::tests::signed_request_object_time_window_is_bounded ... ok
test dpop::tests::required_nonce_is_reusable_while_jti_replay_remains_one_time ... ok
test dpop::tests::enforces_htu_htm_iat_jti_and_ath ... ok
test authorization_policy::tests::max_age_decision_matches_elapsed_session_age ... ok

test result: ok. 180 passed; 0 failed; 0 ignored; 0 measured; 0 filtered out; finished in 0.01s

