 Downloading crates ...
  Downloaded bit-set v0.8.0
  Downloaded rusty-fork v0.3.1
  Downloaded unarray v0.1.4
  Downloaded rand_xorshift v0.4.0
  Downloaded quick-error v1.2.3
  Downloaded wait-timeout v0.2.1
  Downloaded bit-vec v0.8.0
  Downloaded proptest v1.11.0
   Compiling proc-macro2 v1.0.107
   Compiling quote v1.0.47
   Compiling unicode-ident v1.0.26
   Compiling libc v0.2.190
   Compiling syn v2.0.119
   Compiling cfg-if v1.0.5
   Compiling subtle v2.6.1
   Compiling typenum v1.20.1
   Compiling syn v3.0.6
   Compiling zeroize_derive v1.5.0
   Compiling zeroize v1.9.0
   Compiling rand_core v0.10.1
   Compiling getrandom v0.4.3
   Compiling base64ct v1.8.3
   Compiling cmov v0.5.4
   Compiling ctutils v0.4.2
   Compiling hybrid-array v0.4.15
   Compiling version_check v0.9.5
   Compiling const-oid v0.10.2
   Compiling flagset v0.4.7
   Compiling generic-array v0.14.9
   Compiling const-oid v0.9.6
   Compiling crypto-common v0.2.2
   Compiling synstructure v0.14.0
   Compiling block-buffer v0.12.1
   Compiling autocfg v1.5.1
   Compiling zerofrom-derive v0.1.8
   Compiling num-traits v0.2.19
   Compiling digest v0.11.3
   Compiling getrandom v0.2.17
   Compiling rand_core v0.6.4
   Compiling yoke-derive v0.8.4
   Compiling zerofrom v0.1.8
   Compiling block-buffer v0.10.4
   Compiling crypto-common v0.1.6
   Compiling stable_deref_trait v1.2.1
   Compiling digest v0.10.7
   Compiling yoke v0.8.3
   Compiling zerovec-derive v0.11.6
   Compiling displaydoc v0.2.7
   Compiling pem-rfc7468 v0.7.0
   Compiling zerovec v0.11.8
   Compiling der_derive v0.7.3
   Compiling jobserver v0.1.35
   Compiling serde_core v1.0.229
   Compiling find-msvc-tools v0.1.14
   Compiling shlex v2.0.1
   Compiling der v0.7.10
   Compiling cc v1.6.0
   Compiling semver v1.0.28
   Compiling zerocopy v0.8.59
   Compiling rustc_version v0.4.1
   Compiling spki v0.7.3
   Compiling pem-rfc7468 v1.0.0
   Compiling der_derive v0.8.0
   Compiling zerocopy-derive v0.8.59
   Compiling cpufeatures v0.3.1
   Compiling der v0.8.2
   Compiling tinystr v0.8.4
   Compiling cpubits v0.1.1
   Compiling serde v1.0.229
   Compiling writeable v0.6.4
   Compiling litemap v0.8.3
   Compiling icu_locale_core v2.3.0
   Compiling crypto-bigint v0.7.5
   Compiling pkcs8 v0.10.2
   Compiling potential_utf v0.1.6
   Compiling zerotrie v0.2.5
   Compiling serde_derive v1.0.229
   Compiling ff v0.14.0
   Compiling utf8_iter v1.0.4
   Compiling icu_properties_data v2.3.0
   Compiling icu_normalizer_data v2.3.0
   Compiling icu_collections v2.3.0
   Compiling icu_provider v2.3.1
   Compiling spki v0.8.0
   Compiling cmake v0.1.58
   Compiling signature v2.2.0
   Compiling hmac v0.13.0
   Compiling dunce v1.0.5
   Compiling fs_extra v1.3.0
   Compiling memchr v2.8.3
   Compiling pkg-config v0.3.34
   Compiling zmij v1.0.23
   Compiling group v0.14.0
   Compiling aws-lc-sys v0.45.0
   Compiling ff v0.13.1
   Compiling curve25519-dalek-derive v0.1.1
   Compiling base16ct v0.2.0
   Compiling simd-adler32 v0.3.10
   Compiling serde_json v1.0.151
   Compiling smallvec v1.16.2
   Compiling bitflags v2.13.2
   Compiling base16ct v1.0.0
   Compiling thiserror v2.0.21
   Compiling getrandom v0.3.4
   Compiling sec1 v0.8.1
   Compiling icu_normalizer v2.3.0
   Compiling sec1 v0.7.3
   Compiling group v0.13.0
   Compiling icu_properties v2.3.0
   Compiling hkdf v0.13.0
   Compiling pkcs8 v0.11.0
   Compiling ppv-lite86 v0.2.21
   Compiling crypto-bigint v0.5.5
   Compiling signature v3.0.0
   Compiling thiserror-impl v2.0.21
   Compiling adler2 v2.0.1
   Compiling crc32fast v1.5.2
   Compiling cpufeatures v0.2.17
   Compiling once_cell v1.21.4
   Compiling itoa v1.0.18
   Compiling elliptic-curve v0.13.8
   Compiling elliptic-curve v0.14.1
   Compiling idna_adapter v1.2.2
   Compiling primefield v0.14.0
   Compiling curve25519-dalek v4.1.3
   Compiling curve25519-dalek v5.0.0
   Compiling hmac v0.12.1
   Compiling rustix v1.1.5
   Compiling aws-lc-rs v1.18.1
   Compiling pin-project-lite v0.2.17
   Compiling rfc6979 v0.4.0
   Compiling wnaf v0.14.1
   Compiling rand_core v0.9.5
   Compiling idna v1.1.0
   Compiling sha2 v0.10.9
   Compiling miniz_oxide v0.9.1
   Compiling rfc6979 v0.6.0
   Compiling half v2.7.1
   Compiling sha2 v0.11.0
   Compiling phc v0.6.1
   Compiling ciborium-io v0.2.2
   Compiling linux-raw-sys v0.12.1
   Compiling rustversion v1.0.23
   Compiling untrusted v0.7.1
   Compiling percent-encoding v2.3.2
   Compiling base64 v0.22.1
   Compiling form_urlencoded v1.2.2
   Compiling ciborium-ll v0.2.2
   Compiling password-hash v0.6.1
   Compiling ecdsa v0.17.0
   Compiling flate2 v1.1.10
   Compiling primeorder v0.14.0
   Compiling ecdsa v0.16.9
   Compiling primeorder v0.13.6
   Compiling miniz_oxide v0.8.9
   Compiling ed25519 v3.0.0
   Compiling rand_chacha v0.3.1
   Compiling fdeflate v0.3.7
   Compiling ed25519 v2.2.3
   Compiling chacha20 v0.10.2
   Compiling uuid v1.27.0
   Compiling blake3 v1.8.7
   Compiling blake2 v0.11.0
   Compiling futures-macro v0.3.34
   Compiling quick-error v2.0.1
   Compiling futures-core v0.3.34
   Compiling byteorder-lite v0.1.0
   Compiling pxfm v0.1.30
   Compiling fastrand v2.5.0
   Compiling iana-time-zone v0.1.65
   Compiling futures-task v0.3.34
   Compiling zune-core v0.5.3
   Compiling slab v0.4.12
   Compiling futures-util v0.3.34
   Compiling zune-jpeg v0.5.15
   Compiling chrono v0.4.45
   Compiling tempfile v3.27.0
   Compiling moxcms v0.8.1
   Compiling image-webp v0.2.4
   Compiling argon2 v0.6.0
   Compiling rand v0.10.3
   Compiling ed25519-dalek v2.2.0
   Compiling png v0.18.1
   Compiling rand v0.8.8
   Compiling ed25519-dalek v3.0.0
   Compiling p256 v0.13.2
   Compiling p256 v0.14.0
   Compiling ciborium v0.2.2
   Compiling url v2.5.8
   Compiling tracing-core v0.1.36
   Compiling nom v8.0.0
   Compiling x509-cert v0.3.0
   Compiling x509-cert v0.2.5
   Compiling tracing-attributes v0.1.31
   Compiling wait-timeout v0.2.1
   Compiling fnv v1.0.7
   Compiling constant_time_eq v0.4.2
   Compiling arrayvec v0.7.8
   Compiling bytemuck v1.25.2
   Compiling anyhow v1.0.104
   Compiling quick-error v1.2.3
   Compiling bit-vec v0.8.0
   Compiling email_address v0.2.9
   Compiling base64 v0.23.1
   Compiling lettre v0.11.23
   Compiling bit-set v0.8.0
   Compiling rusty-fork v0.3.1
   Compiling image v0.25.10
   Compiling tracing v0.1.44
   Compiling passkey-auth v0.1.3
   Compiling arc-swap v1.9.2
   Compiling jsonwebtoken v11.1.0
   Compiling nazo-scim-events v0.2.16 (/src/crates/scim-events)
   Compiling nazo-crypto v0.2.16 (/src/crates/crypto)
   Compiling rand_xorshift v0.4.0
   Compiling rand v0.9.5
   Compiling rand_chacha v0.9.0
   Compiling sha1 v0.11.0
   Compiling unarray v0.1.4
   Compiling regex-syntax v0.8.11
   Compiling urlencoding v2.1.3
   Compiling nazo-identity v0.2.16 (/src/crates/identity)
   Compiling proptest v1.11.0
   Compiling nazo-runtime-modules v0.2.16 (/src/crates/runtime-capabilities)
   Compiling futures-executor v0.3.34
   Compiling nazo-auth v0.2.16 (/src/crates/authorization-server-core)
    Finished `test` profile [unoptimized + debuginfo] target(s) in 1m 17s
     Running unittests src/lib.rs (target/debug/deps/nazo_auth-02dd8dea3e58f495)

running 1 test
test token_service::tests::authorization_code_holder_serialization_omits_absent_proofs ... FAILED

failures:

---- token_service::tests::authorization_code_holder_serialization_omits_absent_proofs stdout ----

thread 'token_service::tests::authorization_code_holder_serialization_omits_absent_proofs' (5013) panicked at crates/authorization-server-core/src/../tests/unit/token_service.rs:196:13:
an absent proof must not occupy the durable receipt: {"authenticated_client":false,"client_attestation_jkt":null,"dpop_jkt":null,"mtls_x5t_s256":null,"pkce_s256":"verified-proof-1","version":1}
note: run with `RUST_BACKTRACE=1` environment variable to display a backtrace


failures:
    token_service::tests::authorization_code_holder_serialization_omits_absent_proofs

test result: FAILED. 0 passed; 1 failed; 0 ignored; 0 measured; 179 filtered out; finished in 0.00s

error: test failed, to rerun pass `-p nazo-auth --lib`
