   Compiling libc v0.2.190
   Compiling getrandom v0.4.3
   Compiling log v0.4.34
   Compiling zeroize v1.9.0
   Compiling hybrid-array v0.4.15
   Compiling smallvec v1.16.2
   Compiling block-buffer v0.12.1
   Compiling slab v0.4.12
   Compiling serde v1.0.229
   Compiling tracing-core v0.1.36
   Compiling zerofrom v0.1.8
   Compiling generic-array v0.14.9
   Compiling futures-io v0.3.34
   Compiling jobserver v0.1.35
   Compiling futures-util v0.3.34
   Compiling cc v1.6.0
   Compiling yoke v0.8.3
   Compiling tracing v0.1.44
   Compiling zerovec v0.11.8
   Compiling crypto-common v0.2.2
   Compiling parking_lot_core v0.9.12
   Compiling errno v0.3.14
   Compiling signal-hook-registry v1.4.8
   Compiling digest v0.11.3
   Compiling parking_lot v0.12.5
   Compiling socket2 v0.6.5
   Compiling mio v1.2.4
   Compiling tokio v1.53.2
   Compiling cmake v0.1.58
   Compiling getrandom v0.2.17
   Compiling rustls-pki-types v1.15.1
   Compiling aws-lc-sys v0.45.0
   Compiling rand_core v0.6.4
   Compiling crypto-common v0.1.6
   Compiling block-buffer v0.10.4
   Compiling thiserror v2.0.21
   Compiling digest v0.10.7
   Compiling tinystr v0.8.4
   Compiling rustls v0.23.45
   Compiling icu_locale_core v2.3.0
   Compiling potential_utf v0.1.6
   Compiling zerotrie v0.2.5
   Compiling icu_collections v2.3.0
   Compiling icu_provider v2.3.1
   Compiling hmac v0.13.0
   Compiling icu_normalizer v2.3.0
   Compiling icu_properties v2.3.0
   Compiling form_urlencoded v1.2.2
   Compiling semver v1.0.28
   Compiling idna_adapter v1.2.2
   Compiling rand v0.10.3
   Compiling zerocopy v0.8.59
   Compiling der v0.8.2
   Compiling idna v1.1.0
   Compiling rustc_version v0.4.1
   Compiling sha2 v0.11.0
   Compiling url v2.5.8
   Compiling crypto-bigint v0.7.5
   Compiling signature v2.2.0
   Compiling num-integer v0.1.47
   Compiling spki v0.8.0
   Compiling der v0.7.10
   Compiling foldhash v0.2.0
   Compiling hashbrown v0.17.1
   Compiling spki v0.7.3
   Compiling sec1 v0.8.1
   Compiling pkcs8 v0.11.0
   Compiling tokio-util v0.7.19
   Compiling hkdf v0.13.0
   Compiling signature v3.0.0
   Compiling elliptic-curve v0.14.1
   Compiling primefield v0.14.0
   Compiling inout v0.2.2
   Compiling equivalent v1.0.2
   Compiling indexmap v2.14.2
   Compiling asn1-rs v0.7.2
   Compiling wnaf v0.14.1
   Compiling rfc6979 v0.6.0
   Compiling chrono v0.4.45
   Compiling ecdsa v0.17.0
   Compiling primeorder v0.14.0
   Compiling cipher v0.5.2
   Compiling pkcs8 v0.10.2
   Compiling num-bigint v0.4.8
   Compiling ppv-lite86 v0.2.21
   Compiling curve25519-dalek v5.0.0
   Compiling universal-hash v0.6.1
   Compiling oid-registry v0.8.1
   Compiling polyval v0.7.3
   Compiling hmac v0.12.1
   Compiling phc v0.6.1
   Compiling ghash v0.6.0
   Compiling der-parser v10.0.0
   Compiling password-hash v0.6.1
   Compiling ctr v0.10.1
   Compiling aes v0.9.3
   Compiling p256 v0.14.0
   Compiling aead v0.6.1
   Compiling ed25519 v3.0.0
   Compiling ff v0.13.1
   Compiling blake2 v0.11.0
   Compiling uuid v1.27.0
   Compiling sec1 v0.7.3
   Compiling argon2 v0.6.0
   Compiling group v0.13.0
   Compiling ed25519-dalek v3.0.0
   Compiling aes-gcm v0.11.1
   Compiling hkdf v0.12.4
   Compiling x509-cert v0.3.0
   Compiling crypto-bigint v0.5.5
   Compiling mime v0.3.17
   Compiling httpdate v1.0.3
   Compiling half v2.7.1
   Compiling ciborium-ll v0.2.2
   Compiling rustls-native-certs v0.8.4
   Compiling elliptic-curve v0.13.8
   Compiling sha2 v0.10.9
   Compiling rfc6979 v0.4.0
   Compiling sha1 v0.11.0
   Compiling ryu v1.0.23
   Compiling ecdsa v0.16.9
   Compiling primeorder v0.13.6
   Compiling ciborium v0.2.2
   Compiling curve25519-dalek v4.1.3
   Compiling blake3 v1.8.7
   Compiling httparse v1.10.1
   Compiling rand_chacha v0.3.1
   Compiling atomic-waker v1.1.2
   Compiling h2 v0.4.19
   Compiling rand v0.8.8
   Compiling ed25519 v2.2.3
   Compiling x509-cert v0.2.5
   Compiling http-body v1.1.0
   Compiling ed25519-dalek v2.2.0
   Compiling p256 v0.13.2
   Compiling aho-corasick v1.1.5
   Compiling regex-automata v0.4.18
   Compiling email-encoding v0.4.2
   Compiling zstd-sys v2.1.0+zstd.1.5.7
   Compiling either v1.18.0
   Compiling quoted_printable v0.5.2
   Compiling image v0.25.10
   Compiling passkey-auth v0.1.3
   Compiling nazo-scim-events v0.2.16 (/src/crates/scim-events)
   Compiling serde_urlencoded v0.7.1
   Compiling bytes-utils v0.1.4
   Compiling unicode-segmentation v1.13.3
   Compiling zstd-safe v7.3.0
   Compiling alloc-no-stdlib v2.0.4
   Compiling local-waker v0.1.4
   Compiling convert_case v0.10.0
   Compiling alloc-stdlib v0.2.4
   Compiling nazo-runtime-modules v0.2.16 (/src/crates/runtime-capabilities)
   Compiling http-body-util v0.1.5
   Compiling darling_core v0.21.3
   Compiling encoding_rs v0.8.42
   Compiling actix-rt v2.15.0
   Compiling actix-service v2.0.3
   Compiling rustix v1.1.5
   Compiling unicode-xid v0.2.6
   Compiling bytes v1.12.1
   Compiling ref-cast v1.0.27
   Compiling regex-lite v0.1.9
   Compiling bytestring v1.5.1
   Compiling derive_more-impl v2.1.1
   Compiling darling_macro v0.21.3
   Compiling getrandom v0.3.4
   Compiling brotli-decompressor v5.0.3
   Compiling actix-utils v3.0.2
   Compiling http v0.2.12
   Compiling futures-executor v0.3.34
   Compiling cookie v0.16.2
   Compiling ref-cast-impl v1.0.27
   Compiling simdutf8 v0.1.5
   Compiling core_detect v1.0.0
   Compiling linux-raw-sys v0.12.1
   Compiling try-lock v0.2.5
   Compiling impl-more v0.3.8
   Compiling tower-service v0.3.3
   Compiling multiversion_no_op v1.0.0
   Compiling zstd v0.13.3
   Compiling want v0.3.1
   Compiling derive_more v2.1.1
   Compiling brotli v8.0.4
   Compiling rand_core v0.9.5
   Compiling darling v0.21.3
   Compiling actix-router v0.5.4
   Compiling local-channel v0.1.5
   Compiling regex v1.13.1
   Compiling actix-codec v0.5.4
   Compiling md-5 v0.11.0
   Compiling vsimd v0.8.0
   Compiling language-tags v0.3.2
   Compiling outref v0.5.2
   Compiling postgres-protocol v0.6.12
   Compiling base64-simd v0.8.0
   Compiling dsl_auto_type v0.2.0
   Compiling actix-web-codegen v4.4.0
   Compiling sfv v0.15.0
   Compiling hyper v1.11.1
   Compiling actix-server v2.9.8
   Compiling p384 v0.14.0
   Compiling tokio-stream v0.1.19
   Compiling opentelemetry v0.33.0
   Compiling ed25519-compact v2.6.0
   Compiling sync_wrapper v1.0.2
   Compiling actix-macros v0.2.5
   Compiling ipnet v2.12.2
   Compiling rustc-hash v2.1.3
   Compiling tower-layer v0.3.3
   Compiling crc16 v0.4.0
   Compiling pin-utils v0.1.1
   Compiling aws-smithy-types v1.8.1
   Compiling hyper-util v0.1.21
   Compiling tower v0.5.3
   Compiling httpsig v0.0.26
   Compiling diesel_derives v2.3.10
   Compiling postgres-types v0.2.14
   Compiling rand_chacha v0.9.0
   Compiling migrations_internals v2.3.0
   Compiling coset v0.4.2
   Compiling p384 v0.13.1
   Compiling p521 v0.13.3
   Compiling aws-smithy-async v1.3.0
   Compiling whoami v2.1.3
   Compiling aws-smithy-runtime-api-macros v1.1.0
   Compiling tokio-postgres v0.7.18
   Compiling aws-smithy-runtime-api v1.19.0
   Compiling diesel v2.3.13
   Compiling mdoc-rs v0.2.0 (https://github.com/nazozero/mdoc-rs?rev=40e5ac7e1739150870c41544219345c2b6de4c9b#40e5ac7e)
   Compiling migrations_macros v2.3.0
   Compiling rand v0.9.5
   Compiling tower-http v0.6.11
   Compiling tempfile v3.27.0
   Compiling futures v0.3.34
   Compiling itertools v0.14.0
   Compiling darling_core v0.24.1
   Compiling cookie-factory v0.3.2
   Compiling cfg_aliases v0.2.2
   Compiling unicase v2.9.0
   Compiling mime_guess v2.0.5
   Compiling nix v0.31.3
   Compiling redis-protocol v6.0.0
   Compiling darling_macro v0.24.1
   Compiling deadpool v0.13.1
   Compiling prost-derive v0.14.4
   Compiling matchers v0.2.0
   Compiling sharded-slab v0.1.7
   Compiling webpki-roots v1.0.9
   Compiling socket2 v0.5.10
   Compiling tracing-log v0.2.0
   Compiling float-cmp v0.10.0
   Compiling fred-macros v0.1.0
   Compiling thread_local v1.1.10
   Compiling rustix v0.38.44
   Compiling nu-ansi-term v0.50.3
   Compiling fred v10.1.0
   Compiling tracing-subscriber v0.3.23
   Compiling prost v0.14.4
   Compiling darling v0.24.1
   Compiling opentelemetry_sdk v0.33.0
   Compiling aws-credential-types v1.3.0
   Compiling aws-smithy-http v0.64.1
   Compiling wait-timeout v0.2.1
   Compiling bytesize v2.7.0
   Compiling v_escape-base v0.1.0
   Compiling hex v0.4.3
   Compiling linux-raw-sys v0.4.15
   Compiling rusty-fork v0.3.1
   Compiling aws-sigv4 v1.6.0
   Compiling aws-lc-rs v1.18.1
   Compiling v_htmlescape v0.17.0
   Compiling actix-multipart-derive v0.8.1
   Compiling opentelemetry-proto v0.33.0
   Compiling rustls-webpki v0.103.15
   Compiling x509-parser v0.18.1
   Compiling jsonwebtoken v11.1.0
   Compiling rcgen v0.14.10
   Compiling xattr v1.6.1
   Compiling rand_xorshift v0.4.0
   Compiling filetime v0.2.29
   Compiling serde_plain v1.0.2
   Compiling libyaml-rs v0.3.0
   Compiling tokio-rustls v0.26.6
   Compiling nazo-crypto v0.2.16 (/src/crates/crypto)
   Compiling rustls-platform-verifier v0.7.1
   Compiling lettre v0.11.23
   Compiling nazo-digital-credentials v0.2.16 (/src/crates/digital-credentials)
   Compiling nazo-identity v0.2.16 (/src/crates/identity)
   Compiling nazo-operator-protocol v0.2.16 (/src/crates/operator-protocol)
   Compiling nazo-openid4vci v0.2.16 (/src/crates/openid4vci)
   Compiling nazo-openid4vp v0.2.16 (/src/crates/openid4vp)
   Compiling nazo-auth v0.2.16 (/src/crates/authorization-server-core)
   Compiling actix-tls v3.6.1
   Compiling nazo-resource-server v0.2.16 (/src/crates/resource-server)
   Compiling actix-http v3.18.12 (https://github.com/nazozero/actix-web?rev=8b4f61be8de6b4bf6279c472c144dfea133b34aa#8b4f61be)
   Compiling nazo-http-signatures v0.2.16 (/src/crates/http-signatures)
   Compiling hyper-rustls v0.27.10
   Compiling reqwest v0.13.5
   Compiling nazo-persistence v0.2.16 (/src/crates/persistence)
   Compiling nazo-key-management v0.2.16 (/src/crates/key-management)
   Compiling actix-web v4.15.0
   Compiling nazo-oauth-server v0.2.16 (/src/crates/authorization-server)
   Compiling tokio-postgres-rustls v0.14.0
   Compiling opentelemetry-http v0.33.0
   Compiling actix-cors v0.7.2
   Compiling nazo-valkey v0.2.16 (/src/crates/state-store-valkey)
   Compiling http-range v0.1.5
   Compiling actix-files v0.7.0
   Compiling proptest v1.11.0
   Compiling nazo-openid4vc-http-actix v0.2.16 (/src/crates/openid4vc-http-actix)
   Compiling nazo-oauth-server-valkey v0.2.16 (/src/crates/authorization-server-valkey)
   Compiling nazo-http-actix v0.2.16 (/src/crates/http-actix)
   Compiling actix-multipart v0.8.5
   Compiling opentelemetry-otlp v0.33.0
   Compiling nazo-oauth-server-object-store v0.2.16 (/src/crates/authorization-server-object-store)
   Compiling process-wrap v10.0.1
   Compiling yaml_serde v0.10.7
   Compiling tar v0.4.46
   Compiling atomicwrites v0.4.4
   Compiling tracing-opentelemetry v0.34.0
   Compiling opentelemetry-appender-tracing v0.33.0
   Compiling lru v0.18.5
   Compiling fs2 v0.4.3
   Compiling diesel_migrations v2.3.2
   Compiling diesel-async v0.9.2
   Compiling nazo-postgres v0.2.16 (/src/crates/persistence-postgres)
   Compiling nazo-oauth-server-postgres v0.2.16 (/src/crates/authorization-server-postgres)
   Compiling nazoauth v0.2.16 (/src/crates/nazoauth)
    Finished `test` profile [unoptimized + debuginfo] target(s) in 2m 43s
     Running unittests src/lib.rs (target/debug/deps/nazoauth-764eb112e3c966d6)

running 4 tests
test http::token::authorization_code_tests::identity::authorization_code_expired_pending_uses_live_receipt_without_reissuing_or_revoking_wrong_holder ... ok
test http::token::authorization_code_tests::identity::authorization_code_legacy_payload_and_cache_only_marker_cannot_issue_or_revoke ... ok
test http::token::authorization_code_tests::identity::authorization_code_original_mtls_holder_survives_disabled_current_binding_in_missing_busy_and_expired_pending ... ok
test http::token::authorization_code_tests::identity::authorization_code_unknown_commit_keeps_one_identity_and_requires_fresh_original_holder ... ok

test result: ok. 4 passed; 0 failed; 0 ignored; 0 measured; 1462 filtered out; finished in 1.31s

