info: syncing channel updates for 1.99.0-x86_64-unknown-linux-gnu
info: latest update on 2026-10-01 for version 1.99.0 (b940084d7 2026-09-28)
info: downloading 2 components
    Updating git repository `https://github.com/nazozero/actix-web`
    Updating git repository `https://github.com/nazozero/mdoc-rs`
    Updating crates.io index
 Downloading crates ...
  Downloaded aws-smithy-async v1.3.0
  Downloaded aws-smithy-http v0.64.1
  Downloaded cc v1.6.0
  Downloaded base16ct v0.2.0
  Downloaded aws-smithy-runtime-api-macros v1.1.0
  Downloaded base64-simd v0.8.0
  Downloaded nu-ansi-term v0.50.3
  Downloaded num-integer v0.1.47
  Downloaded aws-smithy-runtime-api v1.19.0
  Downloaded num-conv v0.2.2
  Downloaded base16ct v1.0.0
  Downloaded block-buffer v0.12.1
  Downloaded block-buffer v0.10.4
  Downloaded deadpool-runtime v0.3.1
  Downloaded cfg_aliases v0.2.2
  Downloaded nom v8.0.0
  Downloaded cmake v0.1.58
  Downloaded byteorder-lite v0.1.0
  Downloaded cpufeatures v0.2.17
  Downloaded darling_macro v0.24.1
  Downloaded email-encoding v0.4.2
  Downloaded ciborium-io v0.2.2
  Downloaded cpubits v0.1.1
  Downloaded crypto-common v0.2.2
  Downloaded cfg-if v1.0.5
  Downloaded crypto-common v0.1.6
  Downloaded downcast-rs v2.0.2
  Downloaded nom v7.1.3
  Downloaded bytestring v1.5.1
  Downloaded num-bigint v0.4.8
  Downloaded darling_macro v0.21.3
  Downloaded dsl_auto_type v0.2.0
  Downloaded crc16 v0.4.0
  Downloaded nix v0.31.3
  Downloaded outref v0.5.2
  Downloaded diesel_table_macro_syntax v0.3.0
  Downloaded curve25519-dalek-derive v0.1.1
  Downloaded rfc6979 v0.6.0
  Downloaded quoted_printable v0.5.2
  Downloaded cpufeatures v0.3.1
  Downloaded bit-vec v0.9.1
  Downloaded scopeguard v1.2.0
  Downloaded rand_core v0.6.4
  Downloaded pem-rfc7468 v1.0.0
  Downloaded polyval v0.7.3
  Downloaded bytes-utils v0.1.4
  Downloaded opentelemetry-appender-tracing v0.33.0
  Downloaded base64ct v1.8.3
  Downloaded opentelemetry-http v0.33.0
  Downloaded serde_core v1.0.229
  Downloaded ciborium-ll v0.2.2
  Downloaded constant_time_eq v0.4.2
  Downloaded core_detect v1.0.0
  Downloaded convert_case v0.10.0
  Downloaded displaydoc v0.2.7
  Downloaded cmov v0.5.4
  Downloaded actix-codec v0.5.4
  Downloaded der_derive v0.8.0
  Downloaded bytesize v2.7.0
  Downloaded data-encoding v2.11.1
  Downloaded deranged v0.5.8
  Downloaded phf_shared v0.13.1
  Downloaded ctr v0.10.1
  Downloaded percent-encoding v2.3.2
  Downloaded digest v0.11.3
  Downloaded cookie-factory v0.3.2
  Downloaded ed25519 v2.2.3
  Downloaded pin-utils v0.1.1
  Downloaded dunce v1.0.5
  Downloaded der_derive v0.7.3
  Downloaded diesel_migrations v2.3.2
  Downloaded ecdsa v0.16.9
  Downloaded digest v0.10.7
  Downloaded ed25519 v3.0.0
  Downloaded powerfmt v0.2.0
  Downloaded cipher v0.5.2
  Downloaded chacha20 v0.10.2
  Downloaded deadpool v0.13.1
  Downloaded base64 v0.23.1
  Downloaded zerofrom v0.1.8
  Downloaded ref-cast v1.0.27
  Downloaded byteorder v1.5.0
  Downloaded either v1.18.0
  Downloaded crc32fast v1.5.2
  Downloaded potential_utf v0.1.6
  Downloaded rand_pcg v0.10.2
  Downloaded ed25519-compact v2.6.0
  Downloaded rfc6979 v0.4.0
  Downloaded ciborium v0.2.2
  Downloaded password-hash v0.6.1
  Downloaded const-oid v0.9.6
  Downloaded openssl-probe v0.2.1
  Downloaded ecdsa v0.17.0
  Downloaded ref-cast-impl v1.0.27
  Downloaded bitflags v2.13.2
  Downloaded blake2 v0.11.0
  Downloaded bytemuck v1.25.2
  Downloaded rand_chacha v0.3.1
  Downloaded rustc-hash v2.1.3
  Downloaded rustc_version v0.4.1
  Downloaded ctutils v0.4.2
  Downloaded darling v0.24.1
  Downloaded cookie v0.16.2
  Downloaded darling v0.21.3
  Downloaded pin-project-lite v0.2.17
  Downloaded const-oid v0.10.2
  Downloaded rusticata-macros v4.1.0
  Downloaded phc v0.6.1
  Downloaded base64 v0.22.1
  Downloaded pkcs8 v0.10.2
  Downloaded elliptic-curve v0.13.8
  Downloaded pem v4.0.0
  Downloaded pem-rfc7468 v0.7.0
  Downloaded phf v0.13.1
  Downloaded pkg-config v0.3.34
  Downloaded primefield v0.14.0
  Downloaded primeorder v0.13.6
  Downloaded quick-error v2.0.1
  Downloaded rand_core v0.10.1
  Downloaded rustls-native-certs v0.8.4
  Downloaded rustversion v1.0.23
  Downloaded darling_core v0.21.3
  Downloaded prost-derive v0.14.4
  Downloaded rand_chacha v0.9.0
  Downloaded bytes v1.12.1
  Downloaded diesel-async v0.9.2
  Downloaded rand_core v0.9.5
  Downloaded aws-smithy-types v1.8.1
  Downloaded zmij v1.0.23
  Downloaded quote v1.0.47
  Downloaded elliptic-curve v0.14.1
  Downloaded postgres-protocol v0.6.12
  Downloaded sec1 v0.8.1
  Downloaded miniz_oxide v0.9.1
  Downloaded darling_core v0.24.1
  Downloaded crypto-bigint v0.5.5
  Downloaded derive_more v2.1.1
  Downloaded zune-core v0.5.3
  Downloaded coset v0.4.2
  Downloaded der-parser v10.0.0
  Downloaded parking_lot_core v0.9.12
  Downloaded ed25519-dalek v2.2.0
  Downloaded oid-registry v0.8.1
  Downloaded prost v0.14.4
  Downloaded aws-sigv4 v1.6.0
  Downloaded ppv-lite86 v0.2.21
  Downloaded ed25519-dalek v3.0.0
  Downloaded parking_lot v0.12.5
  Downloaded der v0.7.10
  Downloaded derive_more-impl v2.1.1
  Downloaded diesel_derives v2.3.10
  Downloaded pkcs8 v0.11.0
  Downloaded rustls-pki-types v1.15.1
  Downloaded primeorder v0.14.0
  Downloaded zerotrie v0.2.5
  Downloaded der v0.8.2
  Downloaded semver v1.0.28
  Downloaded sec1 v0.7.3
  Downloaded rand v0.10.3
  Downloaded once_cell v1.21.4
  Downloaded num-traits v0.2.19
  Downloaded p256 v0.13.2
  Downloaded postgres-types v0.2.14
  Downloaded quinn-udp v0.5.16
  Downloaded ryu v1.0.23
  Downloaded blake3 v1.8.7
  Downloaded brotli-decompressor v5.0.3
  Downloaded chrono v0.4.45
  Downloaded actix-macros v0.2.5
  Downloaded alloc-no-stdlib v2.0.4
  Downloaded passkey-auth v0.1.3
  Downloaded p384 v0.14.0
  Downloaded opentelemetry-proto v0.33.0
  Downloaded p256 v0.14.0
  Downloaded proc-macro2 v1.0.107
  Downloaded rcgen v0.14.10
  Downloaded redis-protocol v6.0.0
  Downloaded rustls-platform-verifier v0.7.1
  Downloaded crypto-bigint v0.7.5
  Downloaded curve25519-dalek v4.1.3
  Downloaded regex v1.13.1
  Downloaded actix-rt v2.15.0
  Downloaded curve25519-dalek v5.0.0
  Downloaded rand v0.8.8
  Downloaded serde v1.0.229
  Downloaded regex-lite v0.1.9
  Downloaded quinn v0.11.12
  Downloaded actix-web-codegen v4.4.0
  Downloaded p384 v0.13.1
  Downloaded opentelemetry-otlp v0.33.0
  Downloaded rustls-webpki v0.103.15
  Downloaded rand v0.9.5
  Downloaded opentelemetry v0.33.0
  Downloaded diesel v2.3.13
  Downloaded argon2 v0.6.0
  Downloaded actix-server v2.9.8
  Downloaded png v0.18.1
  Downloaded asn1-rs-impl v0.2.0
  Downloaded brotli v8.0.4
  Downloaded p521 v0.13.3
  Downloaded quinn-proto v0.11.19
  Downloaded reqwest v0.13.5
  Downloaded autocfg v1.5.1
  Downloaded process-wrap v10.0.1
  Downloaded opentelemetry_sdk v0.33.0
  Downloaded fastrand v2.5.0
  Downloaded regex-syntax v0.8.11
  Downloaded rustix v0.38.44
  Downloaded rustls v0.23.45
  Downloaded float-cmp v0.10.0
  Downloaded rustix v1.1.5
  Downloaded filetime v0.2.29
  Downloaded encoding_rs v0.8.42
  Downloaded regex-automata v0.4.18
  Downloaded futures-channel v0.3.34
  Downloaded futures v0.3.34
  Downloaded pxfm v0.1.30
  Downloaded fred v10.1.0
  Downloaded ring v0.17.14
  Downloaded getrandom v0.4.3
  Downloaded half v2.7.1
  Downloaded futures-util v0.3.34
  Downloaded hyper-util v0.1.21
  Downloaded h2 v0.4.19
  Downloaded icu_provider v2.3.1
  Downloaded lettre v0.11.23
  Downloaded hmac v0.13.0
  Downloaded http-body-util v0.1.5
  Downloaded httpsig v0.0.26
  Downloaded linux-raw-sys v0.12.1
  Downloaded migrations_macros v2.3.0
  Downloaded miniz_oxide v0.8.9
  Downloaded sha2 v0.10.9
  Downloaded signal-hook-registry v1.4.8
  Downloaded siphasher v1.0.4
  Downloaded simdutf8 v0.1.5
  Downloaded syn v2.0.119
  Downloaded thiserror-impl v2.0.21
  Downloaded time-macros v0.2.32
  Downloaded icu_normalizer v2.3.0
  Downloaded winnow v0.7.15
  Downloaded yaml_serde v0.10.7
  Downloaded actix-cors v0.7.2
  Downloaded fallible-iterator v0.2.0
  Downloaded group v0.14.0
  Downloaded iana-time-zone v0.1.65
  Downloaded image-webp v0.2.4
  Downloaded icu_properties v2.3.0
  Downloaded ipnet v2.12.2
  Downloaded image v0.25.10
  Downloaded jobserver v0.1.35
  Downloaded lock_api v0.4.14
  Downloaded matchers v0.2.0
  Downloaded linux-raw-sys v0.4.15
  Downloaded memchr v2.8.3
  Downloaded stable_deref_trait v1.2.1
  Downloaded tokio-macros v2.7.2
  Downloaded untrusted v0.9.0
  Downloaded serde_urlencoded v0.7.1
  Downloaded serde_json v1.0.151
  Downloaded subtle v2.6.1
  Downloaded spki v0.7.3
  Downloaded tower-layer v0.3.3
  Downloaded tar v0.4.46
  Downloaded tracing-attributes v0.1.31
  Downloaded zeroize_derive v1.5.0
  Downloaded synstructure v0.14.0
  Downloaded tls_codec_derive v0.4.2
  Downloaded unicode-normalization v0.1.25
  Downloaded untrusted v0.7.1
  Downloaded v_escape-base v0.1.0
  Downloaded webpki-roots v1.0.9
  Downloaded futures-io v0.3.34
  Downloaded serde_derive v1.0.229
  Downloaded actix-router v0.5.4
  Downloaded xattr v1.6.1
  Downloaded zerovec-derive v0.11.6
  Downloaded unicode-bidi v0.3.18
  Downloaded yoke-derive v0.8.4
  Downloaded zerofrom-derive v0.1.8
  Downloaded zeroize v1.9.0
  Downloaded yoke v0.8.3
  Downloaded x509-parser v0.18.1
  Downloaded uuid v1.27.0
  Downloaded yasna v0.6.0
  Downloaded x509-cert v0.3.0
  Downloaded zerocopy-derive v0.8.59
  Downloaded x509-cert v0.2.5
  Downloaded getrandom v0.3.4
  Downloaded hybrid-array v0.4.15
  Downloaded unicode-segmentation v1.13.3
  Downloaded tower-http v0.6.11
  Downloaded itertools v0.14.0
  Downloaded local-waker v0.1.4
  Downloaded migrations_internals v2.3.0
  Downloaded zerovec v0.11.8
  Downloaded tokio-rustls v0.26.6
  Downloaded tracing-log v0.2.0
  Downloaded unicode-ident v1.0.26
  Downloaded vsimd v0.8.0
  Downloaded futures-macro v0.3.34
  Downloaded httpdate v1.0.3
  Downloaded sha1 v0.11.0
  Downloaded try-lock v0.2.5
  Downloaded idna_adapter v1.2.2
  Downloaded time-core v0.1.9
  Downloaded v_htmlescape v0.17.0
  Downloaded foldhash v0.2.0
  Downloaded async-trait v0.1.92
  Downloaded slab v0.4.12
  Downloaded tracing-subscriber v0.3.23
  Downloaded atomic-waker v1.1.2
  Downloaded find-msvc-tools v0.1.14
  Downloaded fs_extra v1.3.0
  Downloaded zstd-sys v2.1.0+zstd.1.5.7
  Downloaded asn1-rs-derive v0.6.0
  Downloaded getrandom v0.2.17
  Downloaded equivalent v1.0.2
  Downloaded ff v0.14.0
  Downloaded ghash v0.6.0
  Downloaded sfv v0.15.0
  Downloaded hkdf v0.13.0
  Downloaded httparse v1.10.1
  Downloaded icu_normalizer_data v2.3.0
  Downloaded language-tags v0.3.2
  Downloaded tokio-stream v0.1.19
  Downloaded toml_parser v1.1.3+spec-1.1.0
  Downloaded indexmap v2.14.2
  Downloaded lazy_static v1.5.1
  Downloaded lru v0.18.5
  Downloaded lru-slab v0.1.3
  Downloaded serdect v0.4.3
  Downloaded writeable v0.6.4
  Downloaded log v0.4.34
  Downloaded toml v0.9.12+spec-1.1.0
  Downloaded tracing-core v0.1.36
  Downloaded email_address v0.2.9
  Downloaded unicode-properties v0.1.4
  Downloaded utf8_iter v1.0.4
  Downloaded strsim v0.11.1
  Downloaded winnow v1.0.4
  Downloaded heck v0.5.0
  Downloaded minimal-lexical v0.2.1
  Downloaded signature v2.2.0
  Downloaded signature v3.0.0
  Downloaded zune-jpeg v0.5.15
  Downloaded adler2 v2.0.1
  Downloaded wnaf v0.14.1
  Downloaded aead v0.6.1
  Downloaded atomicwrites v0.4.4
  Downloaded futures-sink v0.3.34
  Downloaded actix-multipart-derive v0.8.1
  Downloaded form_urlencoded v1.2.2
  Downloaded thiserror v2.0.21
  Downloaded futures-executor v0.3.34
  Downloaded actix-service v2.0.3
  Downloaded hashbrown v0.17.1
  Downloaded serde_spanned v1.1.1
  Downloaded icu_properties_data v2.3.0
  Downloaded itoa v1.0.18
  Downloaded local-channel v0.1.5
  Downloaded mio v1.2.4
  Downloaded spki v0.8.0
  Downloaded thread_local v1.1.10
  Downloaded zerocopy v0.8.59
  Downloaded tempfile v3.27.0
  Downloaded tokio-postgres-rustls v0.14.0
  Downloaded actix-tls v3.6.1
  Downloaded http v1.5.0
  Downloaded aes-gcm v0.11.1
  Downloaded icu_locale_core v2.3.0
  Downloaded tracing v0.1.44
  Downloaded unicode-xid v0.2.6
  Downloaded url v2.5.8
  Downloaded http v0.2.12
  Downloaded hkdf v0.12.4
  Downloaded aes v0.9.3
  Downloaded http-range v0.1.5
  Downloaded aho-corasick v1.1.5
  Downloaded generic-array v0.14.9
  Downloaded arrayvec v0.7.8
  Downloaded http-body v1.1.0
  Downloaded ident_case v1.0.1
  Downloaded mime_guess v2.0.5
  Downloaded shlex v2.0.1
  Downloaded fnv v1.0.7
  Downloaded tokio-postgres v0.7.18
  Downloaded simd-adler32 v0.3.10
  Downloaded tower v0.5.3
  Downloaded synstructure v0.13.2
  Downloaded fdeflate v0.3.7
  Downloaded typenum v1.20.1
  Downloaded smallvec v1.16.2
  Downloaded tracing-opentelemetry v0.34.0
  Downloaded alloc-stdlib v0.2.4
  Downloaded idna v1.1.0
  Downloaded tinyvec v1.13.3
  Downloaded sharded-slab v0.1.7
  Downloaded aws-lc-rs v1.18.1
  Downloaded group v0.13.0
  Downloaded multiversion_no_op v1.0.0
  Downloaded moxcms v0.8.1
  Downloaded tls_codec v0.4.2
  Downloaded actix-utils v3.0.2
  Downloaded time v0.3.55
  Downloaded errno v0.3.14
  Downloaded actix-web v4.15.0
  Downloaded hyper v1.11.1
  Downloaded litemap v0.8.3
  Downloaded actix-files v0.7.0
  Downloaded fred-macros v0.1.0
  Downloaded want v0.3.1
  Downloaded asn1-rs v0.7.2
  Downloaded futures-task v0.3.34
  Downloaded impl-more v0.3.8
  Downloaded serde_plain v1.0.2
  Downloaded version_check v0.9.5
  Downloaded zstd v0.13.3
  Downloaded tokio-util v0.7.19
  Downloaded aws-credential-types v1.3.0
  Downloaded libyaml-rs v0.3.0
  Downloaded arc-swap v1.9.2
  Downloaded hex v0.4.3
  Downloaded md-5 v0.11.0
  Downloaded zlib-rs v0.6.8
  Downloaded flagset v0.4.7
  Downloaded inout v0.2.2
  Downloaded toml_datetime v0.7.5+spec-1.1.0
  Downloaded anyhow v1.0.104
  Downloaded icu_collections v2.3.0
  Downloaded fs2 v0.4.3
  Downloaded stringprep v0.1.5
  Downloaded mime v0.3.17
  Downloaded socket2 v0.5.10
  Downloaded tokio v1.53.2
  Downloaded aws-lc-sys v0.45.0
  Downloaded libc v0.2.190
  Downloaded syn v3.0.6
  Downloaded zstd-safe v7.3.0
  Downloaded flate2 v1.1.10
  Downloaded hyper-rustls v0.27.10
  Downloaded jsonwebtoken v11.1.0
  Downloaded socket2 v0.6.5
  Downloaded unicase v2.9.0
  Downloaded whoami v2.1.3
  Downloaded futures-core v0.3.34
  Downloaded sha2 v0.11.0
  Downloaded tinystr v0.8.4
  Downloaded universal-hash v0.6.1
  Downloaded sync_wrapper v1.0.2
  Downloaded tower-service v0.3.3
  Downloaded hmac v0.12.1
  Downloaded actix-multipart v0.8.5
  Downloaded urlencoding v2.1.3
  Downloaded ff v0.13.1
   Compiling proc-macro2 v1.0.107
   Compiling quote v1.0.47
   Compiling unicode-ident v1.0.26
   Compiling cfg-if v1.0.5
   Compiling libc v0.2.190
   Compiling subtle v2.6.1
   Compiling typenum v1.20.1
   Compiling memchr v2.8.3
   Compiling rand_core v0.10.1
   Compiling getrandom v0.4.3
   Compiling log v0.4.34
   Compiling pin-project-lite v0.2.17
   Compiling smallvec v1.16.2
   Compiling bytes v1.12.1
   Compiling serde_core v1.0.229
   Compiling cmov v0.5.4
   Compiling futures-core v0.3.34
   Compiling once_cell v1.21.4
   Compiling find-msvc-tools v0.1.14
   Compiling shlex v2.0.1
   Compiling autocfg v1.5.1
   Compiling const-oid v0.10.2
   Compiling itoa v1.0.18
   Compiling ctutils v0.4.2
   Compiling futures-sink v0.3.34
   Compiling version_check v0.9.5
   Compiling parking_lot_core v0.9.12
   Compiling scopeguard v1.2.0
   Compiling base64ct v1.8.3
   Compiling pkg-config v0.3.34
   Compiling lock_api v0.4.14
   Compiling flagset v0.4.7
   Compiling cpufeatures v0.3.1
   Compiling dunce v1.0.5
   Compiling serde v1.0.229
   Compiling slab v0.4.12
   Compiling fs_extra v1.3.0
   Compiling generic-array v0.14.9
   Compiling const-oid v0.9.6
   Compiling num-traits v0.2.19
   Compiling futures-channel v0.3.34
   Compiling tracing-core v0.1.36
   Compiling percent-encoding v2.3.2
   Compiling stable_deref_trait v1.2.1
   Compiling syn v2.0.119
   Compiling syn v3.0.6
   Compiling aws-lc-rs v1.18.1
   Compiling futures-io v0.3.34
   Compiling futures-task v0.3.34
   Compiling untrusted v0.7.1
   Compiling thiserror v2.0.21
   Compiling num-conv v0.2.2
   Compiling time-core v0.1.9
   Compiling deranged v0.5.8
   Compiling powerfmt v0.2.0
   Compiling zmij v1.0.23
   Compiling rustls v0.23.45
   Compiling writeable v0.6.4
   Compiling litemap v0.8.3
   Compiling bitflags v2.13.2
   Compiling time-macros v0.2.32
   Compiling untrusted v0.9.0
   Compiling serde_json v1.0.151
   Compiling base64 v0.22.1
   Compiling icu_properties_data v2.3.0
   Compiling icu_normalizer_data v2.3.0
   Compiling utf8_iter v1.0.4
   Compiling cpubits v0.1.1
   Compiling jobserver v0.1.35
   Compiling form_urlencoded v1.2.2
   Compiling chacha20 v0.10.2
   Compiling pem-rfc7468 v1.0.0
   Compiling semver v1.0.28
   Compiling zerocopy v0.8.59
   Compiling http v1.5.0
   Compiling cc v1.6.0
   Compiling num-integer v0.1.47
   Compiling ff v0.14.0
   Compiling rustc_version v0.4.1
   Compiling minimal-lexical v0.2.1
   Compiling base64 v0.23.1
   Compiling pem-rfc7468 v0.7.0
   Compiling group v0.14.0
   Compiling errno v0.3.14
   Compiling signal-hook-registry v1.4.8
   Compiling mio v1.2.4
   Compiling socket2 v0.6.5
   Compiling getrandom v0.2.17
   Compiling rand v0.10.3
   Compiling parking_lot v0.12.5
   Compiling nom v7.1.3
   Compiling rand_core v0.6.4
   Compiling base16ct v1.0.0
   Compiling foldhash v0.2.0
   Compiling simd-adler32 v0.3.10
   Compiling hashbrown v0.17.1
   Compiling adler2 v2.0.1
   Compiling crc32fast v1.5.2
   Compiling lazy_static v1.5.1
   Compiling equivalent v1.0.2
   Compiling oid-registry v0.8.1
   Compiling rustversion v1.0.23
   Compiling time v0.3.55
   Compiling miniz_oxide v0.9.1
   Compiling iana-time-zone v0.1.65
   Compiling num-bigint v0.4.8
   Compiling synstructure v0.13.2
   Compiling cmake v0.1.58
   Compiling indexmap v2.14.2
   Compiling flate2 v1.1.10
   Compiling curve25519-dalek v5.0.0
   Compiling phc v0.6.1
   Compiling data-encoding v2.11.1
   Compiling uuid v1.27.0
   Compiling ff v0.13.1
   Compiling pem v4.0.0
   Compiling password-hash v0.6.1
   Compiling base16ct v0.2.0
   Compiling group v0.13.0
   Compiling aws-lc-sys v0.45.0
   Compiling mime v0.3.17
   Compiling httpdate v1.0.3
   Compiling cpufeatures v0.2.17
   Compiling openssl-probe v0.2.1
   Compiling ciborium-io v0.2.2
   Compiling ryu v1.0.23
   Compiling fnv v1.0.7
   Compiling anyhow v1.0.104
   Compiling blake3 v1.8.7
   Compiling curve25519-dalek v4.1.3
   Compiling httparse v1.10.1
   Compiling arrayvec v0.7.8
   Compiling atomic-waker v1.1.2
   Compiling rusticata-macros v4.1.0
   Compiling strsim v0.11.1
   Compiling constant_time_eq v0.4.2
   Compiling fastrand v2.5.0
   Compiling zeroize_derive v1.5.0
   Compiling tracing-attributes v0.1.31
   Compiling der_derive v0.8.0
   Compiling zerocopy-derive v0.8.59
   Compiling der_derive v0.7.3
   Compiling curve25519-dalek-derive v0.1.1
   Compiling asn1-rs-impl v0.2.0
   Compiling synstructure v0.14.0
   Compiling asn1-rs-derive v0.6.0
   Compiling zeroize v1.9.0
   Compiling ident_case v1.0.1
   Compiling http-body v1.1.0
   Compiling miniz_oxide v0.8.9
   Compiling fdeflate v0.3.7
   Compiling hybrid-array v0.4.15
   Compiling rustls-pki-types v1.15.1
   Compiling aho-corasick v1.1.5
   Compiling byteorder-lite v0.1.0
   Compiling quick-error v2.0.1
   Compiling der v0.7.10
   Compiling rustls-native-certs v0.8.4
   Compiling pxfm v0.1.30
   Compiling der v0.8.2
   Compiling crypto-common v0.2.2
   Compiling block-buffer v0.12.1
   Compiling tracing v0.1.44
   Compiling crypto-common v0.1.6
   Compiling block-buffer v0.10.4
   Compiling crypto-bigint v0.7.5
   Compiling digest v0.10.7
   Compiling inout v0.2.2
   Compiling yasna v0.6.0
   Compiling crypto-bigint v0.5.5
   Compiling regex-syntax v0.8.11
   Compiling digest v0.11.3
   Compiling cipher v0.5.2
   Compiling universal-hash v0.6.1
   Compiling signature v2.2.0
   Compiling polyval v0.7.3
   Compiling hmac v0.13.0
   Compiling sha2 v0.11.0
   Compiling tokio-macros v2.7.2
   Compiling serde_derive v1.0.229
   Compiling displaydoc v0.2.7
   Compiling zerofrom-derive v0.1.8
   Compiling futures-macro v0.3.34
   Compiling yoke-derive v0.8.4
   Compiling zerovec-derive v0.11.6
   Compiling tokio v1.53.2
   Compiling thiserror-impl v2.0.21
   Compiling futures-util v0.3.34
   Compiling spki v0.8.0
   Compiling zerofrom v0.1.8
   Compiling spki v0.7.3
   Compiling yoke v0.8.3
   Compiling pkcs8 v0.11.0
   Compiling hkdf v0.13.0
   Compiling sec1 v0.8.1
   Compiling zerovec v0.11.8
   Compiling zerotrie v0.2.5
   Compiling signature v3.0.0
   Compiling primefield v0.14.0
   Compiling elliptic-curve v0.14.1
   Compiling asn1-rs v0.7.2
   Compiling wnaf v0.14.1
   Compiling rfc6979 v0.6.0
   Compiling pkcs8 v0.10.2
   Compiling hmac v0.12.1
   Compiling ed25519 v3.0.0
   Compiling ecdsa v0.17.0
   Compiling primeorder v0.14.0
   Compiling ghash v0.6.0
   Compiling tinystr v0.8.4
   Compiling potential_utf v0.1.6
   Compiling blake2 v0.11.0
   Compiling ctr v0.10.1
   Compiling icu_locale_core v2.3.0
   Compiling icu_collections v2.3.0
   Compiling aes v0.9.3
   Compiling der-parser v10.0.0
   Compiling aead v0.6.1
   Compiling ed25519-dalek v3.0.0
   Compiling p256 v0.14.0
   Compiling argon2 v0.6.0
   Compiling hkdf v0.12.4
   Compiling sec1 v0.7.3
   Compiling aes-gcm v0.11.1
   Compiling x509-cert v0.3.0
   Compiling async-trait v0.1.92
   Compiling elliptic-curve v0.13.8
   Compiling rfc6979 v0.4.0
   Compiling icu_provider v2.3.1
   Compiling sha1 v0.11.0
   Compiling sha2 v0.10.9
   Compiling primeorder v0.13.6
   Compiling ecdsa v0.16.9
   Compiling icu_normalizer v2.3.0
   Compiling icu_properties v2.3.0
   Compiling ed25519 v2.2.3
   Compiling x509-cert v0.2.5
   Compiling chrono v0.4.45
   Compiling p256 v0.13.2
   Compiling zune-core v0.5.3
   Compiling moxcms v0.8.1
   Compiling regex-automata v0.4.18
   Compiling zune-jpeg v0.5.15
   Compiling image-webp v0.2.4
   Compiling png v0.18.1
   Compiling idna_adapter v1.2.2
   Compiling idna v1.1.0
   Compiling ppv-lite86 v0.2.21
   Compiling half v2.7.1
   Compiling zstd-sys v2.1.0+zstd.1.5.7
   Compiling rand_chacha v0.3.1
   Compiling ciborium-ll v0.2.2
   Compiling email-encoding v0.4.2
   Compiling url v2.5.8
   Compiling ciborium v0.2.2
   Compiling tokio-util v0.7.19
   Compiling rand v0.8.8
   Compiling ed25519-dalek v2.2.0
   Compiling nom v8.0.0
   Compiling quoted_printable v0.5.2
   Compiling email_address v0.2.9
   Compiling urlencoding v2.1.3
   Compiling bytemuck v1.25.2
   Compiling h2 v0.4.19
   Compiling either v1.18.0
   Compiling passkey-auth v0.1.3
   Compiling image v0.25.10
   Compiling nazo-scim-events v0.2.16 (/src/crates/scim-events)
   Compiling arc-swap v1.9.2
   Compiling serde_urlencoded v0.7.1
   Compiling zstd-safe v7.3.0
   Compiling local-waker v0.1.4
   Compiling bytes-utils v0.1.4
   Compiling alloc-no-stdlib v2.0.4
   Compiling unicode-segmentation v1.13.3
   Compiling alloc-stdlib v0.2.4
   Compiling darling_core v0.21.3
   Compiling convert_case v0.10.0
   Compiling nazo-runtime-modules v0.2.16 (/src/crates/runtime-capabilities)
   Compiling actix-rt v2.15.0
   Compiling http-body-util v0.1.5
   Compiling encoding_rs v0.8.42
   Compiling actix-service v2.0.3
   Compiling tinyvec v1.13.3
   Compiling ref-cast v1.0.27
   Compiling unicode-xid v0.2.6
   Compiling byteorder v1.5.0
   Compiling derive_more-impl v2.1.1
   Compiling unicode-normalization v0.1.25
   Compiling bytestring v1.5.1
   Compiling brotli-decompressor v5.0.3
   Compiling darling_macro v0.21.3
   Compiling actix-utils v3.0.2
   Compiling futures-executor v0.3.34
   Compiling ref-cast-impl v1.0.27
   Compiling http v0.2.12
   Compiling cookie v0.16.2
   Compiling core_detect v1.0.0
   Compiling getrandom v0.3.4
   Compiling winnow v1.0.4
   Compiling unicode-properties v0.1.4
   Compiling tower-service v0.3.3
   Compiling try-lock v0.2.5
   Compiling regex-lite v0.1.9
   Compiling impl-more v0.3.8
   Compiling unicode-bidi v0.3.18
   Compiling multiversion_no_op v1.0.0
   Compiling simdutf8 v0.1.5
   Compiling want v0.3.1
   Compiling toml_parser v1.1.3+spec-1.1.0
   Compiling brotli v8.0.4
   Compiling darling v0.21.3
   Compiling regex v1.13.1
   Compiling local-channel v0.1.5
   Compiling actix-codec v0.5.4
   Compiling actix-router v0.5.4
   Compiling stringprep v0.1.5
   Compiling md-5 v0.11.0
   Compiling serde_spanned v1.1.1
   Compiling toml_datetime v0.7.5+spec-1.1.0
   Compiling diesel_derives v2.3.10
   Compiling winnow v0.7.15
   Compiling derive_more v2.1.1
   Compiling vsimd v0.8.0
   Compiling language-tags v0.3.2
   Compiling siphasher v1.0.4
   Compiling rustix v1.1.5
   Compiling outref v0.5.2
   Compiling fallible-iterator v0.2.0
   Compiling heck v0.5.0
   Compiling dsl_auto_type v0.2.0
   Compiling phf_shared v0.13.1
   Compiling base64-simd v0.8.0
   Compiling postgres-protocol v0.6.12
   Compiling hyper v1.11.1
   Compiling actix-web-codegen v4.4.0
   Compiling sfv v0.15.0
   Compiling actix-server v2.9.8
   Compiling tokio-stream v0.1.19
   Compiling p384 v0.14.0
   Compiling opentelemetry v0.33.0
   Compiling actix-macros v0.2.5
   Compiling toml v0.9.12+spec-1.1.0
   Compiling diesel_table_macro_syntax v0.3.0
   Compiling ed25519-compact v2.6.0
   Compiling sync_wrapper v1.0.2
   Compiling pin-utils v0.1.1
   Compiling crc16 v0.4.0
   Compiling ipnet v2.12.2
   Compiling tower-layer v0.3.3
   Compiling rustc-hash v2.1.3
   Compiling linux-raw-sys v0.12.1
   Compiling hyper-util v0.1.21
   Compiling tower v0.5.3
   Compiling migrations_internals v2.3.0
   Compiling aws-smithy-types v1.8.1
   Compiling rand_core v0.9.5
   Compiling postgres-types v0.2.14
   Compiling phf v0.13.1
   Compiling coset v0.4.2
   Compiling aws-smithy-async v1.3.0
   Compiling p384 v0.13.1
   Compiling p521 v0.13.3
   Compiling aws-smithy-runtime-api-macros v1.1.0
   Compiling whoami v2.1.3
   Compiling downcast-rs v2.0.2
   Compiling aws-smithy-runtime-api v1.19.0
   Compiling httpsig v0.0.26
   Compiling tokio-postgres v0.7.18
   Compiling mdoc-rs v0.2.0 (https://github.com/nazozero/mdoc-rs?rev=40e5ac7e1739150870c41544219345c2b6de4c9b#40e5ac7e)
   Compiling rand_chacha v0.9.0
   Compiling tower-http v0.6.11
   Compiling migrations_macros v2.3.0
   Compiling futures v0.3.34
   Compiling itertools v0.14.0
   Compiling darling_core v0.24.1
   Compiling cfg_aliases v0.2.2
   Compiling deadpool-runtime v0.3.1
   Compiling unicase v2.9.0
   Compiling cookie-factory v0.3.2
   Compiling deadpool v0.13.1
   Compiling mime_guess v2.0.5
   Compiling redis-protocol v6.0.0
   Compiling nix v0.31.3
   Compiling rand v0.9.5
   Compiling matchers v0.2.0
   Compiling webpki-roots v1.0.9
   Compiling fred-macros v0.1.0
   Compiling sharded-slab v0.1.7
   Compiling socket2 v0.5.10
   Compiling float-cmp v0.10.0
   Compiling tracing-log v0.2.0
   Compiling thread_local v1.1.10
   Compiling rustix v0.38.44
   Compiling nu-ansi-term v0.50.3
   Compiling opentelemetry_sdk v0.33.0
   Compiling prost-derive v0.14.4
   Compiling fred v10.1.0
   Compiling aws-smithy-http v0.64.1
   Compiling tracing-subscriber v0.3.23
   Compiling aws-credential-types v1.3.0
   Compiling tempfile v3.27.0
   Compiling v_escape-base v0.1.0
   Compiling hex v0.4.3
   Compiling bytesize v2.7.0
   Compiling linux-raw-sys v0.4.15
   Compiling aws-sigv4 v1.6.0
   Compiling v_htmlescape v0.17.0
   Compiling prost v0.14.4
   Compiling diesel v2.3.13
   Compiling opentelemetry-proto v0.33.0
   Compiling xattr v1.6.1
   Compiling darling_macro v0.24.1
   Compiling serde_plain v1.0.2
   Compiling darling v0.24.1
   Compiling actix-multipart-derive v0.8.1
   Compiling filetime v0.2.29
   Compiling http-range v0.1.5
   Compiling libyaml-rs v0.3.0
   Compiling tar v0.4.46
   Compiling tracing-opentelemetry v0.34.0
   Compiling opentelemetry-appender-tracing v0.33.0
   Compiling lru v0.18.5
   Compiling fs2 v0.4.3
   Compiling process-wrap v10.0.1
   Compiling yaml_serde v0.10.7
   Compiling atomicwrites v0.4.4
   Compiling zstd v0.13.3
   Compiling rustls-webpki v0.103.15
   Compiling x509-parser v0.18.1
   Compiling jsonwebtoken v11.1.0
   Compiling rcgen v0.14.10
   Compiling tokio-rustls v0.26.6
   Compiling nazo-crypto v0.2.16 (/src/crates/crypto)
   Compiling rustls-platform-verifier v0.7.1
   Compiling lettre v0.11.23
   Compiling actix-tls v3.6.1
   Compiling hyper-rustls v0.27.10
   Compiling tokio-postgres-rustls v0.14.0
   Compiling reqwest v0.13.5
   Compiling actix-http v3.18.12 (https://github.com/nazozero/actix-web?rev=8b4f61be8de6b4bf6279c472c144dfea133b34aa#8b4f61be)
   Compiling nazo-digital-credentials v0.2.16 (/src/crates/digital-credentials)
   Compiling nazo-operator-protocol v0.2.16 (/src/crates/operator-protocol)
   Compiling nazo-resource-server v0.2.16 (/src/crates/resource-server)
   Compiling nazo-http-signatures v0.2.16 (/src/crates/http-signatures)
   Compiling nazo-openid4vci v0.2.16 (/src/crates/openid4vci)
   Compiling nazo-openid4vp v0.2.16 (/src/crates/openid4vp)
   Compiling nazo-identity v0.2.16 (/src/crates/identity)
   Compiling opentelemetry-http v0.33.0
   Compiling opentelemetry-otlp v0.33.0
   Compiling actix-web v4.15.0
   Compiling nazo-auth v0.2.16 (/src/crates/authorization-server-core)
   Compiling nazo-oauth-server-object-store v0.2.16 (/src/crates/authorization-server-object-store)
   Compiling actix-cors v0.7.2
   Compiling actix-multipart v0.8.5
   Compiling actix-files v0.7.0
   Compiling nazo-openid4vc-http-actix v0.2.16 (/src/crates/openid4vc-http-actix)
   Compiling nazo-persistence v0.2.16 (/src/crates/persistence)
   Compiling nazo-key-management v0.2.16 (/src/crates/key-management)
   Compiling nazo-valkey v0.2.16 (/src/crates/state-store-valkey)
   Compiling nazo-oauth-server v0.2.16 (/src/crates/authorization-server)
   Compiling nazo-http-actix v0.2.16 (/src/crates/http-actix)
   Compiling nazo-oauth-server-valkey v0.2.16 (/src/crates/authorization-server-valkey)
   Compiling diesel_migrations v2.3.2
   Compiling diesel-async v0.9.2
   Compiling nazo-postgres v0.2.16 (/src/crates/persistence-postgres)
   Compiling nazo-oauth-server-postgres v0.2.16 (/src/crates/authorization-server-postgres)
   Compiling nazoauth v0.2.16 (/src/crates/nazoauth)
    Finished `release` profile [optimized] target(s) in 5m 39s
