   Compiling nazo-postgres v0.2.16 (/src/crates/persistence-postgres)
    Finished `test` profile [unoptimized] target(s) in 43.03s
     Running unittests src/lib.rs (target/debug/deps/nazo_postgres-065780488627543c)

running 71 tests
test convert::identity::tests::display_summaries_reject_corrupt_tenant_and_user_identifiers ... ok
test convert::identity::tests::persisted_blank_password_hash_is_rejected ... ok
test convert::identity::tests::subject_claims_uses_full_persisted_user_invariant ... ok
test repositories::access_requests::tests::search_pattern_trims_and_ignores_blank_queries ... ok
test repositories::access_token_revocation::tests::deadline_adds_one_more_window_to_an_already_padded_input ... ok
test repositories::access_token_revocation::tests::deadline_is_exp_plus_exactly_one_clock_skew_window ... ok
test repositories::access_token_revocation::tests::deadline_rejects_an_unrepresentable_exp_instead_of_wrapping ... ok
test repositories::access_token_revocation::tests::owner_batch_conflicting_clients_roll_back_and_other_tenants_are_untouched ... ok
test repositories::access_token_revocation::tests::owner_batch_dedups_duplicate_keys_to_the_longest_deadline ... ok
test repositories::access_token_revocation::tests::upsert_extends_only_forward_and_preserves_the_first_fact ... ok
test repositories::access_token_revocation::tests::upsert_rejects_duplicate_authority_keys_inside_one_batch ... ok
test repositories::admin_provision::tests::identifiers_use_the_file_identifier_contract ... ok
test repositories::audit::tests::identity_event_rejects_a_real_cross_tenant_actor ... ok
test repositories::audit_ledger::tests::audit_event_validation_rejects_non_object_and_invalid_names ... ok
test repositories::audit_ledger::tests::audit_hash_is_domain_separated_and_chain_ordered ... ok
test repositories::audit_ledger::tests::completed_single_mutation_preserves_insert_and_idempotent_replay_results ... ok
test repositories::audit_ledger::tests::completed_single_mutation_rejects_missing_or_extra_rows ... ok
test repositories::audit_ledger::tests::generic_audit_append_rejects_reserved_authorization_authority ... ok
test repositories::audit_ledger::tests::payload_byte_count_matches_compact_json_and_exact_limit ... ok
test repositories::authorization_flow::tests::authorization_repository_error_mapping_is_exhaustive ... ok
test repositories::authorization_flow::tests::device_grant_repository_error_mapping_is_exhaustive ... ok
test repositories::authorization_flow::tests::fixed_tenant_adapter_rejects_cross_tenant_grant_writes_before_database_access ... ok
test repositories::clients::logout::tests::logout_projection_selects_only_its_eleven_facts ... ok
test repositories::clients::tests::missing_client_rows_preserve_not_found_semantics ... ok
test repositories::clients::tests::oauth_client_record_into_domain_validates_json_columns_after_decode ... ok
test repositories::clients::tests::oauth_client_record_queryable_by_name_rejects_malformed_rows ... ok
test repositories::clients::tests::persisted_client_string_arrays_reject_non_array_json ... ok
test repositories::clients::tests::replace_registration_validates_the_record_before_audited_commit ... ok
test repositories::controller_registry::approvals::tests::identity_action_catalog_is_closed ... ok
test repositories::controller_registry::slots::tests::controller_id_requires_canonical_lowercase_uuidv7 ... ok
test repositories::controller_registry::slots::tests::kid_must_bind_to_public_key_material ... ok
test repositories::controller_registry::slots::tests::kid_shape_must_be_unpadded_base64url_sha256_length ... ok
test repositories::controller_registry::slots::tests::label_bounds_are_enforced_before_storage ... ok
test repositories::controller_registry::slots::tests::slot_index_selection_fills_lowest_free_and_stops_at_three ... ok
test repositories::controller_registry::slots::tests::status_catalog_is_closed ... ok
test repositories::controller_registry::slots::tests::summary_never_carries_public_key_bytes ... ok
test repositories::mfa::tests::backup_hash_count_and_error_mappings_are_fail_closed ... ok
test repositories::mfa::tests::enrollment_unique_violation_is_a_typed_conflict ... ok
test repositories::mfa::tests::mfa_repository_key_requirement_precedes_database_access ... ok
test repositories::mfa::tests::totp_envelope_authenticates_secret_and_identity_binding ... ok
test repositories::mfa::tests::totp_secret_validation_rejects_malformed_rows_and_uses_previous_keys ... ok
test repositories::recovery_root::tests::failed_attempt_counter_refuses_open_and_broken_transaction_states ... ok
test repositories::runtime_modules::tests::desired_revision_exhaustion_is_rejected_without_saturation ... ok
test repositories::tenancy::tests::active_boundary_is_accepted ... ok
test repositories::tenancy::tests::directory_revision_rejects_negative_storage_values ... ok
test repositories::tenancy::tests::directory_snapshot_maps_active_bindings_and_empty_directory ... ok
test repositories::tenancy::tests::directory_snapshot_rejects_incomplete_rows ... ok
test repositories::tenancy::tests::inactive_organization_fails_closed_as_consistency_error ... ok
test repositories::tenancy::tests::inactive_realm_fails_closed_as_consistency_error ... ok
test repositories::tenancy::tests::inactive_tenant_fails_closed_as_consistency_error ... ok
test repositories::tenancy::tests::missing_boundary_row_is_not_found ... ok
test repositories::tenancy::tests::missing_tenant_or_realm_row_is_not_found ... ok
test repositories::tenancy::tests::organization_from_another_tenant_fails_closed_as_consistency_error ... ok
test repositories::tenancy::tests::query_errors_preserve_not_found_and_unexpected_semantics ... ok
test repositories::tenancy::tests::realm_from_another_tenant_fails_closed_as_consistency_error ... ok
test repositories::token_issuance::tests::audit_events_cover_issuance_rotation_and_reuse_shapes ... ok
test repositories::token_issuance::tests::commit_input_validation_enforces_mode_ownership_and_expiry_contracts ... ok
test repositories::token_issuance::tests::commit_transaction_conversion_preserves_diesel_errors ... ok
test repositories::token_issuance::tests::owner_revocation_streams_large_sets_and_rolls_back_all_batches ... ok
test repositories::token_issuance::tests::token_error_mappings_preserve_conflicts_and_corruption_boundaries ... ok
test repositories::tokens::tests::ownership_current_moves_original_grant_and_spent_keeps_both_audience_views ... ok
test repositories::tokens::tests::ownership_public_uuid_boundary_keeps_consistency_error_before_connection ... ok
test repositories::tokens::tests::refresh_contract_preparation_preserves_the_original_canonical_digest ... ok
test repositories::tokens::tests::refresh_contract_preparation_rejects_each_nonpersistent_context_field ... ok
test repositories::tokens::tests::refresh_family_lock_key_is_the_shared_high_xor_low_formula ... ok
test repositories::tokens::tests::refresh_token_validation_accepts_complete_current_context ... ok
test repositories::tokens::tests::refresh_token_validation_rejects_malformed_context_and_audiences ... ok
test unavailable::tests::actual_migration_harness_preserves_wrapped_query_type ... ok
test unavailable::tests::direct_boxed_public_migration_errors_keep_typed_retry_and_original_cause ... ok
test unavailable::tests::only_typed_query_and_pool_failures_are_unavailable ... ok
test unavailable::tests::unlock_failure_preserves_primary_error_category ... ok

test result: ok. 71 passed; 0 failed; 0 ignored; 0 measured; 0 filtered out; finished in 11.20s

     Running tests/access_requests.rs (target/debug/deps/access_requests-b6b72cd449d8c2f6)

running 15 tests
test approval_rejects_mismatched_actor_context ... ok
test approved_delivery_matches_requires_every_predicate_to_hold ... ok
test cancellation_discards_client_cas_and_access_rejection_connections_before_peer_lock_retry ... ok
test client_cas_commit_error_after_returning_never_returns_a_success_view ... ok
test concurrent_approval_has_one_cas_winner_and_rolls_back_losing_client ... ok
test concurrent_rejection_has_one_cas_winner ... ok
test create_list_cancel_and_detail_are_tenant_and_owner_scoped ... ok
test create_rejects_user_from_a_different_tenant ... ok
test decision_write_ports_return_acknowledged_views_without_a_display_reread ... ok
test delivery_binding_requires_the_exact_approved_secret_generation ... ok
test duplicate_client_conflict_does_not_report_request_as_processed ... ok
test existence_predicates_return_booleans_while_page_keeps_count_semantics ... ok
test metadata_patch_rejects_stale_semantic_snapshot_and_preserves_unrelated_updates ... ok
test required_approval_rolls_back_client_and_decision_and_recovers_only_exact_audit_binding ... ok
test required_rejection_ledger_failure_rolls_back_decision_and_has_one_acknowledged_outcome ... ok

test result: ok. 15 passed; 0 failed; 0 ignored; 0 measured; 0 filtered out; finished in 3.33s

     Running tests/access_token_retention.rs (target/debug/deps/access_token_retention-74d5c6fdd032ad39)

running 6 tests
test conflicting_owner_revocation_rolls_back_and_other_tenants_are_unaffected ... ok
test maintenance_reclaims_revocation_facts_once_the_padded_deadline_passes ... ok
test owner_revocation_covers_oauth_and_vci_sources_inside_the_skew_window ... ok
test replay_compensation_writes_padded_deadline_and_missing_expiry_skips_the_access_fact ... ok
test revocation_deadline_is_monotonic_across_writer_orderings ... ok
test revoked_access_token_within_skew_survives_cleanup_until_its_padded_deadline ... ok

test result: ok. 6 passed; 0 failed; 0 ignored; 0 measured; 0 filtered out; finished in 2.23s

     Running tests/admin_provision.rs (target/debug/deps/admin_provision-301192a6a2728768)

running 3 tests
test concurrent_provisioning_returns_one_receipt_and_one_admin_effect ... ok
test operation_and_email_conflicts_are_rejected ... ok
test provisioning_is_atomic_and_retries_return_the_same_receipt ... ok

test result: ok. 3 passed; 0 failed; 0 ignored; 0 measured; 0 filtered out; finished in 3.84s

     Running tests/audit_bounded_reads.rs (target/debug/deps/audit_bounded_reads-5f79e092550d1327)

running 1 test
test exporter_identity_reads_stay_bounded_when_pending_statistics_are_stale ... finalize: shared_blocks=5151; actual_plan=[{"Execution Time":14.194,"Plan":{"Actual Loops":1,"Actual Rows":1.0,"Actual Startup Time":14.185,"Actual Total Time":14.186,"Async Capable":false,"Disabled":false,"Local Dirtied Blocks":0,"Local Hit Blocks":0,"Local Read Blocks":0,"Local Written Blocks":0,"Node Type":"Result","Parallel Aware":false,"Plan Rows":1,"Plan Width":8,"Shared Dirtied Blocks":10,"Shared Hit Blocks":5151,"Shared Read Blocks":0,"Shared Written Blocks":10,"Startup Cost":0.0,"Temp Read Blocks":0,"Temp Written Blocks":0,"Total Cost":0.26},"Planning":{"Local Dirtied Blocks":0,"Local Hit Blocks":0,"Local Read Blocks":0,"Local Written Blocks":0,"Shared Dirtied Blocks":0,"Shared Hit Blocks":0,"Shared Read Blocks":0,"Shared Written Blocks":0,"Temp Read Blocks":0,"Temp Written Blocks":0},"Planning Time":0.025,"Triggers":[]}]
ack: shared_blocks=6337; actual_plan=[{"Execution Time":27.478,"Plan":{"Actual Loops":1,"Actual Rows":1.0,"Actual Startup Time":27.469,"Actual Total Time":27.469,"Async Capable":false,"Disabled":false,"Local Dirtied Blocks":0,"Local Hit Blocks":0,"Local Read Blocks":0,"Local Written Blocks":0,"Node Type":"Result","Parallel Aware":false,"Plan Rows":1,"Plan Width":1,"Shared Dirtied Blocks":0,"Shared Hit Blocks":6337,"Shared Read Blocks":0,"Shared Written Blocks":0,"Startup Cost":0.0,"Temp Read Blocks":0,"Temp Written Blocks":0,"Total Cost":0.26},"Planning":{"Local Dirtied Blocks":0,"Local Hit Blocks":0,"Local Read Blocks":0,"Local Written Blocks":0,"Shared Dirtied Blocks":0,"Shared Hit Blocks":0,"Shared Read Blocks":0,"Shared Written Blocks":0,"Temp Read Blocks":0,"Temp Written Blocks":0},"Planning Time":0.031,"Triggers":[]}]
ok

test result: ok. 1 passed; 0 failed; 0 ignored; 0 measured; 0 filtered out; finished in 4.69s

     Running tests/audit_chain_cutover.rs (target/debug/deps/audit_chain_cutover-a411a8a4e1d8355b)

running 1 test
test audit_cutover_preserves_history_and_moves_chain_authority_to_exporter ... ok

test result: ok. 1 passed; 0 failed; 0 ignored; 0 measured; 0 filtered out; finished in 3.93s

     Running tests/audit_commit_boundary.rs (target/debug/deps/audit_commit_boundary-ac6634436bdbcf27)

running 4 tests
test committed_ack_with_lost_ready_for_query_recovers_from_the_durable_checkpoint ... proxy dropped committed ACK ReadyForQuery(I): caller Err, original backend 196 disposed, checkpoint recovered, stale generation rejected, next batch ACK succeeded
ok
test every_audit_mutation_rejects_late_commit_failure_cancel_and_disconnect ... Genesis: late commit error propagated: unexpected repository error: revision late commit failure; backend=201
Genesis/raise: backend gone, replacement=202, durable_changed=false
Genesis: cancel at deferred commit, no early success, backend=206
Genesis/cancel: backend gone, replacement=207, durable_changed=true
Genesis: disconnect at deferred commit, no early success, backend=211
Genesis/disconnect: backend gone, replacement=212, durable_changed=false
Observe: late commit error propagated: unexpected repository error: revision late commit failure; backend=216
Observe/raise: backend gone, replacement=217, durable_changed=false
Observe: cancel at deferred commit, no early success, backend=222
Observe/cancel: backend gone, replacement=223, durable_changed=true
Observe: disconnect at deferred commit, no early success, backend=227
Observe/disconnect: backend gone, replacement=228, durable_changed=false
Singleton: late commit error propagated: unexpected repository error: revision late commit failure; backend=232
Singleton/raise: backend gone, replacement=233, durable_changed=false
Singleton: cancel at deferred commit, no early success, backend=237
Singleton/cancel: backend gone, replacement=238, durable_changed=true
Singleton: disconnect at deferred commit, no early success, backend=242
Singleton/disconnect: backend gone, replacement=243, durable_changed=false
Batch: late commit error propagated: unexpected repository error: revision late commit failure; backend=248
Batch/raise: backend gone, replacement=249, durable_changed=false
Batch: cancel at deferred commit, no early success, backend=253
Batch/cancel: backend gone, replacement=254, durable_changed=true
Batch: disconnect at deferred commit, no early success, backend=258
Batch/disconnect: backend gone, replacement=259, durable_changed=false
Ack: late commit error propagated: unexpected repository error: revision late commit failure; backend=263
Ack/raise: backend gone, replacement=264, durable_changed=false
Ack: cancel at deferred commit, no early success, backend=268
Ack/cancel: backend gone, replacement=269, durable_changed=true
Ack: disconnect at deferred commit, no early success, backend=274
Ack/disconnect: backend gone, replacement=275, durable_changed=false
Fail: late commit error propagated: unexpected repository error: revision late commit failure; backend=279
Fail/raise: backend gone, replacement=280, durable_changed=false
Fail: cancel at deferred commit, no early success, backend=284
Fail/cancel: backend gone, replacement=285, durable_changed=true
Fail: disconnect at deferred commit, no early success, backend=289
Fail/disconnect: backend gone, replacement=290, durable_changed=false
ok
test first_data_row_is_not_a_commit_acknowledgement ... first DataRow=true, next result=23514 revision late commit failure; no durable event
ok
test fresh_audit_conflict_rolls_back_the_callers_business_transaction ... ok

test result: ok. 4 passed; 0 failed; 0 ignored; 0 measured; 0 filtered out; finished in 34.02s

     Running tests/audit_ledger.rs (target/debug/deps/audit_ledger-81d1c08a9ba95da9)

running 19 tests
test audit_claim_is_bounded_without_planner_statistics ... pending=0 analyzed=false: explain chained prefix
pending=0 analyzed=false: explain direct pending read
pending=0 analyzed=false: execute claim function
pending=0 analyzed=false claimed=0 elapsed=2.229962ms
pending=0 analyzed=true: explain chained prefix
pending=0 analyzed=true: explain direct pending read
pending=0 analyzed=true: execute claim function
pending=0 analyzed=true claimed=0 elapsed=751.924µs
seeded 10000 pending rows in 100.983005ms
pending=10000 analyzed=false: explain chained prefix
pending=10000 analyzed=false: explain direct pending read
pending=10000 analyzed=false: execute claim function
pending=10000 analyzed=false claimed=256 elapsed=1.565307ms
pending=10000 analyzed=true: explain chained prefix
pending=10000 analyzed=true: explain direct pending read
pending=10000 analyzed=true: execute claim function
pending=10000 analyzed=true claimed=256 elapsed=1.84766ms
seeded 1000000 pending rows in 11.807581693s
pending=1000000 analyzed=false: explain chained prefix
pending=1000000 analyzed=false: explain direct pending read
pending=1000000 analyzed=false: execute claim function
pending=1000000 analyzed=false claimed=256 elapsed=1.545407ms
pending=1000000 analyzed=true: explain chained prefix
pending=1000000 analyzed=true: explain direct pending read
pending=1000000 analyzed=true: execute claim function
pending=1000000 analyzed=true claimed=256 elapsed=1.147576ms
seeded 15000000 pending rows in 263.208596063s
pending=15000000 analyzed=false: explain chained prefix
pending=15000000 analyzed=false: explain direct pending read
pending=15000000 analyzed=false: execute claim function
pending=15000000 analyzed=false claimed=256 elapsed=5.780387ms
pending=15000000 analyzed=true: explain chained prefix
pending=15000000 analyzed=true: explain direct pending read
pending=15000000 analyzed=true: execute claim function
pending=15000000 analyzed=true claimed=256 elapsed=1.353691ms
ok
test audit_claim_survives_dead_prefix_and_autovacuum_recovers ... claim over dead prefix plan:
Limit  (cost=0.12..24.37 rows=256 width=192) (actual time=0.146..0.360 rows=256.00 loops=1)
  Buffers: shared hit=23
  ->  Index Scan using idx_security_audit_events_pending_order on security_audit_events event  (cost=0.12..204.72 rows=2160 width=192) (actual time=0.144..0.338 rows=256.00 loops=1)
        Index Searches: 1
        Buffers: shared hit=23
Planning:
  Buffers: shared hit=72
Planning Time: 0.369 ms
Execution Time: 0.412 ms
ok
test audit_ledger_append_batch_commits_atomically ... ok
test audit_ledger_append_is_chained_and_pending ... ok
test audit_ledger_migration_is_append_only_and_has_durable_outbox ... ok
test audit_ledger_rejects_invalid_events_and_enforces_batch_fencing ... ok
test batch_delivery_migration_fences_one_batch_and_retires_per_event_state ... ok
test bounded_claim_analysis_accepts_decimal_rows_and_rejects_backlog_scans ... 
thread 'bounded_claim_analysis_accepts_decimal_rows_and_rejects_backlog_scans' (29288) panicked at crates/persistence-postgres/tests/audit_ledger.rs:948:9:
claim index work must stay within the candidate bound:
Index Scan using pending_order on security_audit_events (cost=0.0..1.0 rows=256 width=192) (actual time=0.0..0.1 rows=10000.00 loops=1)
Execution Time: 1.0 ms
note: run with `RUST_BACKTRACE=1` environment variable to display a backtrace

thread 'bounded_claim_analysis_accepts_decimal_rows_and_rejects_backlog_scans' (29288) panicked at crates/persistence-postgres/tests/audit_ledger.rs:948:9:
claim index work must stay within the candidate bound:
Index Scan using pending_order on security_audit_events (cost=0.0..1.0 rows=256 width=192) (actual time=0.0..0.1 rows=1.00 loops=257)
Execution Time: 1.0 ms
ok
test bounded_claim_migration_materializes_identities_before_joining ... ok
test delivery_scoped_retention_migration_reclaims_at_ack_and_drops_archive ... ok
test each_successful_observation_refreshes_time_without_acknowledging_backlog ... ok
test fresh_claim_finalizer_updates_once_and_rolls_back_every_mutation ... ok
test fresh_claim_keeps_chained_prefix_and_concurrent_reclaim_bytes ... ok
test new_claim_budget_counts_escaped_json_wire_bytes_and_keeps_legal_singletons ... ok
test new_claim_budget_exact_multi_event_fit_and_one_byte_overflow_have_no_chain_gap ... ok
test pending_event_set_migration_moves_pending_identity_to_events ... ok
test pending_set_cutover_guard_rejects_divergence_and_accepts_mirror ... ok
test refresh_contract_ensure_migration_provides_single_call_reference ... ok
test shared_anchor_migration_persists_checkpoint_without_a_local_file ... ok

test result: ok. 19 passed; 0 failed; 0 ignored; 0 measured; 0 filtered out; finished in 356.66s

     Running tests/audit_pending_upgrade.rs (target/debug/deps/audit_pending_upgrade-cf4c5fadbbbb8ec4)

running 5 tests
test pending_set_upgrade_from_empty_state ... ok
test pending_set_upgrade_from_inflight_batch ... ok
test pending_set_upgrade_from_mixed_backlog ... ok
test pending_set_upgrade_from_unchained_backlog ... ok
test pending_set_upgrade_rolls_back_on_divergence ... ok

test result: ok. 5 passed; 0 failed; 0 ignored; 0 measured; 0 filtered out; finished in 6.12s

     Running tests/audit_preflight_roles.rs (target/debug/deps/audit_preflight_roles-00cf2e1f305f38d6)

running 1 test
test strict_preflight_checks_real_login_reachable_roles_and_columns ... ok

test result: ok. 1 passed; 0 failed; 0 ignored; 0 measured; 0 filtered out; finished in 5.27s

     Running tests/auth_repositories.rs (target/debug/deps/auth_repositories-e5342c894e2e79a7)

running 40 tests
test access_token_revoked_exists_semantics_ignore_deadline_and_scope ... ok
test admin_grant_required::grant_current_role_gate_preserves_separate_admitted_actor_home_tenant ... ok
test admin_grant_required::grant_owner_rechecks_current_actor_after_real_demotion_lock_wait ... ok
test admin_grant_required::grant_owner_rejects_missing_inactive_or_demoted_current_actor_without_effect_or_outcome ... ok
test admin_grant_required::required_ledger_failure_rolls_back_exact_grant_and_refresh_family ... ok
test audit_repository_reads_active_scim_credentials_and_drives_logout_outbox ... ok
test authorization_code_replay_compensation_revokes_both_token_kinds ... ok
test authorization_replay_waits_for_concurrent_refresh_rotation_before_compensation ... ok
test backchannel_logout_fanout_rolls_back_when_any_delivery_is_invalid ... ok
test client_deactivation_is_atomic_across_real_batches_and_repeated_owners ... deactivation fixture: seeded owners and legacy batches
deactivation fixture: rollback and two-owner commit verified
deactivation fixture: checking principal epoch
deactivation fixture: checking absence of redundant JTI state
deactivation fixture: checking principal epoch
deactivation fixture: checking absence of redundant JTI state
deactivation fixture: starting concurrent deactivation
deactivation fixture: concurrent writers completed
ok
test client_deactivation_waits_for_issuance_and_revokes_committed_credentials ... ok
test concurrent_ordinary_rotations_commit_one_winner_and_one_committed_compromise ... ok
test family_active_exists_semantics_cover_cardinality_and_predicates ... ok
test grant_revoke_skips_already_revoked_family_lock ... ok
test grant_revoke_waits_for_concurrent_refresh_rotation_before_revoking_family ... ok
test grants_upsert_cover_and_revoke_tokens_atomically ... ok
test issuance_commits_complete_audit_payloads_and_pending_events_for_users_rotation_and_reuse ... ok
test issuance_waits_for_principal_deactivation_and_rechecks_the_committed_state ... ok
test lost_response_retry_rechecks_family_compromise_under_the_family_lock ... ok
test lost_response_successor_requires_exactly_one_bound_unexpired_successor ... ok
test new_family_collision_is_tenant_scoped_and_preserves_compromise_audit ... ok
test oidc_subject_snapshot_reuses_statement_but_refreshes_epoch_and_binding ... ok
test ordinary_rotation_context_compare_uses_serde_value_semantics ... ok
test ordinary_rotation_context_mismatch_commits_compromise_and_reuse_audit ... ok
test ordinary_rotation_parent_misses_compromise_family_and_commit_reuse_audit ... ok
test principal_snapshot_reuses_authenticated_epoch_and_prepared_query ... ok
test refresh_contract_ensure_rolls_back_with_caller_and_validates_args ... ok
test refresh_contract_ensure_serializes_same_key_create_race ... ok
test refresh_contract_reference_survives_last_reference_reclaim_race ... ok
test refresh_family_requires_one_root_and_matching_direct_parent_context ... ok
test refresh_rotation_reuse_compromises_the_whole_family ... ok
test refresh_token_authentication_context_round_trips_and_rejects_invalid_values ... ok
test refresh_token_client_attestation_binding_round_trips ... ok
test required_revocation_event_failure_rolls_back_access_and_refresh_effects ... ok
test rotation_sql_failure_propagates_error_and_rolls_back_instead_of_conflicting ... ok
test server_auth_callers_do_not_query_diesel_or_auth_tables ... ok
test single_use_grant_retry_is_rejected_without_reissuing_or_duplicating_audit ... ok
test single_use_redemption_reads_back_committed_replay_evidence ... ok
test stale_logout_worker_cannot_complete_or_fail_a_reclaimed_delivery ... ok
test token_management_revocation_is_client_scoped_idempotent_and_serializes_family ... ok

test result: ok. 40 passed; 0 failed; 0 ignored; 0 measured; 0 filtered out; finished in 38.21s

     Running tests/authorization_decisions.rs (target/debug/deps/authorization_decisions-16a46009bc43ffdc)

running 5 tests
test audit_ack_samples_time_after_blocked_head_validation ... legacy ACK negative control: freshness invariant FAIL (expected)
audit ACK clock control=down barrier=pg_blocking_pids started=2026-10-09 02:12:22.129507 UTC observation=2026-10-09 02:12:22.134487 UTC exported=2026-10-09 02:12:22.129507 UTC accepted=2026-10-09 02:12:22.129507 UTC observed=2026-10-09 02:12:22.129507 UTC
audit ACK clock control=up barrier=pg_blocking_pids started=2026-10-09 02:12:22.246887 UTC observation=2026-10-09 02:12:22.254826 UTC exported=2026-10-09 02:12:22.259858 UTC accepted=2026-10-09 02:12:22.259858 UTC observed=2026-10-09 02:12:22.259858 UTC
ok
test authorization_decision_waits_for_implicit_commit_ack ... ok
test authorization_decisions_commit_once_and_survive_export_ack ... ok
test decision_migration_has_independent_fences_and_safe_retention ... ok
test decision_prepared_shape_preserves_distinct_facts_and_replay_fences ... ok

test result: ok. 5 passed; 0 failed; 0 ignored; 0 measured; 0 filtered out; finished in 10.39s

     Running tests/control_plane_required.rs (target/debug/deps/control_plane_required-fc7418767ce40018)

running 7 tests
test required_control_plane_all_six_ledger_failures_roll_back_exact_owners ... ok
test required_control_plane_approvals_accept_submicrosecond_clocks_with_exact_stored_expiry ... ok
test required_control_plane_cancelled_accepting_owner_releases_connection_and_deployment_lock ... ok
test required_control_plane_current_actor_denies_inactive_demoted_and_moved_context ... ok
test required_control_plane_defaults_never_invoke_bare_mutation ... ok
test required_control_plane_hidden_real_commits_withhold_tokens_and_receipts ... ok
test required_control_plane_rewritten_approval_expiry_is_rejected_and_rolled_back ... ok

test result: ok. 7 passed; 0 failed; 0 ignored; 0 measured; 0 filtered out; finished in 3.37s

     Running tests/controller_recovery.rs (target/debug/deps/controller_recovery-cdeb40579850d4f8)

running 13 tests
test accepted_recovery_revokes_everything_installs_one_slot_and_rotates_the_root ... ok
test challenges_are_refused_while_any_controller_is_admitted_and_single_pending ... ok
test concurrent_rotations_cannot_install_one_recovery_key_twice ... ok
test failed_rollback_does_not_reuse_a_connection_for_the_counter ... ok
test generation_exhaustion_rolls_back_the_root_and_approval ... ok
test history_failure_rolls_back_root_approval_and_pending_challenge ... ok
test recovered_slots_count_toward_the_three_slot_bound ... ok
test recovery_cannot_reinstall_a_historical_root_or_leave_a_slot ... ok
test recovery_submission_waits_for_the_deployment_identity_lock ... ok
test replay_expiry_and_wrong_signers_fail_closed_without_partial_state ... ok
test root_enrollment_and_replacement_return_rows_in_six_data_queries ... ok
test rotated_away_recovery_keys_can_never_be_installed_again ... ok
test rotation_needs_unconsumed_fresh_approval_and_bumps_exactly_one_generation ... ok

test result: ok. 13 passed; 0 failed; 0 ignored; 0 measured; 0 filtered out; finished in 20.60s

     Running tests/controller_registry.rs (target/debug/deps/controller_registry-042eaa50d718a31f)

running 11 tests
test approvals_are_single_use_bound_to_action_hash_and_expire ... ok
test atomic_first_bind_enrolls_root_and_refuses_a_second ... ok
test concurrent_add_races_never_exceed_three_active_slots ... ok
test concurrent_duplicate_kids_have_one_winner_for_insert_and_rotation ... ok
test crud_negatives_are_typed_and_leave_no_partial_state ... ok
test expiry_is_exactly_thirty_days_and_admission_fails_at_the_boundary ... ok
test fourth_add_is_refused_in_transaction_with_non_secret_summaries ... ok
test revocation_is_terminal_and_rotation_cannot_resurrect ... ok
test rotate_keeps_count_and_identity_while_replacing_material ... ok
test slot_mutations_return_the_stored_rows_in_three_data_queries ... ok
test unrelated_unique_constraints_are_transport_errors_and_roll_back ... ok

test result: ok. 11 passed; 0 failed; 0 ignored; 0 measured; 0 filtered out; finished in 17.00s

     Running tests/directory_control.rs (target/debug/deps/directory_control-25fe2742c706c003)

running 5 tests
test audit_before_revision_is_the_locked_mutation_fact_after_a_concurrent_commit ... ok
test create_commits_mutation_audit_and_ledger_atomically ... ok
test replays_return_recorded_outcomes_without_new_effects ... ok
test stale_revisions_are_rejected_without_ledger_side_effects ... ok
test update_disable_finalize_and_describe_complete_the_lifecycle ... ok

test result: ok. 5 passed; 0 failed; 0 ignored; 0 measured; 0 filtered out; finished in 8.69s

     Running tests/hotpath_statement_cache.rs (target/debug/deps/hotpath_statement_cache-3663f7bbc93b19d9)

running 1 test
test audit_hotpath_reuses_prepared_shapes_without_reusing_event_binds ... HOTPATH_CACHE preflight=1 append=1 executions=6 distinct_events=3
ok

test result: ok. 1 passed; 0 failed; 0 ignored; 0 measured; 0 filtered out; finished in 0.20s

     Running tests/identity_repositories.rs (target/debug/deps/identity_repositories-3c555c2f11e937fc)

running 61 tests
test access_request_boundary_has_no_server_diesel_or_forwarding_support_layer ... ok
test active_subject_id_by_tenant_id_returns_the_live_principal_subject ... ok
test active_subject_id_fails_closed_on_corrupt_principal_rows ... ok
test active_subject_id_is_none_for_inactive_missing_and_cross_tenant_users ... ok
test active_subject_id_read_projects_only_the_seven_principal_columns ... ok
test admin_partial_update_validates_final_role_level_before_commit ... ok
test admin_user_page_is_tenant_scoped_at_the_query_boundary ... ok
test admin_user_required::admin_user_required_current_actor_context_and_hierarchy_denials_commit_no_success ... ok
test admin_user_required::admin_user_required_hidden_committed_ack_returns_no_account_receipt ... ok
test admin_user_required::admin_user_required_ledger_failure_rolls_back_create_patch_and_noop_outcome ... ok
test admin_user_required::admin_user_required_ports_have_no_bare_mutation_fallback ... ok
test application_projection_filters_mixed_scope_elements ... ok
test authentication_snapshot_matches_the_split_client_and_salt_reads ... ok
test authorized_admin_update_serializes_hierarchy_and_audit_in_one_transaction ... ok
test backup_code_batch_replacement_clears_empty_and_rolls_back_invalid_batches ... ok
test backup_code_is_consumed_once_atomically ... ok
test client_registration_keeps_plaintext_out_of_protocol_core_and_postgres ... ok
test client_secret_comparison_returns_only_salt_and_database_equality ... ok
test concurrent_federated_create_is_idempotent_with_one_connection_and_tenant_scoped ... ok
test concurrent_totp_enrollment_confirmation_has_one_audited_winner ... ok
test failed_totp_enrollment_confirmation_is_durably_audited_without_state_change ... ok
test federated_unique_conflict_recovery_returns_current_inactive_account ... ok
test identity_claim_boundaries_use_narrow_single_snapshot_reads ... ok
test identity_display_projections_preserve_metadata_and_tenant_user_scope ... ok
test inactive_account_has_no_issuable_subject_claims ... ok
test mfa_backup_code_bounds_and_enrollment_conflict_are_explicit ... ok
test mfa_clear_waits_for_actual_remember_key_share_then_removes_committed_device ... ok
test mfa_encrypted_lifecycle_and_trait_boundary_are_tenant_safe ... ok
test mfa_generation::mfa_clear_committed_unknown_retry_cannot_clear_formal_g2 ... ok
test mfa_generation::mfa_clear_failure_after_dependent_deletes_rolls_back_every_generation_field ... ok
test mfa_generation::mfa_clear_generation_lock_orders_formal_g2_install_after_commit ... ok
test mfa_generation::mfa_confirm_and_regenerate_hidden_committed_ack_return_no_backup_codes ... ok
test mfa_generation::mfa_confirmation_required_ledger_and_inactive_actor_roll_back_before_code_disclosure ... ok
test mfa_generation::mfa_disable_required_ledger_failure_rolls_back_current_generation_and_dependents ... ok
test mfa_generation::mfa_regeneration_required_ledger_and_inactive_actor_preserve_exact_old_backups ... ok
test mfa_generation::mfa_verified_g1_disable_preserves_fully_installed_g2_after_barrier ... ok
test mfa_generation_fences_late_remember_and_regeneration_after_clear_and_reenrollment ... ok
test mfa_two_consumed_backup_proofs_regenerate_serially_without_generation_lock_cycle ... ok
test oauth_client_persistence_contract_distinguishes_lifetimes_from_character_literals ... ok
test oauth_client_persistence_contract_ignores_documentation_and_cfg_test_items ... ok
test oauth_client_persistence_contract_keeps_scanning_after_cfg_test_items ... ok
test oauth_client_persistence_contract_rejects_aliases_declarations_imports_and_raw_sql ... ok
test oauth_client_persistence_contract_skips_cfg_test_items_with_const_generics ... ok
test oauth_client_queries_cross_the_persistence_port_without_a_server_postgres_dependency ... ok
test oauth_client_repository_keeps_records_private_and_returns_domain_clients ... ok
test passkey_and_federation_uniqueness_are_typed_conflicts ... ok
test passkey_counter_update_is_monotonic_compare_and_set ... ok
test profile_update_cannot_restore_stale_phone_verification ... ok
test profile_update_persists_only_the_typed_profile_projection ... ok
test repositories_accept_validated_tenant_and_user_ids ... ok
test scim_replace_returns_domain_claims_from_one_transaction ... ok
test seed_upsert_is_atomic_and_preserves_unmanaged_client_state ... ok
test seed_upsert_persists_jarm_algorithm_on_insert_and_conflict_update ... ok
test server_has_no_identity_rows_or_identity_diesel_queries ... ok
test server_mfa_verification_does_not_query_migrated_tables_directly ... ok
test subject_claims_reject_invalid_persisted_role_invariant ... ok
test system_tenant_admin_outcomes_preserve_cross_tenant_audit_and_rollback ... ok
test totp_enrollment_orders_cross_store_changes_for_safe_recovery ... ok
test totp_last_step_compare_and_set_has_one_concurrent_winner ... ok
test totp_verification_classification_and_audit_are_atomic_and_replay_safe ... ok
test user_lookup_is_tenant_scoped ... ok

test result: ok. 61 passed; 0 failed; 0 ignored; 0 measured; 0 filtered out; finished in 10.83s

     Running tests/migrations.rs (target/debug/deps/migrations-dc1a764bf4051720)

running 27 tests
test access_token_revocation_retention_backfill_extends_only_live_windows ... ok
test access_token_revocation_retention_sql_pins_the_verifier_skew_window ... ok
test embedded_migration_head_tracks_latest_directory ... ok
test empty_schema_migration_run_leaves_revocation_retention_applied_and_writable ... ok
test identity_security_event_migration_is_additive_redacted_and_round_trips ... ok
test issuance_cleanup_uses_expiry_as_an_index_bound ... ok
test oidc_logout_idempotency_migration_is_additive_partial_and_reversible ... ok
test openid4vp_expiry_cleanup_query_is_indexable ... ok
test pending_migrations_create_all_runtime_module_state_tables ... ok
test pending_migrations_create_tenant_scoped_signing_keyset_storage ... ok
test persisted_security_state_cut_executes_fail_closed_and_establishes_current_invariants ... ok
test persisted_security_state_cut_removes_every_legacy_authority ... ok
test pushed_requests_policy_downgrade_fails_closed_on_required_clients ... ok
test recovery_allocation_proof_migration_hard_cuts_unsigned_pending_state ... ok
test recovery_coverage_migration_preserves_old_receipts_and_writer_default ... ok
test recovery_receipt_migration_binds_exact_retry_to_immutable_result ... ok
test recovery_root_key_history_backfills_current_keys_and_refuses_downgrade ... ok
test recovery_root_migration_pins_kdf_ttl_uniqueness_and_fail_closed_downgrade ... ok
test refresh_state_minimal_migration_converges_family_cap_and_contracts ... ok
test revoked_refresh_family_cleanup_index_is_partial_and_reversible ... ok
test runtime_module_state_migration_enforces_catalogs_and_round_trips ... ok
test security_state_cleanup_function_bounds_every_category ... ok
test security_state_cleanup_has_versioned_definitions_and_no_runtime_call ... ok
test social_provider_type_migration_preserves_existing_rows_and_has_safe_down_policy ... ok
test tenant_resource_provenance_cut_keeps_one_deterministic_binding_and_rejects_ambiguity ... ok
test token_principal_epochs_survive_reactivation_and_bindings_are_tenant_owned ... ok
test totp_invalid_audit_migration_extends_and_restores_the_closed_catalog ... ok

test result: ok. 27 passed; 0 failed; 0 ignored; 0 measured; 0 filtered out; finished in 9.00s

     Running tests/mtls_trust.rs (target/debug/deps/mtls_trust-88e56be3cd2a3b5c)

running 5 tests
test mtls_trust_lifecycle_is_owned_two_person_current_and_revocable ... ok
test mtls_trust_required::cancelled_trust_required_owner_releases_peer_lock_without_pool_checkout ... ok
test mtls_trust_required::required_trust_append_fault_restores_approve_reject_revoke_and_every_event ... ok
test mtls_trust_required::trust_approval_samples_time_after_tenant_lock_wait_across_expiry ... ok
test mtls_trust_required::trust_owner_rechecks_current_actor_and_approval_client_after_row_lock_wait ... ok

test result: ok. 5 passed; 0 failed; 0 ignored; 0 measured; 0 filtered out; finished in 9.52s

     Running tests/oauth_client_dcr.rs (target/debug/deps/oauth_client_dcr-9fa1c5f624f3b06e)

running 16 tests
test admin_client_required::admin_client_required_current_actor_denies_inactive_demoted_and_wrong_context ... ok
test admin_client_required::admin_client_required_hidden_committed_ack_withholds_secret_and_updated_receipt ... ok
test admin_client_required::admin_client_required_ledger_failure_rolls_back_insert_and_exact_cas ... ok
test admin_client_required::admin_client_required_ports_have_no_bare_repository_fallback ... ok
test concurrent_replace_registration_on_one_token_rotates_exactly_once ... ok
test dcr_replace_cannot_resurrect_a_concurrently_deleted_client ... ok
test dcr_required_event_failure_rolls_back_each_owned_effect ... ok
test dynamic_profile_metadata_round_trips_through_postgres ... ok
test dynamic_registration_store_maps_repository_failures_to_unavailable ... ok
test dynamic_registration_store_preserves_atomic_credential_semantics ... ok
test dynamic_registration_store_round_trips_registration_and_secret_material ... ok
test oauth_client_reads_fail_closed_across_tenants ... ok
test registration_token_rotation_rejects_a_stale_authenticated_token ... ok
test replace_registration_rejects_stale_predicates_without_writing ... ok
test replace_registration_returning_and_record_exclude_secret_columns ... ok
test replace_registration_returns_the_committed_row ... ok

test result: ok. 16 passed; 0 failed; 0 ignored; 0 measured; 0 filtered out; finished in 4.24s

     Running tests/oidc_logout.rs (target/debug/deps/oidc_logout-0b1752fee3f1db1b)

running 2 tests
test logout_fanout_is_tenant_scoped_idempotent_and_atomic ... ok
test logout_projection_reads_only_logout_facts_and_rejects_malformed_redirects ... ok

test result: ok. 2 passed; 0 failed; 0 ignored; 0 measured; 0 filtered out; finished in 0.66s

     Running tests/openid4vc.rs (target/debug/deps/openid4vc-6b511845de8bf5ab)

running 37 tests
test access_upsert_conflict_with_a_different_identity_is_a_noop ... ok
test access_upsert_preserves_the_revocation_marker ... ok
test access_upsert_updates_each_mutable_projection_column ... ok
test anonymous_pre_authorized_persist_never_reads_client_rows ... ok
test anonymous_pre_authorized_persist_writes_the_upsert_row_shape ... ok
test concurrent_deferred_claims_lease_to_one_owner ... ok
test concurrent_identical_access_upserts_are_noops ... ok
test corrupt_deferred_payload_rolls_back_the_claim_lease ... ok
test credential_dataset_mutations_require_an_active_admin_and_are_audited_atomically ... ok
test credential_persistence_rejects_binding_conflicts_and_accepts_exact_retries ... ok
test credential_proof_origin_migration_preserves_legacy_and_guards_anonymous_rollback ... ok
test deferred_access_join_is_guaranteed_by_the_schema ... ok
test deferred_claim_rejects_unclaimable_rows_without_leasing ... ok
test deferred_claim_returns_joined_domain_state_and_writes_the_lease ... ok
test deferred_claim_supports_grants_without_dpop_binding ... ok
test deferred_locked_projection_rechecks_waited_facts_and_discards_cancelled_owner ... ok
test deferred_pending_busy_invalid_outcomes_keep_original_lease_and_transaction ... ok
test deferred_reverse_grant_pairs_wait_on_the_sorted_first_lock_and_both_commit ... ok
test identical_access_upsert_leaves_the_row_version_untouched ... ok
test issuance_store_covers_atomic_recovery_and_terminal_error_boundaries ... ok
test managed_dataset_required::cancelled_dataset_required_owner_releases_peer_row_lock_without_pool_checkout ... ok
test managed_dataset_required::dataset_fault_contract_rejects_suppressed_effect_source_and_required_events ... ok
test managed_dataset_required::dataset_owner_rechecks_actor_and_subject_after_real_row_lock_wait ... ok
test managed_dataset_required::dataset_put_returns_actual_stored_validity_before_ack ... ok
test managed_dataset_required::dataset_real_noop_does_not_append_accepting_evidence ... ok
test managed_dataset_required::required_dataset_append_fault_rolls_back_exact_ciphertext_source_events_and_ledger ... ok
test notification_identical_concurrent_retries_preserve_first_event_and_occurrence ... ok
test openid4vc_state_is_tenant_bound_and_sensitive_values_are_single_use_and_encrypted_at_rest ... ok
test pre_authorized_persist_distinguishes_mismatched_and_inactive_clients ... ok
test pre_authorized_persist_holds_the_client_lock_until_deactivation_wins ... ok
test pre_authorized_persist_rejects_a_client_deactivated_after_authentication ... ok
test pre_authorized_verification_rechecks_snapshot_expiry_and_busy_result ... ok
test pre_authorized_verification_releases_the_pool_and_has_one_consumer ... ok
test presentation_completion_rechecks_owner_clock_after_pool_and_record_waits ... ok
test recoverable_issuance_leases_commit_responses_and_deferred_credentials_once ... ok
test refreshed_access_continues_only_its_original_credential_intent_after_source_expiry ... ok
test revoked_access_grants_stay_revoked_through_every_persist_path ... ok

test result: ok. 37 passed; 0 failed; 0 ignored; 0 measured; 0 filtered out; finished in 23.62s

     Running tests/pool_async_contract.rs (target/debug/deps/pool_async_contract-2cb0ffbe7afb52d9)

running 6 tests
test concurrent_acquisitions_all_succeed ... ok
test failed_pool_acquisition_returns_an_error ... ok
test migrations_run_from_a_current_thread_runtime ... ok
test pool_admin_operation_errors_remain_typed_across_runtime_boundaries ... ok
test pool_admin_operations_keep_async_rustls_and_isolate_the_migration_harness ... ok
test pool_health_and_connection_execute_real_async_round_trips ... ok

test result: ok. 6 passed; 0 failed; 0 ignored; 0 measured; 0 filtered out; finished in 0.50s

     Running tests/pool_runtime_owner.rs (target/debug/deps/pool_runtime_owner-2075ec6774f1084f)

running 2 tests
test cancelling_pool_acquisition_aborts_pending_connection_setup ... ok
test shared_pool_connection_outlives_the_borrowers_runtime ... ok

test result: ok. 2 passed; 0 failed; 0 ignored; 0 measured; 0 filtered out; finished in 0.10s

     Running tests/query_counts.rs (target/debug/deps/query_counts-34af96b8353a7654)

running 22 tests
test ca01_authentication_snapshot_is_single_combined_read ... ok
test dc01_replace_registration_is_single_update_returning ... ok
test df01_deferred_claim_ready_uses_locked_projection_then_lease_update ... ok
test exs04_existence_checks_are_single_statements ... ok
test id01_active_subject_id_by_tenant_id_is_single_read ... ok
test new_family_capacity_transition_has_bounded_round_trips_and_complete_evidence ... NEW_FAMILY_ROUND_TRIPS counts=[3, 3, 3, 3, 3, 3, 3, 3, 3, 3, 3, 3, 3] confirmed_commits=13 live=10 retired=3 issued_audit=13 retired_audit=3
ok
test oidc_refresh_early_profile_is_coherent_and_final_fences_reject_changes ... ok
test oidc_refresh_snapshot_fallback_and_non_oidc_keep_original_reads ... ok
test oidc_refresh_snapshot_prepares_public_and_pairwise_in_one_runtime_role_query ... ok
test oidc_subject_preparation_reads_claims_epoch_and_binding_once ... ok
test principal_fence_timeout_covers_later_locks_and_resets_at_transaction_end ... ok
test refresh_contract_prepared_shape_preserves_distinct_contracts ... ok
test refresh_lookup_prepared_cache_reuses_two_shapes_and_isolates_binds ... REFRESH_LOOKUP_CACHE same_backend=true statements=2 plain_executions=8 prepared_executions=9 parameter_types_match=true bind_isolation=true
ok
test rf00_malformed_refresh_contract_is_rejected_before_pool_checkout ... ok
test rf01_ordinary_rotation_commit_has_exact_statement_count ... ok
test rf06_lost_response_successor_is_single_read ... ok
test rv09_mixed_revocation_retains_refresh_probes_before_jti_upsert ... ok
test rv09_revoke_issued_tokens_short_circuits_without_a_family ... ok
test rv09_revoke_refresh_family_is_lookup_lock_and_single_update ... ok
test ui01_userinfo_snapshot_is_single_read_for_both_subject_refs ... ok
test up06_upsert_access_verifies_no_write_retries ... ok
test vf01_pre_authorized_access_is_one_statement_per_path ... ok

test result: ok. 22 passed; 0 failed; 0 ignored; 0 measured; 0 filtered out; finished in 14.67s

     Running tests/recovery_invalidation.rs (target/debug/deps/recovery_invalidation-d5c6f5a9915986a4)

running 2 tests
test one_global_epoch_has_one_operation_winner ... ok
test restore_covers_all_tenants_and_exact_receipt_never_revokes_new_families ... ok

test result: ok. 2 passed; 0 failed; 0 ignored; 0 measured; 0 filtered out; finished in 4.93s

     Running tests/refresh_authority.rs (target/debug/deps/refresh_authority-dc983da094e4adf7)

running 19 tests
test authentication_class_downgrade_rolls_back_when_required_audit_fails ... ok
test authentication_class_downgrade_serializes_with_rotation_in_both_orders ... ok
test bound_delayed_rotation_uses_transition_clock_without_false_reuse ... ok
test bound_retry_rechecks_exact_transition_window_at_commit ... ok
test confidential_and_public_sender_bound_families_keep_64_proofs ... ok
test contract_reference_reuses_equal_payload_and_rejects_same_key_different_payload ... ok
test family_contract_lookup_preserves_per_family_lock_scope ... ok
test legacy_full_migration_sql_key_rotates_without_rekeying_its_original_contract ... ok
test preserve_commit_serializes_before_real_revocation_and_capacity_retirement ... ok
test preserve_rechecks_source_expiry_contract_and_sender_binding ... ok
test public_proof_cleanup_respects_original_expiry_without_ending_live_family ... ok
test public_retention_upgrade_invalidates_unprovable_history_without_reviving_on_down ... ok
test public_unbound_replay_after_65_rotations_revokes_only_its_family ... ok
test r05_snapshot_candidate_rechecks_terminal_state_and_member_at_commit ... ok
test rotation_narrows_and_reorders_current_audience_without_replacing_original_contract ... ok
test rotation_rechecks_expiry_after_acquiring_the_source_row_lock ... ok
test rotation_rejects_audience_expansion_without_compromising_the_family ... ok
test source_snapshot_cannot_commit_after_real_revocation_or_capacity_retirement ... ok
test two_legal_preserves_overlap_while_revocation_waits_for_both ... ok

test result: ok. 19 passed; 0 failed; 0 ignored; 0 measured; 0 filtered out; finished in 59.54s

     Running tests/refresh_family_capacity.rs (target/debug/deps/refresh_family_capacity-6b9c286e9f92b1ff)

running 10 tests
test cap_grows_to_ten_then_retires_the_deterministic_oldest ... ok
test cap_is_per_tenant_user_client_scope ... ok
test capacity_retired_family_tokens_remain_revoked_tombstones ... ok
test concurrent_authorizations_never_exceed_the_cap ... ok
test fresh_retired_contract_is_reclaimed_without_touching_live_references ... ok
test machine_issuance_without_user_skips_the_cap ... ok
test public_family_retains_more_than_sixty_four_unexpired_rotation_proofs ... ok
test required_capacity_audit_failure_rolls_back_retirement_and_issuance ... ok
test rotation_never_consumes_a_family_slot ... ok
test spent_proofs_stay_bounded_under_sustained_rotation ... ok

test result: ok. 10 passed; 0 failed; 0 ignored; 0 measured; 0 filtered out; finished in 40.20s

     Running tests/runtime_modules.rs (target/debug/deps/runtime_modules-06b9d85e5f5b7b1c)

running 10 tests
test audit_persistence_accepts_every_closed_event_kind ... ok
test desired_revision_change_commits_before_old_completion_and_forces_stale_audit ... ok
test desired_state_cas_is_atomic_stale_safe_and_noop_audited ... ok
test guarded_desired_changes_are_serialized_across_database_connections ... ok
test instance_completion_cannot_overwrite_a_newer_transition_revision ... ok
test instance_event_insert_failure_rolls_back_state_mutation ... ok
test registry_generated_transition_events_are_postgresql_compatible ... ok
test revision_validation_is_tenant_scoped_and_tracks_authoritative_changes ... ok
test runtime_event_page_returns_typed_newest_first_records ... ok
test stale_observation_is_state_preserving_with_current_or_superseded_revision ... ok

test result: ok. 10 passed; 0 failed; 0 ignored; 0 measured; 0 filtered out; finished in 3.90s

     Running tests/schema_cleanup.rs (target/debug/deps/schema_cleanup-940c58e30f404fc8)

running 4 tests
test cleanup_refuses_directory_constraint_drift_and_external_dependencies ... ok
test cleanup_refuses_legacy_information_without_partial_ddl_or_data_loss ... ok
test constant_and_empty_state_cleanup_round_trips_without_losing_rows ... ok
test retained_composite_fks_reject_cross_tenant_children_and_parent_mutations ... ok

test result: ok. 4 passed; 0 failed; 0 ignored; 0 measured; 0 filtered out; finished in 0.78s

     Running tests/scim_pagination.rs (target/debug/deps/scim_pagination-8595155af58eb705)

running 1 test
test tenant_pages_preserve_timestamp_ties_exact_totals_and_count_zero ... ok

test result: ok. 1 passed; 0 failed; 0 ignored; 0 measured; 0 filtered out; finished in 0.29s

     Running tests/scim_security_events.rs (target/debug/deps/scim_security_events-aa255e442a0c792b)

running 2 tests
test batched_receipts_preserve_visibility_terminal_outcomes_and_receiver_isolation ... ok
test scim_outbox_is_atomic_receiver_scoped_and_terminally_acknowledged ... ok

test result: ok. 2 passed; 0 failed; 0 ignored; 0 measured; 0 filtered out; finished in 0.58s

     Running tests/security_state_commit_boundary.rs (target/debug/deps/security_state_commit_boundary-8ee755885b9914e5)

running 1 test
test cleanup_counts_wait_for_commit_and_uncertain_connections_are_discarded ... raise: no premature cleanup success, backend retired, recovery committed
cancel: no premature cleanup success, backend retired, recovery committed
disconnect: no premature cleanup success, backend retired, recovery committed
ok

test result: ok. 1 passed; 0 failed; 0 ignored; 0 measured; 0 filtered out; finished in 5.21s

     Running tests/security_state_maintenance.rs (target/debug/deps/security_state_maintenance-000b481977d09ebc)

running 27 tests
test acked_audit_rows_leave_the_ledger_and_unacked_rows_stay ... ok
test active_successor_blocks_ancestor_reclaim ... ok
test audit_ack_deletes_delivery_rows_atomically ... ok
test bounded_batch_finishes_before_a_queued_connection_borrower ... ok
test cancelled_batch_leaves_no_open_transaction_on_pooled_connection ... ok
test concurrent_batches_do_not_deadlock_or_double_count ... ok
test concurrent_credential_sweepers_skip_an_uncommitted_child_parent ... ok
test contract_cleaner_first_fences_writer_and_cancelled_sweeper_discards_connection ... contract cleaner first/commit: writer waited on parent lock then safely referenced or recreated exact contract
contract cleaner first/rollback: writer waited on parent lock then safely referenced or recreated exact contract
contract cleaner first/cancel: writer waited on parent lock then safely referenced or recreated exact contract
ok
test contract_scan_advances_past_referenced_pages_and_revisits_after_wrap ... ok
test contract_writer_key_share_survives_sweep_and_commit_rollback_or_disconnect ... contract writer first/commit: locked parent skipped, committed reference retained, unreferenced parent converged after cursor wrap
contract writer first/rollback: locked parent skipped, committed reference retained, unreferenced parent converged after cursor wrap
contract writer first/disconnect: locked parent skipped, committed reference retained, unreferenced parent converged after cursor wrap
ok
test credential_state_cleanup_is_bounded_and_preserves_live_ownership ... ok
test expired_issuances_are_reclaimed_in_bounded_batches ... ok
test expired_spent_proofs_reclaim_while_valid_proofs_and_live_family_survive ... ok
test family_reclaim_batches_locks_without_waiting_or_exceeding_the_candidate_budget ... ok
test fresh_orphan_is_collectible_but_uncommitted_contract_and_family_are_atomic ... ok
test grant_scan_advances_past_referenced_pages_and_revisits_after_wrap ... ok
test large_family_reclaim_stays_bounded_per_batch ... ok
test live_public_family_keeps_more_than_sixty_four_unexpired_proofs ... ok
test natural_expiry_refresh_leaf_reclaimed_without_revocation ... ok
test openid4vp_find_never_deletes_and_create_only_clears_the_same_key ... ok
test oversized_family_drains_across_bounded_batches_and_reports_saturation ... ok
test preserve_shared_family_lock_skips_terminal_cleanup ... ok
test reclaim_scopes_family_authority_to_tenant ... ok
test revocations_and_scim_and_logout_categories_keep_their_retention ... ok
test terminal_refresh_proofs_drain_with_one_global_budget_before_parent_delete ... ok
test three_generation_family_reclaims_whole_chain_in_one_batch ... ok
test writer_family_lock_skips_locked_family_and_recheck_blocks_late_successor ... ok

test result: ok. 27 passed; 0 failed; 0 ignored; 0 measured; 0 filtered out; finished in 15.91s

     Running tests/signing_keys.rs (target/debug/deps/signing_keys-2fda16f27fe5f756)

running 4 tests
test closed_key_pool_preserves_typed_unavailable_through_context ... ok
test database_managed_openid4vc_material_survives_refresh_rotation_and_restart ... ok
test database_managers_share_encrypted_keys_and_restart_after_rewrapping ... ok
test signing_key_repository_converges_and_isolates_tenants ... ok

test result: ok. 4 passed; 0 failed; 0 ignored; 0 measured; 0 filtered out; finished in 4.26s

     Running tests/tenancy.rs (target/debug/deps/tenancy-635726385d30c8fa)

running 1 test
test active_tenant_boundary_preflight_is_fail_closed ... ok

test result: ok. 1 passed; 0 failed; 0 ignored; 0 measured; 0 filtered out; finished in 1.73s

     Running tests/tenant_directory.rs (target/debug/deps/tenant_directory-b95444e1e4aa08cb)

running 8 tests
test concurrent_writers_serialize_through_the_revision_fence ... ok
test finalize_removes_routing_and_replays_after_deletion ... ok
test limited_runtime_role_cannot_write_the_revision_state ... ok
test one_active_binding_requires_each_boundary_and_never_returns_a_peer ... ok
test provision_advances_revision_and_replays_idempotently ... ok
test provision_seeds_tenant_capabilities_without_overwriting_switches_on_replay ... ok
test status_transitions_require_a_binding_and_stay_replay_safe ... ok
test update_moves_binding_and_revision_without_replaying_effects ... ok

test result: ok. 8 passed; 0 failed; 0 ignored; 0 measured; 0 filtered out; finished in 12.60s

     Running tests/tenant_resource_control.rs (target/debug/deps/tenant_resource_control-61e040c6c81b1170)

running 4 tests
test concurrent_execution_commits_one_exact_receipt_and_audit ... ok
test enumerate_and_revoke_commit_without_apply_preparation ... ok
test exact_receipt_survives_real_tenant_disable_and_rejects_identity_drift ... ok
test fresh_apply_without_required_preparation_is_rejected_without_receipt ... ok

test result: ok. 4 passed; 0 failed; 0 ignored; 0 measured; 0 filtered out; finished in 6.38s

     Running tests/tenant_resources.rs (target/debug/deps/tenant_resources-7d9e0ec6dd5bfeee)

running 3 tests
test inactive_tenant_resource_binding_is_replaced_in_place_and_reactivation_is_serialized ... ok
test openid4vc_trust_policy_is_tenant_scoped_digest_fenced_and_transactional ... ok
test operator_managed_mtls_and_dataset_helpers_preserve_provenance_and_idempotency ... ok

test result: ok. 3 passed; 0 failed; 0 ignored; 0 measured; 0 filtered out; finished in 1.16s

     Running tests/token_issuance_atomicity.rs (target/debug/deps/token_issuance_atomicity-93b8bf560d2d3301)

running 15 tests
test authorization_code_identity_fences_concurrent_holders_and_refresh_families ... ok
test authorization_code_receipt_migration_preserves_legacy_and_rejects_old_writers ... ok
test cancelled_issuance_on_pool_runtime_discards_the_blocked_connection ... ok
test concurrent_single_use_commits_commit_exactly_once ... ok
test expired_single_use_grant_rolls_back_everything ... ok
test final_issuance_schema_is_created_directly_without_legacy_state ... ok
test issuance_transaction_executes_on_the_connection_pool_runtime ... ok
test native_source_and_device_secret_expiry_are_rechecked_after_destination_wait ... ok
test native_source_busy_nowait_rolls_back_and_returns_retryable_dependency_failure ... ok
test native_source_cross_client_capacity_and_maintenance_complete_without_deadlock ... ok
test native_source_normal_member_rotation_does_not_invalidate_family_authority ... ok
test native_source_revoked_after_preparation_rolls_back_destination ... ok
test native_source_same_client_capacity_transfer_requires_own_live_retirement ... ok
test native_source_share_lock_holds_through_required_audit_and_commit ... ok
test rotation_conflict_keeps_family_compromise_and_only_reuse_audit ... ok

test result: ok. 15 passed; 0 failed; 0 ignored; 0 measured; 0 filtered out; finished in 8.80s

     Running tests/token_issuance_fresh.rs (target/debug/deps/token_issuance_fresh-c13ae26a6dc40323)

running 14 tests
test client_deactivation_waits_for_fresh_issuance_commit ... ok
test client_reactivation_does_not_revive_tokens_or_stale_issuance ... ok
test fresh_issuance_abort_during_lock_wait_discards_connection ... ok
test fresh_issuance_audit_function_failure_rejects_commit ... ok
test fresh_issuance_commits_only_required_audit ... ok
test fresh_issuance_lock_timeout_discards_connection_cleanly ... ok
test fresh_issuance_never_crosses_tenant_boundary ... ok
test fresh_issuance_rejects_duplicate_pending_audit_identity ... ok
test fresh_issuance_rejects_missing_or_inactive_client ... ok
test fresh_issuance_rejects_oversized_audit_payload ... ok
test fresh_issuance_runs_under_the_restricted_runtime_role ... ok
test fresh_issuance_waits_for_client_deactivation_and_rechecks ... ok
test repeated_pairwise_issuance_reuses_one_binding_and_honors_user_epoch ... ok
test revoked_audit_append_execute_fails_the_fresh_commit ... ok

test result: ok. 14 passed; 0 failed; 0 ignored; 0 measured; 0 filtered out; finished in 10.68s

   Doc-tests nazo_postgres

running 2 tests
test crates/persistence-postgres/src/lib.rs - (line 11) - compile fail ... error[E0603]: module `rows` is private
  --> crates/persistence-postgres/src/lib.rs:13:20
   |
13 | use nazo_postgres::rows::identity::UserRow;
   |                    ^^^^  -------- module `identity` is not publicly re-exported
   |                    |
   |                    private module
   |
note: the module `rows` is defined here
  --> crates/persistence-postgres/src/lib.rs:18:1
   |
18 | pub(crate) mod rows;
   | ^^^^^^^^^^^^^^^^^^^

error: aborting due to 1 previous error

For more information about this error, try `rustc --explain E0603`.
ok
test crates/persistence-postgres/src/lib.rs - (line 7) - compile fail ... error[E0603]: module `schema` is private
  --> crates/persistence-postgres/src/lib.rs:9:20
   |
 9 | use nazo_postgres::schema::users;
   |                    ^^^^^^  ----- module `users` is not publicly re-exported
   |                    |
   |                    private module
   |
note: the module `schema` is defined here
  --> crates/persistence-postgres/src/lib.rs:19:1
   |
19 | pub(crate) mod schema;
   | ^^^^^^^^^^^^^^^^^^^^^

error: aborting due to 1 previous error

For more information about this error, try `rustc --explain E0603`.
ok

test result: ok. 2 passed; 0 failed; 0 ignored; 0 measured; 0 filtered out; finished in 0.22s

