#0 building with "default" instance using docker driver

#1 [internal] load remote build context
#1 DONE 0.4s

#1 [internal] load remote build context
#1 DONE 0.4s

#2 copy /context /
#2 DONE 0.1s

#3 [internal] load metadata for docker.io/library/nazoauth-perf-runtime-base:20261009
#3 DONE 0.0s

#4 [1/4] FROM docker.io/library/nazoauth-perf-runtime-base:20261009@sha256:b1f80f69a68d4f4f07c98306d17e750a77c221b324039fb70a227b44d7c4e0ab
#4 resolve docker.io/library/nazoauth-perf-runtime-base:20261009@sha256:b1f80f69a68d4f4f07c98306d17e750a77c221b324039fb70a227b44d7c4e0ab 0.0s done
#4 CACHED

#5 [2/4] COPY --chmod=0755 nazoauth /usr/local/bin/nazoauth
#5 DONE 0.1s

#6 [3/4] COPY source-sha /etc/nazoauth-source-sha
#6 DONE 0.1s

#7 [4/4] COPY env.yaml /app/.env.yaml
#7 DONE 0.0s

#8 exporting to image
#8 exporting layers
#8 exporting layers 1.7s done
#8 exporting manifest sha256:ab878cf622397091e8ab6444752ee11c9c0823b325640ff3ffb11c80840179a0
#8 exporting manifest sha256:ab878cf622397091e8ab6444752ee11c9c0823b325640ff3ffb11c80840179a0 0.0s done
#8 exporting config sha256:7b22de48522b5a9c04eaa6f17553ba717c9e7acc341e69301ff676e0d5475a0f 0.0s done
#8 exporting attestation manifest sha256:c69348660d6393f44d2c11bd932b4e3906539ff23ed6e1ee3264640e4063bfa7 0.0s done
#8 exporting manifest list sha256:5a6e05135daab473bd0d6fd7c9f407aacd6a4b7c19bd3e0b21a1eabcef79d2a4
#8 exporting manifest list sha256:5a6e05135daab473bd0d6fd7c9f407aacd6a4b7c19bd3e0b21a1eabcef79d2a4 0.0s done
#8 naming to docker.io/library/nazoauth-perf-diagnostic-c:20261009 done
#8 unpacking to docker.io/library/nazoauth-perf-diagnostic-c:20261009
#8 unpacking to docker.io/library/nazoauth-perf-diagnostic-c:20261009 0.5s done
#8 DONE 2.4s
