#0 building with "default" instance using docker driver

#1 [internal] load remote build context
#1 DONE 0.4s

#1 [internal] load remote build context
#1 DONE 0.4s

#2 copy /context /
#2 DONE 0.1s

#3 [internal] load metadata for docker.io/library/nazoauth-perf-runtime-base:20261009
#3 DONE 0.0s

#4 [1/4] FROM docker.io/library/nazoauth-perf-runtime-base:20261009@sha256:b1f80f69a68d4f4f07c98306d17e750a77c221b324039fb70a227b44d7c4e0ab
#4 resolve docker.io/library/nazoauth-perf-runtime-base:20261009@sha256:b1f80f69a68d4f4f07c98306d17e750a77c221b324039fb70a227b44d7c4e0ab 0.0s done
#4 CACHED

#5 [2/4] COPY --chmod=0755 nazoauth /usr/local/bin/nazoauth
#5 DONE 0.0s

#6 [3/4] COPY source-sha /etc/nazoauth-source-sha
#6 DONE 0.1s

#7 [4/4] COPY env.yaml /app/.env.yaml
#7 DONE 0.0s

#8 exporting to image
#8 exporting layers
#8 exporting layers 1.6s done
#8 exporting manifest sha256:2db38c2b4b0fa8c79b39abfbb06114a27312c1a1ec0106d76e4204dc5de7db9e done
#8 exporting config sha256:ba87a02d27bc882532e4ac094fb24ce9ed2314ed72e0f0341b41ab572ae3b6e6 0.0s done
#8 exporting attestation manifest sha256:a6a93b4aaf63531369eb91006f2a6f71c80030b5b309f64ee10c03cc18f906fb 0.0s done
#8 exporting manifest list sha256:b40ca1304a4bc6a7541b67c1ccb3af8b22850555339d911dfc2385bd9b26add9 0.0s done
#8 naming to docker.io/library/nazoauth-perf-diagnostic-b:20261009 done
#8 unpacking to docker.io/library/nazoauth-perf-diagnostic-b:20261009
#8 unpacking to docker.io/library/nazoauth-perf-diagnostic-b:20261009 0.8s done
#8 DONE 2.5s
