#0 building with "default" instance using docker driver

#1 [internal] load remote build context
#1 DONE 0.2s

#1 [internal] load remote build context
#1 DONE 0.2s

#2 copy /context /
#2 DONE 0.1s

#3 [internal] load metadata for docker.io/library/nazoauth-perf-runtime-base:20261009
#3 DONE 0.0s

#4 [1/4] FROM docker.io/library/nazoauth-perf-runtime-base:20261009@sha256:b1f80f69a68d4f4f07c98306d17e750a77c221b324039fb70a227b44d7c4e0ab
#4 resolve docker.io/library/nazoauth-perf-runtime-base:20261009@sha256:b1f80f69a68d4f4f07c98306d17e750a77c221b324039fb70a227b44d7c4e0ab 0.0s done
#4 DONE 0.1s

#5 [2/4] COPY --chmod=0755 nazoauth /usr/local/bin/nazoauth
#5 DONE 0.0s

#6 [3/4] COPY source-sha /etc/nazoauth-source-sha
#6 DONE 0.0s

#7 [4/4] COPY env.yaml /app/.env.yaml
#7 DONE 0.0s

#8 exporting to image
#8 exporting layers
#8 exporting layers 1.8s done
#8 exporting manifest sha256:a01e46a75dd84c90518ba269ffffcb0bdfb9d7c85bc2fb7c1b13ebc5ad9c3606 0.0s done
#8 exporting config sha256:122968ecb4300eef60e52f0cd3996ac1246b2b30b4c1b1081e15e7e1e0982f8d 0.0s done
#8 exporting attestation manifest sha256:251357e2e7ab244edfe95a474282f6917e427c823aa1fa5d84171db8239d6cf6 0.0s done
#8 exporting manifest list sha256:7c0da5f9538a05ac214b0c4f482fe1840e8f93624d0e036bf9fa0cd5cbdbb1a2
#8 exporting manifest list sha256:7c0da5f9538a05ac214b0c4f482fe1840e8f93624d0e036bf9fa0cd5cbdbb1a2 0.0s done
#8 naming to docker.io/library/nazoauth-perf-baseline:20261009 done
#8 unpacking to docker.io/library/nazoauth-perf-baseline:20261009
#8 unpacking to docker.io/library/nazoauth-perf-baseline:20261009 0.4s done
#8 DONE 2.3s
