#0 building with "default" instance using docker driver

#1 [internal] load remote build context
#1 DONE 0.2s

#1 [internal] load remote build context
#1 DONE 0.2s

#2 copy /context /
#2 DONE 0.1s

#3 [internal] load metadata for docker.io/library/nazoauth-perf-runtime-base:20261009
#3 DONE 0.1s

#4 [1/4] FROM docker.io/library/nazoauth-perf-runtime-base:20261009@sha256:b1f80f69a68d4f4f07c98306d17e750a77c221b324039fb70a227b44d7c4e0ab
#4 resolve docker.io/library/nazoauth-perf-runtime-base:20261009@sha256:b1f80f69a68d4f4f07c98306d17e750a77c221b324039fb70a227b44d7c4e0ab 0.0s done
#4 CACHED

#5 [2/4] COPY --chmod=0755 nazoauth /usr/local/bin/nazoauth
#5 DONE 0.0s

#6 [3/4] COPY source-sha /etc/nazoauth-source-sha
#6 DONE 0.1s

#7 [4/4] COPY env.yaml /app/.env.yaml
#7 DONE 0.1s

#8 exporting to image
#8 exporting layers
#8 exporting layers 1.8s done
#8 exporting manifest sha256:856ed7d951db968fee997577db298a213a1fdd40f0216a2a7f368fddc445c3a1
#8 exporting manifest sha256:856ed7d951db968fee997577db298a213a1fdd40f0216a2a7f368fddc445c3a1 0.0s done
#8 exporting config sha256:70f8062b2f8156a6700d6b24f9f89ea40d01eba7596866dde243993d34b22f97 0.0s done
#8 exporting attestation manifest sha256:d14b9935b33a0521c7ad0cfbf2f07b06834b10337fb3b45289c4c3e7a0f7fe72 0.0s done
#8 exporting manifest list sha256:3f8791b5afaf4e09273506bc0de121fe51f08e2ef97c0b03de6545821b1d44af 0.0s done
#8 naming to docker.io/library/nazoauth-perf-candidate:20261009 done
#8 unpacking to docker.io/library/nazoauth-perf-candidate:20261009
#8 unpacking to docker.io/library/nazoauth-perf-candidate:20261009 0.6s done
#8 DONE 2.4s
