#0 building with "default" instance using docker driver

#1 [internal] load build definition from Containerfile
#1 transferring dockerfile: 316B done
#1 DONE 0.0s

#2 [internal] load metadata for docker.io/library/python:3.14.8-alpine@sha256:f6a589d43c42b9e7f7dc67a12d37132491f362859a5d750607710cc56da3bc72
#2 DONE 1.3s

#3 [internal] load .dockerignore
#3 transferring context: 590B done
#3 DONE 0.1s

#4 [1/3] FROM docker.io/library/python:3.14.8-alpine@sha256:f6a589d43c42b9e7f7dc67a12d37132491f362859a5d750607710cc56da3bc72
#4 resolve docker.io/library/python:3.14.8-alpine@sha256:f6a589d43c42b9e7f7dc67a12d37132491f362859a5d750607710cc56da3bc72 0.0s done
#4 DONE 0.0s

#5 [internal] load build context
#5 transferring context: 4.78kB done
#5 DONE 0.1s

#4 [1/3] FROM docker.io/library/python:3.14.8-alpine@sha256:f6a589d43c42b9e7f7dc67a12d37132491f362859a5d750607710cc56da3bc72
#4 DONE 0.5s

#4 [1/3] FROM docker.io/library/python:3.14.8-alpine@sha256:f6a589d43c42b9e7f7dc67a12d37132491f362859a5d750607710cc56da3bc72
#4 sha256:d486488257d0aa8b040529bcab1337e849158dafb6f28c6d79df56cce8042b48 0B / 249B 0.2s
#4 sha256:2a22c5887fa227de1798e9b92a3692c3bb96fa108c1164afe00a928c35a0986c 0B / 16.11MB 0.2s
#4 sha256:d486488257d0aa8b040529bcab1337e849158dafb6f28c6d79df56cce8042b48 249B / 249B 0.3s done
#4 sha256:48f6a258842734fe23e0e4c69db9996cbaefd41c1cde2372b95449f9fc5601eb 0B / 416.27kB 0.2s
#4 sha256:2a22c5887fa227de1798e9b92a3692c3bb96fa108c1164afe00a928c35a0986c 8.39MB / 16.11MB 0.6s
#4 sha256:48f6a258842734fe23e0e4c69db9996cbaefd41c1cde2372b95449f9fc5601eb 416.27kB / 416.27kB 0.3s done
#4 extracting sha256:48f6a258842734fe23e0e4c69db9996cbaefd41c1cde2372b95449f9fc5601eb
#4 sha256:2a22c5887fa227de1798e9b92a3692c3bb96fa108c1164afe00a928c35a0986c 12.58MB / 16.11MB 0.9s
#4 extracting sha256:48f6a258842734fe23e0e4c69db9996cbaefd41c1cde2372b95449f9fc5601eb 0.2s done
#4 sha256:2a22c5887fa227de1798e9b92a3692c3bb96fa108c1164afe00a928c35a0986c 16.11MB / 16.11MB 1.0s done
#4 extracting sha256:2a22c5887fa227de1798e9b92a3692c3bb96fa108c1164afe00a928c35a0986c
#4 extracting sha256:2a22c5887fa227de1798e9b92a3692c3bb96fa108c1164afe00a928c35a0986c 0.9s done
#4 DONE 3.0s

#4 [1/3] FROM docker.io/library/python:3.14.8-alpine@sha256:f6a589d43c42b9e7f7dc67a12d37132491f362859a5d750607710cc56da3bc72
#4 extracting sha256:d486488257d0aa8b040529bcab1337e849158dafb6f28c6d79df56cce8042b48 0.1s done
#4 DONE 3.1s

#6 [2/3] RUN apk add --no-cache openssl
#6 2.437 (1/1) Installing openssl (3.5.9-r0)
#6 2.588 Executing busybox-1.37.0-r31.trigger
#6 2.607 OK: 12.8 MiB in 31 packages
#6 DONE 2.7s

#7 [3/3] COPY scripts/ensure_runtime_keyset.py /scripts/ensure_runtime_keyset.py
#7 DONE 0.1s

#8 exporting to image
#8 exporting layers
#8 exporting layers 0.3s done
#8 exporting manifest sha256:7418bf4cf3ff809af491e21293e6059df68f2bfd077f99cff05cac0a8dfc2c2b 0.0s done
#8 exporting config sha256:5e182db0cc212bb7a1d2e8177b55295169c80ecbaa2167333a9ada4a380bc4e4 0.0s done
#8 exporting attestation manifest sha256:dc4a025d76ea1befdba9d0c0daa6bd01689e14f3baece017dfb54b3b491b2736
#8 exporting attestation manifest sha256:dc4a025d76ea1befdba9d0c0daa6bd01689e14f3baece017dfb54b3b491b2736 0.1s done
#8 exporting manifest list sha256:560ad82e009996fd334ca7556c9e2c00767687a2e6d1434335983cb2eb770e6b
#8 exporting manifest list sha256:560ad82e009996fd334ca7556c9e2c00767687a2e6d1434335983cb2eb770e6b 0.1s done
#8 naming to docker.io/library/nazoauth-perf-keyset:20261009 0.0s done
#8 unpacking to docker.io/library/nazoauth-perf-keyset:20261009
#8 unpacking to docker.io/library/nazoauth-perf-keyset:20261009 0.2s done
#8 DONE 0.9s
