#0 building with "default" instance using docker driver

#1 [internal] load build definition from Containerfile
#1 transferring dockerfile: 1.67kB done
#1 DONE 0.0s

#2 [internal] load metadata for docker.io/library/python:3.14.8-alpine@sha256:f6a589d43c42b9e7f7dc67a12d37132491f362859a5d750607710cc56da3bc72
#2 ...

#3 [internal] load metadata for docker.io/library/golang:1.27.1-alpine@sha256:8a5910f31396cd4d89662f56c68b3ae31d374308270a1c3bd96672ee5ed43414
#3 DONE 0.9s

#2 [internal] load metadata for docker.io/library/python:3.14.8-alpine@sha256:f6a589d43c42b9e7f7dc67a12d37132491f362859a5d750607710cc56da3bc72
#2 DONE 1.3s

#4 [internal] load .dockerignore
#4 transferring context: 590B done
#4 DONE 0.0s

#5 [k6 3/7] ADD --checksum=sha256:30b6421805f00c63b046a48219ced8fd3c8e47dcc099ee7e6b060e8f9e7ec146 https://codeload.github.com/grafana/k6/tar.gz/e0887846143ab176d4b5483c9d52cf3b3e009f1a /tmp/k6.tar.gz
#5 DONE 0.0s

#6 [internal] load build context
#6 DONE 0.0s

#7 [k6 1/7] FROM docker.io/library/golang:1.27.1-alpine@sha256:8a5910f31396cd4d89662f56c68b3ae31d374308270a1c3bd96672ee5ed43414
#7 resolve docker.io/library/golang:1.27.1-alpine@sha256:8a5910f31396cd4d89662f56c68b3ae31d374308270a1c3bd96672ee5ed43414 0.0s done
#7 ...

#6 [internal] load build context
#6 transferring context: 1.37MB 0.0s done
#6 DONE 0.3s

#8 [1/3] FROM docker.io/library/python:3.14.8-alpine@sha256:f6a589d43c42b9e7f7dc67a12d37132491f362859a5d750607710cc56da3bc72
#8 resolve docker.io/library/python:3.14.8-alpine@sha256:f6a589d43c42b9e7f7dc67a12d37132491f362859a5d750607710cc56da3bc72 0.0s done
#8 ...

#7 [k6 1/7] FROM docker.io/library/golang:1.27.1-alpine@sha256:8a5910f31396cd4d89662f56c68b3ae31d374308270a1c3bd96672ee5ed43414
#7 DONE 0.5s

#8 [1/3] FROM docker.io/library/python:3.14.8-alpine@sha256:f6a589d43c42b9e7f7dc67a12d37132491f362859a5d750607710cc56da3bc72
#8 sha256:d486488257d0aa8b040529bcab1337e849158dafb6f28c6d79df56cce8042b48 0B / 249B 0.2s
#8 sha256:d486488257d0aa8b040529bcab1337e849158dafb6f28c6d79df56cce8042b48 249B / 249B 0.3s
#8 sha256:2a22c5887fa227de1798e9b92a3692c3bb96fa108c1164afe00a928c35a0986c 0B / 16.11MB 0.2s
#8 sha256:d486488257d0aa8b040529bcab1337e849158dafb6f28c6d79df56cce8042b48 249B / 249B 0.3s done
#8 sha256:48f6a258842734fe23e0e4c69db9996cbaefd41c1cde2372b95449f9fc5601eb 0B / 416.27kB 0.2s
#8 sha256:2a22c5887fa227de1798e9b92a3692c3bb96fa108c1164afe00a928c35a0986c 8.39MB / 16.11MB 0.6s
#8 sha256:48f6a258842734fe23e0e4c69db9996cbaefd41c1cde2372b95449f9fc5601eb 416.27kB / 416.27kB 0.3s done
#8 extracting sha256:48f6a258842734fe23e0e4c69db9996cbaefd41c1cde2372b95449f9fc5601eb
#8 extracting sha256:48f6a258842734fe23e0e4c69db9996cbaefd41c1cde2372b95449f9fc5601eb 0.2s done
#8 sha256:2a22c5887fa227de1798e9b92a3692c3bb96fa108c1164afe00a928c35a0986c 16.11MB / 16.11MB 1.0s done
#8 extracting sha256:2a22c5887fa227de1798e9b92a3692c3bb96fa108c1164afe00a928c35a0986c
#8 ...

#5 [k6 3/7] ADD --checksum=sha256:30b6421805f00c63b046a48219ced8fd3c8e47dcc099ee7e6b060e8f9e7ec146 https://codeload.github.com/grafana/k6/tar.gz/e0887846143ab176d4b5483c9d52cf3b3e009f1a /tmp/k6.tar.gz
#5 DONE 2.4s

#7 [k6 1/7] FROM docker.io/library/golang:1.27.1-alpine@sha256:8a5910f31396cd4d89662f56c68b3ae31d374308270a1c3bd96672ee5ed43414
#7 sha256:4f4fb700ef54461cfa02571ae0db9a0dc1e0cdb5577484a6d75e68dc38e8acc1 32B / 32B 0.4s done
#7 sha256:1e707d1be9b7cfef08708f1d35029e5e65c69766a1e39e2c027d0acd54b8e7b5 126B / 126B 0.4s done
#7 sha256:ef1dbfdbb5d59bdeac07b1398a9f0808b453513bf6a76eb3ffd509a284483095 71.08MB / 71.08MB 1.9s done
#7 sha256:aa6e7f3ded592e443fd9ff13e0934fc149b642f26b962019d38fc8879f8764d1 247.53kB / 247.53kB 0.5s done
#7 sha256:e2de96513ba9eb53b431787ec8a65cdde380ac4772a3e4c4b714dcfde2a102b5 3.85MB / 3.85MB 0.5s done
#7 extracting sha256:e2de96513ba9eb53b431787ec8a65cdde380ac4772a3e4c4b714dcfde2a102b5 0.3s done
#7 extracting sha256:aa6e7f3ded592e443fd9ff13e0934fc149b642f26b962019d38fc8879f8764d1 0.2s done
#7 extracting sha256:ef1dbfdbb5d59bdeac07b1398a9f0808b453513bf6a76eb3ffd509a284483095
#7 ...

#8 [1/3] FROM docker.io/library/python:3.14.8-alpine@sha256:f6a589d43c42b9e7f7dc67a12d37132491f362859a5d750607710cc56da3bc72
#8 extracting sha256:2a22c5887fa227de1798e9b92a3692c3bb96fa108c1164afe00a928c35a0986c 0.9s done
#8 DONE 3.0s

#8 [1/3] FROM docker.io/library/python:3.14.8-alpine@sha256:f6a589d43c42b9e7f7dc67a12d37132491f362859a5d750607710cc56da3bc72
#8 extracting sha256:d486488257d0aa8b040529bcab1337e849158dafb6f28c6d79df56cce8042b48 0.1s done
#8 DONE 3.1s

#7 [k6 1/7] FROM docker.io/library/golang:1.27.1-alpine@sha256:8a5910f31396cd4d89662f56c68b3ae31d374308270a1c3bd96672ee5ed43414
#7 ...

#9 [stage-1 2/6] RUN apk add --no-cache ca-certificates docker-cli     && pip install --no-cache-dir "psycopg[binary]==3.3.6" "redis==8.1.0" "argon2-cffi==25.1.0" "cryptography==50.0.2" "blake3==1.0.10" "orjson==3.12.0"
#9 2.426 (1/1) Installing docker-cli (29.8.2-r0)
#9 4.282 Executing busybox-1.37.0-r31.trigger
#9 4.321 OK: 44.0 MiB in 31 packages
#9 ...

#7 [k6 1/7] FROM docker.io/library/golang:1.27.1-alpine@sha256:8a5910f31396cd4d89662f56c68b3ae31d374308270a1c3bd96672ee5ed43414
#7 extracting sha256:ef1dbfdbb5d59bdeac07b1398a9f0808b453513bf6a76eb3ffd509a284483095 8.2s done
#7 DONE 10.7s

#7 [k6 1/7] FROM docker.io/library/golang:1.27.1-alpine@sha256:8a5910f31396cd4d89662f56c68b3ae31d374308270a1c3bd96672ee5ed43414
#7 extracting sha256:1e707d1be9b7cfef08708f1d35029e5e65c69766a1e39e2c027d0acd54b8e7b5 0.1s done
#7 DONE 10.9s

#9 [stage-1 2/6] RUN apk add --no-cache ca-certificates docker-cli     && pip install --no-cache-dir "psycopg[binary]==3.3.6" "redis==8.1.0" "argon2-cffi==25.1.0" "cryptography==50.0.2" "blake3==1.0.10" "orjson==3.12.0"
#9 ...

#7 [k6 1/7] FROM docker.io/library/golang:1.27.1-alpine@sha256:8a5910f31396cd4d89662f56c68b3ae31d374308270a1c3bd96672ee5ed43414
#7 extracting sha256:4f4fb700ef54461cfa02571ae0db9a0dc1e0cdb5577484a6d75e68dc38e8acc1 0.1s done
#7 DONE 10.9s

#10 [k6 2/7] RUN apk add --no-cache patch
#10 2.549 (1/1) Installing patch (2.8-r0)
#10 2.725 Executing busybox-1.37.0-r31.trigger
#10 2.741 OK: 8539 KiB in 18 packages
#10 DONE 3.0s

#11 [k6 3/7] ADD --checksum=sha256:30b6421805f00c63b046a48219ced8fd3c8e47dcc099ee7e6b060e8f9e7ec146 https://codeload.github.com/grafana/k6/tar.gz/e0887846143ab176d4b5483c9d52cf3b3e009f1a /tmp/k6.tar.gz
#11 DONE 0.1s

#9 [stage-1 2/6] RUN apk add --no-cache ca-certificates docker-cli     && pip install --no-cache-dir "psycopg[binary]==3.3.6" "redis==8.1.0" "argon2-cffi==25.1.0" "cryptography==50.0.2" "blake3==1.0.10" "orjson==3.12.0"
#9 10.47 Collecting psycopg==3.3.6 (from psycopg[binary]==3.3.6)
#9 10.65   Downloading psycopg-3.3.6-py3-none-any.whl.metadata (4.4 kB)
#9 10.77 Collecting redis==8.1.0
#9 10.82   Downloading redis-8.1.0-py3-none-any.whl.metadata (16 kB)
#9 10.92 Collecting argon2-cffi==25.1.0
#9 10.97   Downloading argon2_cffi-25.1.0-py3-none-any.whl.metadata (4.1 kB)
#9 11.49 Collecting cryptography==50.0.2
#9 11.58   Downloading cryptography-50.0.2-cp311-abi3-musllinux_1_2_x86_64.whl.metadata (4.4 kB)
#9 11.78 Collecting blake3==1.0.10
#9 11.82   Downloading blake3-1.0.10-cp314-cp314-musllinux_1_1_x86_64.whl.metadata (4.9 kB)
#9 12.22 Collecting orjson==3.12.0
#9 ...

#12 [k6 4/7] RUN mkdir /src && tar -xzf /tmp/k6.tar.gz -C /src --strip-components=1
#12 DONE 1.5s

#9 [stage-1 2/6] RUN apk add --no-cache ca-certificates docker-cli     && pip install --no-cache-dir "psycopg[binary]==3.3.6" "redis==8.1.0" "argon2-cffi==25.1.0" "cryptography==50.0.2" "blake3==1.0.10" "orjson==3.12.0"
#9 12.27   Downloading orjson-3.12.0-cp314-cp314-musllinux_1_2_x86_64.whl.metadata (41 kB)
#9 ...

#13 [k6 5/7] WORKDIR /src
#13 DONE 0.1s

#9 [stage-1 2/6] RUN apk add --no-cache ca-certificates docker-cli     && pip install --no-cache-dir "psycopg[binary]==3.3.6" "redis==8.1.0" "argon2-cffi==25.1.0" "cryptography==50.0.2" "blake3==1.0.10" "orjson==3.12.0"
#9 12.37 Collecting argon2-cffi-bindings (from argon2-cffi==25.1.0)
#9 12.42   Downloading argon2_cffi_bindings-26.1.0-cp310-abi3-musllinux_1_2_x86_64.whl.metadata (7.5 kB)
#9 ...

#14 [k6 6/7] COPY perf/runner/k6-json-throughput.patch /tmp/k6-json-throughput.patch
#14 DONE 0.1s

#15 [k6 7/7] RUN patch -p1 < /tmp/k6-json-throughput.patch     && gofmt -w internal/output/json/json.go internal/output/json/json_test.go     && GOMAXPROCS=2 go test -v -p 2 -timeout 180s ./internal/output/json ./metrics     && CGO_ENABLED=0 GOMAXPROCS=2 go build -p 2 -trimpath -ldflags="-s -w" -o /usr/bin/k6 .
#15 0.603 patching file internal/output/json/json.go
#15 0.604 patching file internal/output/json/json_test.go
#15 ...

#9 [stage-1 2/6] RUN apk add --no-cache ca-certificates docker-cli     && pip install --no-cache-dir "psycopg[binary]==3.3.6" "redis==8.1.0" "argon2-cffi==25.1.0" "cryptography==50.0.2" "blake3==1.0.10" "orjson==3.12.0"
#9 12.86 Collecting cffi>=2.0.0 (from cryptography==50.0.2)
#9 12.90   Downloading cffi-2.1.1-cp314-cp314-musllinux_1_2_x86_64.whl.metadata (2.5 kB)
#9 13.21 Collecting psycopg-binary==3.3.6 (from psycopg[binary]==3.3.6)
#9 13.25   Downloading psycopg_binary-3.3.6-cp314-cp314-musllinux_1_2_x86_64.whl.metadata (2.7 kB)
#9 13.33 Collecting pycparser (from cffi>=2.0.0->cryptography==50.0.2)
#9 13.38   Downloading pycparser-3.1-py3-none-any.whl.metadata (8.2 kB)
#9 13.45 Downloading psycopg-3.3.6-py3-none-any.whl (215 kB)
#9 13.65 Downloading redis-8.1.0-py3-none-any.whl (560 kB)
#9 13.74    ━━━━━━━━━━━━━━━━━━━━━━━━━━━━━━━━━━━━━━━━ 560.6/560.6 kB 7.1 MB/s  0:00:00
#9 13.79 Downloading argon2_cffi-25.1.0-py3-none-any.whl (14 kB)
#9 13.83 Downloading cryptography-50.0.2-cp311-abi3-musllinux_1_2_x86_64.whl (5.0 MB)
#9 14.64    ━━━━━━━━━━━━━━━━━━━━━━━━━━━━━━━━━━━━━━━━ 5.0/5.0 MB 6.3 MB/s  0:00:00
#9 14.68 Downloading blake3-1.0.10-cp314-cp314-musllinux_1_1_x86_64.whl (590 kB)
#9 14.78    ━━━━━━━━━━━━━━━━━━━━━━━━━━━━━━━━━━━━━━━━ 590.7/590.7 kB 6.8 MB/s  0:00:00
#9 14.82 Downloading orjson-3.12.0-cp314-cp314-musllinux_1_2_x86_64.whl (127 kB)
#9 14.88 Downloading psycopg_binary-3.3.6-cp314-cp314-musllinux_1_2_x86_64.whl (4.3 MB)
#9 15.64    ━━━━━━━━━━━━━━━━━━━━━━━━━━━━━━━━━━━━━━━━ 4.3/4.3 MB 5.7 MB/s  0:00:00
#9 15.69 Downloading cffi-2.1.1-cp314-cp314-musllinux_1_2_x86_64.whl (223 kB)
#9 15.77 Downloading argon2_cffi_bindings-26.1.0-cp310-abi3-musllinux_1_2_x86_64.whl (26 kB)
#9 15.82 Downloading pycparser-3.1-py3-none-any.whl (48 kB)
#9 16.12 Installing collected packages: redis, pycparser, psycopg-binary, psycopg, orjson, blake3, cffi, cryptography, argon2-cffi-bindings, argon2-cffi
#9 18.26 
#9 18.26 Successfully installed argon2-cffi-25.1.0 argon2-cffi-bindings-26.1.0 blake3-1.0.10 cffi-2.1.1 cryptography-50.0.2 orjson-3.12.0 psycopg-3.3.6 psycopg-binary-3.3.6 pycparser-3.1 redis-8.1.0
#9 18.26 WARNING: Running pip as the 'root' user can result in broken permissions and conflicting behaviour with the system package manager, possibly rendering your system unusable. It is recommended to use a virtual environment instead: https://pip.pypa.io/warnings/venv. Use the --root-user-action option if you know what you are doing and want to suppress this warning.
#9 DONE 18.6s

#15 [k6 7/7] RUN patch -p1 < /tmp/k6-json-throughput.patch     && gofmt -w internal/output/json/json.go internal/output/json/json_test.go     && GOMAXPROCS=2 go test -v -p 2 -timeout 180s ./internal/output/json ./metrics     && CGO_ENABLED=0 GOMAXPROCS=2 go build -p 2 -trimpath -ldflags="-s -w" -o /usr/bin/k6 .
#15 57.90 === RUN   TestOptionalAuxiliaryTimingsPreserveCapacitySamples
#15 57.90 --- PASS: TestOptionalAuxiliaryTimingsPreserveCapacitySamples (0.00s)
#15 57.90 === RUN   TestSampleWriterMatchesStockEnvelope
#15 57.90 --- PASS: TestSampleWriterMatchesStockEnvelope (0.00s)
#15 57.90 === RUN   TestSampleWriterBoundsImmutableTagCache
#15 57.90 --- PASS: TestSampleWriterBoundsImmutableTagCache (0.08s)
#15 57.90 === RUN   TestJsonOutputStdout
#15 57.90 === PAUSE TestJsonOutputStdout
#15 57.90 === RUN   TestJsonOutputFileError
#15 57.90 === PAUSE TestJsonOutputFileError
#15 57.90 === RUN   TestJsonOutputFile
#15 57.90 === PAUSE TestJsonOutputFile
#15 57.90 === RUN   TestJsonOutputFileGzipped
#15 57.90 === PAUSE TestJsonOutputFileGzipped
#15 57.90 === RUN   TestWrapSampleWithSamplePointer
#15 57.90 === PAUSE TestWrapSampleWithSamplePointer
#15 57.90 === RUN   TestPeriodicFlushDrainsBufferedStdout
#15 57.90 --- PASS: TestPeriodicFlushDrainsBufferedStdout (0.00s)
#15 57.90 === CONT  TestJsonOutputStdout
#15 57.90 --- PASS: TestJsonOutputStdout (0.00s)
#15 57.90 === CONT  TestWrapSampleWithSamplePointer
#15 57.90 --- PASS: TestWrapSampleWithSamplePointer (0.00s)
#15 57.90 === CONT  TestJsonOutputFileGzipped
#15 57.90 === CONT  TestJsonOutputFile
#15 57.90 --- PASS: TestJsonOutputFileGzipped (0.00s)
#15 57.90 === CONT  TestJsonOutputFileError
#15 57.90 --- PASS: TestJsonOutputFileError (0.00s)
#15 57.90 --- PASS: TestJsonOutputFile (0.00s)
#15 57.90 PASS
#15 57.90 ok  	go.k6.io/k6/v2/internal/output/json	0.123s
#15 58.56 === RUN   TestNewMetric
#15 58.56 === PAUSE TestNewMetric
#15 58.56 === RUN   TestAddSubmetric
#15 58.56 === PAUSE TestAddSubmetric
#15 58.56 === RUN   TestParseMetricName
#15 58.56 === PAUSE TestParseMetricName
#15 58.56 === RUN   TestRegistryNewMetric
#15 58.56 === PAUSE TestRegistryNewMetric
#15 58.56 === RUN   TestMetricNames
#15 58.56 === PAUSE TestMetricNames
#15 58.56 === RUN   TestRegistryBranchTagSetRootWith
#15 58.56 === PAUSE TestRegistryBranchTagSetRootWith
#15 58.56 === RUN   TestRegistryAll
#15 58.56 === PAUSE TestRegistryAll
#15 58.56 === RUN   TestSampleImplementations
#15 58.56 === PAUSE TestSampleImplementations
#15 58.56 === RUN   TestGetResolversForTrendColumnsValidation
#15 58.56 === PAUSE TestGetResolversForTrendColumnsValidation
#15 58.56 === RUN   TestGetResolversForTrendColumnsCalculation
#15 58.56 === PAUSE TestGetResolversForTrendColumnsCalculation
#15 58.56 === RUN   TestNewSink
#15 58.56 === PAUSE TestNewSink
#15 58.56 === RUN   TestNewSinkInvalidMetricType
#15 58.56 === PAUSE TestNewSinkInvalidMetricType
#15 58.56 === RUN   TestCounterSink
#15 58.56 === PAUSE TestCounterSink
#15 58.56 === RUN   TestGaugeSink
#15 58.56 === PAUSE TestGaugeSink
#15 58.56 === RUN   TestTrendSink
#15 58.56 === PAUSE TestTrendSink
#15 58.56 === RUN   TestRateSink
#15 58.56 === PAUSE TestRateSink
#15 58.56 === RUN   TestSystemTagSetMarshalJSON
#15 58.56 === PAUSE TestSystemTagSetMarshalJSON
#15 58.56 === RUN   TestSystemTagSet_UnmarshalJSON
#15 58.56 === PAUSE TestSystemTagSet_UnmarshalJSON
#15 58.56 === RUN   TestSystemTagSetTextUnmarshal
#15 58.56 === PAUSE TestSystemTagSetTextUnmarshal
#15 58.56 === RUN   TestTagSetMarshalJSON
#15 58.56 === PAUSE TestTagSetMarshalJSON
#15 58.56 === RUN   TestTagSet_UnmarshalJSON
#15 58.56 === PAUSE TestTagSet_UnmarshalJSON
#15 58.56 === RUN   TestTagSetTextUnmarshal
#15 58.56 === PAUSE TestTagSetTextUnmarshal
#15 58.56 === RUN   TestTagsWith
#15 58.56 === PAUSE TestTagsWith
#15 58.56 === RUN   TestRootTagSet
#15 58.56 === PAUSE TestRootTagSet
#15 58.56 === RUN   TestTagSets
#15 58.56 === PAUSE TestTagSets
#15 58.56 === RUN   TestBigTagSetMarshalJSON
#15 58.56 === PAUSE TestBigTagSetMarshalJSON
#15 58.56 === RUN   TestTagSetContains
#15 58.56 === PAUSE TestTagSetContains
#15 58.56 === RUN   TestTagsAndMetaSetTag
#15 58.56 === PAUSE TestTagsAndMetaSetTag
#15 58.56 === RUN   TestTagsAndMetaDeleteTag
#15 58.56 === PAUSE TestTagsAndMetaDeleteTag
#15 58.56 === RUN   TestTagsAndMetaSetMetadata
#15 58.56 === PAUSE TestTagsAndMetaSetMetadata
#15 58.56 === RUN   TestTagsAndMetaDeleteMetadata
#15 58.56 === PAUSE TestTagsAndMetaDeleteMetadata
#15 58.56 === RUN   TestTagsAndMetaSetSystemTagOrMetaIfEnabled
#15 58.56 === PAUSE TestTagsAndMetaSetSystemTagOrMetaIfEnabled
#15 58.56 === RUN   TestTagsAndMetaSetSystemTagOrMeta
#15 58.56 === PAUSE TestTagsAndMetaSetSystemTagOrMeta
#15 58.56 === RUN   TestTagsAndMetaClone
#15 58.56 === PAUSE TestTagsAndMetaClone
#15 58.56 === RUN   TestEnabledTagsMarshalJSON
#15 58.56 === PAUSE TestEnabledTagsMarshalJSON
#15 58.56 === RUN   TestEnabledTagsUnmarshalJSON
#15 58.56 === PAUSE TestEnabledTagsUnmarshalJSON
#15 58.56 === RUN   TestEnabledTagsTextUnmarshal
#15 58.56 === PAUSE TestEnabledTagsTextUnmarshal
#15 58.56 === RUN   TestParseThresholdExpression
#15 58.56 === PAUSE TestParseThresholdExpression
#15 58.56 === RUN   TestParseThresholdAggregationMethod
#15 58.56 === PAUSE TestParseThresholdAggregationMethod
#15 58.56 === RUN   TestScanThresholdExpression
#15 58.56 === PAUSE TestScanThresholdExpression
#15 58.56 === RUN   TestNewThreshold
#15 58.56 === PAUSE TestNewThreshold
#15 58.56 === RUN   TestThreshold_runNoTaint
#15 58.56 === PAUSE TestThreshold_runNoTaint
#15 58.56 === RUN   TestThresholdRun
#15 58.56 === PAUSE TestThresholdRun
#15 58.56 === RUN   TestThresholdsParse
#15 58.56 === PAUSE TestThresholdsParse
#15 58.56 === RUN   TestThresholdsValidate
#15 58.56 === PAUSE TestThresholdsValidate
#15 58.56 === RUN   TestNewThresholds
#15 58.56 === PAUSE TestNewThresholds
#15 58.56 === RUN   TestNewThresholdsWithConfig
#15 58.56 === PAUSE TestNewThresholdsWithConfig
#15 58.56 === RUN   TestThresholdsRunAll
#15 58.56 === PAUSE TestThresholdsRunAll
#15 58.56 === RUN   TestThresholdsRun
#15 58.56 === PAUSE TestThresholdsRun
#15 58.56 === RUN   TestThresholdsJSON
#15 58.56 === PAUSE TestThresholdsJSON
#15 58.56 === CONT  TestNewMetric
#15 58.56 === RUN   TestNewMetric/Counter
#15 58.56 === PAUSE TestNewMetric/Counter
#15 58.56 === RUN   TestNewMetric/Gauge
#15 58.56 === PAUSE TestNewMetric/Gauge
#15 58.56 === RUN   TestNewMetric/Trend
#15 58.56 === PAUSE TestNewMetric/Trend
#15 58.56 === RUN   TestNewMetric/Rate
#15 58.56 === PAUSE TestNewMetric/Rate
#15 58.56 === CONT  TestNewMetric/Counter
#15 58.56 === CONT  TestThresholdsJSON
#15 58.56 === RUN   TestThresholdsJSON/[]
#15 58.56 === PAUSE TestThresholdsJSON/[]
#15 58.56 === RUN   TestThresholdsJSON/["rate<0.01"]
#15 58.56 === PAUSE TestThresholdsJSON/["rate<0.01"]
#15 58.56 === RUN   TestThresholdsJSON/["rate<0.01"]#01
#15 58.56 === PAUSE TestThresholdsJSON/["rate<0.01"]#01
#15 58.56 === RUN   TestThresholdsJSON/["rate<0.01","p(95)<200"]
#15 58.56 === PAUSE TestThresholdsJSON/["rate<0.01","p(95)<200"]
#15 58.56 === RUN   TestThresholdsJSON/[{"threshold":"rate<0.01"}]
#15 58.56 === PAUSE TestThresholdsJSON/[{"threshold":"rate<0.01"}]
#15 58.56 === RUN   TestThresholdsJSON/[{"threshold":"rate<0.01","abortOnFail":true,"delayAbortEval":null}]
#15 58.56 === PAUSE TestThresholdsJSON/[{"threshold":"rate<0.01","abortOnFail":true,"delayAbortEval":null}]
#15 58.56 === RUN   TestThresholdsJSON/[{"threshold":"rate<0.01","abortOnFail":true,"delayAbortEval":"2s"}]
#15 58.56 === PAUSE TestThresholdsJSON/[{"threshold":"rate<0.01","abortOnFail":true,"delayAbortEval":"2s"}]
#15 58.56 === RUN   TestThresholdsJSON/[{"threshold":"rate<0.01","abortOnFail":false}]
#15 58.56 === PAUSE TestThresholdsJSON/[{"threshold":"rate<0.01","abortOnFail":false}]
#15 58.56 === RUN   TestThresholdsJSON/[{"threshold":"rate<0.01"},_"p(95)<200"]
#15 58.56 === PAUSE TestThresholdsJSON/[{"threshold":"rate<0.01"},_"p(95)<200"]
#15 58.56 === RUN   TestThresholdsJSON/bad_JSON
#15 58.56 === PAUSE TestThresholdsJSON/bad_JSON
#15 58.56 === RUN   TestThresholdsJSON/bad_source
#15 58.56 === PAUSE TestThresholdsJSON/bad_source
#15 58.56 === CONT  TestThresholdsJSON/[]
#15 58.56 === RUN   TestThresholdsJSON/[]/marshal
#15 58.56 === CONT  TestThresholdsRun
#15 58.56 === RUN   TestThresholdsRun/Running_thresholds_of_existing_sink
#15 58.56 === PAUSE TestThresholdsRun/Running_thresholds_of_existing_sink
#15 58.56 === RUN   TestThresholdsRun/Running_thresholds_of_existing_sink_but_failing_threshold
#15 58.56 === PAUSE TestThresholdsRun/Running_thresholds_of_existing_sink_but_failing_threshold
#15 58.56 === RUN   TestThresholdsRun/Running_threshold_on_non_existing_sink_does_not_fail
#15 58.56 === PAUSE TestThresholdsRun/Running_threshold_on_non_existing_sink_does_not_fail
#15 58.56 === RUN   TestThresholdsRun/Running_a_counter_rate_threshold_with_zero_duration_does_not_divide_by_zero
#15 58.56 === PAUSE TestThresholdsRun/Running_a_counter_rate_threshold_with_zero_duration_does_not_divide_by_zero
#15 58.56 === RUN   TestThresholdsRun/Running_threshold_on_trend_sink_with_no_values_and_passing_med_statement_succeeds
#15 58.56 === PAUSE TestThresholdsRun/Running_threshold_on_trend_sink_with_no_values_and_passing_med_statement_succeeds
#15 58.56 === RUN   TestThresholdsRun/Running_threshold_on_trend_sink_with_no_values_and_non_passing_med_statement_fails
#15 58.56 === PAUSE TestThresholdsRun/Running_threshold_on_trend_sink_with_no_values_and_non_passing_med_statement_fails
#15 58.56 === RUN   TestThresholdsRun/Running_threshold_on_trend_sink_with_values_and_passing_med_statement_succeeds
#15 58.56 === PAUSE TestThresholdsRun/Running_threshold_on_trend_sink_with_values_and_passing_med_statement_succeeds
#15 58.56 === RUN   TestThresholdsRun/Running_threshold_on_trend_sink_with_values_and_failing_med_statement_fails
#15 58.56 === PAUSE TestThresholdsRun/Running_threshold_on_trend_sink_with_values_and_failing_med_statement_fails
#15 58.56 === CONT  TestThresholdsRun/Running_thresholds_of_existing_sink
#15 58.56 === CONT  TestThresholdsRunAll
#15 58.56 === RUN   TestThresholdsRunAll/one_aborting
#15 58.56 === PAUSE TestThresholdsRunAll/one_aborting
#15 58.56 === RUN   TestThresholdsRunAll/abort_with_grace_period
#15 58.56 === PAUSE TestThresholdsRunAll/abort_with_grace_period
#15 58.56 === RUN   TestThresholdsRunAll/no_abort_with_grace_period
#15 58.56 === PAUSE TestThresholdsRunAll/no_abort_with_grace_period
#15 58.56 === RUN   TestThresholdsRunAll/one_passing
#15 58.56 === PAUSE TestThresholdsRunAll/one_passing
#15 58.56 === RUN   TestThresholdsRunAll/one_failing
#15 58.56 === PAUSE TestThresholdsRunAll/one_failing
#15 58.56 === RUN   TestThresholdsRunAll/two_passing
#15 58.56 === PAUSE TestThresholdsRunAll/two_passing
#15 58.56 === RUN   TestThresholdsRunAll/two_failing
#15 58.56 === PAUSE TestThresholdsRunAll/two_failing
#15 58.56 === RUN   TestThresholdsRunAll/two_mixed
#15 58.56 === PAUSE TestThresholdsRunAll/two_mixed
#15 58.56 === CONT  TestThresholdsRunAll/one_aborting
#15 58.56 === CONT  TestNewThresholdsWithConfig
#15 58.56 === RUN   TestNewThresholdsWithConfig/empty
#15 58.56 === PAUSE TestNewThresholdsWithConfig/empty
#15 58.56 === RUN   TestNewThresholdsWithConfig/two
#15 58.56 === PAUSE TestNewThresholdsWithConfig/two
#15 58.56 === CONT  TestNewThresholdsWithConfig/empty
#15 58.56 === CONT  TestNewThresholds
#15 58.56 === RUN   TestNewThresholds/empty
#15 58.56 === PAUSE TestNewThresholds/empty
#15 58.56 === RUN   TestNewThresholds/two
#15 58.56 === PAUSE TestNewThresholds/two
#15 58.56 === CONT  TestNewThresholds/empty
#15 58.56 === CONT  TestThresholdsValidate
#15 58.56 === RUN   TestThresholdsValidate/validating_thresholds_applied_to_a_non_existing_metric_fails
#15 58.56 === PAUSE TestThresholdsValidate/validating_thresholds_applied_to_a_non_existing_metric_fails
#15 58.56 === RUN   TestThresholdsValidate/validating_unparsed_thresholds_fails
#15 58.56 === PAUSE TestThresholdsValidate/validating_unparsed_thresholds_fails
#15 58.56 === RUN   TestThresholdsValidate/thresholds_supported_aggregation_methods_for_metrics
#15 58.56 === PAUSE TestThresholdsValidate/thresholds_supported_aggregation_methods_for_metrics
#15 58.56 === CONT  TestThresholdsValidate/validating_thresholds_applied_to_a_non_existing_metric_fails
#15 58.56 === CONT  TestThresholdsParse
#15 58.56 === RUN   TestThresholdsParse/valid_threshold_expressions
#15 58.56 === PAUSE TestThresholdsParse/valid_threshold_expressions
#15 58.56 === RUN   TestThresholdsParse/invalid_threshold_expressions
#15 58.56 === PAUSE TestThresholdsParse/invalid_threshold_expressions
#15 58.56 === RUN   TestThresholdsParse/mixed_valid/invalid_threshold_expressions
#15 58.56 === PAUSE TestThresholdsParse/mixed_valid/invalid_threshold_expressions
#15 58.56 === CONT  TestThresholdsParse/valid_threshold_expressions
#15 58.56 === CONT  TestThresholdRun
#15 58.56 === RUN   TestThresholdRun/true
#15 58.56 === PAUSE TestThresholdRun/true
#15 58.56 === RUN   TestThresholdRun/false
#15 58.56 === PAUSE TestThresholdRun/false
#15 58.56 === CONT  TestThresholdRun/true
#15 58.56 === RUN   TestThresholdRun/true/no_taint
#15 58.56 === RUN   TestThresholdRun/true/taint
#15 58.56 === PAUSE TestThresholdRun/true/taint
#15 58.56 === CONT  TestThresholdRun/true/taint
#15 58.56 === CONT  TestThreshold_runNoTaint
#15 58.56 === RUN   TestThreshold_runNoTaint/valid_expression_using_the_>_operator_over_passing_threshold
#15 58.56 === PAUSE TestThreshold_runNoTaint/valid_expression_using_the_>_operator_over_passing_threshold
#15 58.56 === RUN   TestThreshold_runNoTaint/valid_expression_using_the_>_operator_over_passing_threshold_and_defined_abort_grace_period
#15 58.56 === PAUSE TestThreshold_runNoTaint/valid_expression_using_the_>_operator_over_passing_threshold_and_defined_abort_grace_period
#15 58.56 === RUN   TestThreshold_runNoTaint/valid_expression_using_the_>=_operator_over_passing_threshold
#15 58.56 === PAUSE TestThreshold_runNoTaint/valid_expression_using_the_>=_operator_over_passing_threshold
#15 58.56 === RUN   TestThreshold_runNoTaint/valid_expression_using_the_<=_operator_over_passing_threshold
#15 58.56 === PAUSE TestThreshold_runNoTaint/valid_expression_using_the_<=_operator_over_passing_threshold
#15 58.56 === RUN   TestThreshold_runNoTaint/valid_expression_using_the_<_operator_over_passing_threshold
#15 58.56 === PAUSE TestThreshold_runNoTaint/valid_expression_using_the_<_operator_over_passing_threshold
#15 58.56 === RUN   TestThreshold_runNoTaint/valid_expression_using_the_==_operator_over_passing_threshold
#15 58.56 === PAUSE TestThreshold_runNoTaint/valid_expression_using_the_==_operator_over_passing_threshold
#15 58.56 === RUN   TestThreshold_runNoTaint/valid_expression_using_the_===_operator_over_passing_threshold
#15 58.56 === PAUSE TestThreshold_runNoTaint/valid_expression_using_the_===_operator_over_passing_threshold
#15 58.56 === RUN   TestThreshold_runNoTaint/valid_expression_using_!=_operator_over_passing_threshold
#15 58.56 === PAUSE TestThreshold_runNoTaint/valid_expression_using_!=_operator_over_passing_threshold
#15 58.56 === RUN   TestThreshold_runNoTaint/valid_expression_over_failing_threshold
#15 58.56 === PAUSE TestThreshold_runNoTaint/valid_expression_over_failing_threshold
#15 58.56 === RUN   TestThreshold_runNoTaint/valid_expression_over_non-existing_sink
#15 58.56 === PAUSE TestThreshold_runNoTaint/valid_expression_over_non-existing_sink
#15 58.56 === RUN   TestThreshold_runNoTaint/invalid_expression_operator
#15 58.56 === PAUSE TestThreshold_runNoTaint/invalid_expression_operator
#15 58.56 === CONT  TestThreshold_runNoTaint/valid_expression_using_the_>_operator_over_passing_threshold
#15 58.56 === CONT  TestNewThreshold
#15 58.56 --- PASS: TestNewThreshold (0.00s)
#15 58.56 === CONT  TestScanThresholdExpression
#15 58.56 === RUN   TestScanThresholdExpression/expression_with_<=_operator_is_scanned
#15 58.56 === PAUSE TestScanThresholdExpression/expression_with_<=_operator_is_scanned
#15 58.56 === RUN   TestScanThresholdExpression/expression_with_<_operator_is_scanned
#15 58.56 === PAUSE TestScanThresholdExpression/expression_with_<_operator_is_scanned
#15 58.56 === RUN   TestScanThresholdExpression/expression_with_>=_operator_is_scanned
#15 58.56 === PAUSE TestScanThresholdExpression/expression_with_>=_operator_is_scanned
#15 58.56 === RUN   TestScanThresholdExpression/expression_with_>_operator_is_scanned
#15 58.56 === PAUSE TestScanThresholdExpression/expression_with_>_operator_is_scanned
#15 58.56 === RUN   TestScanThresholdExpression/expression_with_===_operator_is_scanned
#15 58.56 === PAUSE TestScanThresholdExpression/expression_with_===_operator_is_scanned
#15 58.56 === RUN   TestScanThresholdExpression/expression_with_==_operator_is_scanned
#15 58.56 === PAUSE TestScanThresholdExpression/expression_with_==_operator_is_scanned
#15 58.56 === RUN   TestScanThresholdExpression/expression_with_!=_operator_is_scanned
#15 58.56 === PAUSE TestScanThresholdExpression/expression_with_!=_operator_is_scanned
#15 58.56 === RUN   TestScanThresholdExpression/expression's_method_is_trimmed
#15 58.56 === PAUSE TestScanThresholdExpression/expression's_method_is_trimmed
#15 58.56 === RUN   TestScanThresholdExpression/expression's_value_is_trimmed
#15 58.56 === PAUSE TestScanThresholdExpression/expression's_value_is_trimmed
#15 58.56 === RUN   TestScanThresholdExpression/expression_with_unknown_operator_fails
#15 58.56 === PAUSE TestScanThresholdExpression/expression_with_unknown_operator_fails
#15 58.56 === CONT  TestScanThresholdExpression/expression_with_<=_operator_is_scanned
#15 58.56 === CONT  TestParseThresholdAggregationMethod
#15 58.56 === RUN   TestParseThresholdAggregationMethod/count_method_is_parsed
#15 58.56 === PAUSE TestParseThresholdAggregationMethod/count_method_is_parsed
#15 58.56 === RUN   TestParseThresholdAggregationMethod/rate_method_is_parsed
#15 58.56 === PAUSE TestParseThresholdAggregationMethod/rate_method_is_parsed
#15 58.56 === RUN   TestParseThresholdAggregationMethod/value_method_is_parsed
#15 58.56 === PAUSE TestParseThresholdAggregationMethod/value_method_is_parsed
#15 58.56 === RUN   TestParseThresholdAggregationMethod/avg_method_is_parsed
#15 58.56 === PAUSE TestParseThresholdAggregationMethod/avg_method_is_parsed
#15 58.56 === RUN   TestParseThresholdAggregationMethod/min_method_is_parsed
#15 58.56 === PAUSE TestParseThresholdAggregationMethod/min_method_is_parsed
#15 58.56 === RUN   TestParseThresholdAggregationMethod/max_method_is_parsed
#15 58.56 === PAUSE TestParseThresholdAggregationMethod/max_method_is_parsed
#15 58.56 === RUN   TestParseThresholdAggregationMethod/med_method_is_parsed
#15 58.56 === PAUSE TestParseThresholdAggregationMethod/med_method_is_parsed
#15 58.56 === RUN   TestParseThresholdAggregationMethod/percentile_method_with_integer_value_is_parsed
#15 58.56 === PAUSE TestParseThresholdAggregationMethod/percentile_method_with_integer_value_is_parsed
#15 58.56 === RUN   TestParseThresholdAggregationMethod/percentile_method_with_floating_point_value_is_parsed
#15 58.56 === PAUSE TestParseThresholdAggregationMethod/percentile_method_with_floating_point_value_is_parsed
#15 58.56 === RUN   TestParseThresholdAggregationMethod/percentile_method_with_zero_value_is_parsed
#15 58.56 === PAUSE TestParseThresholdAggregationMethod/percentile_method_with_zero_value_is_parsed
#15 58.56 === RUN   TestParseThresholdAggregationMethod/percentile_method_with_100_value_is_parsed
#15 58.56 === PAUSE TestParseThresholdAggregationMethod/percentile_method_with_100_value_is_parsed
#15 58.56 === RUN   TestParseThresholdAggregationMethod/parsing_invalid_method_fails
#15 58.56 === PAUSE TestParseThresholdAggregationMethod/parsing_invalid_method_fails
#15 58.56 === RUN   TestParseThresholdAggregationMethod/parsing_empty_percentile_expression_fails
#15 58.56 === PAUSE TestParseThresholdAggregationMethod/parsing_empty_percentile_expression_fails
#15 58.56 === RUN   TestParseThresholdAggregationMethod/parsing_incomplete_percentile_expression_fails
#15 58.56 === PAUSE TestParseThresholdAggregationMethod/parsing_incomplete_percentile_expression_fails
#15 58.56 === RUN   TestParseThresholdAggregationMethod/parsing_non-numerical_percentile_value_fails
#15 58.56 === PAUSE TestParseThresholdAggregationMethod/parsing_non-numerical_percentile_value_fails
#15 58.56 === RUN   TestParseThresholdAggregationMethod/parsing_negative_percentile_value_fails
#15 58.56 === PAUSE TestParseThresholdAggregationMethod/parsing_negative_percentile_value_fails
#15 58.56 === RUN   TestParseThresholdAggregationMethod/parsing_percentile_value_greater_than_100_fails
#15 58.56 === PAUSE TestParseThresholdAggregationMethod/parsing_percentile_value_greater_than_100_fails
#15 58.56 === RUN   TestParseThresholdAggregationMethod/parsing_NaN_percentile_value_fails
#15 58.56 === PAUSE TestParseThresholdAggregationMethod/parsing_NaN_percentile_value_fails
#15 58.56 === RUN   TestParseThresholdAggregationMethod/parsing_infinite_percentile_value_fails
#15 58.56 === PAUSE TestParseThresholdAggregationMethod/parsing_infinite_percentile_value_fails
#15 58.56 === CONT  TestParseThresholdAggregationMethod/count_method_is_parsed
#15 58.56 === CONT  TestParseThresholdExpression
#15 58.56 === RUN   TestParseThresholdExpression/unknown_expression's_operator_fails
#15 58.56 === PAUSE TestParseThresholdExpression/unknown_expression's_operator_fails
#15 58.56 === RUN   TestParseThresholdExpression/unknown_expression's_method_fails
#15 58.56 === PAUSE TestParseThresholdExpression/unknown_expression's_method_fails
#15 58.56 === RUN   TestParseThresholdExpression/non_numerical_expression's_value_fails
#15 58.56 === PAUSE TestParseThresholdExpression/non_numerical_expression's_value_fails
#15 58.56 === RUN   TestParseThresholdExpression/valid_threshold_expression_syntax
#15 58.56 === PAUSE TestParseThresholdExpression/valid_threshold_expression_syntax
#15 58.56 === CONT  TestParseThresholdExpression/unknown_expression's_operator_fails
#15 58.56 === CONT  TestEnabledTagsTextUnmarshal
#15 58.56 --- PASS: TestEnabledTagsTextUnmarshal (0.00s)
#15 58.56 === CONT  TestEnabledTagsUnmarshalJSON
#15 58.56 --- PASS: TestEnabledTagsUnmarshalJSON (0.00s)
#15 58.56 === CONT  TestEnabledTagsMarshalJSON
#15 58.56 --- PASS: TestEnabledTagsMarshalJSON (0.00s)
#15 58.56 === CONT  TestTagsAndMetaClone
#15 58.56 --- PASS: TestTagsAndMetaClone (0.00s)
#15 58.56 === CONT  TestTagsAndMetaSetSystemTagOrMeta
#15 58.56 === RUN   TestTagsAndMetaSetSystemTagOrMeta/Tag
#15 58.56 === PAUSE TestTagsAndMetaSetSystemTagOrMeta/Tag
#15 58.56 === RUN   TestTagsAndMetaSetSystemTagOrMeta/Metadata
#15 58.56 === PAUSE TestTagsAndMetaSetSystemTagOrMeta/Metadata
#15 58.56 === CONT  TestTagsAndMetaSetSystemTagOrMeta/Tag
#15 58.56 === CONT  TestTagsAndMetaSetSystemTagOrMetaIfEnabled
#15 58.56 --- PASS: TestTagsAndMetaSetSystemTagOrMetaIfEnabled (0.00s)
#15 58.56 === CONT  TestTagsAndMetaDeleteMetadata
#15 58.56 --- PASS: TestTagsAndMetaDeleteMetadata (0.00s)
#15 58.56 === CONT  TestTagsAndMetaSetMetadata
#15 58.56 === RUN   TestTagsAndMetaSetMetadata/WhenNil
#15 58.56 === PAUSE TestTagsAndMetaSetMetadata/WhenNil
#15 58.56 === RUN   TestTagsAndMetaSetMetadata/WhenNotNil
#15 58.56 === PAUSE TestTagsAndMetaSetMetadata/WhenNotNil
#15 58.56 === CONT  TestTagsAndMetaSetMetadata/WhenNil
#15 58.56 === CONT  TestTagsAndMetaDeleteTag
#15 58.56 --- PASS: TestTagsAndMetaDeleteTag (0.00s)
#15 58.56 === CONT  TestTagsAndMetaSetTag
#15 58.56 --- PASS: TestTagsAndMetaSetTag (0.00s)
#15 58.56 === CONT  TestTagSetContains
#15 58.56 --- PASS: TestTagSetContains (0.00s)
#15 58.56 === CONT  TestBigTagSetMarshalJSON
#15 58.56 --- PASS: TestBigTagSetMarshalJSON (0.00s)
#15 58.56 === CONT  TestTagSets
#15 58.56 --- PASS: TestTagSets (0.00s)
#15 58.56 === CONT  TestRootTagSet
#15 58.56 --- PASS: TestRootTagSet (0.00s)
#15 58.56 === CONT  TestTagsWith
#15 58.56 --- PASS: TestTagsWith (0.00s)
#15 58.56 === CONT  TestTagSetTextUnmarshal
#15 58.56 --- PASS: TestTagSetTextUnmarshal (0.00s)
#15 58.56 === CONT  TestTagSet_UnmarshalJSON
#15 58.56 --- PASS: TestTagSet_UnmarshalJSON (0.00s)
#15 58.56 === CONT  TestTagSetMarshalJSON
#15 58.56 --- PASS: TestTagSetMarshalJSON (0.00s)
#15 58.56 === CONT  TestSystemTagSetTextUnmarshal
#15 58.56 --- PASS: TestSystemTagSetTextUnmarshal (0.00s)
#15 58.56 === CONT  TestSystemTagSet_UnmarshalJSON
#15 58.56 --- PASS: TestSystemTagSet_UnmarshalJSON (0.00s)
#15 58.56 === CONT  TestSystemTagSetMarshalJSON
#15 58.56 --- PASS: TestSystemTagSetMarshalJSON (0.00s)
#15 58.56 === CONT  TestRateSink
#15 58.56 === RUN   TestRateSink/add
#15 58.56 === PAUSE TestRateSink/add
#15 58.56 === RUN   TestRateSink/format
#15 58.56 === PAUSE TestRateSink/format
#15 58.56 === CONT  TestRateSink/add
#15 58.56 === RUN   TestRateSink/add/one_true
#15 58.56 === PAUSE TestRateSink/add/one_true
#15 58.56 === RUN   TestRateSink/add/one_false
#15 58.56 === PAUSE TestRateSink/add/one_false
#15 58.56 === RUN   TestRateSink/add/values
#15 58.56 === PAUSE TestRateSink/add/values
#15 58.56 === CONT  TestRateSink/add/one_true
#15 58.56 === CONT  TestTrendSink
#15 58.56 === RUN   TestTrendSink/add
#15 58.56 === RUN   TestTrendSink/add/one_value
#15 58.56 === PAUSE TestTrendSink/add/one_value
#15 58.56 === RUN   TestTrendSink/add/values
#15 58.56 === PAUSE TestTrendSink/add/values
#15 58.56 === RUN   TestTrendSink/add/negative
#15 58.56 === PAUSE TestTrendSink/add/negative
#15 58.56 === RUN   TestTrendSink/add/mixed
#15 58.56 === PAUSE TestTrendSink/add/mixed
#15 58.56 === CONT  TestTrendSink/add/one_value
#15 58.56 === CONT  TestGaugeSink
#15 58.56 === RUN   TestGaugeSink/add
#15 58.56 === PAUSE TestGaugeSink/add
#15 58.56 === RUN   TestGaugeSink/format
#15 58.56 === PAUSE TestGaugeSink/format
#15 58.56 === CONT  TestGaugeSink/add
#15 58.56 === RUN   TestGaugeSink/add/one_value
#15 58.56 === PAUSE TestGaugeSink/add/one_value
#15 58.56 === RUN   TestGaugeSink/add/negative_values
#15 58.56 === PAUSE TestGaugeSink/add/negative_values
#15 58.56 === RUN   TestGaugeSink/add/values
#15 58.56 === PAUSE TestGaugeSink/add/values
#15 58.56 === CONT  TestGaugeSink/add/one_value
#15 58.56 === CONT  TestCounterSink
#15 58.56 === RUN   TestCounterSink/add
#15 58.56 === PAUSE TestCounterSink/add
#15 58.56 === RUN   TestCounterSink/format
#15 58.56 === PAUSE TestCounterSink/format
#15 58.56 === CONT  TestCounterSink/add
#15 58.56 === RUN   TestCounterSink/add/one_value
#15 58.56 === PAUSE TestCounterSink/add/one_value
#15 58.56 === RUN   TestCounterSink/add/values
#15 58.56 === PAUSE TestCounterSink/add/values
#15 58.56 === CONT  TestCounterSink/add/one_value
#15 58.56 === CONT  TestNewSinkInvalidMetricType
#15 58.56 --- PASS: TestNewSinkInvalidMetricType (0.00s)
#15 58.56 === CONT  TestNewSink
#15 58.56 --- PASS: TestNewSink (0.00s)
#15 58.56 === CONT  TestGetResolversForTrendColumnsCalculation
#15 58.56 === RUN   TestGetResolversForTrendColumnsCalculation/p(50)
#15 58.56 === PAUSE TestGetResolversForTrendColumnsCalculation/p(50)
#15 58.56 === RUN   TestGetResolversForTrendColumnsCalculation/p(99)
#15 58.56 === PAUSE TestGetResolversForTrendColumnsCalculation/p(99)
#15 58.56 === RUN   TestGetResolversForTrendColumnsCalculation/p(99.9)
#15 58.56 === PAUSE TestGetResolversForTrendColumnsCalculation/p(99.9)
#15 58.56 === RUN   TestGetResolversForTrendColumnsCalculation/p(99.99)
#15 58.56 === PAUSE TestGetResolversForTrendColumnsCalculation/p(99.99)
#15 58.56 === RUN   TestGetResolversForTrendColumnsCalculation/p(99.999)
#15 58.56 === PAUSE TestGetResolversForTrendColumnsCalculation/p(99.999)
#15 58.56 === CONT  TestGetResolversForTrendColumnsCalculation/p(50)
#15 58.56 === CONT  TestGetResolversForTrendColumnsValidation
#15 58.56 === RUN   TestGetResolversForTrendColumnsValidation/[]
#15 58.56 === PAUSE TestGetResolversForTrendColumnsValidation/[]
#15 58.56 === RUN   TestGetResolversForTrendColumnsValidation/[avg_min_med_max_p(0)_p(99)_p(99.999)_count]
#15 58.56 === PAUSE TestGetResolversForTrendColumnsValidation/[avg_min_med_max_p(0)_p(99)_p(99.999)_count]
#15 58.56 === RUN   TestGetResolversForTrendColumnsValidation/[avg_p(err)]
#15 58.56 === PAUSE TestGetResolversForTrendColumnsValidation/[avg_p(err)]
#15 58.56 === RUN   TestGetResolversForTrendColumnsValidation/[nil_p(err)]
#15 58.56 === PAUSE TestGetResolversForTrendColumnsValidation/[nil_p(err)]
#15 58.56 === RUN   TestGetResolversForTrendColumnsValidation/[p90]
#15 58.56 === PAUSE TestGetResolversForTrendColumnsValidation/[p90]
#15 58.56 === RUN   TestGetResolversForTrendColumnsValidation/[p(90]
#15 58.56 === PAUSE TestGetResolversForTrendColumnsValidation/[p(90]
#15 58.56 === RUN   TestGetResolversForTrendColumnsValidation/[_avg]
#15 58.56 === PAUSE TestGetResolversForTrendColumnsValidation/[_avg]
#15 58.56 === RUN   TestGetResolversForTrendColumnsValidation/[avg_]
#15 58.56 === PAUSE TestGetResolversForTrendColumnsValidation/[avg_]
#15 58.56 === RUN   TestGetResolversForTrendColumnsValidation/[_avg_]
#15 58.56 === PAUSE TestGetResolversForTrendColumnsValidation/[_avg_]
#15 58.56 === RUN   TestGetResolversForTrendColumnsValidation/[p(-1)]
#15 58.56 === PAUSE TestGetResolversForTrendColumnsValidation/[p(-1)]
#15 58.56 === RUN   TestGetResolversForTrendColumnsValidation/[p(101)]
#15 58.56 === PAUSE TestGetResolversForTrendColumnsValidation/[p(101)]
#15 58.56 === RUN   TestGetResolversForTrendColumnsValidation/[p(1)]
#15 58.56 === PAUSE TestGetResolversForTrendColumnsValidation/[p(1)]
#15 58.56 === CONT  TestGetResolversForTrendColumnsValidation/[]
#15 58.56 === CONT  TestSampleImplementations
#15 58.56 --- PASS: TestSampleImplementations (0.00s)
#15 58.56 === CONT  TestRegistryAll
#15 58.56 === RUN   TestRegistryAll/Empty
#15 58.56 === PAUSE TestRegistryAll/Empty
#15 58.56 === RUN   TestRegistryAll/MultipleItems
#15 58.56 === PAUSE TestRegistryAll/MultipleItems
#15 58.56 === CONT  TestRegistryAll/Empty
#15 58.56 === CONT  TestRegistryBranchTagSetRootWith
#15 58.56 --- PASS: TestRegistryBranchTagSetRootWith (0.00s)
#15 58.56 === CONT  TestMetricNames
#15 58.56 === RUN   TestMetricNames/still_simple
#15 58.56 === PAUSE TestMetricNames/still_simple
#15 58.56 === RUN   TestMetricNames/#00
#15 58.56 === PAUSE TestMetricNames/#00
#15 58.56 === RUN   TestMetricNames/@
#15 58.56 === PAUSE TestMetricNames/@
#15 58.56 === RUN   TestMetricNames/a
#15 58.56 === PAUSE TestMetricNames/a
#15 58.56 === RUN   TestMetricNames/special__
#15 58.56 === PAUSE TestMetricNames/special__
#15 58.56 === RUN   TestMetricNames/hello.World_in_한글一안녕一세상
#15 58.56 === PAUSE TestMetricNames/hello.World_in_한글一안녕一세상
#15 58.56 === RUN   TestMetricNames/tooolooooooooooooooooooooooooooooooooooooooooooooooooooooooooooooooooooooooooooooooooooooooooooooooooooooooooooooooooooooooooooooooooooooooooooooooooog
#15 58.56 === PAUSE TestMetricNames/tooolooooooooooooooooooooooooooooooooooooooooooooooooooooooooooooooooooooooooooooooooooooooooooooooooooooooooooooooooooooooooooooooooooooooooooooooooog
#15 58.56 === RUN   TestMetricNames/simple
#15 58.56 === PAUSE TestMetricNames/simple
#15 58.56 === CONT  TestMetricNames/still_simple
#15 58.56 === CONT  TestRegistryNewMetric
#15 58.56 --- PASS: TestRegistryNewMetric (0.00s)
#15 58.56 === CONT  TestParseMetricName
#15 58.56 === RUN   TestParseMetricName/metric_name_without_tags
#15 58.56 === PAUSE TestParseMetricName/metric_name_without_tags
#15 58.56 === RUN   TestParseMetricName/metric_name_with_single_tag
#15 58.56 === PAUSE TestParseMetricName/metric_name_with_single_tag
#15 58.56 === RUN   TestParseMetricName/metric_name_with_multiple_tags
#15 58.56 === PAUSE TestParseMetricName/metric_name_with_multiple_tags
#15 58.56 === RUN   TestParseMetricName/metric_name_with_multiple_spaced_tags
#15 58.56 === PAUSE TestParseMetricName/metric_name_with_multiple_spaced_tags
#15 58.56 === RUN   TestParseMetricName/metric_name_with_group_tag
#15 58.56 === PAUSE TestParseMetricName/metric_name_with_group_tag
#15 58.56 === RUN   TestParseMetricName/metric_name_with_valid_name_and_repeated_curly_braces_tokens_in_tags_definition
#15 58.56 === PAUSE TestParseMetricName/metric_name_with_valid_name_and_repeated_curly_braces_tokens_in_tags_definition
#15 58.56 === RUN   TestParseMetricName/metric_name_with_valid_name_and_repeated_curly_braces_and_colon_tokens_in_tags_definition
#15 58.56 === PAUSE TestParseMetricName/metric_name_with_valid_name_and_repeated_curly_braces_and_colon_tokens_in_tags_definition
#15 58.56 === RUN   TestParseMetricName/metric_name_with_tag_definition_missing_`:value`
#15 58.56 === PAUSE TestParseMetricName/metric_name_with_tag_definition_missing_`:value`
#15 58.56 === RUN   TestParseMetricName/metric_name_with_tag_definition_missing_value
#15 58.56 === PAUSE TestParseMetricName/metric_name_with_tag_definition_missing_value
#15 58.56 === RUN   TestParseMetricName/metric_name_with_mixed_valid_and_invalid_tag_definitions
#15 58.56 === PAUSE TestParseMetricName/metric_name_with_mixed_valid_and_invalid_tag_definitions
#15 58.56 === RUN   TestParseMetricName/metric_name_with_valid_name_and_unmatched_opening_tags_definition_token
#15 58.56 === PAUSE TestParseMetricName/metric_name_with_valid_name_and_unmatched_opening_tags_definition_token
#15 58.56 === RUN   TestParseMetricName/metric_name_with_valid_name_and_unmatched_closing_tags_definition_token
#15 58.56 === PAUSE TestParseMetricName/metric_name_with_valid_name_and_unmatched_closing_tags_definition_token
#15 58.56 === RUN   TestParseMetricName/metric_name_with_valid_name_and_invalid_starting_tags_definition_token
#15 58.56 === PAUSE TestParseMetricName/metric_name_with_valid_name_and_invalid_starting_tags_definition_token
#15 58.56 === RUN   TestParseMetricName/metric_name_with_valid_name_and_invalid_curly_braces_in_tags_definition
#15 58.56 === PAUSE TestParseMetricName/metric_name_with_valid_name_and_invalid_curly_braces_in_tags_definition
#15 58.56 === RUN   TestParseMetricName/metric_name_with_valid_name_and_trailing_characters_after_closing_curly_brace_in_tags_definition
#15 58.56 === PAUSE TestParseMetricName/metric_name_with_valid_name_and_trailing_characters_after_closing_curly_brace_in_tags_definition
#15 58.56 === CONT  TestParseMetricName/metric_name_without_tags
#15 58.56 === CONT  TestAddSubmetric
#15 58.56 === RUN   TestAddSubmetric/#00
#15 58.56 === PAUSE TestAddSubmetric/#00
#15 58.56 === RUN   TestAddSubmetric/a
#15 58.56 === PAUSE TestAddSubmetric/a
#15 58.56 === RUN   TestAddSubmetric/_a_:_1_
#15 58.56 === PAUSE TestAddSubmetric/_a_:_1_
#15 58.56 === RUN   TestAddSubmetric/_a:"",b:_''
#15 58.56 === PAUSE TestAddSubmetric/_a:"",b:_''
#15 58.56 === RUN   TestAddSubmetric/a:1,b:2
#15 58.56 === PAUSE TestAddSubmetric/a:1,b:2
#15 58.56 === RUN   TestAddSubmetric/__
#15 58.56 === PAUSE TestAddSubmetric/__
#15 58.56 === RUN   TestAddSubmetric/a:1
#15 58.56 === PAUSE TestAddSubmetric/a:1
#15 58.56 === RUN   TestAddSubmetric/a,b
#15 58.56 === PAUSE TestAddSubmetric/a,b
#15 58.56 === RUN   TestAddSubmetric/_a_:_1,_b_:_2_
#15 58.56 === PAUSE TestAddSubmetric/_a_:_1,_b_:_2_
#15 58.56 === RUN   TestAddSubmetric/a_:_'1'_,_b_:_"2"
#15 58.56 === PAUSE TestAddSubmetric/a_:_'1'_,_b_:_"2"
#15 58.56 === RUN   TestAddSubmetric/"_a"_:_'_1'_,_b_:_"2_"_
#15 58.56 === PAUSE TestAddSubmetric/"_a"_:_'_1'_,_b_:_"2_"_
#15 58.56 === CONT  TestAddSubmetric/#00
#15 58.56 === CONT  TestNewMetric/Rate
#15 58.56 === CONT  TestNewMetric/Trend
#15 58.56 === CONT  TestNewMetric/Gauge
#15 58.56 --- PASS: TestNewMetric (0.00s)
#15 58.56     --- PASS: TestNewMetric/Counter (0.00s)
#15 58.56     --- PASS: TestNewMetric/Rate (0.00s)
#15 58.56     --- PASS: TestNewMetric/Trend (0.00s)
#15 58.56     --- PASS: TestNewMetric/Gauge (0.00s)
#15 58.56 === CONT  TestThresholdsJSON/bad_source
#15 58.56 === CONT  TestThresholdsJSON/bad_JSON
#15 58.56 === CONT  TestThresholdsJSON/[{"threshold":"rate<0.01"},_"p(95)<200"]
#15 58.56 === RUN   TestThresholdsJSON/[{"threshold":"rate<0.01"},_"p(95)<200"]/marshal
#15 58.56 === CONT  TestThresholdsJSON/[{"threshold":"rate<0.01","abortOnFail":false}]
#15 58.56 === RUN   TestThresholdsJSON/[{"threshold":"rate<0.01","abortOnFail":false}]/marshal
#15 58.56 === CONT  TestThresholdsJSON/[{"threshold":"rate<0.01","abortOnFail":true,"delayAbortEval":"2s"}]
#15 58.56 === RUN   TestThresholdsJSON/[{"threshold":"rate<0.01","abortOnFail":true,"delayAbortEval":"2s"}]/marshal
#15 58.56 === CONT  TestThresholdsJSON/[{"threshold":"rate<0.01","abortOnFail":true,"delayAbortEval":null}]
#15 58.56 === RUN   TestThresholdsJSON/[{"threshold":"rate<0.01","abortOnFail":true,"delayAbortEval":null}]/marshal
#15 58.56 === CONT  TestThresholdsJSON/[{"threshold":"rate<0.01"}]
#15 58.56 === RUN   TestThresholdsJSON/[{"threshold":"rate<0.01"}]/marshal
#15 58.56 === CONT  TestThresholdsJSON/["rate<0.01","p(95)<200"]
#15 58.56 === RUN   TestThresholdsJSON/["rate<0.01","p(95)<200"]/marshal
#15 58.56 === CONT  TestThresholdsJSON/["rate<0.01"]#01
#15 58.56 === RUN   TestThresholdsJSON/["rate<0.01"]#01/marshal
#15 58.56 === CONT  TestThresholdsJSON/["rate<0.01"]
#15 58.56 === RUN   TestThresholdsJSON/["rate<0.01"]/marshal
#15 58.56 --- PASS: TestThresholdsJSON (0.00s)
#15 58.56     --- PASS: TestThresholdsJSON/[] (0.00s)
#15 58.56         --- PASS: TestThresholdsJSON/[]/marshal (0.00s)
#15 58.56     --- PASS: TestThresholdsJSON/bad_source (0.00s)
#15 58.56     --- PASS: TestThresholdsJSON/bad_JSON (0.00s)
#15 58.56     --- PASS: TestThresholdsJSON/[{"threshold":"rate<0.01"},_"p(95)<200"] (0.00s)
#15 58.56         --- PASS: TestThresholdsJSON/[{"threshold":"rate<0.01"},_"p(95)<200"]/marshal (0.00s)
#15 58.56     --- PASS: TestThresholdsJSON/[{"threshold":"rate<0.01","abortOnFail":false}] (0.00s)
#15 58.56         --- PASS: TestThresholdsJSON/[{"threshold":"rate<0.01","abortOnFail":false}]/marshal (0.00s)
#15 58.56     --- PASS: TestThresholdsJSON/[{"threshold":"rate<0.01","abortOnFail":true,"delayAbortEval":"2s"}] (0.00s)
#15 58.56         --- PASS: TestThresholdsJSON/[{"threshold":"rate<0.01","abortOnFail":true,"delayAbortEval":"2s"}]/marshal (0.00s)
#15 58.56     --- PASS: TestThresholdsJSON/[{"threshold":"rate<0.01","abortOnFail":true,"delayAbortEval":null}] (0.00s)
#15 58.56         --- PASS: TestThresholdsJSON/[{"threshold":"rate<0.01","abortOnFail":true,"delayAbortEval":null}]/marshal (0.00s)
#15 58.56     --- PASS: TestThresholdsJSON/[{"threshold":"rate<0.01"}] (0.00s)
#15 58.56         --- PASS: TestThresholdsJSON/[{"threshold":"rate<0.01"}]/marshal (0.00s)
#15 58.56     --- PASS: TestThresholdsJSON/["rate<0.01","p(95)<200"] (0.00s)
#15 58.56         --- PASS: TestThresholdsJSON/["rate<0.01","p(95)<200"]/marshal (0.00s)
#15 58.56     --- PASS: TestThresholdsJSON/["rate<0.01"]#01 (0.00s)
#15 58.56         --- PASS: TestThresholdsJSON/["rate<0.01"]#01/marshal (0.00s)
#15 58.56     --- PASS: TestThresholdsJSON/["rate<0.01"] (0.00s)
#15 58.56         --- PASS: TestThresholdsJSON/["rate<0.01"]/marshal (0.00s)
#15 58.56 === CONT  TestThresholdsRun/Running_threshold_on_trend_sink_with_values_and_failing_med_statement_fails
#15 58.56 === CONT  TestThresholdsRun/Running_threshold_on_trend_sink_with_values_and_passing_med_statement_succeeds
#15 58.56 === CONT  TestThresholdsRun/Running_threshold_on_trend_sink_with_no_values_and_non_passing_med_statement_fails
#15 58.56 === CONT  TestThresholdsRun/Running_threshold_on_trend_sink_with_no_values_and_passing_med_statement_succeeds
#15 58.56 === CONT  TestThresholdsRun/Running_a_counter_rate_threshold_with_zero_duration_does_not_divide_by_zero
#15 58.56 === CONT  TestThresholdsRun/Running_threshold_on_non_existing_sink_does_not_fail
#15 58.56 === CONT  TestThresholdsRun/Running_thresholds_of_existing_sink_but_failing_threshold
#15 58.56 --- PASS: TestThresholdsRun (0.00s)
#15 58.56     --- PASS: TestThresholdsRun/Running_thresholds_of_existing_sink (0.00s)
#15 58.56     --- PASS: TestThresholdsRun/Running_threshold_on_trend_sink_with_values_and_failing_med_statement_fails (0.00s)
#15 58.56     --- PASS: TestThresholdsRun/Running_threshold_on_trend_sink_with_values_and_passing_med_statement_succeeds (0.00s)
#15 58.56     --- PASS: TestThresholdsRun/Running_threshold_on_trend_sink_with_no_values_and_non_passing_med_statement_fails (0.00s)
#15 58.56     --- PASS: TestThresholdsRun/Running_threshold_on_trend_sink_with_no_values_and_passing_med_statement_succeeds (0.00s)
#15 58.56     --- PASS: TestThresholdsRun/Running_a_counter_rate_threshold_with_zero_duration_does_not_divide_by_zero (0.00s)
#15 58.56     --- PASS: TestThresholdsRun/Running_threshold_on_non_existing_sink_does_not_fail (0.00s)
#15 58.56     --- PASS: TestThresholdsRun/Running_thresholds_of_existing_sink_but_failing_threshold (0.00s)
#15 58.56 === CONT  TestThresholdsRunAll/two_mixed
#15 58.56 === CONT  TestThresholdsRunAll/two_failing
#15 58.56 === CONT  TestThresholdsRunAll/two_passing
#15 58.56 === CONT  TestThresholdsRunAll/one_failing
#15 58.56 === CONT  TestThresholdsRunAll/one_passing
#15 58.56 === CONT  TestThresholdsRunAll/no_abort_with_grace_period
#15 58.56 === CONT  TestThresholdsRunAll/abort_with_grace_period
#15 58.56 --- PASS: TestThresholdsRunAll (0.00s)
#15 58.56     --- PASS: TestThresholdsRunAll/one_aborting (0.00s)
#15 58.56     --- PASS: TestThresholdsRunAll/two_mixed (0.00s)
#15 58.56     --- PASS: TestThresholdsRunAll/two_failing (0.00s)
#15 58.56     --- PASS: TestThresholdsRunAll/two_passing (0.00s)
#15 58.56     --- PASS: TestThresholdsRunAll/one_failing (0.00s)
#15 58.56     --- PASS: TestThresholdsRunAll/one_passing (0.00s)
#15 58.56     --- PASS: TestThresholdsRunAll/no_abort_with_grace_period (0.00s)
#15 58.56     --- PASS: TestThresholdsRunAll/abort_with_grace_period (0.00s)
#15 58.56 === CONT  TestNewThresholdsWithConfig/two
#15 58.56 --- PASS: TestNewThresholdsWithConfig (0.00s)
#15 58.56     --- PASS: TestNewThresholdsWithConfig/empty (0.00s)
#15 58.56     --- PASS: TestNewThresholdsWithConfig/two (0.00s)
#15 58.56 === CONT  TestNewThresholds/two
#15 58.56 --- PASS: TestNewThresholds (0.00s)
#15 58.56     --- PASS: TestNewThresholds/empty (0.00s)
#15 58.56     --- PASS: TestNewThresholds/two (0.00s)
#15 58.56 === CONT  TestThresholdsValidate/thresholds_supported_aggregation_methods_for_metrics
#15 58.56 === RUN   TestThresholdsValidate/thresholds_supported_aggregation_methods_for_metrics/threshold_expression_using_'count'_is_valid_against_a_counter_metric
#15 58.56 === PAUSE TestThresholdsValidate/thresholds_supported_aggregation_methods_for_metrics/threshold_expression_using_'count'_is_valid_against_a_counter_metric
#15 58.56 === RUN   TestThresholdsValidate/thresholds_supported_aggregation_methods_for_metrics/threshold_expression_using_'rate'_is_valid_against_a_counter_metric
#15 58.56 === PAUSE TestThresholdsValidate/thresholds_supported_aggregation_methods_for_metrics/threshold_expression_using_'rate'_is_valid_against_a_counter_metric
#15 58.56 === RUN   TestThresholdsValidate/thresholds_supported_aggregation_methods_for_metrics/threshold_expression_using_'rate'_is_valid_against_a_counter_single_tag_submetric
#15 58.56 === PAUSE TestThresholdsValidate/thresholds_supported_aggregation_methods_for_metrics/threshold_expression_using_'rate'_is_valid_against_a_counter_single_tag_submetric
#15 58.56 === RUN   TestThresholdsValidate/thresholds_supported_aggregation_methods_for_metrics/threshold_expression_using_'rate'_is_valid_against_a_counter_multi-tag_submetric
#15 58.56 === PAUSE TestThresholdsValidate/thresholds_supported_aggregation_methods_for_metrics/threshold_expression_using_'rate'_is_valid_against_a_counter_multi-tag_submetric
#15 58.56 === RUN   TestThresholdsValidate/thresholds_supported_aggregation_methods_for_metrics/threshold_expression_using_'value'_is_valid_against_a_gauge_metric
#15 58.56 === PAUSE TestThresholdsValidate/thresholds_supported_aggregation_methods_for_metrics/threshold_expression_using_'value'_is_valid_against_a_gauge_metric
#15 58.56 === RUN   TestThresholdsValidate/thresholds_supported_aggregation_methods_for_metrics/threshold_expression_using_'rate'_is_valid_against_a_rate_metric
#15 58.56 === PAUSE TestThresholdsValidate/thresholds_supported_aggregation_methods_for_metrics/threshold_expression_using_'rate'_is_valid_against_a_rate_metric
#15 58.56 === RUN   TestThresholdsValidate/thresholds_supported_aggregation_methods_for_metrics/threshold_expression_using_'avg'_is_valid_against_a_trend_metric
#15 58.56 === PAUSE TestThresholdsValidate/thresholds_supported_aggregation_methods_for_metrics/threshold_expression_using_'avg'_is_valid_against_a_trend_metric
#15 58.56 === RUN   TestThresholdsValidate/thresholds_supported_aggregation_methods_for_metrics/threshold_expression_using_'min'_is_valid_against_a_trend_metric
#15 58.56 === PAUSE TestThresholdsValidate/thresholds_supported_aggregation_methods_for_metrics/threshold_expression_using_'min'_is_valid_against_a_trend_metric
#15 58.56 === RUN   TestThresholdsValidate/thresholds_supported_aggregation_methods_for_metrics/threshold_expression_using_'max'_is_valid_against_a_trend_metric
#15 58.56 === PAUSE TestThresholdsValidate/thresholds_supported_aggregation_methods_for_metrics/threshold_expression_using_'max'_is_valid_against_a_trend_metric
#15 58.56 === RUN   TestThresholdsValidate/thresholds_supported_aggregation_methods_for_metrics/threshold_expression_using_'med'_is_valid_against_a_trend_metric
#15 58.56 === PAUSE TestThresholdsValidate/thresholds_supported_aggregation_methods_for_metrics/threshold_expression_using_'med'_is_valid_against_a_trend_metric
#15 58.56 === CONT  TestTrendSink/add/values
#15 58.56 === RUN   TestThresholdsValidate/thresholds_supported_aggregation_methods_for_metrics/threshold_expression_using_'p(value)'_is_valid_against_a_trend_metric
#15 58.56 === PAUSE TestThresholdsValidate/thresholds_supported_aggregation_methods_for_metrics/threshold_expression_using_'p(value)'_is_valid_against_a_trend_metric
#15 58.56 === CONT  TestGaugeSink/format
#15 58.56 === CONT  TestGaugeSink/add/negative_values
#15 58.56 === CONT  TestGaugeSink/add/values
#15 58.56 --- PASS: TestGaugeSink (0.00s)
#15 58.56     --- PASS: TestGaugeSink/format (0.00s)
#15 58.56     --- PASS: TestGaugeSink/add (0.00s)
#15 58.56         --- PASS: TestGaugeSink/add/one_value (0.00s)
#15 58.56         --- PASS: TestGaugeSink/add/negative_values (0.00s)
#15 58.56         --- PASS: TestGaugeSink/add/values (0.00s)
#15 58.56 === CONT  TestCounterSink/format
#15 58.56 === CONT  TestGetResolversForTrendColumnsCalculation/p(99.999)
#15 58.56 === CONT  TestGetResolversForTrendColumnsCalculation/p(99.99)
#15 58.56 === CONT  TestGetResolversForTrendColumnsCalculation/p(99.9)
#15 58.56 === CONT  TestGetResolversForTrendColumnsCalculation/p(99)
#15 58.56 --- PASS: TestGetResolversForTrendColumnsCalculation (0.00s)
#15 58.56     --- PASS: TestGetResolversForTrendColumnsCalculation/p(50) (0.00s)
#15 58.56     --- PASS: TestGetResolversForTrendColumnsCalculation/p(99.999) (0.00s)
#15 58.56     --- PASS: TestGetResolversForTrendColumnsCalculation/p(99.99) (0.00s)
#15 58.56     --- PASS: TestGetResolversForTrendColumnsCalculation/p(99.9) (0.00s)
#15 58.56     --- PASS: TestGetResolversForTrendColumnsCalculation/p(99) (0.00s)
#15 58.56 === CONT  TestCounterSink/add/values
#15 58.56 --- PASS: TestCounterSink (0.00s)
#15 58.56     --- PASS: TestCounterSink/format (0.00s)
#15 58.56     --- PASS: TestCounterSink/add (0.00s)
#15 58.56         --- PASS: TestCounterSink/add/one_value (0.00s)
#15 58.56         --- PASS: TestCounterSink/add/values (0.00s)
#15 58.56 === CONT  TestGetResolversForTrendColumnsValidation/[p(1)]
#15 58.56 === CONT  TestGetResolversForTrendColumnsValidation/[p(-1)]
#15 58.56 === CONT  TestGetResolversForTrendColumnsValidation/[p(101)]
#15 58.56 === CONT  TestGetResolversForTrendColumnsValidation/[avg_]
#15 58.56 === CONT  TestGetResolversForTrendColumnsValidation/[_avg_]
#15 58.56 === CONT  TestGetResolversForTrendColumnsValidation/[_avg]
#15 58.56 === CONT  TestGetResolversForTrendColumnsValidation/[p(90]
#15 58.56 === CONT  TestGetResolversForTrendColumnsValidation/[p90]
#15 58.56 === CONT  TestGetResolversForTrendColumnsValidation/[nil_p(err)]
#15 58.56 === CONT  TestGetResolversForTrendColumnsValidation/[avg_p(err)]
#15 58.56 === CONT  TestGetResolversForTrendColumnsValidation/[avg_min_med_max_p(0)_p(99)_p(99.999)_count]
#15 58.56 === CONT  TestRegistryAll/MultipleItems
#15 58.56 --- PASS: TestGetResolversForTrendColumnsValidation (0.00s)
#15 58.56     --- PASS: TestGetResolversForTrendColumnsValidation/[] (0.00s)
#15 58.56     --- PASS: TestGetResolversForTrendColumnsValidation/[p(1)] (0.00s)
#15 58.56     --- PASS: TestGetResolversForTrendColumnsValidation/[p(101)] (0.00s)
#15 58.56     --- PASS: TestGetResolversForTrendColumnsValidation/[p(-1)] (0.00s)
#15 58.56     --- PASS: TestGetResolversForTrendColumnsValidation/[avg_] (0.00s)
#15 58.56     --- PASS: TestGetResolversForTrendColumnsValidation/[_avg_] (0.00s)
#15 58.56     --- PASS: TestGetResolversForTrendColumnsValidation/[_avg] (0.00s)
#15 58.56     --- PASS: TestGetResolversForTrendColumnsValidation/[p(90] (0.00s)
#15 58.56     --- PASS: TestGetResolversForTrendColumnsValidation/[p90] (0.00s)
#15 58.56     --- PASS: TestGetResolversForTrendColumnsValidation/[nil_p(err)] (0.00s)
#15 58.56     --- PASS: TestGetResolversForTrendColumnsValidation/[avg_p(err)] (0.00s)
#15 58.56     --- PASS: TestGetResolversForTrendColumnsValidation/[avg_min_med_max_p(0)_p(99)_p(99.999)_count] (0.00s)
#15 58.56 === CONT  TestMetricNames/simple
#15 58.56 === CONT  TestMetricNames/tooolooooooooooooooooooooooooooooooooooooooooooooooooooooooooooooooooooooooooooooooooooooooooooooooooooooooooooooooooooooooooooooooooooooooooooooooooog
#15 58.56 --- PASS: TestRegistryAll (0.00s)
#15 58.56     --- PASS: TestRegistryAll/Empty (0.00s)
#15 58.56     --- PASS: TestRegistryAll/MultipleItems (0.00s)
#15 58.56 === CONT  TestMetricNames/hello.World_in_한글一안녕一세상
#15 58.56 === CONT  TestMetricNames/special__
#15 58.56 === CONT  TestMetricNames/a
#15 58.56 === CONT  TestMetricNames/@
#15 58.56 === CONT  TestMetricNames/#00
#15 58.56 === CONT  TestParseMetricName/metric_name_with_valid_name_and_trailing_characters_after_closing_curly_brace_in_tags_definition
#15 58.56 --- PASS: TestMetricNames (0.00s)
#15 58.56     --- PASS: TestMetricNames/still_simple (0.00s)
#15 58.56     --- PASS: TestMetricNames/simple (0.00s)
#15 58.56     --- PASS: TestMetricNames/hello.World_in_한글一안녕一세상 (0.00s)
#15 58.56     --- PASS: TestMetricNames/tooolooooooooooooooooooooooooooooooooooooooooooooooooooooooooooooooooooooooooooooooooooooooooooooooooooooooooooooooooooooooooooooooooooooooooooooooooog (0.00s)
#15 58.56     --- PASS: TestMetricNames/special__ (0.00s)
#15 58.56     --- PASS: TestMetricNames/a (0.00s)
#15 58.56     --- PASS: TestMetricNames/@ (0.00s)
#15 58.56     --- PASS: TestMetricNames/#00 (0.00s)
#15 58.56 === CONT  TestParseMetricName/metric_name_with_valid_name_and_invalid_curly_braces_in_tags_definition
#15 58.56 === CONT  TestParseMetricName/metric_name_with_valid_name_and_unmatched_closing_tags_definition_token
#15 58.56 === CONT  TestParseMetricName/metric_name_with_valid_name_and_unmatched_opening_tags_definition_token
#15 58.56 === CONT  TestParseMetricName/metric_name_with_mixed_valid_and_invalid_tag_definitions
#15 58.56 === CONT  TestParseMetricName/metric_name_with_valid_name_and_invalid_starting_tags_definition_token
#15 58.56 === CONT  TestParseMetricName/metric_name_with_tag_definition_missing_value
#15 58.56 === CONT  TestParseMetricName/metric_name_with_tag_definition_missing_`:value`
#15 58.56 === CONT  TestParseMetricName/metric_name_with_valid_name_and_repeated_curly_braces_and_colon_tokens_in_tags_definition
#15 58.56 === CONT  TestParseMetricName/metric_name_with_group_tag
#15 58.56 === CONT  TestParseMetricName/metric_name_with_valid_name_and_repeated_curly_braces_tokens_in_tags_definition
#15 58.56 === CONT  TestParseMetricName/metric_name_with_multiple_spaced_tags
#15 58.56 === CONT  TestParseMetricName/metric_name_with_single_tag
#15 58.56 === CONT  TestParseMetricName/metric_name_with_multiple_tags
#15 58.56 === CONT  TestAddSubmetric/"_a"_:_'_1'_,_b_:_"2_"_
#15 58.56 --- PASS: TestParseMetricName (0.00s)
#15 58.56     --- PASS: TestParseMetricName/metric_name_without_tags (0.00s)
#15 58.56     --- PASS: TestParseMetricName/metric_name_with_valid_name_and_trailing_characters_after_closing_curly_brace_in_tags_definition (0.00s)
#15 58.56     --- PASS: TestParseMetricName/metric_name_with_valid_name_and_invalid_curly_braces_in_tags_definition (0.00s)
#15 58.56     --- PASS: TestParseMetricName/metric_name_with_valid_name_and_unmatched_opening_tags_definition_token (0.00s)
#15 58.56     --- PASS: TestParseMetricName/metric_name_with_mixed_valid_and_invalid_tag_definitions (0.00s)
#15 58.56     --- PASS: TestParseMetricName/metric_name_with_valid_name_and_invalid_starting_tags_definition_token (0.00s)
#15 58.56     --- PASS: TestParseMetricName/metric_name_with_tag_definition_missing_value (0.00s)
#15 58.56     --- PASS: TestParseMetricName/metric_name_with_tag_definition_missing_`:value` (0.00s)
#15 58.56     --- PASS: TestParseMetricName/metric_name_with_valid_name_and_repeated_curly_braces_and_colon_tokens_in_tags_definition (0.00s)
#15 58.56     --- PASS: TestParseMetricName/metric_name_with_valid_name_and_unmatched_closing_tags_definition_token (0.00s)
#15 58.56     --- PASS: TestParseMetricName/metric_name_with_group_tag (0.00s)
#15 58.56     --- PASS: TestParseMetricName/metric_name_with_valid_name_and_repeated_curly_braces_tokens_in_tags_definition (0.00s)
#15 58.56     --- PASS: TestParseMetricName/metric_name_with_multiple_spaced_tags (0.00s)
#15 58.56     --- PASS: TestParseMetricName/metric_name_with_single_tag (0.00s)
#15 58.56     --- PASS: TestParseMetricName/metric_name_with_multiple_tags (0.00s)
#15 58.56 === CONT  TestAddSubmetric/a_:_'1'_,_b_:_"2"
#15 58.56 === CONT  TestAddSubmetric/_a_:_1,_b_:_2_
#15 58.56 === CONT  TestAddSubmetric/a,b
#15 58.56 === CONT  TestAddSubmetric/a:1
#15 58.56 === CONT  TestAddSubmetric/__
#15 58.56 === CONT  TestAddSubmetric/a:1,b:2
#15 58.56 === CONT  TestAddSubmetric/_a:"",b:_''
#15 58.56 === CONT  TestAddSubmetric/_a_:_1_
#15 58.56 === CONT  TestAddSubmetric/a
#15 58.56 === CONT  TestParseThresholdAggregationMethod/parsing_percentile_value_greater_than_100_fails
#15 58.56 --- PASS: TestAddSubmetric (0.00s)
#15 58.56     --- PASS: TestAddSubmetric/#00 (0.00s)
#15 58.56     --- PASS: TestAddSubmetric/"_a"_:_'_1'_,_b_:_"2_"_ (0.00s)
#15 58.56     --- PASS: TestAddSubmetric/a_:_'1'_,_b_:_"2" (0.00s)
#15 58.56     --- PASS: TestAddSubmetric/_a_:_1,_b_:_2_ (0.00s)
#15 58.56     --- PASS: TestAddSubmetric/a,b (0.00s)
#15 58.56     --- PASS: TestAddSubmetric/a:1 (0.00s)
#15 58.56     --- PASS: TestAddSubmetric/__ (0.00s)
#15 58.56     --- PASS: TestAddSubmetric/a:1,b:2 (0.00s)
#15 58.56     --- PASS: TestAddSubmetric/_a:"",b:_'' (0.00s)
#15 58.56     --- PASS: TestAddSubmetric/_a_:_1_ (0.00s)
#15 58.56     --- PASS: TestAddSubmetric/a (0.00s)
#15 58.56 === CONT  TestThresholdsValidate/validating_unparsed_thresholds_fails
#15 58.56 === CONT  TestThresholdsParse/mixed_valid/invalid_threshold_expressions
#15 58.56 === CONT  TestThresholdsParse/invalid_threshold_expressions
#15 58.56 === CONT  TestThresholdRun/false
#15 58.56 --- PASS: TestThresholdsParse (0.00s)
#15 58.56     --- PASS: TestThresholdsParse/valid_threshold_expressions (0.00s)
#15 58.56     --- PASS: TestThresholdsParse/mixed_valid/invalid_threshold_expressions (0.00s)
#15 58.56     --- PASS: TestThresholdsParse/invalid_threshold_expressions (0.00s)
#15 58.56 === RUN   TestThresholdRun/false/no_taint
#15 58.56 === CONT  TestThreshold_runNoTaint/invalid_expression_operator
#15 58.56 === CONT  TestThreshold_runNoTaint/valid_expression_over_non-existing_sink
#15 58.56 === RUN   TestThresholdRun/false/taint
#15 58.56 === CONT  TestThreshold_runNoTaint/valid_expression_over_failing_threshold
#15 58.56 === CONT  TestThreshold_runNoTaint/valid_expression_using_!=_operator_over_passing_threshold
#15 58.56 === CONT  TestThreshold_runNoTaint/valid_expression_using_the_==_operator_over_passing_threshold
#15 58.56 --- PASS: TestThresholdRun (0.00s)
#15 58.56     --- PASS: TestThresholdRun/true (0.00s)
#15 58.56         --- PASS: TestThresholdRun/true/no_taint (0.00s)
#15 58.56         --- PASS: TestThresholdRun/true/taint (0.00s)
#15 58.56     --- PASS: TestThresholdRun/false (0.00s)
#15 58.56         --- PASS: TestThresholdRun/false/no_taint (0.00s)
#15 58.56         --- PASS: TestThresholdRun/false/taint (0.00s)
#15 58.56 === CONT  TestThreshold_runNoTaint/valid_expression_using_the_===_operator_over_passing_threshold
#15 58.56 === CONT  TestThreshold_runNoTaint/valid_expression_using_the_<_operator_over_passing_threshold
#15 58.56 === CONT  TestThreshold_runNoTaint/valid_expression_using_the_<=_operator_over_passing_threshold
#15 58.56 === CONT  TestThreshold_runNoTaint/valid_expression_using_the_>=_operator_over_passing_threshold
#15 58.56 === CONT  TestThreshold_runNoTaint/valid_expression_using_the_>_operator_over_passing_threshold_and_defined_abort_grace_period
#15 58.56 === CONT  TestScanThresholdExpression/expression_with_unknown_operator_fails
#15 58.56 --- PASS: TestThreshold_runNoTaint (0.00s)
#15 58.56     --- PASS: TestThreshold_runNoTaint/valid_expression_using_the_>_operator_over_passing_threshold (0.00s)
#15 58.56     --- PASS: TestThreshold_runNoTaint/invalid_expression_operator (0.00s)
#15 58.56     --- PASS: TestThreshold_runNoTaint/valid_expression_over_non-existing_sink (0.00s)
#15 58.56     --- PASS: TestThreshold_runNoTaint/valid_expression_over_failing_threshold (0.00s)
#15 58.56     --- PASS: TestThreshold_runNoTaint/valid_expression_using_!=_operator_over_passing_threshold (0.00s)
#15 58.56     --- PASS: TestThreshold_runNoTaint/valid_expression_using_the_==_operator_over_passing_threshold (0.00s)
#15 58.56     --- PASS: TestThreshold_runNoTaint/valid_expression_using_the_===_operator_over_passing_threshold (0.00s)
#15 58.56     --- PASS: TestThreshold_runNoTaint/valid_expression_using_the_<_operator_over_passing_threshold (0.00s)
#15 58.56     --- PASS: TestThreshold_runNoTaint/valid_expression_using_the_<=_operator_over_passing_threshold (0.00s)
#15 58.56     --- PASS: TestThreshold_runNoTaint/valid_expression_using_the_>=_operator_over_passing_threshold (0.00s)
#15 58.56     --- PASS: TestThreshold_runNoTaint/valid_expression_using_the_>_operator_over_passing_threshold_and_defined_abort_grace_period (0.00s)
#15 58.56 === CONT  TestScanThresholdExpression/expression's_method_is_trimmed
#15 58.56 === CONT  TestScanThresholdExpression/expression's_value_is_trimmed
#15 58.56 === CONT  TestScanThresholdExpression/expression_with_!=_operator_is_scanned
#15 58.56 === CONT  TestScanThresholdExpression/expression_with_==_operator_is_scanned
#15 58.56 === CONT  TestScanThresholdExpression/expression_with_===_operator_is_scanned
#15 58.56 === CONT  TestScanThresholdExpression/expression_with_>_operator_is_scanned
#15 58.56 === CONT  TestScanThresholdExpression/expression_with_>=_operator_is_scanned
#15 58.56 === CONT  TestParseThresholdAggregationMethod/parsing_infinite_percentile_value_fails
#15 58.56 === CONT  TestScanThresholdExpression/expression_with_<_operator_is_scanned
#15 58.56 === CONT  TestParseThresholdAggregationMethod/avg_method_is_parsed
#15 58.56 --- PASS: TestScanThresholdExpression (0.00s)
#15 58.56     --- PASS: TestScanThresholdExpression/expression_with_<=_operator_is_scanned (0.00s)
#15 58.56     --- PASS: TestScanThresholdExpression/expression_with_unknown_operator_fails (0.00s)
#15 58.56     --- PASS: TestScanThresholdExpression/expression's_method_is_trimmed (0.00s)
#15 58.56     --- PASS: TestScanThresholdExpression/expression's_value_is_trimmed (0.00s)
#15 58.56     --- PASS: TestScanThresholdExpression/expression_with_!=_operator_is_scanned (0.00s)
#15 58.56     --- PASS: TestScanThresholdExpression/expression_with_==_operator_is_scanned (0.00s)
#15 58.56     --- PASS: TestScanThresholdExpression/expression_with_===_operator_is_scanned (0.00s)
#15 58.56     --- PASS: TestScanThresholdExpression/expression_with_>_operator_is_scanned (0.00s)
#15 58.56     --- PASS: TestScanThresholdExpression/expression_with_>=_operator_is_scanned (0.00s)
#15 58.56     --- PASS: TestScanThresholdExpression/expression_with_<_operator_is_scanned (0.00s)
#15 58.56 === CONT  TestParseThresholdAggregationMethod/parsing_NaN_percentile_value_fails
#15 58.56 === CONT  TestParseThresholdAggregationMethod/parsing_negative_percentile_value_fails
#15 58.56 === CONT  TestParseThresholdAggregationMethod/parsing_non-numerical_percentile_value_fails
#15 58.56 === CONT  TestParseThresholdAggregationMethod/parsing_incomplete_percentile_expression_fails
#15 58.56 === CONT  TestParseThresholdAggregationMethod/parsing_empty_percentile_expression_fails
#15 58.56 === CONT  TestParseThresholdAggregationMethod/value_method_is_parsed
#15 58.56 === CONT  TestParseThresholdAggregationMethod/parsing_invalid_method_fails
#15 58.56 === CONT  TestParseThresholdAggregationMethod/percentile_method_with_100_value_is_parsed
#15 58.56 === CONT  TestParseThresholdAggregationMethod/rate_method_is_parsed
#15 58.56 === CONT  TestParseThresholdExpression/valid_threshold_expression_syntax
#15 58.56 === CONT  TestParseThresholdExpression/non_numerical_expression's_value_fails
#15 58.56 === CONT  TestParseThresholdAggregationMethod/percentile_method_with_zero_value_is_parsed
#15 58.56 === CONT  TestParseThresholdExpression/unknown_expression's_method_fails
#15 58.56 === CONT  TestParseThresholdAggregationMethod/percentile_method_with_floating_point_value_is_parsed
#15 58.56 === CONT  TestParseThresholdAggregationMethod/percentile_method_with_integer_value_is_parsed
#15 58.56 --- PASS: TestParseThresholdExpression (0.00s)
#15 58.56     --- PASS: TestParseThresholdExpression/unknown_expression's_operator_fails (0.00s)
#15 58.56     --- PASS: TestParseThresholdExpression/non_numerical_expression's_value_fails (0.00s)
#15 58.56     --- PASS: TestParseThresholdExpression/valid_threshold_expression_syntax (0.00s)
#15 58.56     --- PASS: TestParseThresholdExpression/unknown_expression's_method_fails (0.00s)
#15 58.56 === CONT  TestTagsAndMetaSetSystemTagOrMeta/Metadata
#15 58.56 === CONT  TestTagsAndMetaSetMetadata/WhenNotNil
#15 58.56 --- PASS: TestTagsAndMetaSetMetadata (0.00s)
#15 58.56     --- PASS: TestTagsAndMetaSetMetadata/WhenNil (0.00s)
#15 58.56     --- PASS: TestTagsAndMetaSetMetadata/WhenNotNil (0.00s)
#15 58.56 === CONT  TestParseThresholdAggregationMethod/med_method_is_parsed
#15 58.56 --- PASS: TestTagsAndMetaSetSystemTagOrMeta (0.00s)
#15 58.56     --- PASS: TestTagsAndMetaSetSystemTagOrMeta/Tag (0.00s)
#15 58.56     --- PASS: TestTagsAndMetaSetSystemTagOrMeta/Metadata (0.00s)
#15 58.56 === CONT  TestRateSink/format
#15 58.56 === CONT  TestParseThresholdAggregationMethod/max_method_is_parsed
#15 58.56 === CONT  TestRateSink/add/values
#15 58.56 === CONT  TestParseThresholdAggregationMethod/min_method_is_parsed
#15 58.56 --- PASS: TestParseThresholdAggregationMethod (0.00s)
#15 58.56     --- PASS: TestParseThresholdAggregationMethod/count_method_is_parsed (0.00s)
#15 58.56     --- PASS: TestParseThresholdAggregationMethod/parsing_percentile_value_greater_than_100_fails (0.00s)
#15 58.56     --- PASS: TestParseThresholdAggregationMethod/parsing_infinite_percentile_value_fails (0.00s)
#15 58.56     --- PASS: TestParseThresholdAggregationMethod/avg_method_is_parsed (0.00s)
#15 58.56     --- PASS: TestParseThresholdAggregationMethod/parsing_NaN_percentile_value_fails (0.00s)
#15 58.56     --- PASS: TestParseThresholdAggregationMethod/parsing_negative_percentile_value_fails (0.00s)
#15 58.56     --- PASS: TestParseThresholdAggregationMethod/parsing_incomplete_percentile_expression_fails (0.00s)
#15 58.56     --- PASS: TestParseThresholdAggregationMethod/parsing_empty_percentile_expression_fails (0.00s)
#15 58.56     --- PASS: TestParseThresholdAggregationMethod/parsing_non-numerical_percentile_value_fails (0.00s)
#15 58.56     --- PASS: TestParseThresholdAggregationMethod/value_method_is_parsed (0.00s)
#15 58.56     --- PASS: TestParseThresholdAggregationMethod/parsing_invalid_method_fails (0.00s)
#15 58.56     --- PASS: TestParseThresholdAggregationMethod/percentile_method_with_100_value_is_parsed (0.00s)
#15 58.56     --- PASS: TestParseThresholdAggregationMethod/rate_method_is_parsed (0.00s)
#15 58.56     --- PASS: TestParseThresholdAggregationMethod/percentile_method_with_zero_value_is_parsed (0.00s)
#15 58.56     --- PASS: TestParseThresholdAggregationMethod/percentile_method_with_floating_point_value_is_parsed (0.00s)
#15 58.56     --- PASS: TestParseThresholdAggregationMethod/percentile_method_with_integer_value_is_parsed (0.00s)
#15 58.56     --- PASS: TestParseThresholdAggregationMethod/med_method_is_parsed (0.00s)
#15 58.56     --- PASS: TestParseThresholdAggregationMethod/min_method_is_parsed (0.00s)
#15 58.56     --- PASS: TestParseThresholdAggregationMethod/max_method_is_parsed (0.00s)
#15 58.56 === CONT  TestTrendSink/add/negative
#15 58.56 === CONT  TestRateSink/add/one_false
#15 58.56 --- PASS: TestRateSink (0.00s)
#15 58.56     --- PASS: TestRateSink/format (0.00s)
#15 58.56     --- PASS: TestRateSink/add (0.00s)
#15 58.56         --- PASS: TestRateSink/add/one_true (0.00s)
#15 58.56         --- PASS: TestRateSink/add/values (0.00s)
#15 58.56         --- PASS: TestRateSink/add/one_false (0.00s)
#15 58.56 === CONT  TestTrendSink/add/mixed
#15 58.56 === CONT  TestThresholdsValidate/thresholds_supported_aggregation_methods_for_metrics/threshold_expression_using_'count'_is_valid_against_a_counter_metric
#15 58.56 === CONT  TestThresholdsValidate/thresholds_supported_aggregation_methods_for_metrics/threshold_expression_using_'p(value)'_is_valid_against_a_trend_metric
#15 58.56 === CONT  TestThresholdsValidate/thresholds_supported_aggregation_methods_for_metrics/threshold_expression_using_'max'_is_valid_against_a_trend_metric
#15 58.56 === CONT  TestThresholdsValidate/thresholds_supported_aggregation_methods_for_metrics/threshold_expression_using_'min'_is_valid_against_a_trend_metric
#15 58.56 === CONT  TestThresholdsValidate/thresholds_supported_aggregation_methods_for_metrics/threshold_expression_using_'avg'_is_valid_against_a_trend_metric
#15 58.56 === CONT  TestThresholdsValidate/thresholds_supported_aggregation_methods_for_metrics/threshold_expression_using_'rate'_is_valid_against_a_rate_metric
#15 58.56 === CONT  TestThresholdsValidate/thresholds_supported_aggregation_methods_for_metrics/threshold_expression_using_'value'_is_valid_against_a_gauge_metric
#15 58.56 === CONT  TestThresholdsValidate/thresholds_supported_aggregation_methods_for_metrics/threshold_expression_using_'rate'_is_valid_against_a_counter_multi-tag_submetric
#15 58.56 === CONT  TestThresholdsValidate/thresholds_supported_aggregation_methods_for_metrics/threshold_expression_using_'rate'_is_valid_against_a_counter_single_tag_submetric
#15 58.56 === CONT  TestThresholdsValidate/thresholds_supported_aggregation_methods_for_metrics/threshold_expression_using_'rate'_is_valid_against_a_counter_metric
#15 58.56 === CONT  TestThresholdsValidate/thresholds_supported_aggregation_methods_for_metrics/threshold_expression_using_'med'_is_valid_against_a_trend_metric
#15 58.56 --- PASS: TestThresholdsValidate (0.00s)
#15 58.56     --- PASS: TestThresholdsValidate/validating_thresholds_applied_to_a_non_existing_metric_fails (0.00s)
#15 58.56     --- PASS: TestThresholdsValidate/validating_unparsed_thresholds_fails (0.00s)
#15 58.56     --- PASS: TestThresholdsValidate/thresholds_supported_aggregation_methods_for_metrics (0.00s)
#15 58.56         --- PASS: TestThresholdsValidate/thresholds_supported_aggregation_methods_for_metrics/threshold_expression_using_'count'_is_valid_against_a_counter_metric (0.00s)
#15 58.56         --- PASS: TestThresholdsValidate/thresholds_supported_aggregation_methods_for_metrics/threshold_expression_using_'p(value)'_is_valid_against_a_trend_metric (0.00s)
#15 58.56         --- PASS: TestThresholdsValidate/thresholds_supported_aggregation_methods_for_metrics/threshold_expression_using_'max'_is_valid_against_a_trend_metric (0.00s)
#15 58.56         --- PASS: TestThresholdsValidate/thresholds_supported_aggregation_methods_for_metrics/threshold_expression_using_'min'_is_valid_against_a_trend_metric (0.00s)
#15 58.56         --- PASS: TestThresholdsValidate/thresholds_supported_aggregation_methods_for_metrics/threshold_expression_using_'avg'_is_valid_against_a_trend_metric (0.00s)
#15 58.56         --- PASS: TestThresholdsValidate/thresholds_supported_aggregation_methods_for_metrics/threshold_expression_using_'rate'_is_valid_against_a_rate_metric (0.00s)
#15 58.56         --- PASS: TestThresholdsValidate/thresholds_supported_aggregation_methods_for_metrics/threshold_expression_using_'value'_is_valid_against_a_gauge_metric (0.00s)
#15 58.56         --- PASS: TestThresholdsValidate/thresholds_supported_aggregation_methods_for_metrics/threshold_expression_using_'rate'_is_valid_against_a_counter_multi-tag_submetric (0.00s)
#15 58.56         --- PASS: TestThresholdsValidate/thresholds_supported_aggregation_methods_for_metrics/threshold_expression_using_'rate'_is_valid_against_a_counter_single_tag_submetric (0.00s)
#15 58.56         --- PASS: TestThresholdsValidate/thresholds_supported_aggregation_methods_for_metrics/threshold_expression_using_'rate'_is_valid_against_a_counter_metric (0.00s)
#15 58.56         --- PASS: TestThresholdsValidate/thresholds_supported_aggregation_methods_for_metrics/threshold_expression_using_'med'_is_valid_against_a_trend_metric (0.00s)
#15 58.56 === RUN   TestTrendSink/percentile
#15 58.56 === RUN   TestTrendSink/percentile/no_values
#15 58.56 === PAUSE TestTrendSink/percentile/no_values
#15 58.56 === RUN   TestTrendSink/percentile/one_value
#15 58.56 === PAUSE TestTrendSink/percentile/one_value
#15 58.56 === RUN   TestTrendSink/percentile/two_values
#15 58.56 === PAUSE TestTrendSink/percentile/two_values
#15 58.56 === RUN   TestTrendSink/percentile/more_than_2
#15 58.56 === PAUSE TestTrendSink/percentile/more_than_2
#15 58.56 === CONT  TestTrendSink/percentile/no_values
#15 58.56 === CONT  TestTrendSink/percentile/more_than_2
#15 58.56 === CONT  TestTrendSink/percentile/two_values
#15 58.56 === CONT  TestTrendSink/percentile/one_value
#15 58.56 === RUN   TestTrendSink/format
#15 58.56 === PAUSE TestTrendSink/format
#15 58.56 === CONT  TestTrendSink/format
#15 58.56 --- PASS: TestTrendSink (0.01s)
#15 58.56     --- PASS: TestTrendSink/add (0.00s)
#15 58.56         --- PASS: TestTrendSink/add/one_value (0.00s)
#15 58.56         --- PASS: TestTrendSink/add/values (0.00s)
#15 58.56         --- PASS: TestTrendSink/add/negative (0.00s)
#15 58.56         --- PASS: TestTrendSink/add/mixed (0.00s)
#15 58.56     --- PASS: TestTrendSink/percentile (0.00s)
#15 58.56         --- PASS: TestTrendSink/percentile/no_values (0.00s)
#15 58.56         --- PASS: TestTrendSink/percentile/more_than_2 (0.00s)
#15 58.56         --- PASS: TestTrendSink/percentile/two_values (0.00s)
#15 58.56         --- PASS: TestTrendSink/percentile/one_value (0.00s)
#15 58.56     --- PASS: TestTrendSink/format (0.00s)
#15 58.56 PASS
#15 58.56 ok  	go.k6.io/k6/v2/metrics	0.015s
#15 DONE 133.0s

#16 [stage-1 3/6] COPY --from=k6 /usr/bin/k6 /usr/bin/k6
#16 DONE 0.2s

#17 [stage-1 4/6] COPY perf /perf
#17 DONE 0.1s

#18 [stage-1 5/6] RUN printf "%s" "unknown" > /perf/.source-sha
#18 DONE 0.6s

#19 [stage-1 6/6] WORKDIR /perf
#19 DONE 0.1s

#20 exporting to image
#20 exporting layers
#20 exporting layers 4.1s done
#20 exporting manifest sha256:5cb0d41818ea071439a5630c5700d3bbd627d3c84b366c071f914f028a088f6e
#20 exporting manifest sha256:5cb0d41818ea071439a5630c5700d3bbd627d3c84b366c071f914f028a088f6e 0.0s done
#20 exporting config sha256:d3e2c4e3e662771686b6c1749b73f375954cfd2f41faedcdcc1798a0f2ec9a21 0.0s done
#20 exporting attestation manifest sha256:e277dd039705f8df7fd197e2055e2821ec16ee126f32e1145edd2a93ac145771 0.1s done
#20 exporting manifest list sha256:e8e8e352c6e1e19c99ec540cd44271bc7328f3e37204ee81188ff7b3d1beffa8
#20 exporting manifest list sha256:e8e8e352c6e1e19c99ec540cd44271bc7328f3e37204ee81188ff7b3d1beffa8 0.0s done
#20 naming to docker.io/library/nazoauth-perf-load:20261009 done
#20 unpacking to docker.io/library/nazoauth-perf-load:20261009
#20 unpacking to docker.io/library/nazoauth-perf-load:20261009 2.6s done
#20 DONE 7.0s
