#0 building with "default" instance using docker driver

#1 [internal] load remote build context
#1 DONE 0.2s

#1 [internal] load remote build context
#1 DONE 0.2s

#2 copy /context /
#2 DONE 0.1s

#3 [internal] load metadata for docker.io/library/nazoauth-perf-runtime-base:20261009
#3 DONE 0.1s

#4 [1/4] FROM docker.io/library/nazoauth-perf-runtime-base:20261009@sha256:b1f80f69a68d4f4f07c98306d17e750a77c221b324039fb70a227b44d7c4e0ab
#4 resolve docker.io/library/nazoauth-perf-runtime-base:20261009@sha256:b1f80f69a68d4f4f07c98306d17e750a77c221b324039fb70a227b44d7c4e0ab 0.0s done
#4 CACHED

#5 [2/4] COPY --chmod=0755 nazoauth /usr/local/bin/nazoauth
#5 DONE 0.1s

#6 [3/4] COPY source-sha /etc/nazoauth-source-sha
#6 DONE 0.1s

#7 [4/4] COPY env.yaml /app/.env.yaml
#7 DONE 0.0s

#8 exporting to image
#8 exporting layers
#8 exporting layers 1.7s done
#8 exporting manifest sha256:f90f5555629d2ca3577d5c3c90fd98549b23efdfd48e3f28c125a08b3764f0a9
#8 exporting manifest sha256:f90f5555629d2ca3577d5c3c90fd98549b23efdfd48e3f28c125a08b3764f0a9 0.0s done
#8 exporting config sha256:483281feffca6fcfe91fdc942dbbe2648d57a316813b3a123297df5aa86569b4 0.0s done
#8 exporting attestation manifest sha256:28f37831035128503803a1590999de0e604c2b0f2223634778d5c53e9059cd37 0.0s done
#8 exporting manifest list sha256:d51889ef8522421c7fd71f926dd6841388f571a485c7b4a1dca6d3bf79f1a3e8
#8 exporting manifest list sha256:d51889ef8522421c7fd71f926dd6841388f571a485c7b4a1dca6d3bf79f1a3e8 0.0s done
#8 naming to docker.io/library/nazoauth-perf-candidate2:20261009 done
#8 unpacking to docker.io/library/nazoauth-perf-candidate2:20261009
#8 unpacking to docker.io/library/nazoauth-perf-candidate2:20261009 0.3s done
#8 DONE 2.2s
