#0 building with "default" instance using docker driver

#1 [internal] load remote build context
#1 DONE 0.1s

#1 [internal] load remote build context
#1 DONE 0.1s

#2 copy /context /
#2 DONE 0.0s

#3 [internal] load metadata for docker.io/library/nazoauth-perf-runtime-base:20261009
#3 DONE 0.0s

#4 [1/4] FROM docker.io/library/nazoauth-perf-runtime-base:20261009@sha256:b1f80f69a68d4f4f07c98306d17e750a77c221b324039fb70a227b44d7c4e0ab
#4 resolve docker.io/library/nazoauth-perf-runtime-base:20261009@sha256:b1f80f69a68d4f4f07c98306d17e750a77c221b324039fb70a227b44d7c4e0ab 0.0s done
#4 CACHED

#5 [2/4] COPY --chmod=0755 nazoauth /usr/local/bin/nazoauth
#5 DONE 0.1s

#6 [3/4] COPY source-sha /etc/nazoauth-source-sha
#6 DONE 0.0s

#7 [4/4] COPY env.yaml /app/.env.yaml
#7 DONE 0.0s

#8 exporting to image
#8 exporting layers
#8 exporting layers 1.3s done
#8 exporting manifest sha256:1d7cae3b242a32a8a019960fddaf9f81f0311210b79fb502a014cb7e04422d3a 0.0s done
#8 exporting config sha256:1a3eb6f5600cdc9e5896a5642abab4b4f4e455c315a71360f4d5b3fb8cba2fd3 0.0s done
#8 exporting attestation manifest sha256:72553cf8c3d33894f7d5c3abdbf25f29defbf73022f48a20685cb1a3f0cefbce 0.0s done
#8 exporting manifest list sha256:c5ab233994383e6d31590d52f657e55e619a4d5977ea4ca342576f7ef17efe10 0.0s done
#8 naming to docker.io/library/nazoauth-perf-diagnostic:20261009 done
#8 unpacking to docker.io/library/nazoauth-perf-diagnostic:20261009
#8 unpacking to docker.io/library/nazoauth-perf-diagnostic:20261009 0.2s done
#8 DONE 1.6s
