#0 building with "default" instance using docker driver

#1 [internal] load remote build context
#1 DONE 0.1s

#2 copy /context /
#2 DONE 0.1s

#3 [internal] load metadata for docker.io/library/nazoauth-perf-keyset:20261009
#3 DONE 0.1s

#4 [1/2] FROM docker.io/library/nazoauth-perf-keyset:20261009@sha256:560ad82e009996fd334ca7556c9e2c00767687a2e6d1434335983cb2eb770e6b
#4 resolve docker.io/library/nazoauth-perf-keyset:20261009@sha256:560ad82e009996fd334ca7556c9e2c00767687a2e6d1434335983cb2eb770e6b 0.0s done
#4 DONE 0.1s

#5 [2/2] RUN apk add --no-cache gcc musl-dev git docker-cli docker-cli-compose
#5 1.598 ( 1/26) Installing docker-cli (29.8.2-r0)
#5 3.349 ( 2/26) Installing docker-cli-compose (5.1.4-r1)
#5 5.136 ( 3/26) Installing libgcc (15.2.0-r5)
#5 5.197 ( 4/26) Installing jansson (2.15.0-r0)
#5 5.253 ( 5/26) Installing libstdc++ (15.2.0-r5)
#5 5.445 ( 6/26) Installing binutils (2.45.1-r1)
#5 5.989 ( 7/26) Installing libgcc-static (15.2.0-r5)
#5 6.393 ( 8/26) Installing libgomp (15.2.0-r5)
#5 6.462 ( 9/26) Installing libatomic (15.2.0-r5)
#5 6.510 (10/26) Installing gmp (6.3.0-r4)
#5 6.590 (11/26) Installing isl26 (0.26-r2)
#5 6.775 (12/26) Installing mpfr4 (4.2.2-r0)
#5 6.873 (13/26) Installing mpc1 (1.3.1-r1)
#5 6.931 (14/26) Installing gcc (15.2.0-r5)
#5 16.15 (15/26) Installing brotli-libs (1.2.0-r1)
#5 16.26 (16/26) Installing c-ares (1.34.8-r0)
#5 16.32 (17/26) Installing libunistring (1.4.2-r0)
#5 16.48 (18/26) Installing libidn2 (2.3.8-r0)
#5 16.54 (19/26) Installing nghttp2-libs (1.70.0-r0)
#5 16.59 (20/26) Installing libpsl (0.21.5-r3)
#5 16.65 (21/26) Installing libcurl (8.22.0-r0)
#5 16.75 (22/26) Installing libexpat (2.8.5-r0)
#5 16.81 (23/26) Installing pcre2 (10.49-r0)
#5 16.90 (24/26) Installing git (2.54.0-r0)
#5 17.52 (25/26) Installing git-init-template (2.54.0-r0)
#5 17.57 (26/26) Installing musl-dev (1.2.6-r2)
#5 18.14 Executing busybox-1.37.0-r31.trigger
#5 18.15 OK: 277.2 MiB in 57 packages
#5 DONE 18.3s

#6 exporting to image
#6 exporting layers
#6 exporting layers 13.7s done
#6 exporting manifest sha256:6e19169420cc9e1a3a96eb9d9a9eac0dc228609fd1aaf051b5ada0cdc7db4a19 0.0s done
#6 exporting config sha256:218f11a4580a79e0d6aa2fa4f8611f20dcb8761f4a1ec1720b56111b1155712d 0.0s done
#6 exporting attestation manifest sha256:b905a782d937654d0fdc444f03219182c488b0a07051e64e3dbfb44ab6fa2e74 0.0s done
#6 exporting manifest list sha256:3e83ab737789b00ca98058b34fc48b245659a2b48e3e0848d6e0e1d977890cac 0.0s done
#6 naming to docker.io/library/nazoauth-perf-controller:20261009 done
#6 unpacking to docker.io/library/nazoauth-perf-controller:20261009
#6 unpacking to docker.io/library/nazoauth-perf-controller:20261009 4.1s done
#6 DONE 17.9s
