   Compiling nazo-postgres v0.2.16 (/src/crates/persistence-postgres)
    Finished `test` profile [unoptimized] target(s) in 47.65s
     Running tests/auth_repositories.rs (target/debug/deps/auth_repositories-e5342c894e2e79a7)

running 40 tests
test access_token_revoked_exists_semantics_ignore_deadline_and_scope ... ok
test admin_grant_required::grant_current_role_gate_preserves_separate_admitted_actor_home_tenant ... ok
test admin_grant_required::grant_owner_rechecks_current_actor_after_real_demotion_lock_wait ... ok
test admin_grant_required::grant_owner_rejects_missing_inactive_or_demoted_current_actor_without_effect_or_outcome ... ok
test admin_grant_required::required_ledger_failure_rolls_back_exact_grant_and_refresh_family ... ok
test audit_repository_reads_active_scim_credentials_and_drives_logout_outbox ... ok
test authorization_code_replay_compensation_revokes_both_token_kinds ... ok
test authorization_replay_waits_for_concurrent_refresh_rotation_before_compensation ... ok
test backchannel_logout_fanout_rolls_back_when_any_delivery_is_invalid ... ok
test client_deactivation_is_atomic_across_real_batches_and_repeated_owners ... deactivation fixture: seeded owners and legacy batches
deactivation fixture: rollback and two-owner commit verified
deactivation fixture: checking principal epoch
deactivation fixture: checking absence of redundant JTI state
deactivation fixture: checking principal epoch
deactivation fixture: checking absence of redundant JTI state
deactivation fixture: starting concurrent deactivation
deactivation fixture: concurrent writers completed
ok
test client_deactivation_waits_for_issuance_and_revokes_committed_credentials ... ok
test concurrent_ordinary_rotations_commit_one_winner_and_one_committed_compromise ... ok
test family_active_exists_semantics_cover_cardinality_and_predicates ... ok
test grant_revoke_skips_already_revoked_family_lock ... ok
test grant_revoke_waits_for_concurrent_refresh_rotation_before_revoking_family ... ok
test grants_upsert_cover_and_revoke_tokens_atomically ... ok
test issuance_commits_complete_audit_payloads_and_pending_events_for_users_rotation_and_reuse ... ok
test issuance_waits_for_principal_deactivation_and_rechecks_the_committed_state ... ok
test lost_response_retry_rechecks_family_compromise_under_the_family_lock ... ok
test lost_response_successor_requires_exactly_one_bound_unexpired_successor ... ok
test new_family_collision_is_tenant_scoped_and_preserves_compromise_audit ... ok
test oidc_subject_snapshot_reuses_statement_but_refreshes_epoch_and_binding ... ok
test ordinary_rotation_context_compare_uses_serde_value_semantics ... ok
test ordinary_rotation_context_mismatch_commits_compromise_and_reuse_audit ... ok
test ordinary_rotation_parent_misses_compromise_family_and_commit_reuse_audit ... ok
test principal_snapshot_reuses_authenticated_epoch_and_prepared_query ... ok
test refresh_contract_ensure_rolls_back_with_caller_and_validates_args ... ok
test refresh_contract_ensure_serializes_same_key_create_race ... ok
test refresh_contract_reference_survives_last_reference_reclaim_race ... ok
test refresh_family_requires_one_root_and_matching_direct_parent_context ... ok
test refresh_rotation_reuse_compromises_the_whole_family ... ok
test refresh_token_authentication_context_round_trips_and_rejects_invalid_values ... ok
test refresh_token_client_attestation_binding_round_trips ... ok
test required_revocation_event_failure_rolls_back_access_and_refresh_effects ... ok
test rotation_sql_failure_propagates_error_and_rolls_back_instead_of_conflicting ... ok
test server_auth_callers_do_not_query_diesel_or_auth_tables ... ok
test single_use_grant_retry_is_rejected_without_reissuing_or_duplicating_audit ... ok
test single_use_redemption_reads_back_committed_replay_evidence ... ok
test stale_logout_worker_cannot_complete_or_fail_a_reclaimed_delivery ... ok
test token_management_revocation_is_client_scoped_idempotent_and_serializes_family ... ok

test result: ok. 40 passed; 0 failed; 0 ignored; 0 measured; 0 filtered out; finished in 37.78s

     Running tests/query_counts.rs (target/debug/deps/query_counts-34af96b8353a7654)

running 22 tests
test ca01_authentication_snapshot_is_single_combined_read ... ok
test dc01_replace_registration_is_single_update_returning ... ok
test df01_deferred_claim_ready_uses_locked_projection_then_lease_update ... ok
test exs04_existence_checks_are_single_statements ... ok
test id01_active_subject_id_by_tenant_id_is_single_read ... ok
test new_family_capacity_transition_has_bounded_round_trips_and_complete_evidence ... NEW_FAMILY_ROUND_TRIPS counts=[3, 3, 3, 3, 3, 3, 3, 3, 3, 3, 3, 3, 3] confirmed_commits=13 live=10 retired=3 issued_audit=13 retired_audit=3
ok
test oidc_refresh_early_profile_is_coherent_and_final_fences_reject_changes ... ok
test oidc_refresh_snapshot_fallback_and_non_oidc_keep_original_reads ... ok
test oidc_refresh_snapshot_prepares_public_and_pairwise_in_one_runtime_role_query ... ok
test oidc_subject_preparation_reads_claims_epoch_and_binding_once ... ok
test principal_fence_timeout_covers_later_locks_and_resets_at_transaction_end ... ok
test refresh_contract_prepared_shape_preserves_distinct_contracts ... ok
test refresh_lookup_prepared_cache_reuses_two_shapes_and_isolates_binds ... REFRESH_LOOKUP_CACHE same_backend=true statements=2 plain_executions=8 prepared_executions=9 parameter_types_match=true bind_isolation=true
ok
test rf00_malformed_refresh_contract_is_rejected_before_pool_checkout ... ok
test rf01_ordinary_rotation_commit_has_exact_statement_count ... 
thread 'rf01_ordinary_rotation_commit_has_exact_statement_count' (24184) panicked at crates/persistence-postgres/tests/query_counts.rs:908:5:
assertion `left == right` failed
  left: 4
 right: 6
note: run with `RUST_BACKTRACE=1` environment variable to display a backtrace
FAILED
test rf06_lost_response_successor_is_single_read ... ok
test rv09_mixed_revocation_retains_refresh_probes_before_jti_upsert ... ok
test rv09_revoke_issued_tokens_short_circuits_without_a_family ... ok
test rv09_revoke_refresh_family_is_lookup_lock_and_single_update ... ok
test ui01_userinfo_snapshot_is_single_read_for_both_subject_refs ... ok
test up06_upsert_access_verifies_no_write_retries ... ok
test vf01_pre_authorized_access_is_one_statement_per_path ... ok

failures:

failures:
    rf01_ordinary_rotation_commit_has_exact_statement_count

test result: FAILED. 21 passed; 1 failed; 0 ignored; 0 measured; 0 filtered out; finished in 14.47s

error: test failed, to rerun pass `-p nazo-postgres --test query_counts`
