    Updating crates.io index
 Downloading crates ...
  Downloaded rustls-pemfile v2.2.0
    Blocking waiting for file lock on build directory
   Compiling libc v0.2.190
   Compiling cfg-if v1.0.5
   Compiling proc-macro2 v1.0.107
   Compiling quote v1.0.47
   Compiling unicode-ident v1.0.26
   Compiling shlex v2.0.1
   Compiling find-msvc-tools v0.1.14
   Compiling typenum v1.20.1
   Compiling zeroize v1.9.0
   Compiling serde_core v1.0.229
   Compiling cmov v0.5.4
   Compiling semver v1.0.28
   Compiling const-oid v0.10.2
   Compiling parking_lot_core v0.9.12
   Compiling cpufeatures v0.3.1
   Compiling untrusted v0.9.0
   Compiling autocfg v1.5.1
   Compiling smallvec v1.16.2
   Compiling rustls-pki-types v1.15.1
   Compiling scopeguard v1.2.0
   Compiling cc v1.6.0
   Compiling subtle v2.6.1
   Compiling rustc_version v0.4.1
   Compiling lock_api v0.4.14
   Compiling rustls v0.23.45
   Compiling zmij v1.0.23
   Compiling ctutils v0.4.2
   Compiling serde v1.0.229
   Compiling getrandom v0.4.3
   Compiling pin-project-lite v0.2.17
   Compiling bytes v1.12.1
   Compiling once_cell v1.21.4
   Compiling serde_json v1.0.151
   Compiling num-traits v0.2.19
   Compiling anyhow v1.0.104
   Compiling signature v3.0.0
   Compiling log v0.4.34
   Compiling curve25519-dalek v5.0.0
   Compiling ed25519 v3.0.0
   Compiling memchr v2.8.3
   Compiling constant_time_eq v0.4.2
   Compiling iana-time-zone v0.1.65
   Compiling hybrid-array v0.4.15
   Compiling arrayvec v0.7.8
   Compiling itoa v1.0.18
   Compiling rustls-pemfile v2.2.0
   Compiling base64 v0.23.1
   Compiling crypto-common v0.2.2
   Compiling block-buffer v0.12.1
   Compiling syn v3.0.6
   Compiling syn v2.0.119
   Compiling ring v0.17.14
   Compiling blake3 v1.8.7
   Compiling getrandom v0.2.17
   Compiling errno v0.3.14
   Compiling mio v1.2.4
   Compiling socket2 v0.6.5
   Compiling signal-hook-registry v1.4.8
   Compiling parking_lot v0.12.5
   Compiling digest v0.11.3
   Compiling sha2 v0.11.0
   Compiling hmac v0.13.0
   Compiling uuid v1.27.0
   Compiling curve25519-dalek-derive v0.1.1
   Compiling tokio-macros v2.7.2
   Compiling serde_derive v1.0.229
   Compiling tokio v1.53.2
   Compiling ed25519-dalek v3.0.0
   Compiling chrono v0.4.45
   Compiling rustls-webpki v0.103.15
   Compiling tokio-rustls v0.26.6
   Compiling nazo-audit-anchor-receiver v0.1.0 (/src/perf/audit-anchor-receiver)
    Finished `release` profile [optimized] target(s) in 1m 11s
