   Compiling nazo-crypto v0.2.16 (/src/crates/crypto)
   Compiling nazo-scim-events v0.2.16 (/src/crates/scim-events)
   Compiling nazo-runtime-modules v0.2.16 (/src/crates/runtime-capabilities)
   Compiling nazo-identity v0.2.16 (/src/crates/identity)
   Compiling nazo-digital-credentials v0.2.16 (/src/crates/digital-credentials)
   Compiling nazo-operator-protocol v0.2.16 (/src/crates/operator-protocol)
   Compiling nazo-resource-server v0.2.16 (/src/crates/resource-server)
   Compiling nazo-http-signatures v0.2.16 (/src/crates/http-signatures)
   Compiling nazo-openid4vci v0.2.16 (/src/crates/openid4vci)
   Compiling nazo-openid4vp v0.2.16 (/src/crates/openid4vp)
   Compiling nazo-openid4vc-http-actix v0.2.16 (/src/crates/openid4vc-http-actix)
   Compiling nazo-auth v0.2.16 (/src/crates/authorization-server-core)
   Compiling nazo-oauth-server-object-store v0.2.16 (/src/crates/authorization-server-object-store)
   Compiling nazo-key-management v0.2.16 (/src/crates/key-management)
   Compiling nazo-persistence v0.2.16 (/src/crates/persistence)
   Compiling nazo-valkey v0.2.16 (/src/crates/state-store-valkey)
   Compiling nazo-oauth-server v0.2.16 (/src/crates/authorization-server)
   Compiling nazo-postgres v0.2.16 (/src/crates/persistence-postgres)
   Compiling nazo-oauth-server-valkey v0.2.16 (/src/crates/authorization-server-valkey)
   Compiling nazo-http-actix v0.2.16 (/src/crates/http-actix)
   Compiling nazo-oauth-server-postgres v0.2.16 (/src/crates/authorization-server-postgres)
   Compiling nazoauth v0.2.16 (/src/crates/nazoauth)
    Finished `release` profile [optimized] target(s) in 2m 05s
