 Container nazoauth-perf-perf-run-f3773538c24d Creating 
 Container nazoauth-perf-perf-run-f3773538c24d Created 

         /\      Grafana   /‾‾/  
    /\  /  \     |\  __   /  /   
   /  \/    \    | |/ /  /   ‾‾\ 
  /          \   |   (  |  (‾)  |
 / __________ \  |_|\_\  \_____/ 


     execution: local
        script: /perf/k6/oauth.js
        output: -

     scenarios: (100.00%) 1 scenario, 256 max VUs, 12m0s max duration (incl. graceful stop):
              * cap_mixed: 1800.00 iterations/s for 10m0s (maxVUs: 96-256, exec: cap_mixed, gracefulStop: 2m0s)


running (00m00.9s), 014/108 VUs, 1632 complete and 0 interrupted iterations
cap_mixed   [   0% ] 015/108 VUs  00m00.9s/10m0s  1800.00 iters/s

running (00m01.9s), 013/108 VUs, 3433 complete and 0 interrupted iterations
cap_mixed   [   0% ] 013/108 VUs  00m01.9s/10m0s  1800.00 iters/s

running (00m02.9s), 010/108 VUs, 5236 complete and 0 interrupted iterations
cap_mixed   [   0% ] 010/108 VUs  00m02.9s/10m0s  1800.00 iters/s

running (00m03.9s), 013/108 VUs, 7033 complete and 0 interrupted iterations
cap_mixed   [   1% ] 013/108 VUs  00m03.9s/10m0s  1800.00 iters/s

running (00m04.9s), 010/108 VUs, 8837 complete and 0 interrupted iterations
cap_mixed   [   1% ] 010/108 VUs  00m04.9s/10m0s  1800.00 iters/s

running (00m05.9s), 012/108 VUs, 10634 complete and 0 interrupted iterations
cap_mixed   [   1% ] 012/108 VUs  00m05.9s/10m0s  1800.00 iters/s

running (00m06.9s), 007/108 VUs, 12439 complete and 0 interrupted iterations
cap_mixed   [   1% ] 007/108 VUs  00m06.9s/10m0s  1800.00 iters/s

running (00m07.9s), 017/108 VUs, 14229 complete and 0 interrupted iterations
cap_mixed   [   1% ] 018/108 VUs  00m07.9s/10m0s  1800.00 iters/s

running (00m08.9s), 008/108 VUs, 16038 complete and 0 interrupted iterations
cap_mixed   [   1% ] 008/108 VUs  00m08.9s/10m0s  1800.00 iters/s

running (00m09.9s), 018/108 VUs, 17828 complete and 0 interrupted iterations
cap_mixed   [   2% ] 018/108 VUs  00m09.9s/10m0s  1800.00 iters/s

running (00m10.9s), 011/108 VUs, 19636 complete and 0 interrupted iterations
cap_mixed   [   2% ] 011/108 VUs  00m10.9s/10m0s  1800.00 iters/s

running (00m11.9s), 015/108 VUs, 21432 complete and 0 interrupted iterations
cap_mixed   [   2% ] 015/108 VUs  00m11.9s/10m0s  1800.00 iters/s

running (00m12.9s), 013/108 VUs, 23233 complete and 0 interrupted iterations
cap_mixed   [   2% ] 013/108 VUs  00m12.9s/10m0s  1800.00 iters/s

running (00m13.9s), 015/108 VUs, 25032 complete and 0 interrupted iterations
cap_mixed   [   2% ] 015/108 VUs  00m13.9s/10m0s  1800.00 iters/s

running (00m14.9s), 008/108 VUs, 26837 complete and 0 interrupted iterations
cap_mixed   [   2% ] 008/108 VUs  00m14.9s/10m0s  1800.00 iters/s

running (00m15.9s), 011/108 VUs, 28635 complete and 0 interrupted iterations
cap_mixed   [   3% ] 011/108 VUs  00m15.9s/10m0s  1800.00 iters/s

running (00m16.9s), 008/108 VUs, 30437 complete and 0 interrupted iterations
cap_mixed   [   3% ] 008/108 VUs  00m16.9s/10m0s  1800.00 iters/s

running (00m17.9s), 014/108 VUs, 32232 complete and 0 interrupted iterations
cap_mixed   [   3% ] 014/108 VUs  00m17.9s/10m0s  1800.00 iters/s

running (00m18.9s), 012/108 VUs, 34034 complete and 0 interrupted iterations
cap_mixed   [   3% ] 012/108 VUs  00m18.9s/10m0s  1800.00 iters/s

running (00m19.9s), 012/108 VUs, 35834 complete and 0 interrupted iterations
cap_mixed   [   3% ] 012/108 VUs  00m19.9s/10m0s  1800.00 iters/s

running (00m20.9s), 011/108 VUs, 37634 complete and 0 interrupted iterations
cap_mixed   [   3% ] 013/108 VUs  00m20.9s/10m0s  1800.00 iters/s

running (00m21.9s), 011/108 VUs, 39435 complete and 0 interrupted iterations
cap_mixed   [   4% ] 011/108 VUs  00m21.9s/10m0s  1800.00 iters/s

running (00m22.9s), 019/108 VUs, 41227 complete and 0 interrupted iterations
cap_mixed   [   4% ] 019/108 VUs  00m22.9s/10m0s  1800.00 iters/s

running (00m23.9s), 013/108 VUs, 43034 complete and 0 interrupted iterations
cap_mixed   [   4% ] 013/108 VUs  00m23.9s/10m0s  1800.00 iters/s

running (00m24.9s), 012/108 VUs, 44834 complete and 0 interrupted iterations
cap_mixed   [   4% ] 012/108 VUs  00m24.9s/10m0s  1800.00 iters/s

running (00m25.9s), 012/108 VUs, 46634 complete and 0 interrupted iterations
cap_mixed   [   4% ] 012/108 VUs  00m25.9s/10m0s  1800.00 iters/s

running (00m26.9s), 009/108 VUs, 48437 complete and 0 interrupted iterations
cap_mixed   [   4% ] 009/108 VUs  00m26.9s/10m0s  1800.00 iters/s

running (00m27.9s), 016/108 VUs, 50230 complete and 0 interrupted iterations
cap_mixed   [   5% ] 016/108 VUs  00m27.9s/10m0s  1800.00 iters/s

running (00m28.9s), 012/108 VUs, 52034 complete and 0 interrupted iterations
cap_mixed   [   5% ] 012/108 VUs  00m28.9s/10m0s  1800.00 iters/s

running (00m29.9s), 013/108 VUs, 53834 complete and 0 interrupted iterations
cap_mixed   [   5% ] 013/108 VUs  00m29.9s/10m0s  1800.00 iters/s

running (00m30.9s), 021/108 VUs, 55626 complete and 0 interrupted iterations
cap_mixed   [   5% ] 021/108 VUs  00m30.9s/10m0s  1800.00 iters/s

running (00m31.9s), 016/108 VUs, 57431 complete and 0 interrupted iterations
cap_mixed   [   5% ] 016/108 VUs  00m31.9s/10m0s  1800.00 iters/s

running (00m32.9s), 010/108 VUs, 59236 complete and 0 interrupted iterations
cap_mixed   [   5% ] 011/108 VUs  00m32.9s/10m0s  1800.00 iters/s

running (00m33.9s), 020/108 VUs, 61027 complete and 0 interrupted iterations
cap_mixed   [   6% ] 020/108 VUs  00m33.9s/10m0s  1800.00 iters/s

running (00m34.9s), 013/108 VUs, 62833 complete and 0 interrupted iterations
cap_mixed   [   6% ] 013/108 VUs  00m34.9s/10m0s  1800.00 iters/s

running (00m35.9s), 031/108 VUs, 64615 complete and 0 interrupted iterations
cap_mixed   [   6% ] 031/108 VUs  00m35.9s/10m0s  1800.00 iters/s

running (00m36.9s), 013/108 VUs, 66434 complete and 0 interrupted iterations
cap_mixed   [   6% ] 013/108 VUs  00m36.9s/10m0s  1800.00 iters/s

running (00m37.9s), 016/108 VUs, 68230 complete and 0 interrupted iterations
cap_mixed   [   6% ] 016/108 VUs  00m37.9s/10m0s  1800.00 iters/s

running (00m38.9s), 013/108 VUs, 70033 complete and 0 interrupted iterations
cap_mixed   [   6% ] 013/108 VUs  00m38.9s/10m0s  1800.00 iters/s

running (00m39.9s), 007/108 VUs, 71839 complete and 0 interrupted iterations
cap_mixed   [   7% ] 007/108 VUs  00m39.9s/10m0s  1800.00 iters/s

running (00m40.9s), 018/108 VUs, 73629 complete and 0 interrupted iterations
cap_mixed   [   7% ] 018/108 VUs  00m40.9s/10m0s  1800.00 iters/s

running (00m41.9s), 025/108 VUs, 75422 complete and 0 interrupted iterations
cap_mixed   [   7% ] 025/108 VUs  00m41.9s/10m0s  1800.00 iters/s

running (00m42.9s), 010/108 VUs, 77236 complete and 0 interrupted iterations
cap_mixed   [   7% ] 010/108 VUs  00m42.9s/10m0s  1800.00 iters/s

running (00m43.9s), 016/108 VUs, 79031 complete and 0 interrupted iterations
cap_mixed   [   7% ] 016/108 VUs  00m43.9s/10m0s  1800.00 iters/s

running (00m44.9s), 012/108 VUs, 80834 complete and 0 interrupted iterations
cap_mixed   [   7% ] 012/108 VUs  00m44.9s/10m0s  1800.00 iters/s

running (00m45.9s), 016/108 VUs, 82629 complete and 0 interrupted iterations
cap_mixed   [   8% ] 016/108 VUs  00m45.9s/10m0s  1800.00 iters/s

running (00m46.9s), 013/108 VUs, 84433 complete and 0 interrupted iterations
cap_mixed   [   8% ] 013/108 VUs  00m46.9s/10m0s  1800.00 iters/s

running (00m47.9s), 013/108 VUs, 86233 complete and 0 interrupted iterations
cap_mixed   [   8% ] 013/108 VUs  00m47.9s/10m0s  1800.00 iters/s

running (00m48.9s), 013/108 VUs, 88033 complete and 0 interrupted iterations
cap_mixed   [   8% ] 014/108 VUs  00m48.9s/10m0s  1800.00 iters/s

running (00m49.9s), 013/108 VUs, 89834 complete and 0 interrupted iterations
cap_mixed   [   8% ] 013/108 VUs  00m49.9s/10m0s  1800.00 iters/s

running (00m50.9s), 014/108 VUs, 91633 complete and 0 interrupted iterations
cap_mixed   [   8% ] 014/108 VUs  00m50.9s/10m0s  1800.00 iters/s

running (00m51.9s), 005/108 VUs, 93441 complete and 0 interrupted iterations
cap_mixed   [   9% ] 005/108 VUs  00m51.9s/10m0s  1800.00 iters/s

running (00m52.9s), 010/108 VUs, 95236 complete and 0 interrupted iterations
cap_mixed   [   9% ] 010/108 VUs  00m52.9s/10m0s  1800.00 iters/s

running (00m53.9s), 011/108 VUs, 97035 complete and 0 interrupted iterations
cap_mixed   [   9% ] 010/108 VUs  00m53.9s/10m0s  1800.00 iters/s

running (00m54.9s), 010/108 VUs, 98836 complete and 0 interrupted iterations
cap_mixed   [   9% ] 010/108 VUs  00m54.9s/10m0s  1800.00 iters/s

running (00m55.9s), 011/108 VUs, 100635 complete and 0 interrupted iterations
cap_mixed   [   9% ] 011/108 VUs  00m55.9s/10m0s  1800.00 iters/s

running (00m56.9s), 014/108 VUs, 102433 complete and 0 interrupted iterations
cap_mixed   [   9% ] 014/108 VUs  00m56.9s/10m0s  1800.00 iters/s

running (00m57.9s), 016/108 VUs, 104230 complete and 0 interrupted iterations
cap_mixed   [  10% ] 016/108 VUs  00m57.9s/10m0s  1800.00 iters/s

running (00m58.9s), 011/108 VUs, 106035 complete and 0 interrupted iterations
cap_mixed   [  10% ] 011/108 VUs  00m58.9s/10m0s  1800.00 iters/s

running (00m59.9s), 015/108 VUs, 107831 complete and 0 interrupted iterations
cap_mixed   [  10% ] 015/108 VUs  00m59.9s/10m0s  1800.00 iters/s

running (01m00.9s), 015/108 VUs, 109632 complete and 0 interrupted iterations
cap_mixed   [  10% ] 015/108 VUs  01m00.9s/10m0s  1800.00 iters/s

running (01m01.9s), 009/108 VUs, 111438 complete and 0 interrupted iterations
cap_mixed   [  10% ] 009/108 VUs  01m01.9s/10m0s  1800.00 iters/s

running (01m02.9s), 012/108 VUs, 113234 complete and 0 interrupted iterations
cap_mixed   [  10% ] 013/108 VUs  01m02.9s/10m0s  1800.00 iters/s

running (01m03.9s), 016/108 VUs, 115031 complete and 0 interrupted iterations
cap_mixed   [  11% ] 016/108 VUs  01m03.9s/10m0s  1800.00 iters/s

running (01m04.9s), 014/108 VUs, 116832 complete and 0 interrupted iterations
cap_mixed   [  11% ] 014/108 VUs  01m04.9s/10m0s  1800.00 iters/s

running (01m05.9s), 013/108 VUs, 118634 complete and 0 interrupted iterations
cap_mixed   [  11% ] 013/108 VUs  01m05.9s/10m0s  1800.00 iters/s

running (01m06.9s), 044/108 VUs, 120402 complete and 0 interrupted iterations
cap_mixed   [  11% ] 044/108 VUs  01m06.9s/10m0s  1800.00 iters/s

running (01m07.9s), 008/108 VUs, 122238 complete and 0 interrupted iterations
cap_mixed   [  11% ] 008/108 VUs  01m07.9s/10m0s  1800.00 iters/s

running (01m08.9s), 016/108 VUs, 124031 complete and 0 interrupted iterations
cap_mixed   [  11% ] 016/108 VUs  01m08.9s/10m0s  1800.00 iters/s

running (01m09.9s), 016/108 VUs, 125830 complete and 0 interrupted iterations
cap_mixed   [  12% ] 016/108 VUs  01m09.9s/10m0s  1800.00 iters/s

running (01m10.9s), 010/108 VUs, 127636 complete and 0 interrupted iterations
cap_mixed   [  12% ] 011/108 VUs  01m10.9s/10m0s  1800.00 iters/s

running (01m11.9s), 010/108 VUs, 129436 complete and 0 interrupted iterations
cap_mixed   [  12% ] 011/108 VUs  01m11.9s/10m0s  1800.00 iters/s

running (01m12.9s), 020/108 VUs, 131226 complete and 0 interrupted iterations
cap_mixed   [  12% ] 020/108 VUs  01m12.9s/10m0s  1800.00 iters/s

running (01m13.9s), 010/108 VUs, 133037 complete and 0 interrupted iterations
cap_mixed   [  12% ] 010/108 VUs  01m13.9s/10m0s  1800.00 iters/s

running (01m14.9s), 018/108 VUs, 134828 complete and 0 interrupted iterations
cap_mixed   [  12% ] 018/108 VUs  01m14.9s/10m0s  1800.00 iters/s

running (01m15.9s), 018/108 VUs, 136629 complete and 0 interrupted iterations
cap_mixed   [  13% ] 018/108 VUs  01m15.9s/10m0s  1800.00 iters/s

running (01m16.9s), 015/108 VUs, 138432 complete and 0 interrupted iterations
cap_mixed   [  13% ] 015/108 VUs  01m16.9s/10m0s  1800.00 iters/s

running (01m17.9s), 014/108 VUs, 140232 complete and 0 interrupted iterations
cap_mixed   [  13% ] 013/108 VUs  01m17.9s/10m0s  1800.00 iters/s

running (01m18.9s), 016/108 VUs, 142030 complete and 0 interrupted iterations
cap_mixed   [  13% ] 016/108 VUs  01m18.9s/10m0s  1800.00 iters/s

running (01m19.9s), 007/108 VUs, 143840 complete and 0 interrupted iterations
cap_mixed   [  13% ] 007/108 VUs  01m19.9s/10m0s  1800.00 iters/s

running (01m20.9s), 015/108 VUs, 145632 complete and 0 interrupted iterations
cap_mixed   [  13% ] 015/108 VUs  01m20.9s/10m0s  1800.00 iters/s

running (01m21.9s), 013/108 VUs, 147434 complete and 0 interrupted iterations
cap_mixed   [  14% ] 013/108 VUs  01m21.9s/10m0s  1800.00 iters/s

running (01m22.9s), 015/108 VUs, 149231 complete and 0 interrupted iterations
cap_mixed   [  14% ] 015/108 VUs  01m22.9s/10m0s  1800.00 iters/s

running (01m23.9s), 015/108 VUs, 151031 complete and 0 interrupted iterations
cap_mixed   [  14% ] 015/108 VUs  01m23.9s/10m0s  1800.00 iters/s

running (01m24.9s), 012/108 VUs, 152834 complete and 0 interrupted iterations
cap_mixed   [  14% ] 013/108 VUs  01m24.9s/10m0s  1800.00 iters/s

running (01m25.9s), 017/108 VUs, 154629 complete and 0 interrupted iterations
cap_mixed   [  14% ] 017/108 VUs  01m25.9s/10m0s  1800.00 iters/s

running (01m26.9s), 011/108 VUs, 156436 complete and 0 interrupted iterations
cap_mixed   [  14% ] 011/108 VUs  01m26.9s/10m0s  1800.00 iters/s

running (01m27.9s), 011/108 VUs, 158236 complete and 0 interrupted iterations
cap_mixed   [  15% ] 011/108 VUs  01m27.9s/10m0s  1800.00 iters/s

running (01m28.9s), 014/108 VUs, 160033 complete and 0 interrupted iterations
cap_mixed   [  15% ] 014/108 VUs  01m28.9s/10m0s  1800.00 iters/s

running (01m29.9s), 008/108 VUs, 161838 complete and 0 interrupted iterations
cap_mixed   [  15% ] 008/108 VUs  01m29.9s/10m0s  1800.00 iters/s

running (01m30.9s), 016/108 VUs, 163631 complete and 0 interrupted iterations
cap_mixed   [  15% ] 016/108 VUs  01m30.9s/10m0s  1800.00 iters/s

running (01m31.9s), 010/108 VUs, 165437 complete and 0 interrupted iterations
cap_mixed   [  15% ] 010/108 VUs  01m31.9s/10m0s  1800.00 iters/s

running (01m32.9s), 014/108 VUs, 167233 complete and 0 interrupted iterations
cap_mixed   [  15% ] 014/108 VUs  01m32.9s/10m0s  1800.00 iters/s

running (01m33.9s), 016/108 VUs, 169031 complete and 0 interrupted iterations
cap_mixed   [  16% ] 016/108 VUs  01m33.9s/10m0s  1800.00 iters/s

running (01m34.9s), 021/108 VUs, 170825 complete and 0 interrupted iterations
cap_mixed   [  16% ] 022/108 VUs  01m34.9s/10m0s  1800.00 iters/s

running (01m35.9s), 016/108 VUs, 172631 complete and 0 interrupted iterations
cap_mixed   [  16% ] 016/108 VUs  01m35.9s/10m0s  1800.00 iters/s

running (01m36.9s), 012/108 VUs, 174435 complete and 0 interrupted iterations
cap_mixed   [  16% ] 012/108 VUs  01m36.9s/10m0s  1800.00 iters/s

running (01m37.9s), 014/108 VUs, 176233 complete and 0 interrupted iterations
cap_mixed   [  16% ] 014/108 VUs  01m37.9s/10m0s  1800.00 iters/s

running (01m38.9s), 015/108 VUs, 178032 complete and 0 interrupted iterations
cap_mixed   [  16% ] 015/108 VUs  01m38.9s/10m0s  1800.00 iters/s

running (01m39.9s), 015/108 VUs, 179832 complete and 0 interrupted iterations
cap_mixed   [  17% ] 015/108 VUs  01m39.9s/10m0s  1800.00 iters/s

running (01m40.9s), 011/108 VUs, 181636 complete and 0 interrupted iterations
cap_mixed   [  17% ] 011/108 VUs  01m40.9s/10m0s  1800.00 iters/s

running (01m41.9s), 006/108 VUs, 183441 complete and 0 interrupted iterations
cap_mixed   [  17% ] 006/108 VUs  01m41.9s/10m0s  1800.00 iters/s

running (01m42.9s), 013/108 VUs, 185234 complete and 0 interrupted iterations
cap_mixed   [  17% ] 013/108 VUs  01m42.9s/10m0s  1800.00 iters/s

running (01m43.9s), 015/108 VUs, 187031 complete and 0 interrupted iterations
cap_mixed   [  17% ] 015/108 VUs  01m43.9s/10m0s  1800.00 iters/s

running (01m44.9s), 011/108 VUs, 188835 complete and 0 interrupted iterations
cap_mixed   [  17% ] 011/108 VUs  01m44.9s/10m0s  1800.00 iters/s

running (01m45.9s), 017/108 VUs, 190630 complete and 0 interrupted iterations
cap_mixed   [  18% ] 017/108 VUs  01m45.9s/10m0s  1800.00 iters/s

running (01m46.9s), 014/108 VUs, 192433 complete and 0 interrupted iterations
cap_mixed   [  18% ] 014/108 VUs  01m46.9s/10m0s  1800.00 iters/s

running (01m47.9s), 011/108 VUs, 194235 complete and 0 interrupted iterations
cap_mixed   [  18% ] 011/108 VUs  01m47.9s/10m0s  1800.00 iters/s

running (01m48.9s), 011/108 VUs, 196035 complete and 0 interrupted iterations
cap_mixed   [  18% ] 011/108 VUs  01m48.9s/10m0s  1800.00 iters/s

running (01m49.9s), 040/108 VUs, 197807 complete and 0 interrupted iterations
cap_mixed   [  18% ] 040/108 VUs  01m49.9s/10m0s  1800.00 iters/s

running (01m50.9s), 014/108 VUs, 199633 complete and 0 interrupted iterations
cap_mixed   [  18% ] 014/108 VUs  01m50.9s/10m0s  1800.00 iters/s

running (01m51.9s), 013/108 VUs, 201433 complete and 0 interrupted iterations
cap_mixed   [  19% ] 013/108 VUs  01m51.9s/10m0s  1800.00 iters/s

running (01m52.9s), 010/108 VUs, 203237 complete and 0 interrupted iterations
cap_mixed   [  19% ] 010/108 VUs  01m52.9s/10m0s  1800.00 iters/s

running (01m53.9s), 011/108 VUs, 205036 complete and 0 interrupted iterations
cap_mixed   [  19% ] 011/108 VUs  01m53.9s/10m0s  1800.00 iters/s

running (01m54.9s), 013/108 VUs, 206833 complete and 0 interrupted iterations
cap_mixed   [  19% ] 013/108 VUs  01m54.9s/10m0s  1800.00 iters/s

running (01m55.9s), 018/108 VUs, 208628 complete and 0 interrupted iterations
cap_mixed   [  19% ] 018/108 VUs  01m55.9s/10m0s  1800.00 iters/s

running (01m56.9s), 010/108 VUs, 210437 complete and 0 interrupted iterations
cap_mixed   [  19% ] 010/108 VUs  01m56.9s/10m0s  1800.00 iters/s

running (01m57.9s), 019/108 VUs, 212228 complete and 0 interrupted iterations
cap_mixed   [  20% ] 019/108 VUs  01m57.9s/10m0s  1800.00 iters/s

running (01m58.9s), 017/108 VUs, 214030 complete and 0 interrupted iterations
cap_mixed   [  20% ] 017/108 VUs  01m58.9s/10m0s  1800.00 iters/s

running (01m59.9s), 010/108 VUs, 215837 complete and 0 interrupted iterations
cap_mixed   [  20% ] 010/108 VUs  01m59.9s/10m0s  1800.00 iters/s

running (02m00.9s), 017/108 VUs, 217630 complete and 0 interrupted iterations
cap_mixed   [  20% ] 017/108 VUs  02m00.9s/10m0s  1800.00 iters/s

running (02m01.9s), 010/108 VUs, 219437 complete and 0 interrupted iterations
cap_mixed   [  20% ] 010/108 VUs  02m01.9s/10m0s  1800.00 iters/s

running (02m02.9s), 011/108 VUs, 221235 complete and 0 interrupted iterations
cap_mixed   [  20% ] 012/108 VUs  02m02.9s/10m0s  1800.00 iters/s

running (02m03.9s), 012/108 VUs, 223035 complete and 0 interrupted iterations
cap_mixed   [  21% ] 012/108 VUs  02m03.9s/10m0s  1800.00 iters/s

running (02m04.9s), 020/108 VUs, 224827 complete and 0 interrupted iterations
cap_mixed   [  21% ] 020/108 VUs  02m04.9s/10m0s  1800.00 iters/s

running (02m05.9s), 008/108 VUs, 226638 complete and 0 interrupted iterations
cap_mixed   [  21% ] 008/108 VUs  02m05.9s/10m0s  1800.00 iters/s

running (02m06.9s), 014/108 VUs, 228433 complete and 0 interrupted iterations
cap_mixed   [  21% ] 014/108 VUs  02m06.9s/10m0s  1800.00 iters/s

running (02m07.9s), 013/108 VUs, 230233 complete and 0 interrupted iterations
cap_mixed   [  21% ] 013/108 VUs  02m07.9s/10m0s  1800.00 iters/s

running (02m08.9s), 015/108 VUs, 232032 complete and 0 interrupted iterations
cap_mixed   [  21% ] 015/108 VUs  02m08.9s/10m0s  1800.00 iters/s

running (02m09.9s), 010/108 VUs, 233836 complete and 0 interrupted iterations
cap_mixed   [  22% ] 010/108 VUs  02m09.9s/10m0s  1800.00 iters/s

running (02m10.9s), 013/108 VUs, 235634 complete and 0 interrupted iterations
cap_mixed   [  22% ] 013/108 VUs  02m10.9s/10m0s  1800.00 iters/s

running (02m11.9s), 010/108 VUs, 237437 complete and 0 interrupted iterations
cap_mixed   [  22% ] 010/108 VUs  02m11.9s/10m0s  1800.00 iters/s

running (02m12.9s), 015/108 VUs, 239232 complete and 0 interrupted iterations
cap_mixed   [  22% ] 015/108 VUs  02m12.9s/10m0s  1800.00 iters/s

running (02m13.9s), 011/108 VUs, 241035 complete and 0 interrupted iterations
cap_mixed   [  22% ] 011/108 VUs  02m13.9s/10m0s  1800.00 iters/s

running (02m14.9s), 011/108 VUs, 242836 complete and 0 interrupted iterations
cap_mixed   [  22% ] 011/108 VUs  02m14.9s/10m0s  1800.00 iters/s

running (02m15.9s), 014/108 VUs, 244633 complete and 0 interrupted iterations
cap_mixed   [  23% ] 014/108 VUs  02m15.9s/10m0s  1800.00 iters/s

running (02m16.9s), 013/108 VUs, 246434 complete and 0 interrupted iterations
cap_mixed   [  23% ] 013/108 VUs  02m16.9s/10m0s  1800.00 iters/s

running (02m17.9s), 012/108 VUs, 248235 complete and 0 interrupted iterations
cap_mixed   [  23% ] 012/108 VUs  02m17.9s/10m0s  1800.00 iters/s

running (02m18.9s), 015/108 VUs, 250032 complete and 0 interrupted iterations
cap_mixed   [  23% ] 015/108 VUs  02m18.9s/10m0s  1800.00 iters/s

running (02m19.9s), 018/108 VUs, 251829 complete and 0 interrupted iterations
cap_mixed   [  23% ] 018/108 VUs  02m19.9s/10m0s  1800.00 iters/s

running (02m20.9s), 013/108 VUs, 253633 complete and 0 interrupted iterations
cap_mixed   [  23% ] 013/108 VUs  02m20.9s/10m0s  1800.00 iters/s

running (02m21.9s), 009/108 VUs, 255438 complete and 0 interrupted iterations
cap_mixed   [  24% ] 009/108 VUs  02m21.9s/10m0s  1800.00 iters/s

running (02m22.9s), 015/108 VUs, 257231 complete and 0 interrupted iterations
cap_mixed   [  24% ] 016/108 VUs  02m22.9s/10m0s  1800.00 iters/s

running (02m23.9s), 016/108 VUs, 259030 complete and 0 interrupted iterations
cap_mixed   [  24% ] 016/108 VUs  02m23.9s/10m0s  1800.00 iters/s

running (02m24.9s), 010/108 VUs, 260836 complete and 0 interrupted iterations
cap_mixed   [  24% ] 011/108 VUs  02m24.9s/10m0s  1800.00 iters/s

running (02m25.9s), 016/108 VUs, 262631 complete and 0 interrupted iterations
cap_mixed   [  24% ] 016/108 VUs  02m25.9s/10m0s  1800.00 iters/s

running (02m26.9s), 011/108 VUs, 264436 complete and 0 interrupted iterations
cap_mixed   [  24% ] 011/108 VUs  02m26.9s/10m0s  1800.00 iters/s

running (02m27.9s), 020/108 VUs, 266227 complete and 0 interrupted iterations
cap_mixed   [  25% ] 020/108 VUs  02m27.9s/10m0s  1800.00 iters/s

running (02m28.9s), 016/108 VUs, 268031 complete and 0 interrupted iterations
cap_mixed   [  25% ] 016/108 VUs  02m28.9s/10m0s  1800.00 iters/s

running (02m29.9s), 015/108 VUs, 269832 complete and 0 interrupted iterations
cap_mixed   [  25% ] 015/108 VUs  02m29.9s/10m0s  1800.00 iters/s

running (02m30.9s), 009/108 VUs, 271637 complete and 0 interrupted iterations
cap_mixed   [  25% ] 009/108 VUs  02m30.9s/10m0s  1800.00 iters/s

running (02m32.0s), 014/108 VUs, 273434 complete and 0 interrupted iterations
cap_mixed   [  25% ] 014/108 VUs  02m32.0s/10m0s  1800.00 iters/s

running (02m32.9s), 015/108 VUs, 275232 complete and 0 interrupted iterations
cap_mixed   [  25% ] 015/108 VUs  02m32.9s/10m0s  1800.00 iters/s

running (02m33.9s), 010/108 VUs, 277037 complete and 0 interrupted iterations
cap_mixed   [  26% ] 010/108 VUs  02m33.9s/10m0s  1800.00 iters/s

running (02m34.9s), 017/108 VUs, 278829 complete and 0 interrupted iterations
cap_mixed   [  26% ] 017/108 VUs  02m34.9s/10m0s  1800.00 iters/s

running (02m35.9s), 015/108 VUs, 280632 complete and 0 interrupted iterations
cap_mixed   [  26% ] 015/108 VUs  02m35.9s/10m0s  1800.00 iters/s

running (02m36.9s), 019/108 VUs, 282428 complete and 0 interrupted iterations
cap_mixed   [  26% ] 019/108 VUs  02m36.9s/10m0s  1800.00 iters/s

running (02m37.9s), 015/108 VUs, 284232 complete and 0 interrupted iterations
cap_mixed   [  26% ] 015/108 VUs  02m37.9s/10m0s  1800.00 iters/s

running (02m38.9s), 016/108 VUs, 286031 complete and 0 interrupted iterations
cap_mixed   [  26% ] 016/108 VUs  02m38.9s/10m0s  1800.00 iters/s

running (02m39.9s), 018/108 VUs, 287828 complete and 0 interrupted iterations
cap_mixed   [  27% ] 019/108 VUs  02m39.9s/10m0s  1800.00 iters/s

running (02m40.9s), 016/108 VUs, 289630 complete and 0 interrupted iterations
cap_mixed   [  27% ] 017/108 VUs  02m40.9s/10m0s  1800.00 iters/s

running (02m41.9s), 012/108 VUs, 291434 complete and 0 interrupted iterations
cap_mixed   [  27% ] 013/108 VUs  02m41.9s/10m0s  1800.00 iters/s

running (02m42.9s), 012/108 VUs, 293235 complete and 0 interrupted iterations
cap_mixed   [  27% ] 012/108 VUs  02m42.9s/10m0s  1800.00 iters/s

running (02m43.9s), 013/108 VUs, 295034 complete and 0 interrupted iterations
cap_mixed   [  27% ] 013/108 VUs  02m43.9s/10m0s  1800.00 iters/s

running (02m44.9s), 015/108 VUs, 296831 complete and 0 interrupted iterations
cap_mixed   [  27% ] 015/108 VUs  02m44.9s/10m0s  1800.00 iters/s

running (02m45.9s), 011/108 VUs, 298636 complete and 0 interrupted iterations
cap_mixed   [  28% ] 011/108 VUs  02m45.9s/10m0s  1800.00 iters/s

running (02m46.9s), 014/108 VUs, 300433 complete and 0 interrupted iterations
cap_mixed   [  28% ] 014/108 VUs  02m46.9s/10m0s  1800.00 iters/s

running (02m47.9s), 018/108 VUs, 302229 complete and 0 interrupted iterations
cap_mixed   [  28% ] 018/108 VUs  02m47.9s/10m0s  1800.00 iters/s

running (02m48.9s), 010/108 VUs, 304037 complete and 0 interrupted iterations
cap_mixed   [  28% ] 010/108 VUs  02m48.9s/10m0s  1800.00 iters/s

running (02m49.9s), 084/109 VUs, 305762 complete and 0 interrupted iterations
cap_mixed   [  28% ] 084/109 VUs  02m49.9s/10m0s  1800.00 iters/s

running (02m50.9s), 012/109 VUs, 307634 complete and 0 interrupted iterations
cap_mixed   [  28% ] 012/109 VUs  02m50.9s/10m0s  1800.00 iters/s

running (02m51.9s), 016/109 VUs, 309430 complete and 0 interrupted iterations
cap_mixed   [  29% ] 016/109 VUs  02m51.9s/10m0s  1800.00 iters/s

running (02m52.9s), 020/109 VUs, 311226 complete and 0 interrupted iterations
cap_mixed   [  29% ] 020/109 VUs  02m52.9s/10m0s  1800.00 iters/s

running (02m53.9s), 013/109 VUs, 313033 complete and 0 interrupted iterations
cap_mixed   [  29% ] 013/109 VUs  02m53.9s/10m0s  1800.00 iters/s

running (02m54.9s), 010/109 VUs, 314836 complete and 0 interrupted iterations
cap_mixed   [  29% ] 010/109 VUs  02m54.9s/10m0s  1800.00 iters/s

running (02m55.9s), 023/109 VUs, 316623 complete and 0 interrupted iterations
cap_mixed   [  29% ] 023/109 VUs  02m55.9s/10m0s  1800.00 iters/s

running (02m56.9s), 015/109 VUs, 318431 complete and 0 interrupted iterations
cap_mixed   [  29% ] 015/109 VUs  02m56.9s/10m0s  1800.00 iters/s

running (02m57.9s), 016/109 VUs, 320230 complete and 0 interrupted iterations
cap_mixed   [  30% ] 016/109 VUs  02m57.9s/10m0s  1800.00 iters/s

running (02m58.9s), 017/109 VUs, 322029 complete and 0 interrupted iterations
cap_mixed   [  30% ] 017/109 VUs  02m58.9s/10m0s  1800.00 iters/s

running (02m59.9s), 015/109 VUs, 323831 complete and 0 interrupted iterations
cap_mixed   [  30% ] 015/109 VUs  02m59.9s/10m0s  1800.00 iters/s

running (03m00.9s), 015/109 VUs, 325631 complete and 0 interrupted iterations
cap_mixed   [  30% ] 015/109 VUs  03m00.9s/10m0s  1800.00 iters/s

running (03m01.9s), 017/109 VUs, 327427 complete and 0 interrupted iterations
cap_mixed   [  30% ] 017/109 VUs  03m01.9s/10m0s  1800.00 iters/s

running (03m02.9s), 012/109 VUs, 329234 complete and 0 interrupted iterations
cap_mixed   [  30% ] 012/109 VUs  03m02.9s/10m0s  1800.00 iters/s

running (03m03.9s), 011/109 VUs, 331034 complete and 0 interrupted iterations
cap_mixed   [  31% ] 011/109 VUs  03m03.9s/10m0s  1800.00 iters/s

running (03m04.9s), 021/109 VUs, 332825 complete and 0 interrupted iterations
cap_mixed   [  31% ] 021/109 VUs  03m04.9s/10m0s  1800.00 iters/s

running (03m05.9s), 015/109 VUs, 334631 complete and 0 interrupted iterations
cap_mixed   [  31% ] 015/109 VUs  03m05.9s/10m0s  1800.00 iters/s

running (03m06.9s), 017/109 VUs, 336429 complete and 0 interrupted iterations
cap_mixed   [  31% ] 017/109 VUs  03m06.9s/10m0s  1800.00 iters/s

running (03m07.9s), 016/109 VUs, 338230 complete and 0 interrupted iterations
cap_mixed   [  31% ] 016/109 VUs  03m07.9s/10m0s  1800.00 iters/s

running (03m08.9s), 014/109 VUs, 340032 complete and 0 interrupted iterations
cap_mixed   [  31% ] 014/109 VUs  03m08.9s/10m0s  1800.00 iters/s

running (03m10.0s), 018/109 VUs, 341830 complete and 0 interrupted iterations
cap_mixed   [  32% ] 018/109 VUs  03m10.0s/10m0s  1800.00 iters/s

running (03m10.9s), 019/109 VUs, 343627 complete and 0 interrupted iterations
cap_mixed   [  32% ] 019/109 VUs  03m10.9s/10m0s  1800.00 iters/s

running (03m11.9s), 027/109 VUs, 345419 complete and 0 interrupted iterations
cap_mixed   [  32% ] 027/109 VUs  03m11.9s/10m0s  1800.00 iters/s

running (03m12.9s), 013/109 VUs, 347233 complete and 0 interrupted iterations
cap_mixed   [  32% ] 013/109 VUs  03m12.9s/10m0s  1800.00 iters/s

running (03m13.9s), 020/109 VUs, 349026 complete and 0 interrupted iterations
cap_mixed   [  32% ] 020/109 VUs  03m13.9s/10m0s  1800.00 iters/s

running (03m14.9s), 010/109 VUs, 350835 complete and 0 interrupted iterations
cap_mixed   [  32% ] 011/109 VUs  03m14.9s/10m0s  1800.00 iters/s

running (03m15.9s), 018/109 VUs, 352628 complete and 0 interrupted iterations
cap_mixed   [  33% ] 018/109 VUs  03m15.9s/10m0s  1800.00 iters/s

running (03m16.9s), 012/115 VUs, 354399 complete and 0 interrupted iterations
cap_mixed   [  33% ] 012/115 VUs  03m16.9s/10m0s  1800.00 iters/s

running (03m17.9s), 013/115 VUs, 356198 complete and 0 interrupted iterations
cap_mixed   [  33% ] 013/115 VUs  03m17.9s/10m0s  1800.00 iters/s

running (03m18.9s), 015/115 VUs, 357996 complete and 0 interrupted iterations
cap_mixed   [  33% ] 015/115 VUs  03m18.9s/10m0s  1800.00 iters/s

running (03m19.9s), 015/115 VUs, 359796 complete and 0 interrupted iterations
cap_mixed   [  33% ] 015/115 VUs  03m19.9s/10m0s  1800.00 iters/s

running (03m20.9s), 011/115 VUs, 361600 complete and 0 interrupted iterations
cap_mixed   [  33% ] 011/115 VUs  03m20.9s/10m0s  1800.00 iters/s

running (03m21.9s), 012/115 VUs, 363399 complete and 0 interrupted iterations
cap_mixed   [  34% ] 012/115 VUs  03m21.9s/10m0s  1800.00 iters/s

running (03m22.9s), 016/115 VUs, 365195 complete and 0 interrupted iterations
cap_mixed   [  34% ] 016/115 VUs  03m22.9s/10m0s  1800.00 iters/s

running (03m23.9s), 017/115 VUs, 366994 complete and 0 interrupted iterations
cap_mixed   [  34% ] 017/115 VUs  03m23.9s/10m0s  1800.00 iters/s

running (03m24.9s), 019/115 VUs, 368792 complete and 0 interrupted iterations
cap_mixed   [  34% ] 019/115 VUs  03m24.9s/10m0s  1800.00 iters/s

running (03m25.9s), 017/115 VUs, 370594 complete and 0 interrupted iterations
cap_mixed   [  34% ] 017/115 VUs  03m25.9s/10m0s  1800.00 iters/s

running (03m26.9s), 016/115 VUs, 372395 complete and 0 interrupted iterations
cap_mixed   [  34% ] 016/115 VUs  03m26.9s/10m0s  1800.00 iters/s

running (03m27.9s), 012/115 VUs, 374199 complete and 0 interrupted iterations
cap_mixed   [  35% ] 012/115 VUs  03m27.9s/10m0s  1800.00 iters/s

running (03m28.9s), 014/115 VUs, 375997 complete and 0 interrupted iterations
cap_mixed   [  35% ] 014/115 VUs  03m28.9s/10m0s  1800.00 iters/s

running (03m29.9s), 011/115 VUs, 377800 complete and 0 interrupted iterations
cap_mixed   [  35% ] 011/115 VUs  03m29.9s/10m0s  1800.00 iters/s

running (03m30.9s), 023/115 VUs, 379588 complete and 0 interrupted iterations
cap_mixed   [  35% ] 023/115 VUs  03m30.9s/10m0s  1800.00 iters/s

running (03m31.9s), 020/115 VUs, 381391 complete and 0 interrupted iterations
cap_mixed   [  35% ] 020/115 VUs  03m31.9s/10m0s  1800.00 iters/s

running (03m32.9s), 014/115 VUs, 383197 complete and 0 interrupted iterations
cap_mixed   [  35% ] 014/115 VUs  03m32.9s/10m0s  1800.00 iters/s

running (03m33.9s), 017/115 VUs, 384994 complete and 0 interrupted iterations
cap_mixed   [  36% ] 017/115 VUs  03m33.9s/10m0s  1800.00 iters/s

running (03m34.9s), 012/115 VUs, 386799 complete and 0 interrupted iterations
cap_mixed   [  36% ] 012/115 VUs  03m34.9s/10m0s  1800.00 iters/s

running (03m35.9s), 014/115 VUs, 388597 complete and 0 interrupted iterations
cap_mixed   [  36% ] 014/115 VUs  03m35.9s/10m0s  1800.00 iters/s

running (03m36.9s), 015/115 VUs, 390396 complete and 0 interrupted iterations
cap_mixed   [  36% ] 015/115 VUs  03m36.9s/10m0s  1800.00 iters/s

running (03m37.9s), 010/115 VUs, 392201 complete and 0 interrupted iterations
cap_mixed   [  36% ] 010/115 VUs  03m37.9s/10m0s  1800.00 iters/s

running (03m38.9s), 014/115 VUs, 393997 complete and 0 interrupted iterations
cap_mixed   [  36% ] 014/115 VUs  03m38.9s/10m0s  1800.00 iters/s

running (03m39.9s), 014/115 VUs, 395797 complete and 0 interrupted iterations
cap_mixed   [  37% ] 014/115 VUs  03m39.9s/10m0s  1800.00 iters/s

running (03m40.9s), 013/115 VUs, 397597 complete and 0 interrupted iterations
cap_mixed   [  37% ] 013/115 VUs  03m40.9s/10m0s  1800.00 iters/s

running (03m41.9s), 014/115 VUs, 399397 complete and 0 interrupted iterations
cap_mixed   [  37% ] 014/115 VUs  03m41.9s/10m0s  1800.00 iters/s

running (03m42.9s), 011/115 VUs, 401200 complete and 0 interrupted iterations
cap_mixed   [  37% ] 011/115 VUs  03m42.9s/10m0s  1800.00 iters/s

running (03m43.9s), 013/115 VUs, 402998 complete and 0 interrupted iterations
cap_mixed   [  37% ] 013/115 VUs  03m43.9s/10m0s  1800.00 iters/s

running (03m44.9s), 014/115 VUs, 404797 complete and 0 interrupted iterations
cap_mixed   [  37% ] 014/115 VUs  03m44.9s/10m0s  1800.00 iters/s

running (03m45.9s), 021/115 VUs, 406591 complete and 0 interrupted iterations
cap_mixed   [  38% ] 021/115 VUs  03m45.9s/10m0s  1800.00 iters/s

running (03m46.9s), 018/115 VUs, 408393 complete and 0 interrupted iterations
cap_mixed   [  38% ] 018/115 VUs  03m46.9s/10m0s  1800.00 iters/s

running (03m47.9s), 013/115 VUs, 410198 complete and 0 interrupted iterations
cap_mixed   [  38% ] 013/115 VUs  03m47.9s/10m0s  1800.00 iters/s

running (03m48.9s), 020/115 VUs, 411991 complete and 0 interrupted iterations
cap_mixed   [  38% ] 020/115 VUs  03m48.9s/10m0s  1800.00 iters/s

running (03m49.9s), 014/115 VUs, 413797 complete and 0 interrupted iterations
cap_mixed   [  38% ] 014/115 VUs  03m49.9s/10m0s  1800.00 iters/s

running (03m50.9s), 014/115 VUs, 415597 complete and 0 interrupted iterations
cap_mixed   [  38% ] 014/115 VUs  03m50.9s/10m0s  1800.00 iters/s

running (03m51.9s), 043/115 VUs, 417368 complete and 0 interrupted iterations
cap_mixed   [  39% ] 043/115 VUs  03m51.9s/10m0s  1800.00 iters/s

running (03m52.9s), 011/115 VUs, 419201 complete and 0 interrupted iterations
cap_mixed   [  39% ] 011/115 VUs  03m52.9s/10m0s  1800.00 iters/s

running (03m53.9s), 013/115 VUs, 420998 complete and 0 interrupted iterations
cap_mixed   [  39% ] 013/115 VUs  03m53.9s/10m0s  1800.00 iters/s

running (03m54.9s), 020/115 VUs, 422791 complete and 0 interrupted iterations
cap_mixed   [  39% ] 020/115 VUs  03m54.9s/10m0s  1800.00 iters/s

running (03m55.9s), 020/115 VUs, 424591 complete and 0 interrupted iterations
cap_mixed   [  39% ] 020/115 VUs  03m55.9s/10m0s  1800.00 iters/s

running (03m56.9s), 012/115 VUs, 426399 complete and 0 interrupted iterations
cap_mixed   [  39% ] 012/115 VUs  03m56.9s/10m0s  1800.00 iters/s

running (03m57.9s), 013/115 VUs, 428198 complete and 0 interrupted iterations
cap_mixed   [  40% ] 013/115 VUs  03m57.9s/10m0s  1800.00 iters/s

running (03m58.9s), 020/115 VUs, 429991 complete and 0 interrupted iterations
cap_mixed   [  40% ] 020/115 VUs  03m58.9s/10m0s  1800.00 iters/s

running (03m59.9s), 016/115 VUs, 431794 complete and 0 interrupted iterations
cap_mixed   [  40% ] 017/115 VUs  03m59.9s/10m0s  1800.00 iters/s

running (04m00.9s), 017/115 VUs, 433594 complete and 0 interrupted iterations
cap_mixed   [  40% ] 017/115 VUs  04m00.9s/10m0s  1800.00 iters/s

running (04m01.9s), 010/115 VUs, 435401 complete and 0 interrupted iterations
cap_mixed   [  40% ] 010/115 VUs  04m01.9s/10m0s  1800.00 iters/s

running (04m02.9s), 016/115 VUs, 437195 complete and 0 interrupted iterations
cap_mixed   [  40% ] 016/115 VUs  04m02.9s/10m0s  1800.00 iters/s

running (04m03.9s), 013/115 VUs, 438998 complete and 0 interrupted iterations
cap_mixed   [  41% ] 013/115 VUs  04m03.9s/10m0s  1800.00 iters/s

running (04m04.9s), 017/115 VUs, 440794 complete and 0 interrupted iterations
cap_mixed   [  41% ] 017/115 VUs  04m04.9s/10m0s  1800.00 iters/s

running (04m05.9s), 011/115 VUs, 442600 complete and 0 interrupted iterations
cap_mixed   [  41% ] 011/115 VUs  04m05.9s/10m0s  1800.00 iters/s

running (04m06.9s), 004/115 VUs, 444405 complete and 0 interrupted iterations
cap_mixed   [  41% ] 004/115 VUs  04m06.9s/10m0s  1800.00 iters/s

running (04m07.9s), 009/115 VUs, 446202 complete and 0 interrupted iterations
cap_mixed   [  41% ] 009/115 VUs  04m07.9s/10m0s  1800.00 iters/s

running (04m08.9s), 014/115 VUs, 447997 complete and 0 interrupted iterations
cap_mixed   [  41% ] 014/115 VUs  04m08.9s/10m0s  1800.00 iters/s

running (04m09.9s), 013/115 VUs, 449798 complete and 0 interrupted iterations
cap_mixed   [  42% ] 013/115 VUs  04m09.9s/10m0s  1800.00 iters/s

running (04m10.9s), 012/115 VUs, 451599 complete and 0 interrupted iterations
cap_mixed   [  42% ] 012/115 VUs  04m10.9s/10m0s  1800.00 iters/s

running (04m11.9s), 014/115 VUs, 453397 complete and 0 interrupted iterations
cap_mixed   [  42% ] 014/115 VUs  04m11.9s/10m0s  1800.00 iters/s

running (04m12.9s), 013/115 VUs, 455198 complete and 0 interrupted iterations
cap_mixed   [  42% ] 013/115 VUs  04m12.9s/10m0s  1800.00 iters/s

running (04m13.9s), 011/115 VUs, 457000 complete and 0 interrupted iterations
cap_mixed   [  42% ] 011/115 VUs  04m13.9s/10m0s  1800.00 iters/s

running (04m14.9s), 014/115 VUs, 458797 complete and 0 interrupted iterations
cap_mixed   [  42% ] 014/115 VUs  04m14.9s/10m0s  1800.00 iters/s

running (04m15.9s), 015/115 VUs, 460596 complete and 0 interrupted iterations
cap_mixed   [  43% ] 015/115 VUs  04m15.9s/10m0s  1800.00 iters/s

running (04m16.9s), 010/115 VUs, 462401 complete and 0 interrupted iterations
cap_mixed   [  43% ] 010/115 VUs  04m16.9s/10m0s  1800.00 iters/s

running (04m17.9s), 016/115 VUs, 464195 complete and 0 interrupted iterations
cap_mixed   [  43% ] 016/115 VUs  04m17.9s/10m0s  1800.00 iters/s

running (04m18.9s), 013/115 VUs, 465998 complete and 0 interrupted iterations
cap_mixed   [  43% ] 013/115 VUs  04m18.9s/10m0s  1800.00 iters/s

running (04m19.9s), 010/115 VUs, 467801 complete and 0 interrupted iterations
cap_mixed   [  43% ] 010/115 VUs  04m19.9s/10m0s  1800.00 iters/s

running (04m20.9s), 006/115 VUs, 469605 complete and 0 interrupted iterations
cap_mixed   [  43% ] 006/115 VUs  04m20.9s/10m0s  1800.00 iters/s

running (04m21.9s), 011/115 VUs, 471400 complete and 0 interrupted iterations
cap_mixed   [  44% ] 011/115 VUs  04m21.9s/10m0s  1800.00 iters/s

running (04m22.9s), 014/115 VUs, 473197 complete and 0 interrupted iterations
cap_mixed   [  44% ] 014/115 VUs  04m22.9s/10m0s  1800.00 iters/s

running (04m23.9s), 017/115 VUs, 474994 complete and 0 interrupted iterations
cap_mixed   [  44% ] 017/115 VUs  04m23.9s/10m0s  1800.00 iters/s

running (04m24.9s), 018/115 VUs, 476793 complete and 0 interrupted iterations
cap_mixed   [  44% ] 018/115 VUs  04m24.9s/10m0s  1800.00 iters/s

running (04m25.9s), 007/115 VUs, 478604 complete and 0 interrupted iterations
cap_mixed   [  44% ] 007/115 VUs  04m25.9s/10m0s  1800.00 iters/s

running (04m26.9s), 014/115 VUs, 480397 complete and 0 interrupted iterations
cap_mixed   [  44% ] 014/115 VUs  04m26.9s/10m0s  1800.00 iters/s

running (04m27.9s), 016/115 VUs, 482195 complete and 0 interrupted iterations
cap_mixed   [  45% ] 016/115 VUs  04m27.9s/10m0s  1800.00 iters/s

running (04m28.9s), 013/115 VUs, 483998 complete and 0 interrupted iterations
cap_mixed   [  45% ] 013/115 VUs  04m28.9s/10m0s  1800.00 iters/s

running (04m29.9s), 013/115 VUs, 485798 complete and 0 interrupted iterations
cap_mixed   [  45% ] 013/115 VUs  04m29.9s/10m0s  1800.00 iters/s

running (04m30.9s), 019/115 VUs, 487592 complete and 0 interrupted iterations
cap_mixed   [  45% ] 019/115 VUs  04m30.9s/10m0s  1800.00 iters/s

running (04m31.9s), 012/115 VUs, 489399 complete and 0 interrupted iterations
cap_mixed   [  45% ] 012/115 VUs  04m31.9s/10m0s  1800.00 iters/s

running (04m32.9s), 027/115 VUs, 491184 complete and 0 interrupted iterations
cap_mixed   [  45% ] 026/115 VUs  04m32.9s/10m0s  1800.00 iters/s

running (04m33.9s), 014/115 VUs, 492997 complete and 0 interrupted iterations
cap_mixed   [  46% ] 014/115 VUs  04m33.9s/10m0s  1800.00 iters/s

running (04m34.9s), 011/115 VUs, 494800 complete and 0 interrupted iterations
cap_mixed   [  46% ] 011/115 VUs  04m34.9s/10m0s  1800.00 iters/s

running (04m35.9s), 016/115 VUs, 496595 complete and 0 interrupted iterations
cap_mixed   [  46% ] 016/115 VUs  04m35.9s/10m0s  1800.00 iters/s

running (04m36.9s), 011/115 VUs, 498400 complete and 0 interrupted iterations
cap_mixed   [  46% ] 011/115 VUs  04m36.9s/10m0s  1800.00 iters/s

running (04m37.9s), 016/115 VUs, 500195 complete and 0 interrupted iterations
cap_mixed   [  46% ] 016/115 VUs  04m37.9s/10m0s  1800.00 iters/s

running (04m38.9s), 011/115 VUs, 502000 complete and 0 interrupted iterations
cap_mixed   [  46% ] 011/115 VUs  04m38.9s/10m0s  1800.00 iters/s

running (04m39.9s), 016/115 VUs, 503795 complete and 0 interrupted iterations
cap_mixed   [  47% ] 016/115 VUs  04m39.9s/10m0s  1800.00 iters/s

running (04m40.9s), 015/115 VUs, 505596 complete and 0 interrupted iterations
cap_mixed   [  47% ] 015/115 VUs  04m40.9s/10m0s  1800.00 iters/s

running (04m41.9s), 008/115 VUs, 507403 complete and 0 interrupted iterations
cap_mixed   [  47% ] 008/115 VUs  04m41.9s/10m0s  1800.00 iters/s

running (04m42.9s), 010/115 VUs, 509201 complete and 0 interrupted iterations
cap_mixed   [  47% ] 010/115 VUs  04m42.9s/10m0s  1800.00 iters/s

running (04m43.9s), 011/115 VUs, 511000 complete and 0 interrupted iterations
cap_mixed   [  47% ] 011/115 VUs  04m43.9s/10m0s  1800.00 iters/s

running (04m44.9s), 011/116 VUs, 512787 complete and 0 interrupted iterations
cap_mixed   [  47% ] 011/116 VUs  04m44.9s/10m0s  1800.00 iters/s

running (04m45.9s), 013/116 VUs, 514585 complete and 0 interrupted iterations
cap_mixed   [  48% ] 013/116 VUs  04m45.9s/10m0s  1800.00 iters/s

running (04m46.9s), 017/116 VUs, 516381 complete and 0 interrupted iterations
cap_mixed   [  48% ] 017/116 VUs  04m46.9s/10m0s  1800.00 iters/s

running (04m47.9s), 015/116 VUs, 518183 complete and 0 interrupted iterations
cap_mixed   [  48% ] 015/116 VUs  04m47.9s/10m0s  1800.00 iters/s

running (04m48.9s), 015/116 VUs, 519983 complete and 0 interrupted iterations
cap_mixed   [  48% ] 015/116 VUs  04m48.9s/10m0s  1800.00 iters/s

running (04m49.9s), 015/116 VUs, 521783 complete and 0 interrupted iterations
cap_mixed   [  48% ] 015/116 VUs  04m49.9s/10m0s  1800.00 iters/s

running (04m50.9s), 018/116 VUs, 523580 complete and 0 interrupted iterations
cap_mixed   [  48% ] 018/116 VUs  04m50.9s/10m0s  1800.00 iters/s

running (04m51.9s), 016/116 VUs, 525382 complete and 0 interrupted iterations
cap_mixed   [  49% ] 016/116 VUs  04m51.9s/10m0s  1800.00 iters/s

running (04m52.9s), 013/116 VUs, 527185 complete and 0 interrupted iterations
cap_mixed   [  49% ] 013/116 VUs  04m52.9s/10m0s  1800.00 iters/s

running (04m53.9s), 012/116 VUs, 528986 complete and 0 interrupted iterations
cap_mixed   [  49% ] 012/116 VUs  04m53.9s/10m0s  1800.00 iters/s

running (04m54.9s), 016/116 VUs, 530782 complete and 0 interrupted iterations
cap_mixed   [  49% ] 016/116 VUs  04m54.9s/10m0s  1800.00 iters/s

running (04m55.9s), 015/116 VUs, 532583 complete and 0 interrupted iterations
cap_mixed   [  49% ] 015/116 VUs  04m55.9s/10m0s  1800.00 iters/s

running (04m56.9s), 011/116 VUs, 534387 complete and 0 interrupted iterations
cap_mixed   [  49% ] 011/116 VUs  04m56.9s/10m0s  1800.00 iters/s

running (04m57.9s), 015/116 VUs, 536183 complete and 0 interrupted iterations
cap_mixed   [  50% ] 015/116 VUs  04m57.9s/10m0s  1800.00 iters/s

running (04m58.9s), 012/116 VUs, 537985 complete and 0 interrupted iterations
cap_mixed   [  50% ] 013/116 VUs  04m58.9s/10m0s  1800.00 iters/s

running (04m59.9s), 011/116 VUs, 539786 complete and 0 interrupted iterations
cap_mixed   [  50% ] 011/116 VUs  04m59.9s/10m0s  1800.00 iters/s

running (05m00.9s), 011/116 VUs, 541587 complete and 0 interrupted iterations
cap_mixed   [  50% ] 011/116 VUs  05m00.9s/10m0s  1800.00 iters/s

running (05m01.9s), 012/116 VUs, 543386 complete and 0 interrupted iterations
cap_mixed   [  50% ] 012/116 VUs  05m01.9s/10m0s  1800.00 iters/s

running (05m02.9s), 012/116 VUs, 545186 complete and 0 interrupted iterations
cap_mixed   [  50% ] 012/116 VUs  05m02.9s/10m0s  1800.00 iters/s

running (05m03.9s), 013/116 VUs, 546985 complete and 0 interrupted iterations
cap_mixed   [  51% ] 013/116 VUs  05m03.9s/10m0s  1800.00 iters/s

running (05m04.9s), 014/116 VUs, 548784 complete and 0 interrupted iterations
cap_mixed   [  51% ] 014/116 VUs  05m04.9s/10m0s  1800.00 iters/s

running (05m05.9s), 010/116 VUs, 550588 complete and 0 interrupted iterations
cap_mixed   [  51% ] 010/116 VUs  05m05.9s/10m0s  1800.00 iters/s

running (05m06.9s), 012/116 VUs, 552386 complete and 0 interrupted iterations
cap_mixed   [  51% ] 012/116 VUs  05m06.9s/10m0s  1800.00 iters/s

running (05m07.9s), 009/116 VUs, 554189 complete and 0 interrupted iterations
cap_mixed   [  51% ] 009/116 VUs  05m07.9s/10m0s  1800.00 iters/s

running (05m08.9s), 020/116 VUs, 555978 complete and 0 interrupted iterations
cap_mixed   [  51% ] 020/116 VUs  05m08.9s/10m0s  1800.00 iters/s

running (05m09.9s), 011/116 VUs, 557788 complete and 0 interrupted iterations
cap_mixed   [  52% ] 011/116 VUs  05m09.9s/10m0s  1800.00 iters/s

running (05m10.9s), 014/116 VUs, 559584 complete and 0 interrupted iterations
cap_mixed   [  52% ] 014/116 VUs  05m10.9s/10m0s  1800.00 iters/s

running (05m11.9s), 014/116 VUs, 561384 complete and 0 interrupted iterations
cap_mixed   [  52% ] 013/116 VUs  05m11.9s/10m0s  1800.00 iters/s

running (05m12.9s), 015/116 VUs, 563183 complete and 0 interrupted iterations
cap_mixed   [  52% ] 015/116 VUs  05m12.9s/10m0s  1800.00 iters/s

running (05m13.9s), 014/116 VUs, 564984 complete and 0 interrupted iterations
cap_mixed   [  52% ] 014/116 VUs  05m13.9s/10m0s  1800.00 iters/s

running (05m14.9s), 014/116 VUs, 566784 complete and 0 interrupted iterations
cap_mixed   [  52% ] 014/116 VUs  05m14.9s/10m0s  1800.00 iters/s

running (05m15.9s), 011/116 VUs, 568587 complete and 0 interrupted iterations
cap_mixed   [  53% ] 011/116 VUs  05m15.9s/10m0s  1800.00 iters/s

running (05m16.9s), 018/116 VUs, 570380 complete and 0 interrupted iterations
cap_mixed   [  53% ] 018/116 VUs  05m16.9s/10m0s  1800.00 iters/s

running (05m17.9s), 014/116 VUs, 572184 complete and 0 interrupted iterations
cap_mixed   [  53% ] 014/116 VUs  05m17.9s/10m0s  1800.00 iters/s

running (05m18.9s), 013/116 VUs, 573980 complete and 0 interrupted iterations
cap_mixed   [  53% ] 013/116 VUs  05m18.9s/10m0s  1800.00 iters/s

running (05m19.9s), 008/116 VUs, 575790 complete and 0 interrupted iterations
cap_mixed   [  53% ] 008/116 VUs  05m19.9s/10m0s  1800.00 iters/s

running (05m20.9s), 015/116 VUs, 577583 complete and 0 interrupted iterations
cap_mixed   [  53% ] 015/116 VUs  05m20.9s/10m0s  1800.00 iters/s

running (05m21.9s), 011/116 VUs, 579387 complete and 0 interrupted iterations
cap_mixed   [  54% ] 011/116 VUs  05m21.9s/10m0s  1800.00 iters/s

running (05m22.9s), 014/116 VUs, 581184 complete and 0 interrupted iterations
cap_mixed   [  54% ] 014/116 VUs  05m22.9s/10m0s  1800.00 iters/s

running (05m23.9s), 012/116 VUs, 582986 complete and 0 interrupted iterations
cap_mixed   [  54% ] 012/116 VUs  05m23.9s/10m0s  1800.00 iters/s

running (05m24.9s), 013/116 VUs, 584785 complete and 0 interrupted iterations
cap_mixed   [  54% ] 013/116 VUs  05m24.9s/10m0s  1800.00 iters/s

running (05m25.9s), 015/116 VUs, 586583 complete and 0 interrupted iterations
cap_mixed   [  54% ] 015/116 VUs  05m25.9s/10m0s  1800.00 iters/s

running (05m26.9s), 012/116 VUs, 588386 complete and 0 interrupted iterations
cap_mixed   [  54% ] 011/116 VUs  05m26.9s/10m0s  1800.00 iters/s

running (05m27.9s), 015/116 VUs, 590183 complete and 0 interrupted iterations
cap_mixed   [  55% ] 015/116 VUs  05m27.9s/10m0s  1800.00 iters/s

running (05m28.9s), 011/116 VUs, 591987 complete and 0 interrupted iterations
cap_mixed   [  55% ] 011/116 VUs  05m28.9s/10m0s  1800.00 iters/s

running (05m29.9s), 014/116 VUs, 593784 complete and 0 interrupted iterations
cap_mixed   [  55% ] 014/116 VUs  05m29.9s/10m0s  1800.00 iters/s

running (05m30.9s), 012/116 VUs, 595586 complete and 0 interrupted iterations
cap_mixed   [  55% ] 012/116 VUs  05m30.9s/10m0s  1800.00 iters/s

running (05m31.9s), 009/116 VUs, 597389 complete and 0 interrupted iterations
cap_mixed   [  55% ] 009/116 VUs  05m31.9s/10m0s  1800.00 iters/s

running (05m32.9s), 012/116 VUs, 599186 complete and 0 interrupted iterations
cap_mixed   [  55% ] 012/116 VUs  05m32.9s/10m0s  1800.00 iters/s

running (05m33.9s), 016/116 VUs, 600982 complete and 0 interrupted iterations
cap_mixed   [  56% ] 016/116 VUs  05m33.9s/10m0s  1800.00 iters/s

running (05m34.9s), 015/116 VUs, 602783 complete and 0 interrupted iterations
cap_mixed   [  56% ] 015/116 VUs  05m34.9s/10m0s  1800.00 iters/s

running (05m35.9s), 016/116 VUs, 604582 complete and 0 interrupted iterations
cap_mixed   [  56% ] 016/116 VUs  05m35.9s/10m0s  1800.00 iters/s

running (05m36.9s), 017/116 VUs, 606381 complete and 0 interrupted iterations
cap_mixed   [  56% ] 017/116 VUs  05m36.9s/10m0s  1800.00 iters/s

running (05m37.9s), 021/116 VUs, 608177 complete and 0 interrupted iterations
cap_mixed   [  56% ] 021/116 VUs  05m37.9s/10m0s  1800.00 iters/s

running (05m38.9s), 015/117 VUs, 609978 complete and 0 interrupted iterations
cap_mixed   [  56% ] 015/117 VUs  05m38.9s/10m0s  1800.00 iters/s

running (05m39.9s), 011/117 VUs, 611782 complete and 0 interrupted iterations
cap_mixed   [  57% ] 011/117 VUs  05m39.9s/10m0s  1800.00 iters/s

running (05m40.9s), 017/117 VUs, 613576 complete and 0 interrupted iterations
cap_mixed   [  57% ] 017/117 VUs  05m40.9s/10m0s  1800.00 iters/s

running (05m41.9s), 010/117 VUs, 615383 complete and 0 interrupted iterations
cap_mixed   [  57% ] 010/117 VUs  05m41.9s/10m0s  1800.00 iters/s

running (05m42.9s), 011/117 VUs, 617182 complete and 0 interrupted iterations
cap_mixed   [  57% ] 011/117 VUs  05m42.9s/10m0s  1800.00 iters/s

running (05m43.9s), 011/117 VUs, 618982 complete and 0 interrupted iterations
cap_mixed   [  57% ] 011/117 VUs  05m43.9s/10m0s  1800.00 iters/s

running (05m44.9s), 020/117 VUs, 620773 complete and 0 interrupted iterations
cap_mixed   [  57% ] 020/117 VUs  05m44.9s/10m0s  1800.00 iters/s

running (05m45.9s), 021/117 VUs, 622572 complete and 0 interrupted iterations
cap_mixed   [  58% ] 021/117 VUs  05m45.9s/10m0s  1800.00 iters/s

running (05m46.9s), 014/117 VUs, 624379 complete and 0 interrupted iterations
cap_mixed   [  58% ] 014/117 VUs  05m46.9s/10m0s  1800.00 iters/s

running (05m47.9s), 013/117 VUs, 626180 complete and 0 interrupted iterations
cap_mixed   [  58% ] 013/117 VUs  05m47.9s/10m0s  1800.00 iters/s

running (05m48.9s), 009/117 VUs, 627984 complete and 0 interrupted iterations
cap_mixed   [  58% ] 009/117 VUs  05m48.9s/10m0s  1800.00 iters/s

running (05m49.9s), 012/117 VUs, 629781 complete and 0 interrupted iterations
cap_mixed   [  58% ] 012/117 VUs  05m49.9s/10m0s  1800.00 iters/s

running (05m50.9s), 010/117 VUs, 631583 complete and 0 interrupted iterations
cap_mixed   [  58% ] 010/117 VUs  05m50.9s/10m0s  1800.00 iters/s

running (05m51.9s), 013/117 VUs, 633380 complete and 0 interrupted iterations
cap_mixed   [  59% ] 013/117 VUs  05m51.9s/10m0s  1800.00 iters/s

running (05m52.9s), 011/117 VUs, 635182 complete and 0 interrupted iterations
cap_mixed   [  59% ] 011/117 VUs  05m52.9s/10m0s  1800.00 iters/s

running (05m53.9s), 017/117 VUs, 636977 complete and 0 interrupted iterations
cap_mixed   [  59% ] 017/117 VUs  05m53.9s/10m0s  1800.00 iters/s

running (05m54.9s), 022/117 VUs, 638771 complete and 0 interrupted iterations
cap_mixed   [  59% ] 022/117 VUs  05m54.9s/10m0s  1800.00 iters/s

running (05m55.9s), 016/117 VUs, 640577 complete and 0 interrupted iterations
cap_mixed   [  59% ] 016/117 VUs  05m55.9s/10m0s  1800.00 iters/s

running (05m56.9s), 017/117 VUs, 642377 complete and 0 interrupted iterations
cap_mixed   [  59% ] 017/117 VUs  05m56.9s/10m0s  1800.00 iters/s

running (05m57.9s), 019/117 VUs, 644174 complete and 0 interrupted iterations
cap_mixed   [  60% ] 019/117 VUs  05m57.9s/10m0s  1800.00 iters/s

running (05m58.9s), 012/117 VUs, 645981 complete and 0 interrupted iterations
cap_mixed   [  60% ] 012/117 VUs  05m58.9s/10m0s  1800.00 iters/s

running (05m59.9s), 015/117 VUs, 647778 complete and 0 interrupted iterations
cap_mixed   [  60% ] 015/117 VUs  05m59.9s/10m0s  1800.00 iters/s

running (06m00.9s), 013/117 VUs, 649580 complete and 0 interrupted iterations
cap_mixed   [  60% ] 013/117 VUs  06m00.9s/10m0s  1800.00 iters/s

running (06m01.9s), 013/117 VUs, 651380 complete and 0 interrupted iterations
cap_mixed   [  60% ] 013/117 VUs  06m01.9s/10m0s  1800.00 iters/s

running (06m03.0s), 016/117 VUs, 653178 complete and 0 interrupted iterations
cap_mixed   [  60% ] 016/117 VUs  06m03.0s/10m0s  1800.00 iters/s

running (06m03.9s), 016/117 VUs, 654977 complete and 0 interrupted iterations
cap_mixed   [  61% ] 016/117 VUs  06m03.9s/10m0s  1800.00 iters/s

running (06m04.9s), 016/117 VUs, 656777 complete and 0 interrupted iterations
cap_mixed   [  61% ] 016/117 VUs  06m04.9s/10m0s  1800.00 iters/s

running (06m05.9s), 012/117 VUs, 658581 complete and 0 interrupted iterations
cap_mixed   [  61% ] 012/117 VUs  06m05.9s/10m0s  1800.00 iters/s

running (06m06.9s), 012/117 VUs, 660381 complete and 0 interrupted iterations
cap_mixed   [  61% ] 012/117 VUs  06m06.9s/10m0s  1800.00 iters/s

running (06m07.9s), 011/117 VUs, 662182 complete and 0 interrupted iterations
cap_mixed   [  61% ] 011/117 VUs  06m07.9s/10m0s  1800.00 iters/s

running (06m08.9s), 012/117 VUs, 663981 complete and 0 interrupted iterations
cap_mixed   [  61% ] 012/117 VUs  06m08.9s/10m0s  1800.00 iters/s

running (06m09.9s), 016/117 VUs, 665778 complete and 0 interrupted iterations
cap_mixed   [  62% ] 016/117 VUs  06m09.9s/10m0s  1800.00 iters/s

running (06m10.9s), 012/117 VUs, 667581 complete and 0 interrupted iterations
cap_mixed   [  62% ] 012/117 VUs  06m10.9s/10m0s  1800.00 iters/s

running (06m11.9s), 010/117 VUs, 669383 complete and 0 interrupted iterations
cap_mixed   [  62% ] 010/117 VUs  06m11.9s/10m0s  1800.00 iters/s

running (06m12.9s), 017/117 VUs, 671177 complete and 0 interrupted iterations
cap_mixed   [  62% ] 017/117 VUs  06m12.9s/10m0s  1800.00 iters/s

running (06m13.9s), 013/117 VUs, 672980 complete and 0 interrupted iterations
cap_mixed   [  62% ] 013/117 VUs  06m13.9s/10m0s  1800.00 iters/s

running (06m14.9s), 012/117 VUs, 674781 complete and 0 interrupted iterations
cap_mixed   [  62% ] 012/117 VUs  06m14.9s/10m0s  1800.00 iters/s

running (06m15.9s), 012/117 VUs, 676581 complete and 0 interrupted iterations
cap_mixed   [  63% ] 012/117 VUs  06m15.9s/10m0s  1800.00 iters/s

running (06m16.9s), 012/117 VUs, 678381 complete and 0 interrupted iterations
cap_mixed   [  63% ] 012/117 VUs  06m16.9s/10m0s  1800.00 iters/s

running (06m17.9s), 012/117 VUs, 680181 complete and 0 interrupted iterations
cap_mixed   [  63% ] 012/117 VUs  06m17.9s/10m0s  1800.00 iters/s

running (06m18.9s), 020/117 VUs, 681973 complete and 0 interrupted iterations
cap_mixed   [  63% ] 020/117 VUs  06m18.9s/10m0s  1800.00 iters/s

running (06m19.9s), 020/117 VUs, 683773 complete and 0 interrupted iterations
cap_mixed   [  63% ] 020/117 VUs  06m19.9s/10m0s  1800.00 iters/s

running (06m20.9s), 013/117 VUs, 685580 complete and 0 interrupted iterations
cap_mixed   [  63% ] 013/117 VUs  06m20.9s/10m0s  1800.00 iters/s

running (06m21.9s), 016/117 VUs, 687377 complete and 0 interrupted iterations
cap_mixed   [  64% ] 016/117 VUs  06m21.9s/10m0s  1800.00 iters/s

running (06m22.9s), 011/117 VUs, 689182 complete and 0 interrupted iterations
cap_mixed   [  64% ] 011/117 VUs  06m22.9s/10m0s  1800.00 iters/s

running (06m23.9s), 010/117 VUs, 690983 complete and 0 interrupted iterations
cap_mixed   [  64% ] 010/117 VUs  06m23.9s/10m0s  1800.00 iters/s

running (06m24.9s), 010/117 VUs, 692783 complete and 0 interrupted iterations
cap_mixed   [  64% ] 010/117 VUs  06m24.9s/10m0s  1800.00 iters/s

running (06m25.9s), 010/117 VUs, 694583 complete and 0 interrupted iterations
cap_mixed   [  64% ] 010/117 VUs  06m25.9s/10m0s  1800.00 iters/s

running (06m26.9s), 009/117 VUs, 696384 complete and 0 interrupted iterations
cap_mixed   [  64% ] 009/117 VUs  06m26.9s/10m0s  1800.00 iters/s

running (06m27.9s), 011/117 VUs, 698183 complete and 0 interrupted iterations
cap_mixed   [  65% ] 011/117 VUs  06m27.9s/10m0s  1800.00 iters/s

running (06m28.9s), 011/117 VUs, 699982 complete and 0 interrupted iterations
cap_mixed   [  65% ] 011/117 VUs  06m28.9s/10m0s  1800.00 iters/s

running (06m29.9s), 013/117 VUs, 701780 complete and 0 interrupted iterations
cap_mixed   [  65% ] 013/117 VUs  06m29.9s/10m0s  1800.00 iters/s

running (06m30.9s), 013/117 VUs, 703580 complete and 0 interrupted iterations
cap_mixed   [  65% ] 013/117 VUs  06m30.9s/10m0s  1800.00 iters/s

running (06m31.9s), 023/117 VUs, 705370 complete and 0 interrupted iterations
cap_mixed   [  65% ] 023/117 VUs  06m31.9s/10m0s  1800.00 iters/s

running (06m32.9s), 019/117 VUs, 707173 complete and 0 interrupted iterations
cap_mixed   [  65% ] 019/117 VUs  06m32.9s/10m0s  1800.00 iters/s

running (06m33.9s), 013/117 VUs, 708980 complete and 0 interrupted iterations
cap_mixed   [  66% ] 013/117 VUs  06m33.9s/10m0s  1800.00 iters/s

running (06m34.9s), 012/117 VUs, 710781 complete and 0 interrupted iterations
cap_mixed   [  66% ] 012/117 VUs  06m34.9s/10m0s  1800.00 iters/s

running (06m35.9s), 012/117 VUs, 712581 complete and 0 interrupted iterations
cap_mixed   [  66% ] 012/117 VUs  06m35.9s/10m0s  1800.00 iters/s

running (06m36.9s), 021/117 VUs, 714372 complete and 0 interrupted iterations
cap_mixed   [  66% ] 021/117 VUs  06m36.9s/10m0s  1800.00 iters/s

running (06m37.9s), 009/117 VUs, 716184 complete and 0 interrupted iterations
cap_mixed   [  66% ] 009/117 VUs  06m37.9s/10m0s  1800.00 iters/s

running (06m38.9s), 015/117 VUs, 717978 complete and 0 interrupted iterations
cap_mixed   [  66% ] 015/117 VUs  06m38.9s/10m0s  1800.00 iters/s

running (06m39.9s), 008/117 VUs, 719785 complete and 0 interrupted iterations
cap_mixed   [  67% ] 008/117 VUs  06m39.9s/10m0s  1800.00 iters/s

running (06m40.9s), 009/117 VUs, 721582 complete and 0 interrupted iterations
cap_mixed   [  67% ] 009/117 VUs  06m40.9s/10m0s  1800.00 iters/s

running (06m41.9s), 016/117 VUs, 723377 complete and 0 interrupted iterations
cap_mixed   [  67% ] 016/117 VUs  06m41.9s/10m0s  1800.00 iters/s

running (06m42.9s), 006/117 VUs, 725187 complete and 0 interrupted iterations
cap_mixed   [  67% ] 006/117 VUs  06m42.9s/10m0s  1800.00 iters/s

running (06m43.9s), 012/117 VUs, 726981 complete and 0 interrupted iterations
cap_mixed   [  67% ] 012/117 VUs  06m43.9s/10m0s  1800.00 iters/s

running (06m44.9s), 016/117 VUs, 728777 complete and 0 interrupted iterations
cap_mixed   [  67% ] 016/117 VUs  06m44.9s/10m0s  1800.00 iters/s

running (06m45.9s), 018/117 VUs, 730575 complete and 0 interrupted iterations
cap_mixed   [  68% ] 018/117 VUs  06m45.9s/10m0s  1800.00 iters/s

running (06m46.9s), 018/117 VUs, 732375 complete and 0 interrupted iterations
cap_mixed   [  68% ] 018/117 VUs  06m46.9s/10m0s  1800.00 iters/s

running (06m47.9s), 016/117 VUs, 734177 complete and 0 interrupted iterations
cap_mixed   [  68% ] 016/117 VUs  06m47.9s/10m0s  1800.00 iters/s

running (06m48.9s), 012/117 VUs, 735981 complete and 0 interrupted iterations
cap_mixed   [  68% ] 012/117 VUs  06m48.9s/10m0s  1800.00 iters/s

running (06m49.9s), 015/117 VUs, 737778 complete and 0 interrupted iterations
cap_mixed   [  68% ] 015/117 VUs  06m49.9s/10m0s  1800.00 iters/s

running (06m50.9s), 014/117 VUs, 739579 complete and 0 interrupted iterations
cap_mixed   [  68% ] 014/117 VUs  06m50.9s/10m0s  1800.00 iters/s

running (06m51.9s), 009/117 VUs, 741384 complete and 0 interrupted iterations
cap_mixed   [  69% ] 009/117 VUs  06m51.9s/10m0s  1800.00 iters/s

running (06m52.9s), 012/117 VUs, 743181 complete and 0 interrupted iterations
cap_mixed   [  69% ] 012/117 VUs  06m52.9s/10m0s  1800.00 iters/s

running (06m53.9s), 028/117 VUs, 744965 complete and 0 interrupted iterations
cap_mixed   [  69% ] 028/117 VUs  06m53.9s/10m0s  1800.00 iters/s

running (06m54.9s), 013/117 VUs, 746780 complete and 0 interrupted iterations
cap_mixed   [  69% ] 013/117 VUs  06m54.9s/10m0s  1800.00 iters/s

running (06m55.9s), 016/117 VUs, 748577 complete and 0 interrupted iterations
cap_mixed   [  69% ] 016/117 VUs  06m55.9s/10m0s  1800.00 iters/s

running (06m56.9s), 019/117 VUs, 750374 complete and 0 interrupted iterations
cap_mixed   [  69% ] 018/117 VUs  06m56.9s/10m0s  1800.00 iters/s

running (06m57.9s), 020/117 VUs, 752173 complete and 0 interrupted iterations
cap_mixed   [  70% ] 020/117 VUs  06m57.9s/10m0s  1800.00 iters/s

running (06m58.9s), 019/117 VUs, 753973 complete and 0 interrupted iterations
cap_mixed   [  70% ] 020/117 VUs  06m58.9s/10m0s  1800.00 iters/s

running (06m59.9s), 020/117 VUs, 755773 complete and 0 interrupted iterations
cap_mixed   [  70% ] 020/117 VUs  06m59.9s/10m0s  1800.00 iters/s

running (07m00.9s), 014/117 VUs, 757579 complete and 0 interrupted iterations
cap_mixed   [  70% ] 014/117 VUs  07m00.9s/10m0s  1800.00 iters/s

running (07m01.9s), 010/117 VUs, 759383 complete and 0 interrupted iterations
cap_mixed   [  70% ] 010/117 VUs  07m01.9s/10m0s  1800.00 iters/s

running (07m02.9s), 015/117 VUs, 761179 complete and 0 interrupted iterations
cap_mixed   [  70% ] 015/117 VUs  07m02.9s/10m0s  1800.00 iters/s

running (07m03.9s), 018/117 VUs, 762976 complete and 0 interrupted iterations
cap_mixed   [  71% ] 018/117 VUs  07m03.9s/10m0s  1800.00 iters/s

running (07m04.9s), 014/117 VUs, 764779 complete and 0 interrupted iterations
cap_mixed   [  71% ] 014/117 VUs  07m04.9s/10m0s  1800.00 iters/s

running (07m05.9s), 014/117 VUs, 766579 complete and 0 interrupted iterations
cap_mixed   [  71% ] 014/117 VUs  07m05.9s/10m0s  1800.00 iters/s

running (07m06.9s), 015/117 VUs, 768377 complete and 0 interrupted iterations
cap_mixed   [  71% ] 015/117 VUs  07m06.9s/10m0s  1800.00 iters/s

running (07m07.9s), 010/117 VUs, 770182 complete and 0 interrupted iterations
cap_mixed   [  71% ] 010/117 VUs  07m07.9s/10m0s  1800.00 iters/s

running (07m08.9s), 014/117 VUs, 771979 complete and 0 interrupted iterations
cap_mixed   [  71% ] 014/117 VUs  07m08.9s/10m0s  1800.00 iters/s

running (07m09.9s), 017/117 VUs, 773776 complete and 0 interrupted iterations
cap_mixed   [  72% ] 017/117 VUs  07m09.9s/10m0s  1800.00 iters/s

running (07m10.9s), 009/117 VUs, 775584 complete and 0 interrupted iterations
cap_mixed   [  72% ] 009/117 VUs  07m10.9s/10m0s  1800.00 iters/s

running (07m11.9s), 016/117 VUs, 777377 complete and 0 interrupted iterations
cap_mixed   [  72% ] 016/117 VUs  07m11.9s/10m0s  1800.00 iters/s

running (07m12.9s), 012/117 VUs, 779181 complete and 0 interrupted iterations
cap_mixed   [  72% ] 012/117 VUs  07m12.9s/10m0s  1800.00 iters/s

running (07m13.9s), 011/117 VUs, 780982 complete and 0 interrupted iterations
cap_mixed   [  72% ] 011/117 VUs  07m13.9s/10m0s  1800.00 iters/s

running (07m14.9s), 017/117 VUs, 782776 complete and 0 interrupted iterations
cap_mixed   [  72% ] 017/117 VUs  07m14.9s/10m0s  1800.00 iters/s

running (07m15.9s), 014/117 VUs, 784579 complete and 0 interrupted iterations
cap_mixed   [  73% ] 014/117 VUs  07m15.9s/10m0s  1800.00 iters/s

running (07m16.9s), 013/117 VUs, 786380 complete and 0 interrupted iterations
cap_mixed   [  73% ] 013/117 VUs  07m16.9s/10m0s  1800.00 iters/s

running (07m18.0s), 019/117 VUs, 788175 complete and 0 interrupted iterations
cap_mixed   [  73% ] 019/117 VUs  07m18.0s/10m0s  1800.00 iters/s

running (07m18.9s), 012/117 VUs, 789981 complete and 0 interrupted iterations
cap_mixed   [  73% ] 013/117 VUs  07m18.9s/10m0s  1800.00 iters/s

running (07m19.9s), 010/117 VUs, 791783 complete and 0 interrupted iterations
cap_mixed   [  73% ] 010/117 VUs  07m19.9s/10m0s  1800.00 iters/s

running (07m20.9s), 014/117 VUs, 793579 complete and 0 interrupted iterations
cap_mixed   [  73% ] 014/117 VUs  07m20.9s/10m0s  1800.00 iters/s

running (07m21.9s), 013/117 VUs, 795380 complete and 0 interrupted iterations
cap_mixed   [  74% ] 014/117 VUs  07m21.9s/10m0s  1800.00 iters/s

running (07m22.9s), 015/117 VUs, 797178 complete and 0 interrupted iterations
cap_mixed   [  74% ] 015/117 VUs  07m22.9s/10m0s  1800.00 iters/s

running (07m23.9s), 016/117 VUs, 798977 complete and 0 interrupted iterations
cap_mixed   [  74% ] 016/117 VUs  07m23.9s/10m0s  1800.00 iters/s

running (07m24.9s), 016/117 VUs, 800777 complete and 0 interrupted iterations
cap_mixed   [  74% ] 016/117 VUs  07m24.9s/10m0s  1800.00 iters/s

running (07m25.9s), 012/117 VUs, 802582 complete and 0 interrupted iterations
cap_mixed   [  74% ] 012/117 VUs  07m25.9s/10m0s  1800.00 iters/s

running (07m26.9s), 014/117 VUs, 804379 complete and 0 interrupted iterations
cap_mixed   [  74% ] 014/117 VUs  07m26.9s/10m0s  1800.00 iters/s

running (07m27.9s), 014/117 VUs, 806179 complete and 0 interrupted iterations
cap_mixed   [  75% ] 014/117 VUs  07m27.9s/10m0s  1800.00 iters/s

running (07m28.9s), 018/117 VUs, 807976 complete and 0 interrupted iterations
cap_mixed   [  75% ] 018/117 VUs  07m28.9s/10m0s  1800.00 iters/s

running (07m29.9s), 015/117 VUs, 809778 complete and 0 interrupted iterations
cap_mixed   [  75% ] 015/117 VUs  07m29.9s/10m0s  1800.00 iters/s

running (07m30.9s), 010/117 VUs, 811583 complete and 0 interrupted iterations
cap_mixed   [  75% ] 010/117 VUs  07m30.9s/10m0s  1800.00 iters/s

running (07m31.9s), 011/117 VUs, 813382 complete and 0 interrupted iterations
cap_mixed   [  75% ] 011/117 VUs  07m31.9s/10m0s  1800.00 iters/s

running (07m32.9s), 015/117 VUs, 815178 complete and 0 interrupted iterations
cap_mixed   [  75% ] 015/117 VUs  07m32.9s/10m0s  1800.00 iters/s

running (07m33.9s), 018/117 VUs, 816976 complete and 0 interrupted iterations
cap_mixed   [  76% ] 018/117 VUs  07m33.9s/10m0s  1800.00 iters/s

running (07m34.9s), 016/117 VUs, 818777 complete and 0 interrupted iterations
cap_mixed   [  76% ] 016/117 VUs  07m34.9s/10m0s  1800.00 iters/s

running (07m35.9s), 016/117 VUs, 820577 complete and 0 interrupted iterations
cap_mixed   [  76% ] 016/117 VUs  07m35.9s/10m0s  1800.00 iters/s

running (07m36.9s), 012/117 VUs, 822381 complete and 0 interrupted iterations
cap_mixed   [  76% ] 012/117 VUs  07m36.9s/10m0s  1800.00 iters/s

running (07m37.9s), 016/117 VUs, 824178 complete and 0 interrupted iterations
cap_mixed   [  76% ] 016/117 VUs  07m37.9s/10m0s  1800.00 iters/s

running (07m38.9s), 013/117 VUs, 825981 complete and 0 interrupted iterations
cap_mixed   [  76% ] 013/117 VUs  07m38.9s/10m0s  1800.00 iters/s

running (07m39.9s), 013/117 VUs, 827780 complete and 0 interrupted iterations
cap_mixed   [  77% ] 013/117 VUs  07m39.9s/10m0s  1800.00 iters/s

running (07m40.9s), 015/117 VUs, 829578 complete and 0 interrupted iterations
cap_mixed   [  77% ] 015/117 VUs  07m40.9s/10m0s  1800.00 iters/s

running (07m41.9s), 012/117 VUs, 831381 complete and 0 interrupted iterations
cap_mixed   [  77% ] 012/117 VUs  07m41.9s/10m0s  1800.00 iters/s

running (07m42.9s), 015/117 VUs, 833178 complete and 0 interrupted iterations
cap_mixed   [  77% ] 015/117 VUs  07m42.9s/10m0s  1800.00 iters/s

running (07m43.9s), 009/117 VUs, 834984 complete and 0 interrupted iterations
cap_mixed   [  77% ] 009/117 VUs  07m43.9s/10m0s  1800.00 iters/s

running (07m44.9s), 014/117 VUs, 836779 complete and 0 interrupted iterations
cap_mixed   [  77% ] 014/117 VUs  07m44.9s/10m0s  1800.00 iters/s

running (07m45.9s), 026/117 VUs, 838567 complete and 0 interrupted iterations
cap_mixed   [  78% ] 026/117 VUs  07m45.9s/10m0s  1800.00 iters/s

running (07m46.9s), 017/117 VUs, 840376 complete and 0 interrupted iterations
cap_mixed   [  78% ] 017/117 VUs  07m46.9s/10m0s  1800.00 iters/s

running (07m47.9s), 019/117 VUs, 842175 complete and 0 interrupted iterations
cap_mixed   [  78% ] 019/117 VUs  07m47.9s/10m0s  1800.00 iters/s

running (07m48.9s), 012/117 VUs, 843981 complete and 0 interrupted iterations
cap_mixed   [  78% ] 012/117 VUs  07m48.9s/10m0s  1800.00 iters/s

running (07m49.9s), 015/117 VUs, 845778 complete and 0 interrupted iterations
cap_mixed   [  78% ] 015/117 VUs  07m49.9s/10m0s  1800.00 iters/s

running (07m50.9s), 023/117 VUs, 847570 complete and 0 interrupted iterations
cap_mixed   [  78% ] 023/117 VUs  07m50.9s/10m0s  1800.00 iters/s

running (07m51.9s), 016/117 VUs, 849377 complete and 0 interrupted iterations
cap_mixed   [  79% ] 016/117 VUs  07m51.9s/10m0s  1800.00 iters/s

running (07m52.9s), 020/117 VUs, 851173 complete and 0 interrupted iterations
cap_mixed   [  79% ] 020/117 VUs  07m52.9s/10m0s  1800.00 iters/s

running (07m53.9s), 011/117 VUs, 852982 complete and 0 interrupted iterations
cap_mixed   [  79% ] 011/117 VUs  07m53.9s/10m0s  1800.00 iters/s

running (07m54.9s), 012/117 VUs, 854782 complete and 0 interrupted iterations
cap_mixed   [  79% ] 012/117 VUs  07m54.9s/10m0s  1800.00 iters/s

running (07m55.9s), 011/117 VUs, 856582 complete and 0 interrupted iterations
cap_mixed   [  79% ] 011/117 VUs  07m55.9s/10m0s  1800.00 iters/s

running (07m56.9s), 015/117 VUs, 858378 complete and 0 interrupted iterations
cap_mixed   [  79% ] 015/117 VUs  07m56.9s/10m0s  1800.00 iters/s

running (07m57.9s), 012/117 VUs, 860182 complete and 0 interrupted iterations
cap_mixed   [  80% ] 012/117 VUs  07m57.9s/10m0s  1800.00 iters/s

running (07m58.9s), 013/117 VUs, 861980 complete and 0 interrupted iterations
cap_mixed   [  80% ] 013/117 VUs  07m58.9s/10m0s  1800.00 iters/s

running (07m59.9s), 013/117 VUs, 863780 complete and 0 interrupted iterations
cap_mixed   [  80% ] 013/117 VUs  07m59.9s/10m0s  1800.00 iters/s

running (08m00.9s), 012/117 VUs, 865581 complete and 0 interrupted iterations
cap_mixed   [  80% ] 012/117 VUs  08m00.9s/10m0s  1800.00 iters/s

running (08m01.9s), 008/119 VUs, 867370 complete and 0 interrupted iterations
cap_mixed   [  80% ] 008/119 VUs  08m01.9s/10m0s  1800.00 iters/s

running (08m02.9s), 011/119 VUs, 869168 complete and 0 interrupted iterations
cap_mixed   [  80% ] 011/119 VUs  08m02.9s/10m0s  1800.00 iters/s

running (08m03.9s), 010/119 VUs, 870969 complete and 0 interrupted iterations
cap_mixed   [  81% ] 010/119 VUs  08m03.9s/10m0s  1800.00 iters/s

running (08m04.9s), 012/119 VUs, 872766 complete and 0 interrupted iterations
cap_mixed   [  81% ] 012/119 VUs  08m04.9s/10m0s  1800.00 iters/s

running (08m05.9s), 012/119 VUs, 874566 complete and 0 interrupted iterations
cap_mixed   [  81% ] 012/119 VUs  08m05.9s/10m0s  1800.00 iters/s

running (08m06.9s), 011/119 VUs, 876367 complete and 0 interrupted iterations
cap_mixed   [  81% ] 011/119 VUs  08m06.9s/10m0s  1800.00 iters/s

running (08m07.9s), 014/119 VUs, 878164 complete and 0 interrupted iterations
cap_mixed   [  81% ] 014/119 VUs  08m07.9s/10m0s  1800.00 iters/s

running (08m08.9s), 017/119 VUs, 879961 complete and 0 interrupted iterations
cap_mixed   [  81% ] 017/119 VUs  08m08.9s/10m0s  1800.00 iters/s

running (08m09.9s), 013/119 VUs, 881765 complete and 0 interrupted iterations
cap_mixed   [  82% ] 013/119 VUs  08m09.9s/10m0s  1800.00 iters/s

running (08m11.0s), 016/119 VUs, 883563 complete and 0 interrupted iterations
cap_mixed   [  82% ] 016/119 VUs  08m10.9s/10m0s  1800.00 iters/s

running (08m11.9s), 013/119 VUs, 885365 complete and 0 interrupted iterations
cap_mixed   [  82% ] 013/119 VUs  08m11.9s/10m0s  1800.00 iters/s

running (08m12.9s), 009/119 VUs, 887169 complete and 0 interrupted iterations
cap_mixed   [  82% ] 009/119 VUs  08m12.9s/10m0s  1800.00 iters/s

running (08m13.9s), 006/119 VUs, 888972 complete and 0 interrupted iterations
cap_mixed   [  82% ] 006/119 VUs  08m13.9s/10m0s  1800.00 iters/s

running (08m14.9s), 008/119 VUs, 890770 complete and 0 interrupted iterations
cap_mixed   [  82% ] 008/119 VUs  08m14.9s/10m0s  1800.00 iters/s

running (08m15.9s), 008/119 VUs, 892570 complete and 0 interrupted iterations
cap_mixed   [  83% ] 008/119 VUs  08m15.9s/10m0s  1800.00 iters/s

running (08m16.9s), 012/119 VUs, 894366 complete and 0 interrupted iterations
cap_mixed   [  83% ] 012/119 VUs  08m16.9s/10m0s  1800.00 iters/s

running (08m17.9s), 012/119 VUs, 896166 complete and 0 interrupted iterations
cap_mixed   [  83% ] 012/119 VUs  08m17.9s/10m0s  1800.00 iters/s

running (08m18.9s), 010/119 VUs, 897968 complete and 0 interrupted iterations
cap_mixed   [  83% ] 010/119 VUs  08m18.9s/10m0s  1800.00 iters/s

running (08m19.9s), 010/119 VUs, 899768 complete and 0 interrupted iterations
cap_mixed   [  83% ] 010/119 VUs  08m19.9s/10m0s  1800.00 iters/s

running (08m20.9s), 015/119 VUs, 901562 complete and 0 interrupted iterations
cap_mixed   [  83% ] 015/119 VUs  08m20.9s/10m0s  1800.00 iters/s

running (08m21.9s), 008/119 VUs, 903370 complete and 0 interrupted iterations
cap_mixed   [  84% ] 008/119 VUs  08m21.9s/10m0s  1800.00 iters/s

running (08m22.9s), 009/119 VUs, 905169 complete and 0 interrupted iterations
cap_mixed   [  84% ] 009/119 VUs  08m22.9s/10m0s  1800.00 iters/s

running (08m23.9s), 013/119 VUs, 906965 complete and 0 interrupted iterations
cap_mixed   [  84% ] 013/119 VUs  08m23.9s/10m0s  1800.00 iters/s

running (08m24.9s), 008/119 VUs, 908770 complete and 0 interrupted iterations
cap_mixed   [  84% ] 008/119 VUs  08m24.9s/10m0s  1800.00 iters/s

running (08m25.9s), 009/119 VUs, 910569 complete and 0 interrupted iterations
cap_mixed   [  84% ] 009/119 VUs  08m25.9s/10m0s  1800.00 iters/s

running (08m26.9s), 015/119 VUs, 912364 complete and 0 interrupted iterations
cap_mixed   [  84% ] 015/119 VUs  08m26.9s/10m0s  1800.00 iters/s

running (08m27.9s), 014/119 VUs, 914164 complete and 0 interrupted iterations
cap_mixed   [  85% ] 014/119 VUs  08m27.9s/10m0s  1800.00 iters/s

running (08m28.9s), 014/119 VUs, 915964 complete and 0 interrupted iterations
cap_mixed   [  85% ] 013/119 VUs  08m28.9s/10m0s  1800.00 iters/s

running (08m29.9s), 012/119 VUs, 917766 complete and 0 interrupted iterations
cap_mixed   [  85% ] 012/119 VUs  08m29.9s/10m0s  1800.00 iters/s

running (08m30.9s), 011/119 VUs, 919567 complete and 0 interrupted iterations
cap_mixed   [  85% ] 011/119 VUs  08m30.9s/10m0s  1800.00 iters/s

running (08m31.9s), 013/119 VUs, 921365 complete and 0 interrupted iterations
cap_mixed   [  85% ] 014/119 VUs  08m31.9s/10m0s  1800.00 iters/s

running (08m32.9s), 014/119 VUs, 923164 complete and 0 interrupted iterations
cap_mixed   [  85% ] 014/119 VUs  08m32.9s/10m0s  1800.00 iters/s

running (08m33.9s), 010/119 VUs, 924968 complete and 0 interrupted iterations
cap_mixed   [  86% ] 010/119 VUs  08m33.9s/10m0s  1800.00 iters/s

running (08m34.9s), 016/119 VUs, 926762 complete and 0 interrupted iterations
cap_mixed   [  86% ] 016/119 VUs  08m34.9s/10m0s  1800.00 iters/s

running (08m35.9s), 015/119 VUs, 928563 complete and 0 interrupted iterations
cap_mixed   [  86% ] 015/119 VUs  08m35.9s/10m0s  1800.00 iters/s

running (08m36.9s), 008/119 VUs, 930371 complete and 0 interrupted iterations
cap_mixed   [  86% ] 008/119 VUs  08m36.9s/10m0s  1800.00 iters/s

running (08m37.9s), 018/119 VUs, 932160 complete and 0 interrupted iterations
cap_mixed   [  86% ] 018/119 VUs  08m37.9s/10m0s  1800.00 iters/s

running (08m38.9s), 011/120 VUs, 933963 complete and 0 interrupted iterations
cap_mixed   [  86% ] 011/120 VUs  08m38.9s/10m0s  1800.00 iters/s

running (08m39.9s), 018/120 VUs, 935755 complete and 0 interrupted iterations
cap_mixed   [  87% ] 018/120 VUs  08m39.9s/10m0s  1800.00 iters/s

running (08m40.9s), 016/120 VUs, 937557 complete and 0 interrupted iterations
cap_mixed   [  87% ] 016/120 VUs  08m40.9s/10m0s  1800.00 iters/s

running (08m41.9s), 008/120 VUs, 939365 complete and 0 interrupted iterations
cap_mixed   [  87% ] 008/120 VUs  08m41.9s/10m0s  1800.00 iters/s

running (08m42.9s), 014/120 VUs, 941159 complete and 0 interrupted iterations
cap_mixed   [  87% ] 014/120 VUs  08m42.9s/10m0s  1800.00 iters/s

running (08m43.9s), 013/120 VUs, 942960 complete and 0 interrupted iterations
cap_mixed   [  87% ] 013/120 VUs  08m43.9s/10m0s  1800.00 iters/s

running (08m44.9s), 013/120 VUs, 944761 complete and 0 interrupted iterations
cap_mixed   [  87% ] 013/120 VUs  08m44.9s/10m0s  1800.00 iters/s

running (08m45.9s), 008/120 VUs, 946565 complete and 0 interrupted iterations
cap_mixed   [  88% ] 008/120 VUs  08m45.9s/10m0s  1800.00 iters/s

running (08m46.9s), 011/120 VUs, 948362 complete and 0 interrupted iterations
cap_mixed   [  88% ] 011/120 VUs  08m46.9s/10m0s  1800.00 iters/s

running (08m47.9s), 009/120 VUs, 950164 complete and 0 interrupted iterations
cap_mixed   [  88% ] 009/120 VUs  08m47.9s/10m0s  1800.00 iters/s

running (08m48.9s), 020/120 VUs, 951953 complete and 0 interrupted iterations
cap_mixed   [  88% ] 020/120 VUs  08m48.9s/10m0s  1800.00 iters/s

running (08m49.9s), 021/120 VUs, 953752 complete and 0 interrupted iterations
cap_mixed   [  88% ] 021/120 VUs  08m49.9s/10m0s  1800.00 iters/s

running (08m50.9s), 014/120 VUs, 955559 complete and 0 interrupted iterations
cap_mixed   [  88% ] 014/120 VUs  08m50.9s/10m0s  1800.00 iters/s

running (08m51.9s), 018/120 VUs, 957355 complete and 0 interrupted iterations
cap_mixed   [  89% ] 018/120 VUs  08m51.9s/10m0s  1800.00 iters/s

running (08m52.9s), 015/120 VUs, 959158 complete and 0 interrupted iterations
cap_mixed   [  89% ] 015/120 VUs  08m52.9s/10m0s  1800.00 iters/s

running (08m53.9s), 008/120 VUs, 960965 complete and 0 interrupted iterations
cap_mixed   [  89% ] 008/120 VUs  08m53.9s/10m0s  1800.00 iters/s

running (08m54.9s), 012/120 VUs, 962761 complete and 0 interrupted iterations
cap_mixed   [  89% ] 012/120 VUs  08m54.9s/10m0s  1800.00 iters/s

running (08m55.9s), 016/120 VUs, 964557 complete and 0 interrupted iterations
cap_mixed   [  89% ] 016/120 VUs  08m55.9s/10m0s  1800.00 iters/s

running (08m56.9s), 011/120 VUs, 966362 complete and 0 interrupted iterations
cap_mixed   [  89% ] 011/120 VUs  08m56.9s/10m0s  1800.00 iters/s

running (08m57.9s), 017/120 VUs, 968156 complete and 0 interrupted iterations
cap_mixed   [  90% ] 017/120 VUs  08m57.9s/10m0s  1800.00 iters/s

running (08m58.9s), 011/120 VUs, 969962 complete and 0 interrupted iterations
cap_mixed   [  90% ] 011/120 VUs  08m58.9s/10m0s  1800.00 iters/s

running (08m59.9s), 012/120 VUs, 971761 complete and 0 interrupted iterations
cap_mixed   [  90% ] 012/120 VUs  08m59.9s/10m0s  1800.00 iters/s

running (09m00.9s), 010/120 VUs, 973563 complete and 0 interrupted iterations
cap_mixed   [  90% ] 010/120 VUs  09m00.9s/10m0s  1800.00 iters/s

running (09m01.9s), 015/120 VUs, 975359 complete and 0 interrupted iterations
cap_mixed   [  90% ] 015/120 VUs  09m01.9s/10m0s  1800.00 iters/s

running (09m02.9s), 017/120 VUs, 977156 complete and 0 interrupted iterations
cap_mixed   [  90% ] 017/120 VUs  09m02.9s/10m0s  1800.00 iters/s

running (09m03.9s), 008/120 VUs, 978965 complete and 0 interrupted iterations
cap_mixed   [  91% ] 008/120 VUs  09m03.9s/10m0s  1800.00 iters/s

running (09m04.9s), 010/120 VUs, 980762 complete and 0 interrupted iterations
cap_mixed   [  91% ] 010/120 VUs  09m04.9s/10m0s  1800.00 iters/s

running (09m05.9s), 015/120 VUs, 982558 complete and 0 interrupted iterations
cap_mixed   [  91% ] 015/120 VUs  09m05.9s/10m0s  1800.00 iters/s

running (09m06.9s), 012/120 VUs, 984361 complete and 0 interrupted iterations
cap_mixed   [  91% ] 012/120 VUs  09m06.9s/10m0s  1800.00 iters/s

running (09m07.9s), 015/120 VUs, 986158 complete and 0 interrupted iterations
cap_mixed   [  91% ] 015/120 VUs  09m07.9s/10m0s  1800.00 iters/s

running (09m08.9s), 011/120 VUs, 987963 complete and 0 interrupted iterations
cap_mixed   [  91% ] 011/120 VUs  09m08.9s/10m0s  1800.00 iters/s

running (09m09.9s), 011/120 VUs, 989762 complete and 0 interrupted iterations
cap_mixed   [  92% ] 011/120 VUs  09m09.9s/10m0s  1800.00 iters/s

running (09m10.9s), 014/120 VUs, 991559 complete and 0 interrupted iterations
cap_mixed   [  92% ] 014/120 VUs  09m10.9s/10m0s  1800.00 iters/s

running (09m11.9s), 011/120 VUs, 993363 complete and 0 interrupted iterations
cap_mixed   [  92% ] 011/120 VUs  09m11.9s/10m0s  1800.00 iters/s

running (09m12.9s), 009/120 VUs, 995165 complete and 0 interrupted iterations
cap_mixed   [  92% ] 009/120 VUs  09m12.9s/10m0s  1800.00 iters/s

running (09m13.9s), 015/120 VUs, 996958 complete and 0 interrupted iterations
cap_mixed   [  92% ] 015/120 VUs  09m13.9s/10m0s  1800.00 iters/s

running (09m14.9s), 015/120 VUs, 998758 complete and 0 interrupted iterations
cap_mixed   [  92% ] 015/120 VUs  09m14.9s/10m0s  1800.00 iters/s

running (09m15.9s), 014/120 VUs, 1000559 complete and 0 interrupted iterations
cap_mixed   [  93% ] 014/120 VUs  09m15.9s/10m0s  1800.00 iters/s

running (09m16.9s), 007/120 VUs, 1002366 complete and 0 interrupted iterations
cap_mixed   [  93% ] 007/120 VUs  09m16.9s/10m0s  1800.00 iters/s

running (09m17.9s), 016/120 VUs, 1004157 complete and 0 interrupted iterations
cap_mixed   [  93% ] 016/120 VUs  09m17.9s/10m0s  1800.00 iters/s

running (09m18.9s), 018/120 VUs, 1005956 complete and 0 interrupted iterations
cap_mixed   [  93% ] 018/120 VUs  09m18.9s/10m0s  1800.00 iters/s

running (09m19.9s), 010/120 VUs, 1007762 complete and 0 interrupted iterations
cap_mixed   [  93% ] 010/120 VUs  09m19.9s/10m0s  1800.00 iters/s

running (09m20.9s), 014/120 VUs, 1009560 complete and 0 interrupted iterations
cap_mixed   [  93% ] 014/120 VUs  09m20.9s/10m0s  1800.00 iters/s

running (09m21.9s), 012/120 VUs, 1011361 complete and 0 interrupted iterations
cap_mixed   [  94% ] 012/120 VUs  09m21.9s/10m0s  1800.00 iters/s

running (09m22.9s), 015/120 VUs, 1013158 complete and 0 interrupted iterations
cap_mixed   [  94% ] 015/120 VUs  09m22.9s/10m0s  1800.00 iters/s

running (09m23.9s), 011/120 VUs, 1014963 complete and 0 interrupted iterations
cap_mixed   [  94% ] 011/120 VUs  09m23.9s/10m0s  1800.00 iters/s

running (09m24.9s), 017/120 VUs, 1016757 complete and 0 interrupted iterations
cap_mixed   [  94% ] 017/120 VUs  09m24.9s/10m0s  1800.00 iters/s

running (09m25.9s), 008/120 VUs, 1018565 complete and 0 interrupted iterations
cap_mixed   [  94% ] 009/120 VUs  09m25.9s/10m0s  1800.00 iters/s

running (09m26.9s), 017/120 VUs, 1020356 complete and 0 interrupted iterations
cap_mixed   [  94% ] 017/120 VUs  09m26.9s/10m0s  1800.00 iters/s

running (09m27.9s), 012/120 VUs, 1022161 complete and 0 interrupted iterations
cap_mixed   [  95% ] 012/120 VUs  09m27.9s/10m0s  1800.00 iters/s

running (09m28.9s), 008/120 VUs, 1023965 complete and 0 interrupted iterations
cap_mixed   [  95% ] 009/120 VUs  09m28.9s/10m0s  1800.00 iters/s

running (09m29.9s), 010/120 VUs, 1025763 complete and 0 interrupted iterations
cap_mixed   [  95% ] 010/120 VUs  09m29.9s/10m0s  1800.00 iters/s

running (09m30.9s), 012/120 VUs, 1027561 complete and 0 interrupted iterations
cap_mixed   [  95% ] 012/120 VUs  09m30.9s/10m0s  1800.00 iters/s

running (09m31.9s), 013/120 VUs, 1029361 complete and 0 interrupted iterations
cap_mixed   [  95% ] 013/120 VUs  09m31.9s/10m0s  1800.00 iters/s

running (09m32.9s), 017/120 VUs, 1031156 complete and 0 interrupted iterations
cap_mixed   [  95% ] 017/120 VUs  09m32.9s/10m0s  1800.00 iters/s

running (09m33.9s), 015/120 VUs, 1032959 complete and 0 interrupted iterations
cap_mixed   [  96% ] 015/120 VUs  09m33.9s/10m0s  1800.00 iters/s

running (09m34.9s), 013/120 VUs, 1034760 complete and 0 interrupted iterations
cap_mixed   [  96% ] 013/120 VUs  09m34.9s/10m0s  1800.00 iters/s

running (09m35.9s), 017/120 VUs, 1036557 complete and 0 interrupted iterations
cap_mixed   [  96% ] 017/120 VUs  09m35.9s/10m0s  1800.00 iters/s

running (09m36.9s), 014/120 VUs, 1038359 complete and 0 interrupted iterations
cap_mixed   [  96% ] 014/120 VUs  09m36.9s/10m0s  1800.00 iters/s

running (09m37.9s), 009/120 VUs, 1040164 complete and 0 interrupted iterations
cap_mixed   [  96% ] 009/120 VUs  09m37.9s/10m0s  1800.00 iters/s

running (09m38.9s), 015/120 VUs, 1041958 complete and 0 interrupted iterations
cap_mixed   [  96% ] 015/120 VUs  09m38.9s/10m0s  1800.00 iters/s

running (09m39.9s), 014/120 VUs, 1043760 complete and 0 interrupted iterations
cap_mixed   [  97% ] 014/120 VUs  09m39.9s/10m0s  1800.00 iters/s

running (09m40.9s), 009/120 VUs, 1045564 complete and 0 interrupted iterations
cap_mixed   [  97% ] 009/120 VUs  09m40.9s/10m0s  1800.00 iters/s

running (09m41.9s), 013/120 VUs, 1047361 complete and 0 interrupted iterations
cap_mixed   [  97% ] 013/120 VUs  09m41.9s/10m0s  1800.00 iters/s

running (09m42.9s), 012/120 VUs, 1049161 complete and 0 interrupted iterations
cap_mixed   [  97% ] 012/120 VUs  09m42.9s/10m0s  1800.00 iters/s

running (09m43.9s), 012/120 VUs, 1050962 complete and 0 interrupted iterations
cap_mixed   [  97% ] 012/120 VUs  09m43.9s/10m0s  1800.00 iters/s

running (09m44.9s), 013/120 VUs, 1052760 complete and 0 interrupted iterations
cap_mixed   [  97% ] 013/120 VUs  09m44.9s/10m0s  1800.00 iters/s

running (09m45.9s), 010/120 VUs, 1054563 complete and 0 interrupted iterations
cap_mixed   [  98% ] 010/120 VUs  09m45.9s/10m0s  1800.00 iters/s

running (09m46.9s), 012/120 VUs, 1056361 complete and 0 interrupted iterations
cap_mixed   [  98% ] 012/120 VUs  09m46.9s/10m0s  1800.00 iters/s

running (09m47.9s), 013/120 VUs, 1058160 complete and 0 interrupted iterations
cap_mixed   [  98% ] 013/120 VUs  09m47.9s/10m0s  1800.00 iters/s

running (09m48.9s), 015/120 VUs, 1059959 complete and 0 interrupted iterations
cap_mixed   [  98% ] 015/120 VUs  09m48.9s/10m0s  1800.00 iters/s

running (09m49.9s), 021/120 VUs, 1061752 complete and 0 interrupted iterations
cap_mixed   [  98% ] 021/120 VUs  09m49.9s/10m0s  1800.00 iters/s

running (09m50.9s), 018/120 VUs, 1063555 complete and 0 interrupted iterations
cap_mixed   [  98% ] 018/120 VUs  09m50.9s/10m0s  1800.00 iters/s

running (09m51.9s), 013/120 VUs, 1065360 complete and 0 interrupted iterations
cap_mixed   [  99% ] 013/120 VUs  09m51.9s/10m0s  1800.00 iters/s

running (09m52.9s), 016/120 VUs, 1067158 complete and 0 interrupted iterations
cap_mixed   [  99% ] 016/120 VUs  09m52.9s/10m0s  1800.00 iters/s

running (09m53.9s), 013/120 VUs, 1068961 complete and 0 interrupted iterations
cap_mixed   [  99% ] 013/120 VUs  09m53.9s/10m0s  1800.00 iters/s

running (09m54.9s), 019/120 VUs, 1070754 complete and 0 interrupted iterations
cap_mixed   [  99% ] 019/120 VUs  09m54.9s/10m0s  1800.00 iters/s

running (09m55.9s), 015/120 VUs, 1072558 complete and 0 interrupted iterations
cap_mixed   [  99% ] 015/120 VUs  09m55.9s/10m0s  1800.00 iters/s

running (09m56.9s), 008/120 VUs, 1074365 complete and 0 interrupted iterations
cap_mixed   [  99% ] 008/120 VUs  09m56.9s/10m0s  1800.00 iters/s

running (09m57.9s), 014/120 VUs, 1076159 complete and 0 interrupted iterations
cap_mixed   [ 100% ] 014/120 VUs  09m57.9s/10m0s  1800.00 iters/s

running (09m58.9s), 011/120 VUs, 1077963 complete and 0 interrupted iterations
cap_mixed   [ 100% ] 011/120 VUs  09m58.9s/10m0s  1800.00 iters/s

running (09m59.9s), 008/120 VUs, 1079765 complete and 0 interrupted iterations
cap_mixed   [ 100% ] 008/120 VUs  09m59.9s/10m0s  1800.00 iters/s

running (10m00.0s), 000/120 VUs, 1079865 complete and 0 interrupted iterations
cap_mixed ✓ [ 100% ] 000/120 VUs  10m0s  1800.00 iters/s

running (10m00.0s), 000/120 VUs, 1079865 complete and 0 interrupted iterations
cap_mixed ✓ [ 100% ] 000/120 VUs  10m0s  1800.00 iters/s
seeded 256 perf users, clients, and 52000 flow vectors (scenario=cap_mixed, rate=1800/s)
capacity/cap_mixed: status=target_miss rps=2613.088 p95=10.968ms errors=0.0 db_calls=21409179
