RUN_ID=capsearch-mixed-2000rps-1790120745
DEPID=01a0ca09-3769-7372-8e81-f0299519626a RATE=2000 DUR_MAIN=600s DUR_SIDE=420s
start_utc=2026-09-22T23:45:45Z
--- tool digests (repo copy) ---
sha256 ledger.sql 24b9cb3fe8c249b9e65dacceb0e8e8b1da8ff29512c3e795e7bcea43f1ddabf2
sha256 soak_sampler.py b377f7b4aa16bee1e35e8b93af5989607ac1e127c28b50159e0f555c80cbf221
sha256 vkledger.py 9367851303b227157c004a7ad4251c9f05388c46d12e0f95116a1fbad913f82b
sha256 ledger_check.py aacf367b5458c42d83c8c17c187895f53aca54113b7dad5e69c2b7722c64fcd8
sha256 soak_run.sh a4db2bf7daaa62d4364ca30dab53228238a8779ad564c07bcfb7440922c8dea7
--- container-side digests ---
sampler unavailable
--- source ---
TEST_SOURCE_SHA=fd52b556370fa8d72ecfef35947bae8241e722e6
git_status_clean=no
--- image ---
app_image_id=sha256:2bfa9c824d29e91fdd4649b496957ba19b675854913eee327c3ba7bdd080b708
repo_digest=["nazoauth-perf-nazoauth@sha256:2bfa9c824d29e91fdd4649b496957ba19b675854913eee327c3ba7bdd080b708"]
base_image=nazoauth-perf-nazoauth
--- running binary ---
binary_path=/usr/local/bin/nazoauth
RUNNING_BINARY_SHA256=24d8067d395c624c7677e3d8c45d8e18c8be04182177bcb4d32ede17389fa0ae
--- postgres ---
pg_version=PostgreSQL 18.6 on x86_64-pc-linux-musl, compiled by gcc (Alpine 15.2.0) 15.2.0, 64-bit
pg_max_wal_size=8GB
pg_checkpoint_timeout=5min
pg_checkpoint_completion_target=0.9
pg_fsync=on
pg_synchronous_commit=on
pg_full_page_writes=on
pg_shared_buffers=128MB
pg_max_connections=100
--- migrations ---
MIGRATION_SET_SHA256=4b25e9660a74b4f62385336be5921e3636bc5c01ca3ca82ee1b8fead19f9d240
applied_migrations=84
PG_SCHEMA_SHA256=ce65074a17c92f41cb53a8d419bff3481ef380b55968fbef2b8df8a03d509816
--- valkey ---
valkey_redis_version:7.2.4
valkey_maxmemory=0
valkey_maxmemory_policy=noeviction
--- harness ---
k6=unavailable
python=Python 3.11.2
docker=Docker version 29.6.2, build dfc4efb
compose=5.3.1
--- host ---
cpu_model=AMD EPYC 9K65 192-Core Processor
logical_cpus=64
mem_kb=134217728
kernel=5.4.241-1-tlinux4-0025.10
rootfs=overlay git-clone-yyds
soak start 2026-09-22T23:45:46Z RUN_ID=capsearch-mixed-2000rps-1790120745 RATE=2000
ledger pre 23:45:46
check /workspace/perf-results/capsearch-mixed-2000rps-1790120745/ledger-pre.txt: PASS
vkledger pre: keys=202988 dbsize=202982
 Container soak-sampler-capsearch-mixed-2000rps-1790120745 Creating 
 Container soak-sampler-capsearch-mixed-2000rps-1790120745 Created 
ed6c683e3894dcd380c3d6c4824962250ef005a538afd7adb008ff293968c6e9
sampler started 23:45:57
runner rss sampler pid=17415 23:45:57
 Container soak-anchor-rcv-capsearch-mixed-2000rps-1790120745 Creating 
 Container soak-anchor-rcv-capsearch-mixed-2000rps-1790120745 Created 
d4c9d708b73c5b20ef2c7a2a699746379e47240e6c13ea0435bc09759854b08d
 Container soak-anchor-worker-capsearch-mixed-2000rps-1790120745 Creating 
 Container soak-anchor-worker-capsearch-mixed-2000rps-1790120745 Created 
27a44da749b9760dc7f150f8a01177866a18814d8d71bb33df9028881609fdf7
audit anchor worker+receiver started depid=01a0ca09-3769-7372-8e81-f0299519626a 23:46:01
audit health sampler pid=17697 23:46:01
main cap_mixed arrival=2000ops/s pid=17700 23:46:01
 Container soak-argon2-capsearch-mixed-2000rps-1790120745 Creating 
 Container soak-argon2-capsearch-mixed-2000rps-1790120745 Created 
94db5e8eb457f2102ae2aa58d66dfdebd365d8a86bcf0634fe4cbb7e2c908d6c
argon2 sidecar arrival=8/s started 23:48:01
 Container soak-meta-capsearch-mixed-2000rps-1790120745 Creating 
 Container soak-meta-capsearch-mixed-2000rps-1790120745 Created 
5ac0160301badeed158c0e8361f6e17fe60e162eabcaeca9789cf9322362ba31
meta sidecar arrival=200/s started 23:48:02
 Container soak-fapi-capsearch-mixed-2000rps-1790120745 Creating 
 Container soak-fapi-capsearch-mixed-2000rps-1790120745 Created 
fe44f2a31fbb7f2722600c903d8ba2b7bf4bf15f97293a0372681290fb1142a9
fapi sidecar arrival=30/s started 23:48:02
 Container soak-refresh-capsearch-mixed-2000rps-1790120745 Creating 
 Container soak-refresh-capsearch-mixed-2000rps-1790120745 Created 
2016d4f94b3fa65fd44d48c309794f60c29cacff4d019972b07a7fadbdbc3c7d
refresh sidecar arrival=600/s started 23:48:02
main finished 23:56:07
time="2026-09-23T07:56:47+08:00" level=warning msg="Found orphan containers (soak-refresh-capsearch-mixed-2000rps-1790120745, soak-fapi-capsearch-mixed-2000rps-1790120745, soak-meta-capsearch-mixed-2000rps-1790120745, soak-argon2-capsearch-mixed-2000rps-1790120745, soak-sampler-capsearch-mixed-2000rps-1790120745) for this project. If you removed or renamed this service in your compose file, you can run this command with the --remove-orphans flag to clean it up."
 Container nazoauth-perf-perf-run-4bda79ce36ad Creating 
 Container nazoauth-perf-perf-run-4bda79ce36ad Created 
sampler /workspace/perf-results/capsearch-mixed-2000rps-1790120745/soak-metrics.jsonl: PASS (59 rows)
ledger post 23:56:58
check /workspace/perf-results/capsearch-mixed-2000rps-1790120745/ledger-post.txt: PASS
end_utc=2026-09-22T23:57:08Z
SOAK_DONE RUN_ID=capsearch-mixed-2000rps-1790120745 2026-09-22T23:57:08Z
