RUN_ID=current-capacity-final-1900-30m
DEPID=01a0ca09-3769-7372-8e81-f0299519626a RATE=1900 DUR_MAIN=1800s DUR_SIDE=1800s
start_utc=2026-09-23T02:18:10Z
--- tool digests (repo copy) ---
sha256 ledger.sql 24b9cb3fe8c249b9e65dacceb0e8e8b1da8ff29512c3e795e7bcea43f1ddabf2
sha256 soak_sampler.py b377f7b4aa16bee1e35e8b93af5989607ac1e127c28b50159e0f555c80cbf221
sha256 vkledger.py 9367851303b227157c004a7ad4251c9f05388c46d12e0f95116a1fbad913f82b
sha256 ledger_check.py aacf367b5458c42d83c8c17c187895f53aca54113b7dad5e69c2b7722c64fcd8
sha256 soak_run.sh a4db2bf7daaa62d4364ca30dab53228238a8779ad564c07bcfb7440922c8dea7
--- container-side digests ---
sampler unavailable
--- source ---
TEST_SOURCE_SHA=822c44c81d9f10691753931c9c532b4b0266b314
git_status_clean=no
--- image ---
app_image_id=sha256:2bfa9c824d29e91fdd4649b496957ba19b675854913eee327c3ba7bdd080b708
repo_digest=["nazoauth-perf-nazoauth@sha256:2bfa9c824d29e91fdd4649b496957ba19b675854913eee327c3ba7bdd080b708"]
base_image=nazoauth-perf-nazoauth
--- running binary ---
binary_path=/usr/local/bin/nazoauth
RUNNING_BINARY_SHA256=24d8067d395c624c7677e3d8c45d8e18c8be04182177bcb4d32ede17389fa0ae
--- postgres ---
pg_version=PostgreSQL 18.6 on x86_64-pc-linux-musl, compiled by gcc (Alpine 15.2.0) 15.2.0, 64-bit
pg_max_wal_size=8GB
pg_checkpoint_timeout=5min
pg_checkpoint_completion_target=0.9
pg_fsync=on
pg_synchronous_commit=on
pg_full_page_writes=on
pg_shared_buffers=128MB
pg_max_connections=100
--- migrations ---
MIGRATION_SET_SHA256=4b25e9660a74b4f62385336be5921e3636bc5c01ca3ca82ee1b8fead19f9d240
applied_migrations=84
PG_SCHEMA_SHA256=aae0382d9eb54839c1cc1f6a8631cea48dbf1dff5b799a199301792900a63baa
--- valkey ---
valkey_redis_version:7.2.4
valkey_maxmemory=0
valkey_maxmemory_policy=noeviction
--- harness ---
k6=unavailable
python=Python 3.11.2
docker=Docker version 29.6.2, build dfc4efb
compose=5.3.1
--- host ---
cpu_model=AMD EPYC 9K65 192-Core Processor
logical_cpus=64
mem_kb=134217728
kernel=5.4.241-1-tlinux4-0025.10
rootfs=overlay git-clone-yyds
soak start 2026-09-23T02:18:11Z RUN_ID=current-capacity-final-1900-30m RATE=1900
ledger pre 02:18:11
check /workspace/perf-results/current-capacity-final-1900-30m/ledger-pre.txt: PASS
vkledger pre: keys=1 dbsize=1
 Container soak-sampler-current-capacity-final-1900-30m Creating 
 Container soak-sampler-current-capacity-final-1900-30m Created 
117d2bdd66f3066df02a5adb6197de28ea8ab9bb0f3c7ff682fcec20986fb7fc
sampler started 02:18:12
runner rss sampler pid=102930 02:18:12
 Container soak-anchor-rcv-current-capacity-final-1900-30m Creating 
 Container soak-anchor-rcv-current-capacity-final-1900-30m Created 
95883357ee4d65ebfdd408202ac8bdca413de0ecbff0a1e2e6b9aa53beb534e0
 Container soak-anchor-worker-current-capacity-final-1900-30m Creating 
 Container soak-anchor-worker-current-capacity-final-1900-30m Created 
c1937fcbff509d399db46b9cff3aec661f8546ddcadaa34dbd3c1f617d049450
audit anchor worker+receiver started depid=01a0ca09-3769-7372-8e81-f0299519626a 02:18:15
audit health sampler pid=103213 02:18:15
main cap_mixed arrival=1900ops/s pid=103218 02:18:15
 Container soak-argon2-current-capacity-final-1900-30m Creating 
 Container soak-argon2-current-capacity-final-1900-30m Created 
b705b242fc0eb8a92ec961a12c42dc6d43088e4c493d974b0a4c42868aa0d553
argon2 sidecar arrival=8/s started 02:20:16
 Container soak-meta-current-capacity-final-1900-30m Creating 
 Container soak-meta-current-capacity-final-1900-30m Created 
23aa77ed2ed0b4acb821d4d138385f22e8b0ebcf9b60c312c1c4bcacd2ab2b30
meta sidecar arrival=200/s started 02:20:16
 Container soak-fapi-current-capacity-final-1900-30m Creating 
 Container soak-fapi-current-capacity-final-1900-30m Created 
68f52f6a9f6aa477fb3dabb9bbe58defc44b7b27368b21c7817060c93005f109
fapi sidecar arrival=30/s started 02:20:17
 Container soak-refresh-current-capacity-final-1900-30m Creating 
 Container soak-refresh-current-capacity-final-1900-30m Created 
7a2a0a3807de9c9dc825808c7b3a191c652a2cb348911f978edc6d8d83a15d8e
refresh sidecar arrival=600/s started 02:20:17
main finished 02:48:32
time="2026-09-23T10:49:13+08:00" level=warning msg="Found orphan containers (soak-refresh-current-capacity-final-1900-30m, soak-fapi-current-capacity-final-1900-30m, soak-meta-current-capacity-final-1900-30m, soak-argon2-current-capacity-final-1900-30m, soak-sampler-current-capacity-final-1900-30m) for this project. If you removed or renamed this service in your compose file, you can run this command with the --remove-orphans flag to clean it up."
 Container nazoauth-perf-perf-run-a548b27f5634 Creating 
 Container nazoauth-perf-perf-run-a548b27f5634 Created 
sampler /workspace/perf-results/current-capacity-final-1900-30m/soak-metrics.jsonl: PASS (183 rows)
ledger post 02:49:24
check /workspace/perf-results/current-capacity-final-1900-30m/ledger-post.txt: PASS
end_utc=2026-09-23T02:49:26Z
SOAK_DONE RUN_ID=current-capacity-final-1900-30m 2026-09-23T02:49:26Z
