#0 building with "default" instance using docker driver

#1 [internal] load build definition from Containerfile
#1 transferring dockerfile: 316B done
#1 DONE 0.0s

#2 [internal] load metadata for docker.io/library/python:3.14.8-alpine@sha256:f6a589d43c42b9e7f7dc67a12d37132491f362859a5d750607710cc56da3bc72
#2 DONE 0.2s

#3 [internal] load .dockerignore
#3 transferring context: 590B done
#3 DONE 0.0s

#4 [internal] load build context
#4 transferring context: 4.78kB done
#4 DONE 0.0s

#5 [1/3] FROM docker.io/library/python:3.14.8-alpine@sha256:f6a589d43c42b9e7f7dc67a12d37132491f362859a5d750607710cc56da3bc72
#5 resolve docker.io/library/python:3.14.8-alpine@sha256:f6a589d43c42b9e7f7dc67a12d37132491f362859a5d750607710cc56da3bc72 0.0s done
#5 CACHED

#6 [2/3] RUN apk add --no-cache openssl
#6 1.443 (1/1) Installing openssl (3.5.9-r0)
#6 1.540 Executing busybox-1.37.0-r31.trigger
#6 1.546 OK: 12.8 MiB in 31 packages
#6 DONE 1.7s

#7 [3/3] COPY scripts/ensure_runtime_keyset.py /scripts/ensure_runtime_keyset.py
#7 DONE 0.0s

#8 exporting to image
#8 exporting layers 0.1s done
#8 exporting manifest sha256:8fadae5e9cb743fa2651efc614bb208fc242e7b66749c61d4cd622e27088d467 0.0s done
#8 exporting config sha256:48911c571ecffe8f9d8d21b7e4c06e400feb53e19b00c4ebfa614c02516a00ec 0.0s done
#8 exporting attestation manifest sha256:c8453a2619bddc33b4ed974ceb7ce9ea6ae6fd4b6c6552e9c4c91f4dabc03e1e 0.0s done
#8 exporting manifest list sha256:a7abf7f55519fe2474bcf04c72d10bbe8ce065bd67329455e0be0275dadf83ee 0.0s done
#8 naming to docker.io/library/nazoauth-reverify-keyset:20261009 done
#8 unpacking to docker.io/library/nazoauth-reverify-keyset:20261009 0.1s done
#8 DONE 0.4s
