#0 building with "default" instance using docker driver

#1 [internal] load build definition from Containerfile
#1 transferring dockerfile: 1.67kB done
#1 DONE 0.0s

#2 [internal] load metadata for docker.io/library/python:3.14.8-alpine@sha256:f6a589d43c42b9e7f7dc67a12d37132491f362859a5d750607710cc56da3bc72
#2 ...

#3 [internal] load metadata for docker.io/library/golang:1.27.1-alpine@sha256:8a5910f31396cd4d89662f56c68b3ae31d374308270a1c3bd96672ee5ed43414
#3 DONE 0.9s

#2 [internal] load metadata for docker.io/library/python:3.14.8-alpine@sha256:f6a589d43c42b9e7f7dc67a12d37132491f362859a5d750607710cc56da3bc72
#2 DONE 1.2s

#4 [internal] load .dockerignore
#4 transferring context: 590B done
#4 DONE 0.0s

#5 [stage-1 1/6] FROM docker.io/library/python:3.14.8-alpine@sha256:f6a589d43c42b9e7f7dc67a12d37132491f362859a5d750607710cc56da3bc72
#5 resolve docker.io/library/python:3.14.8-alpine@sha256:f6a589d43c42b9e7f7dc67a12d37132491f362859a5d750607710cc56da3bc72 0.0s done
#5 ...

#6 [internal] load build context
#6 transferring context: 1.37MB 0.0s done
#6 DONE 0.1s

#7 [k6 1/7] FROM docker.io/library/golang:1.27.1-alpine@sha256:8a5910f31396cd4d89662f56c68b3ae31d374308270a1c3bd96672ee5ed43414
#7 resolve docker.io/library/golang:1.27.1-alpine@sha256:8a5910f31396cd4d89662f56c68b3ae31d374308270a1c3bd96672ee5ed43414 0.0s done
#7 sha256:1e707d1be9b7cfef08708f1d35029e5e65c69766a1e39e2c027d0acd54b8e7b5 0B / 126B 0.2s
#7 sha256:ef1dbfdbb5d59bdeac07b1398a9f0808b453513bf6a76eb3ffd509a284483095 0B / 71.08MB 0.2s
#7 sha256:4f4fb700ef54461cfa02571ae0db9a0dc1e0cdb5577484a6d75e68dc38e8acc1 0B / 32B 0.2s
#7 sha256:aa6e7f3ded592e443fd9ff13e0934fc149b642f26b962019d38fc8879f8764d1 0B / 247.53kB 0.2s
#7 sha256:4f4fb700ef54461cfa02571ae0db9a0dc1e0cdb5577484a6d75e68dc38e8acc1 32B / 32B 0.4s done
#7 sha256:aa6e7f3ded592e443fd9ff13e0934fc149b642f26b962019d38fc8879f8764d1 247.53kB / 247.53kB 0.3s done
#7 sha256:1e707d1be9b7cfef08708f1d35029e5e65c69766a1e39e2c027d0acd54b8e7b5 126B / 126B 0.5s done
#7 sha256:e2de96513ba9eb53b431787ec8a65cdde380ac4772a3e4c4b714dcfde2a102b5 0B / 3.85MB 0.2s
#7 sha256:ef1dbfdbb5d59bdeac07b1398a9f0808b453513bf6a76eb3ffd509a284483095 4.19MB / 71.08MB 0.8s
#7 sha256:e2de96513ba9eb53b431787ec8a65cdde380ac4772a3e4c4b714dcfde2a102b5 2.10MB / 3.85MB 0.5s
#7 sha256:e2de96513ba9eb53b431787ec8a65cdde380ac4772a3e4c4b714dcfde2a102b5 3.85MB / 3.85MB 0.5s done
#7 extracting sha256:e2de96513ba9eb53b431787ec8a65cdde380ac4772a3e4c4b714dcfde2a102b5 0.1s done
#7 extracting sha256:aa6e7f3ded592e443fd9ff13e0934fc149b642f26b962019d38fc8879f8764d1 0.0s done
#7 sha256:ef1dbfdbb5d59bdeac07b1398a9f0808b453513bf6a76eb3ffd509a284483095 8.39MB / 71.08MB 1.1s
#7 sha256:ef1dbfdbb5d59bdeac07b1398a9f0808b453513bf6a76eb3ffd509a284483095 13.63MB / 71.08MB 1.8s
#7 sha256:ef1dbfdbb5d59bdeac07b1398a9f0808b453513bf6a76eb3ffd509a284483095 17.83MB / 71.08MB 2.1s
#7 sha256:ef1dbfdbb5d59bdeac07b1398a9f0808b453513bf6a76eb3ffd509a284483095 24.12MB / 71.08MB 2.4s
#7 sha256:ef1dbfdbb5d59bdeac07b1398a9f0808b453513bf6a76eb3ffd509a284483095 30.41MB / 71.08MB 2.7s
#7 sha256:ef1dbfdbb5d59bdeac07b1398a9f0808b453513bf6a76eb3ffd509a284483095 35.65MB / 71.08MB 3.2s
#7 ...

#5 [stage-1 1/6] FROM docker.io/library/python:3.14.8-alpine@sha256:f6a589d43c42b9e7f7dc67a12d37132491f362859a5d750607710cc56da3bc72
#5 sha256:d486488257d0aa8b040529bcab1337e849158dafb6f28c6d79df56cce8042b48 249B / 249B 0.3s done
#5 sha256:2a22c5887fa227de1798e9b92a3692c3bb96fa108c1164afe00a928c35a0986c 16.11MB / 16.11MB 0.5s done
#5 sha256:48f6a258842734fe23e0e4c69db9996cbaefd41c1cde2372b95449f9fc5601eb 416.27kB / 416.27kB 2.1s done
#5 extracting sha256:48f6a258842734fe23e0e4c69db9996cbaefd41c1cde2372b95449f9fc5601eb 0.1s done
#5 extracting sha256:2a22c5887fa227de1798e9b92a3692c3bb96fa108c1164afe00a928c35a0986c 0.5s done
#5 extracting sha256:d486488257d0aa8b040529bcab1337e849158dafb6f28c6d79df56cce8042b48 0.0s done
#5 DONE 3.5s

#7 [k6 1/7] FROM docker.io/library/golang:1.27.1-alpine@sha256:8a5910f31396cd4d89662f56c68b3ae31d374308270a1c3bd96672ee5ed43414
#7 sha256:ef1dbfdbb5d59bdeac07b1398a9f0808b453513bf6a76eb3ffd509a284483095 41.94MB / 71.08MB 3.5s
#7 sha256:ef1dbfdbb5d59bdeac07b1398a9f0808b453513bf6a76eb3ffd509a284483095 47.19MB / 71.08MB 3.8s
#7 ...

#8 [k6 3/7] ADD --checksum=sha256:30b6421805f00c63b046a48219ced8fd3c8e47dcc099ee7e6b060e8f9e7ec146 https://codeload.github.com/grafana/k6/tar.gz/e0887846143ab176d4b5483c9d52cf3b3e009f1a /tmp/k6.tar.gz
#8 DONE 4.1s

#7 [k6 1/7] FROM docker.io/library/golang:1.27.1-alpine@sha256:8a5910f31396cd4d89662f56c68b3ae31d374308270a1c3bd96672ee5ed43414
#7 sha256:ef1dbfdbb5d59bdeac07b1398a9f0808b453513bf6a76eb3ffd509a284483095 52.43MB / 71.08MB 4.2s
#7 sha256:ef1dbfdbb5d59bdeac07b1398a9f0808b453513bf6a76eb3ffd509a284483095 56.62MB / 71.08MB 4.4s
#7 sha256:ef1dbfdbb5d59bdeac07b1398a9f0808b453513bf6a76eb3ffd509a284483095 60.82MB / 71.08MB 4.5s
#7 sha256:ef1dbfdbb5d59bdeac07b1398a9f0808b453513bf6a76eb3ffd509a284483095 66.06MB / 71.08MB 4.8s
#7 sha256:ef1dbfdbb5d59bdeac07b1398a9f0808b453513bf6a76eb3ffd509a284483095 70.25MB / 71.08MB 5.3s
#7 sha256:ef1dbfdbb5d59bdeac07b1398a9f0808b453513bf6a76eb3ffd509a284483095 71.08MB / 71.08MB 5.3s done
#7 extracting sha256:ef1dbfdbb5d59bdeac07b1398a9f0808b453513bf6a76eb3ffd509a284483095
#7 extracting sha256:ef1dbfdbb5d59bdeac07b1398a9f0808b453513bf6a76eb3ffd509a284483095 3.7s done
#7 DONE 9.2s

#9 [stage-1 2/6] RUN apk add --no-cache ca-certificates docker-cli     && pip install --no-cache-dir "psycopg[binary]==3.3.6" "redis==8.1.0" "argon2-cffi==25.1.0" "cryptography==50.0.2" "blake3==1.0.10" "orjson==3.12.0"
#9 1.802 (1/1) Installing docker-cli (29.8.2-r0)
#9 4.460 Executing busybox-1.37.0-r31.trigger
#9 4.464 OK: 44.0 MiB in 31 packages
#9 ...

#7 [k6 1/7] FROM docker.io/library/golang:1.27.1-alpine@sha256:8a5910f31396cd4d89662f56c68b3ae31d374308270a1c3bd96672ee5ed43414
#7 extracting sha256:1e707d1be9b7cfef08708f1d35029e5e65c69766a1e39e2c027d0acd54b8e7b5 0.0s done
#7 extracting sha256:4f4fb700ef54461cfa02571ae0db9a0dc1e0cdb5577484a6d75e68dc38e8acc1 0.0s done
#7 DONE 9.3s

#10 [k6 2/7] RUN apk add --no-cache patch
#10 2.285 (1/1) Installing patch (2.8-r0)
#10 2.364 Executing busybox-1.37.0-r31.trigger
#10 2.369 OK: 8539 KiB in 18 packages
#10 DONE 2.5s

#11 [k6 3/7] ADD --checksum=sha256:30b6421805f00c63b046a48219ced8fd3c8e47dcc099ee7e6b060e8f9e7ec146 https://codeload.github.com/grafana/k6/tar.gz/e0887846143ab176d4b5483c9d52cf3b3e009f1a /tmp/k6.tar.gz
#11 DONE 0.1s

#12 [k6 4/7] RUN mkdir /src && tar -xzf /tmp/k6.tar.gz -C /src --strip-components=1
#12 DONE 0.7s

#9 [stage-1 2/6] RUN apk add --no-cache ca-certificates docker-cli     && pip install --no-cache-dir "psycopg[binary]==3.3.6" "redis==8.1.0" "argon2-cffi==25.1.0" "cryptography==50.0.2" "blake3==1.0.10" "orjson==3.12.0"
#9 6.857 Collecting psycopg==3.3.6 (from psycopg[binary]==3.3.6)
#9 7.080   Downloading psycopg-3.3.6-py3-none-any.whl.metadata (4.4 kB)
#9 7.191 Collecting redis==8.1.0
#9 7.247   Downloading redis-8.1.0-py3-none-any.whl.metadata (16 kB)
#9 7.352 Collecting argon2-cffi==25.1.0
#9 7.481   Downloading argon2_cffi-25.1.0-py3-none-any.whl.metadata (4.1 kB)
#9 8.104 Collecting cryptography==50.0.2
#9 8.163   Downloading cryptography-50.0.2-cp311-abi3-musllinux_1_2_x86_64.whl.metadata (4.4 kB)
#9 8.400 Collecting blake3==1.0.10
#9 8.486   Downloading blake3-1.0.10-cp314-cp314-musllinux_1_1_x86_64.whl.metadata (4.9 kB)
#9 8.846 Collecting orjson==3.12.0
#9 8.904   Downloading orjson-3.12.0-cp314-cp314-musllinux_1_2_x86_64.whl.metadata (41 kB)
#9 ...

#13 [k6 5/7] WORKDIR /src
#13 DONE 0.1s

#9 [stage-1 2/6] RUN apk add --no-cache ca-certificates docker-cli     && pip install --no-cache-dir "psycopg[binary]==3.3.6" "redis==8.1.0" "argon2-cffi==25.1.0" "cryptography==50.0.2" "blake3==1.0.10" "orjson==3.12.0"
#9 9.015 Collecting argon2-cffi-bindings (from argon2-cffi==25.1.0)
#9 9.071   Downloading argon2_cffi_bindings-26.1.0-cp310-abi3-musllinux_1_2_x86_64.whl.metadata (7.5 kB)
#9 ...

#14 [k6 6/7] COPY perf/runner/k6-json-throughput.patch /tmp/k6-json-throughput.patch
#14 DONE 0.0s

#9 [stage-1 2/6] RUN apk add --no-cache ca-certificates docker-cli     && pip install --no-cache-dir "psycopg[binary]==3.3.6" "redis==8.1.0" "argon2-cffi==25.1.0" "cryptography==50.0.2" "blake3==1.0.10" "orjson==3.12.0"
#9 9.248 Collecting cffi>=2.0.0 (from cryptography==50.0.2)
#9 9.307   Downloading cffi-2.1.1-cp314-cp314-musllinux_1_2_x86_64.whl.metadata (2.5 kB)
#9 9.681 Collecting psycopg-binary==3.3.6 (from psycopg[binary]==3.3.6)
#9 9.737   Downloading psycopg_binary-3.3.6-cp314-cp314-musllinux_1_2_x86_64.whl.metadata (2.7 kB)
#9 9.796 Collecting pycparser (from cffi>=2.0.0->cryptography==50.0.2)
#9 9.852   Downloading pycparser-3.11-py3-none-any.whl.metadata (8.2 kB)
#9 9.913 Downloading psycopg-3.3.6-py3-none-any.whl (215 kB)
#9 10.06 Downloading redis-8.1.0-py3-none-any.whl (560 kB)
#9 10.17    ━━━━━━━━━━━━━━━━━━━━━━━━━━━━━━━━━━━━━━━━ 560.6/560.6 kB 5.7 MB/s  0:00:00
#9 10.23 Downloading argon2_cffi-25.1.0-py3-none-any.whl (14 kB)
#9 10.29 Downloading cryptography-50.0.2-cp311-abi3-musllinux_1_2_x86_64.whl (5.0 MB)
#9 11.20    ━━━━━━━━━━━━━━━━━━━━━━━━━━━━━━━━━━━━━━━━ 5.0/5.0 MB 5.6 MB/s  0:00:00
#9 11.25 Downloading blake3-1.0.10-cp314-cp314-musllinux_1_1_x86_64.whl (590 kB)
#9 11.42    ━━━━━━━━━━━━━━━━━━━━━━━━━━━━━━━━━━━━━━━━ 590.7/590.7 kB 2.9 MB/s  0:00:00
#9 11.49 Downloading orjson-3.12.0-cp314-cp314-musllinux_1_2_x86_64.whl (127 kB)
#9 11.57 Downloading psycopg_binary-3.3.6-cp314-cp314-musllinux_1_2_x86_64.whl (4.3 MB)
#9 12.44    ━━━━━━━━━━━━━━━━━━━━━━━━━━━━━━━━━━━━━━━━ 4.3/4.3 MB 5.0 MB/s  0:00:00
#9 12.50 Downloading cffi-2.1.1-cp314-cp314-musllinux_1_2_x86_64.whl (223 kB)
#9 12.61 Downloading argon2_cffi_bindings-26.1.0-cp310-abi3-musllinux_1_2_x86_64.whl (26 kB)
#9 12.67 Downloading pycparser-3.11-py3-none-any.whl (51 kB)
#9 12.89 Installing collected packages: redis, pycparser, psycopg-binary, psycopg, orjson, blake3, cffi, cryptography, argon2-cffi-bindings, argon2-cffi
#9 14.86 
#9 14.86 Successfully installed argon2-cffi-25.1.0 argon2-cffi-bindings-26.1.0 blake3-1.0.10 cffi-2.1.1 cryptography-50.0.2 orjson-3.12.0 psycopg-3.3.6 psycopg-binary-3.3.6 pycparser-3.11 redis-8.1.0
#9 14.86 WARNING: Running pip as the 'root' user can result in broken permissions and conflicting behaviour with the system package manager, possibly rendering your system unusable. It is recommended to use a virtual environment instead: https://pip.pypa.io/warnings/venv. Use the --root-user-action option if you know what you are doing and want to suppress this warning.
#9 DONE 15.2s

#15 [k6 7/7] RUN patch -p1 < /tmp/k6-json-throughput.patch     && gofmt -w internal/output/json/json.go internal/output/json/json_test.go     && GOMAXPROCS=2 go test -v -p 2 -timeout 180s ./internal/output/json ./metrics     && CGO_ENABLED=0 GOMAXPROCS=2 go build -p 2 -trimpath -ldflags="-s -w" -o /usr/bin/k6 .
#15 0.496 patching file internal/output/json/json.go
#15 0.496 patching file internal/output/json/json_test.go
#15 31.00 === RUN   TestOptionalAuxiliaryTimingsPreserveCapacitySamples
#15 31.00 --- PASS: TestOptionalAuxiliaryTimingsPreserveCapacitySamples (0.00s)
#15 31.00 === RUN   TestSampleWriterMatchesStockEnvelope
#15 31.00 --- PASS: TestSampleWriterMatchesStockEnvelope (0.00s)
#15 31.00 === RUN   TestSampleWriterBoundsImmutableTagCache
#15 31.00 --- PASS: TestSampleWriterBoundsImmutableTagCache (0.04s)
#15 31.00 === RUN   TestJsonOutputStdout
#15 31.00 === PAUSE TestJsonOutputStdout
#15 31.00 === RUN   TestJsonOutputFileError
#15 31.00 === PAUSE TestJsonOutputFileError
#15 31.00 === RUN   TestJsonOutputFile
#15 31.00 === PAUSE TestJsonOutputFile
#15 31.00 === RUN   TestJsonOutputFileGzipped
#15 31.00 === PAUSE TestJsonOutputFileGzipped
#15 31.00 === RUN   TestWrapSampleWithSamplePointer
#15 31.00 === PAUSE TestWrapSampleWithSamplePointer
#15 31.00 === RUN   TestPeriodicFlushDrainsBufferedStdout
#15 31.00 --- PASS: TestPeriodicFlushDrainsBufferedStdout (0.00s)
#15 31.00 === CONT  TestJsonOutputStdout
#15 31.00 === CONT  TestJsonOutputFileGzipped
#15 31.00 --- PASS: TestJsonOutputStdout (0.00s)
#15 31.00 === CONT  TestWrapSampleWithSamplePointer
#15 31.00 --- PASS: TestWrapSampleWithSamplePointer (0.00s)
#15 31.00 === CONT  TestJsonOutputFile
#15 31.00 --- PASS: TestJsonOutputFile (0.00s)
#15 31.00 === CONT  TestJsonOutputFileError
#15 31.00 --- PASS: TestJsonOutputFileError (0.00s)
#15 31.00 --- PASS: TestJsonOutputFileGzipped (0.00s)
#15 31.00 PASS
#15 31.00 ok  	go.k6.io/k6/v2/internal/output/json	0.070s
#15 31.70 === RUN   TestNewMetric
#15 31.70 === PAUSE TestNewMetric
#15 31.70 === RUN   TestAddSubmetric
#15 31.70 === PAUSE TestAddSubmetric
#15 31.70 === RUN   TestParseMetricName
#15 31.70 === PAUSE TestParseMetricName
#15 31.70 === RUN   TestRegistryNewMetric
#15 31.70 === PAUSE TestRegistryNewMetric
#15 31.70 === RUN   TestMetricNames
#15 31.70 === PAUSE TestMetricNames
#15 31.70 === RUN   TestRegistryBranchTagSetRootWith
#15 31.70 === PAUSE TestRegistryBranchTagSetRootWith
#15 31.70 === RUN   TestRegistryAll
#15 31.70 === PAUSE TestRegistryAll
#15 31.70 === RUN   TestSampleImplementations
#15 31.70 === PAUSE TestSampleImplementations
#15 31.70 === RUN   TestGetResolversForTrendColumnsValidation
#15 31.70 === PAUSE TestGetResolversForTrendColumnsValidation
#15 31.70 === RUN   TestGetResolversForTrendColumnsCalculation
#15 31.70 === PAUSE TestGetResolversForTrendColumnsCalculation
#15 31.70 === RUN   TestNewSink
#15 31.70 === PAUSE TestNewSink
#15 31.70 === RUN   TestNewSinkInvalidMetricType
#15 31.70 === PAUSE TestNewSinkInvalidMetricType
#15 31.70 === RUN   TestCounterSink
#15 31.70 === PAUSE TestCounterSink
#15 31.70 === RUN   TestGaugeSink
#15 31.70 === PAUSE TestGaugeSink
#15 31.70 === RUN   TestTrendSink
#15 31.70 === PAUSE TestTrendSink
#15 31.70 === RUN   TestRateSink
#15 31.70 === PAUSE TestRateSink
#15 31.70 === RUN   TestSystemTagSetMarshalJSON
#15 31.70 === PAUSE TestSystemTagSetMarshalJSON
#15 31.70 === RUN   TestSystemTagSet_UnmarshalJSON
#15 31.70 === PAUSE TestSystemTagSet_UnmarshalJSON
#15 31.70 === RUN   TestSystemTagSetTextUnmarshal
#15 31.70 === PAUSE TestSystemTagSetTextUnmarshal
#15 31.70 === RUN   TestTagSetMarshalJSON
#15 31.70 === PAUSE TestTagSetMarshalJSON
#15 31.70 === RUN   TestTagSet_UnmarshalJSON
#15 31.70 === PAUSE TestTagSet_UnmarshalJSON
#15 31.70 === RUN   TestTagSetTextUnmarshal
#15 31.70 === PAUSE TestTagSetTextUnmarshal
#15 31.70 === RUN   TestTagsWith
#15 31.70 === PAUSE TestTagsWith
#15 31.70 === RUN   TestRootTagSet
#15 31.70 === PAUSE TestRootTagSet
#15 31.70 === RUN   TestTagSets
#15 31.70 === PAUSE TestTagSets
#15 31.70 === RUN   TestBigTagSetMarshalJSON
#15 31.70 === PAUSE TestBigTagSetMarshalJSON
#15 31.70 === RUN   TestTagSetContains
#15 31.70 === PAUSE TestTagSetContains
#15 31.70 === RUN   TestTagsAndMetaSetTag
#15 31.70 === PAUSE TestTagsAndMetaSetTag
#15 31.70 === RUN   TestTagsAndMetaDeleteTag
#15 31.70 === PAUSE TestTagsAndMetaDeleteTag
#15 31.70 === RUN   TestTagsAndMetaSetMetadata
#15 31.70 === PAUSE TestTagsAndMetaSetMetadata
#15 31.70 === RUN   TestTagsAndMetaDeleteMetadata
#15 31.70 === PAUSE TestTagsAndMetaDeleteMetadata
#15 31.70 === RUN   TestTagsAndMetaSetSystemTagOrMetaIfEnabled
#15 31.70 === PAUSE TestTagsAndMetaSetSystemTagOrMetaIfEnabled
#15 31.70 === RUN   TestTagsAndMetaSetSystemTagOrMeta
#15 31.70 === PAUSE TestTagsAndMetaSetSystemTagOrMeta
#15 31.70 === RUN   TestTagsAndMetaClone
#15 31.70 === PAUSE TestTagsAndMetaClone
#15 31.70 === RUN   TestEnabledTagsMarshalJSON
#15 31.70 === PAUSE TestEnabledTagsMarshalJSON
#15 31.70 === RUN   TestEnabledTagsUnmarshalJSON
#15 31.70 === PAUSE TestEnabledTagsUnmarshalJSON
#15 31.70 === RUN   TestEnabledTagsTextUnmarshal
#15 31.70 === PAUSE TestEnabledTagsTextUnmarshal
#15 31.70 === RUN   TestParseThresholdExpression
#15 31.70 === PAUSE TestParseThresholdExpression
#15 31.70 === RUN   TestParseThresholdAggregationMethod
#15 31.70 === PAUSE TestParseThresholdAggregationMethod
#15 31.70 === RUN   TestScanThresholdExpression
#15 31.70 === PAUSE TestScanThresholdExpression
#15 31.70 === RUN   TestNewThreshold
#15 31.70 === PAUSE TestNewThreshold
#15 31.70 === RUN   TestThreshold_runNoTaint
#15 31.70 === PAUSE TestThreshold_runNoTaint
#15 31.70 === RUN   TestThresholdRun
#15 31.70 === PAUSE TestThresholdRun
#15 31.70 === RUN   TestThresholdsParse
#15 31.70 === PAUSE TestThresholdsParse
#15 31.70 === RUN   TestThresholdsValidate
#15 31.70 === PAUSE TestThresholdsValidate
#15 31.70 === RUN   TestNewThresholds
#15 31.70 === PAUSE TestNewThresholds
#15 31.70 === RUN   TestNewThresholdsWithConfig
#15 31.70 === PAUSE TestNewThresholdsWithConfig
#15 31.70 === RUN   TestThresholdsRunAll
#15 31.70 === PAUSE TestThresholdsRunAll
#15 31.70 === RUN   TestThresholdsRun
#15 31.70 === PAUSE TestThresholdsRun
#15 31.70 === RUN   TestThresholdsJSON
#15 31.70 === PAUSE TestThresholdsJSON
#15 31.70 === CONT  TestNewMetric
#15 31.70 === RUN   TestNewMetric/Counter
#15 31.70 === PAUSE TestNewMetric/Counter
#15 31.70 === CONT  TestThreshold_runNoTaint
#15 31.70 === RUN   TestThreshold_runNoTaint/valid_expression_using_the_>_operator_over_passing_threshold
#15 31.70 === PAUSE TestThreshold_runNoTaint/valid_expression_using_the_>_operator_over_passing_threshold
#15 31.70 === RUN   TestNewMetric/Gauge
#15 31.70 === RUN   TestThreshold_runNoTaint/valid_expression_using_the_>_operator_over_passing_threshold_and_defined_abort_grace_period
#15 31.70 === PAUSE TestNewMetric/Gauge
#15 31.70 === PAUSE TestThreshold_runNoTaint/valid_expression_using_the_>_operator_over_passing_threshold_and_defined_abort_grace_period
#15 31.70 === RUN   TestNewMetric/Trend
#15 31.70 === PAUSE TestNewMetric/Trend
#15 31.70 === RUN   TestThreshold_runNoTaint/valid_expression_using_the_>=_operator_over_passing_threshold
#15 31.70 === PAUSE TestThreshold_runNoTaint/valid_expression_using_the_>=_operator_over_passing_threshold
#15 31.70 === RUN   TestNewMetric/Rate
#15 31.70 === RUN   TestThreshold_runNoTaint/valid_expression_using_the_<=_operator_over_passing_threshold
#15 31.70 === PAUSE TestNewMetric/Rate
#15 31.70 === PAUSE TestThreshold_runNoTaint/valid_expression_using_the_<=_operator_over_passing_threshold
#15 31.70 === CONT  TestNewThreshold
#15 31.70 === RUN   TestThreshold_runNoTaint/valid_expression_using_the_<_operator_over_passing_threshold
#15 31.70 === PAUSE TestThreshold_runNoTaint/valid_expression_using_the_<_operator_over_passing_threshold
#15 31.70 === RUN   TestThreshold_runNoTaint/valid_expression_using_the_==_operator_over_passing_threshold
#15 31.70 === PAUSE TestThreshold_runNoTaint/valid_expression_using_the_==_operator_over_passing_threshold
#15 31.70 === RUN   TestThreshold_runNoTaint/valid_expression_using_the_===_operator_over_passing_threshold
#15 31.70 --- PASS: TestNewThreshold (0.00s)
#15 31.70 === PAUSE TestThreshold_runNoTaint/valid_expression_using_the_===_operator_over_passing_threshold
#15 31.70 === CONT  TestScanThresholdExpression
#15 31.70 === RUN   TestThreshold_runNoTaint/valid_expression_using_!=_operator_over_passing_threshold
#15 31.70 === PAUSE TestThreshold_runNoTaint/valid_expression_using_!=_operator_over_passing_threshold
#15 31.70 === RUN   TestThreshold_runNoTaint/valid_expression_over_failing_threshold
#15 31.70 === PAUSE TestThreshold_runNoTaint/valid_expression_over_failing_threshold
#15 31.70 === RUN   TestThreshold_runNoTaint/valid_expression_over_non-existing_sink
#15 31.70 === PAUSE TestThreshold_runNoTaint/valid_expression_over_non-existing_sink
#15 31.70 === RUN   TestThreshold_runNoTaint/invalid_expression_operator
#15 31.70 === PAUSE TestThreshold_runNoTaint/invalid_expression_operator
#15 31.70 === RUN   TestScanThresholdExpression/expression_with_<=_operator_is_scanned
#15 31.70 === PAUSE TestScanThresholdExpression/expression_with_<=_operator_is_scanned
#15 31.70 === RUN   TestScanThresholdExpression/expression_with_<_operator_is_scanned
#15 31.70 === PAUSE TestScanThresholdExpression/expression_with_<_operator_is_scanned
#15 31.70 === CONT  TestParseThresholdAggregationMethod
#15 31.70 === RUN   TestParseThresholdAggregationMethod/count_method_is_parsed
#15 31.70 === PAUSE TestParseThresholdAggregationMethod/count_method_is_parsed
#15 31.70 === RUN   TestParseThresholdAggregationMethod/rate_method_is_parsed
#15 31.70 === PAUSE TestParseThresholdAggregationMethod/rate_method_is_parsed
#15 31.70 === RUN   TestParseThresholdAggregationMethod/value_method_is_parsed
#15 31.70 === PAUSE TestParseThresholdAggregationMethod/value_method_is_parsed
#15 31.70 === RUN   TestParseThresholdAggregationMethod/avg_method_is_parsed
#15 31.70 === PAUSE TestParseThresholdAggregationMethod/avg_method_is_parsed
#15 31.70 === RUN   TestParseThresholdAggregationMethod/min_method_is_parsed
#15 31.70 === RUN   TestScanThresholdExpression/expression_with_>=_operator_is_scanned
#15 31.70 === PAUSE TestParseThresholdAggregationMethod/min_method_is_parsed
#15 31.70 === PAUSE TestScanThresholdExpression/expression_with_>=_operator_is_scanned
#15 31.70 === RUN   TestParseThresholdAggregationMethod/max_method_is_parsed
#15 31.70 === PAUSE TestParseThresholdAggregationMethod/max_method_is_parsed
#15 31.70 === RUN   TestParseThresholdAggregationMethod/med_method_is_parsed
#15 31.70 === PAUSE TestParseThresholdAggregationMethod/med_method_is_parsed
#15 31.70 === RUN   TestParseThresholdAggregationMethod/percentile_method_with_integer_value_is_parsed
#15 31.70 === PAUSE TestParseThresholdAggregationMethod/percentile_method_with_integer_value_is_parsed
#15 31.70 === RUN   TestParseThresholdAggregationMethod/percentile_method_with_floating_point_value_is_parsed
#15 31.70 === PAUSE TestParseThresholdAggregationMethod/percentile_method_with_floating_point_value_is_parsed
#15 31.70 === RUN   TestParseThresholdAggregationMethod/percentile_method_with_zero_value_is_parsed
#15 31.70 === PAUSE TestParseThresholdAggregationMethod/percentile_method_with_zero_value_is_parsed
#15 31.70 === RUN   TestParseThresholdAggregationMethod/percentile_method_with_100_value_is_parsed
#15 31.70 === PAUSE TestParseThresholdAggregationMethod/percentile_method_with_100_value_is_parsed
#15 31.70 === RUN   TestParseThresholdAggregationMethod/parsing_invalid_method_fails
#15 31.70 === PAUSE TestParseThresholdAggregationMethod/parsing_invalid_method_fails
#15 31.70 === RUN   TestScanThresholdExpression/expression_with_>_operator_is_scanned
#15 31.70 === PAUSE TestScanThresholdExpression/expression_with_>_operator_is_scanned
#15 31.70 === RUN   TestParseThresholdAggregationMethod/parsing_empty_percentile_expression_fails
#15 31.70 === PAUSE TestParseThresholdAggregationMethod/parsing_empty_percentile_expression_fails
#15 31.70 === RUN   TestScanThresholdExpression/expression_with_===_operator_is_scanned
#15 31.70 === RUN   TestParseThresholdAggregationMethod/parsing_incomplete_percentile_expression_fails
#15 31.70 === PAUSE TestScanThresholdExpression/expression_with_===_operator_is_scanned
#15 31.70 === PAUSE TestParseThresholdAggregationMethod/parsing_incomplete_percentile_expression_fails
#15 31.70 === RUN   TestScanThresholdExpression/expression_with_==_operator_is_scanned
#15 31.70 === RUN   TestParseThresholdAggregationMethod/parsing_non-numerical_percentile_value_fails
#15 31.70 === PAUSE TestParseThresholdAggregationMethod/parsing_non-numerical_percentile_value_fails
#15 31.70 === PAUSE TestScanThresholdExpression/expression_with_==_operator_is_scanned
#15 31.70 === RUN   TestScanThresholdExpression/expression_with_!=_operator_is_scanned
#15 31.70 === PAUSE TestScanThresholdExpression/expression_with_!=_operator_is_scanned
#15 31.70 === RUN   TestParseThresholdAggregationMethod/parsing_negative_percentile_value_fails
#15 31.70 === RUN   TestScanThresholdExpression/expression's_method_is_trimmed
#15 31.70 === PAUSE TestParseThresholdAggregationMethod/parsing_negative_percentile_value_fails
#15 31.70 === PAUSE TestScanThresholdExpression/expression's_method_is_trimmed
#15 31.70 === RUN   TestParseThresholdAggregationMethod/parsing_percentile_value_greater_than_100_fails
#15 31.70 === RUN   TestScanThresholdExpression/expression's_value_is_trimmed
#15 31.70 === PAUSE TestParseThresholdAggregationMethod/parsing_percentile_value_greater_than_100_fails
#15 31.70 === PAUSE TestScanThresholdExpression/expression's_value_is_trimmed
#15 31.70 === RUN   TestParseThresholdAggregationMethod/parsing_NaN_percentile_value_fails
#15 31.70 === PAUSE TestParseThresholdAggregationMethod/parsing_NaN_percentile_value_fails
#15 31.70 === RUN   TestScanThresholdExpression/expression_with_unknown_operator_fails
#15 31.70 === PAUSE TestScanThresholdExpression/expression_with_unknown_operator_fails
#15 31.70 === RUN   TestParseThresholdAggregationMethod/parsing_infinite_percentile_value_fails
#15 31.70 === CONT  TestParseThresholdExpression
#15 31.70 === RUN   TestParseThresholdExpression/unknown_expression's_operator_fails
#15 31.70 === PAUSE TestParseThresholdExpression/unknown_expression's_operator_fails
#15 31.70 === PAUSE TestParseThresholdAggregationMethod/parsing_infinite_percentile_value_fails
#15 31.70 === RUN   TestParseThresholdExpression/unknown_expression's_method_fails
#15 31.70 === CONT  TestEnabledTagsTextUnmarshal
#15 31.70 --- PASS: TestEnabledTagsTextUnmarshal (0.00s)
#15 31.70 === CONT  TestEnabledTagsUnmarshalJSON
#15 31.70 === PAUSE TestParseThresholdExpression/unknown_expression's_method_fails
#15 31.70 === RUN   TestParseThresholdExpression/non_numerical_expression's_value_fails
#15 31.70 === PAUSE TestParseThresholdExpression/non_numerical_expression's_value_fails
#15 31.70 === RUN   TestParseThresholdExpression/valid_threshold_expression_syntax
#15 31.70 === PAUSE TestParseThresholdExpression/valid_threshold_expression_syntax
#15 31.70 === CONT  TestEnabledTagsMarshalJSON
#15 31.70 === CONT  TestTagsAndMetaSetSystemTagOrMeta
#15 31.70 === RUN   TestTagsAndMetaSetSystemTagOrMeta/Tag
#15 31.70 === PAUSE TestTagsAndMetaSetSystemTagOrMeta/Tag
#15 31.70 === RUN   TestTagsAndMetaSetSystemTagOrMeta/Metadata
#15 31.70 === PAUSE TestTagsAndMetaSetSystemTagOrMeta/Metadata
#15 31.70 --- PASS: TestEnabledTagsUnmarshalJSON (0.00s)
#15 31.70 --- PASS: TestEnabledTagsMarshalJSON (0.00s)
#15 31.70 === CONT  TestTagsAndMetaSetSystemTagOrMetaIfEnabled
#15 31.70 --- PASS: TestTagsAndMetaSetSystemTagOrMetaIfEnabled (0.00s)
#15 31.70 === CONT  TestTagsAndMetaClone
#15 31.70 === CONT  TestTagsAndMetaDeleteMetadata
#15 31.70 --- PASS: TestTagsAndMetaDeleteMetadata (0.00s)
#15 31.70 === CONT  TestTagsAndMetaSetMetadata
#15 31.70 === RUN   TestTagsAndMetaSetMetadata/WhenNil
#15 31.70 --- PASS: TestTagsAndMetaClone (0.00s)
#15 31.70 === PAUSE TestTagsAndMetaSetMetadata/WhenNil
#15 31.70 === CONT  TestTagsAndMetaDeleteTag
#15 31.70 === RUN   TestTagsAndMetaSetMetadata/WhenNotNil
#15 31.70 --- PASS: TestTagsAndMetaDeleteTag (0.00s)
#15 31.70 === PAUSE TestTagsAndMetaSetMetadata/WhenNotNil
#15 31.70 === CONT  TestTagsAndMetaSetTag
#15 31.70 === CONT  TestTagSetContains
#15 31.70 === CONT  TestBigTagSetMarshalJSON
#15 31.70 === CONT  TestTagSets
#15 31.70 --- PASS: TestTagsAndMetaSetTag (0.00s)
#15 31.70 --- PASS: TestTagSetContains (0.00s)
#15 31.70 --- PASS: TestTagSets (0.00s)
#15 31.70 === CONT  TestRootTagSet
#15 31.70 --- PASS: TestRootTagSet (0.00s)
#15 31.70 === CONT  TestTagsWith
#15 31.70 --- PASS: TestTagsWith (0.00s)
#15 31.70 === CONT  TestTagSetTextUnmarshal
#15 31.70 --- PASS: TestTagSetTextUnmarshal (0.00s)
#15 31.70 === CONT  TestTagSet_UnmarshalJSON
#15 31.70 --- PASS: TestTagSet_UnmarshalJSON (0.00s)
#15 31.70 === CONT  TestTagSetMarshalJSON
#15 31.70 --- PASS: TestBigTagSetMarshalJSON (0.00s)
#15 31.70 --- PASS: TestTagSetMarshalJSON (0.00s)
#15 31.70 === CONT  TestSystemTagSetTextUnmarshal
#15 31.70 === CONT  TestSystemTagSet_UnmarshalJSON
#15 31.70 --- PASS: TestSystemTagSetTextUnmarshal (0.00s)
#15 31.70 === CONT  TestSystemTagSetMarshalJSON
#15 31.70 --- PASS: TestSystemTagSet_UnmarshalJSON (0.00s)
#15 31.70 === CONT  TestRateSink
#15 31.70 === RUN   TestRateSink/add
#15 31.70 --- PASS: TestSystemTagSetMarshalJSON (0.00s)
#15 31.70 === PAUSE TestRateSink/add
#15 31.70 === CONT  TestTrendSink
#15 31.70 === RUN   TestRateSink/format
#15 31.70 === RUN   TestTrendSink/add
#15 31.70 === PAUSE TestRateSink/format
#15 31.70 === RUN   TestTrendSink/add/one_value
#15 31.70 === CONT  TestGaugeSink
#15 31.70 === PAUSE TestTrendSink/add/one_value
#15 31.70 === RUN   TestGaugeSink/add
#15 31.70 === RUN   TestTrendSink/add/values
#15 31.70 === PAUSE TestGaugeSink/add
#15 31.70 === PAUSE TestTrendSink/add/values
#15 31.70 === RUN   TestGaugeSink/format
#15 31.70 === RUN   TestTrendSink/add/negative
#15 31.70 === PAUSE TestGaugeSink/format
#15 31.70 === PAUSE TestTrendSink/add/negative
#15 31.70 === CONT  TestCounterSink
#15 31.70 === RUN   TestTrendSink/add/mixed
#15 31.70 === RUN   TestCounterSink/add
#15 31.70 === PAUSE TestTrendSink/add/mixed
#15 31.70 === PAUSE TestCounterSink/add
#15 31.70 === CONT  TestNewSinkInvalidMetricType
#15 31.70 === RUN   TestCounterSink/format
#15 31.70 === PAUSE TestCounterSink/format
#15 31.70 === CONT  TestNewSink
#15 31.70 --- PASS: TestNewSink (0.00s)
#15 31.70 === CONT  TestGetResolversForTrendColumnsCalculation
#15 31.70 === RUN   TestGetResolversForTrendColumnsCalculation/p(50)
#15 31.70 === PAUSE TestGetResolversForTrendColumnsCalculation/p(50)
#15 31.70 === RUN   TestGetResolversForTrendColumnsCalculation/p(99)
#15 31.70 === PAUSE TestGetResolversForTrendColumnsCalculation/p(99)
#15 31.70 === RUN   TestGetResolversForTrendColumnsCalculation/p(99.9)
#15 31.70 === PAUSE TestGetResolversForTrendColumnsCalculation/p(99.9)
#15 31.70 === RUN   TestGetResolversForTrendColumnsCalculation/p(99.99)
#15 31.70 === PAUSE TestGetResolversForTrendColumnsCalculation/p(99.99)
#15 31.70 === CONT  TestGetResolversForTrendColumnsValidation
#15 31.70 === RUN   TestGetResolversForTrendColumnsCalculation/p(99.999)
#15 31.70 === RUN   TestGetResolversForTrendColumnsValidation/[]
#15 31.70 === PAUSE TestGetResolversForTrendColumnsCalculation/p(99.999)
#15 31.70 === PAUSE TestGetResolversForTrendColumnsValidation/[]
#15 31.70 --- PASS: TestNewSinkInvalidMetricType (0.00s)
#15 31.70 === CONT  TestSampleImplementations
#15 31.70 === RUN   TestGetResolversForTrendColumnsValidation/[avg_min_med_max_p(0)_p(99)_p(99.999)_count]
#15 31.70 === PAUSE TestGetResolversForTrendColumnsValidation/[avg_min_med_max_p(0)_p(99)_p(99.999)_count]
#15 31.70 === RUN   TestGetResolversForTrendColumnsValidation/[avg_p(err)]
#15 31.70 === PAUSE TestGetResolversForTrendColumnsValidation/[avg_p(err)]
#15 31.70 === RUN   TestGetResolversForTrendColumnsValidation/[nil_p(err)]
#15 31.70 === PAUSE TestGetResolversForTrendColumnsValidation/[nil_p(err)]
#15 31.70 === CONT  TestRegistryAll
#15 31.70 === RUN   TestGetResolversForTrendColumnsValidation/[p90]
#15 31.70 === RUN   TestRegistryAll/Empty
#15 31.70 === PAUSE TestGetResolversForTrendColumnsValidation/[p90]
#15 31.70 === PAUSE TestRegistryAll/Empty
#15 31.70 === RUN   TestGetResolversForTrendColumnsValidation/[p(90]
#15 31.70 === RUN   TestRegistryAll/MultipleItems
#15 31.70 === PAUSE TestGetResolversForTrendColumnsValidation/[p(90]
#15 31.70 === PAUSE TestRegistryAll/MultipleItems
#15 31.70 === RUN   TestGetResolversForTrendColumnsValidation/[_avg]
#15 31.70 === CONT  TestRegistryBranchTagSetRootWith
#15 31.70 === CONT  TestMetricNames
#15 31.70 === RUN   TestMetricNames/still_simple
#15 31.70 === PAUSE TestMetricNames/still_simple
#15 31.70 === RUN   TestMetricNames/#00
#15 31.70 === PAUSE TestMetricNames/#00
#15 31.70 === RUN   TestMetricNames/@
#15 31.70 === PAUSE TestMetricNames/@
#15 31.70 === RUN   TestMetricNames/a
#15 31.70 === PAUSE TestMetricNames/a
#15 31.70 === RUN   TestMetricNames/special__
#15 31.70 === PAUSE TestMetricNames/special__
#15 31.70 === RUN   TestMetricNames/hello.World_in_한글一안녕一세상
#15 31.70 === PAUSE TestGetResolversForTrendColumnsValidation/[_avg]
#15 31.70 === PAUSE TestMetricNames/hello.World_in_한글一안녕一세상
#15 31.70 === RUN   TestGetResolversForTrendColumnsValidation/[avg_]
#15 31.70 === PAUSE TestGetResolversForTrendColumnsValidation/[avg_]
#15 31.70 === RUN   TestMetricNames/tooolooooooooooooooooooooooooooooooooooooooooooooooooooooooooooooooooooooooooooooooooooooooooooooooooooooooooooooooooooooooooooooooooooooooooooooooooog
#15 31.70 === RUN   TestGetResolversForTrendColumnsValidation/[_avg_]
#15 31.70 === PAUSE TestMetricNames/tooolooooooooooooooooooooooooooooooooooooooooooooooooooooooooooooooooooooooooooooooooooooooooooooooooooooooooooooooooooooooooooooooooooooooooooooooooog
#15 31.70 === PAUSE TestGetResolversForTrendColumnsValidation/[_avg_]
#15 31.70 === RUN   TestMetricNames/simple
#15 31.70 === RUN   TestGetResolversForTrendColumnsValidation/[p(-1)]
#15 31.70 === PAUSE TestGetResolversForTrendColumnsValidation/[p(-1)]
#15 31.70 === RUN   TestGetResolversForTrendColumnsValidation/[p(101)]
#15 31.70 === PAUSE TestGetResolversForTrendColumnsValidation/[p(101)]
#15 31.70 === RUN   TestGetResolversForTrendColumnsValidation/[p(1)]
#15 31.70 === PAUSE TestGetResolversForTrendColumnsValidation/[p(1)]
#15 31.70 === PAUSE TestMetricNames/simple
#15 31.70 === CONT  TestRegistryNewMetric
#15 31.70 === CONT  TestAddSubmetric
#15 31.70 --- PASS: TestSampleImplementations (0.00s)
#15 31.70 === RUN   TestAddSubmetric/_a_:_1_
#15 31.70 === CONT  TestParseMetricName
#15 31.70 === PAUSE TestAddSubmetric/_a_:_1_
#15 31.70 === RUN   TestParseMetricName/metric_name_without_tags
#15 31.70 === RUN   TestAddSubmetric/a,b
#15 31.70 === PAUSE TestAddSubmetric/a,b
#15 31.70 === PAUSE TestParseMetricName/metric_name_without_tags
#15 31.70 === RUN   TestAddSubmetric/_a:"",b:_''
#15 31.70 === RUN   TestParseMetricName/metric_name_with_single_tag
#15 31.70 === PAUSE TestAddSubmetric/_a:"",b:_''
#15 31.70 === PAUSE TestParseMetricName/metric_name_with_single_tag
#15 31.70 === RUN   TestAddSubmetric/a:1,b:2
#15 31.70 === RUN   TestParseMetricName/metric_name_with_multiple_tags
#15 31.70 === PAUSE TestAddSubmetric/a:1,b:2
#15 31.70 === PAUSE TestParseMetricName/metric_name_with_multiple_tags
#15 31.70 === RUN   TestAddSubmetric/"_a"_:_'_1'_,_b_:_"2_"_
#15 31.70 === PAUSE TestAddSubmetric/"_a"_:_'_1'_,_b_:_"2_"_
#15 31.70 === RUN   TestParseMetricName/metric_name_with_multiple_spaced_tags
#15 31.70 === RUN   TestAddSubmetric/#00
#15 31.70 === PAUSE TestParseMetricName/metric_name_with_multiple_spaced_tags
#15 31.70 === PAUSE TestAddSubmetric/#00
#15 31.70 --- PASS: TestRegistryBranchTagSetRootWith (0.00s)
#15 31.70 === RUN   TestAddSubmetric/__
#15 31.70 --- PASS: TestRegistryNewMetric (0.00s)
#15 31.70 === RUN   TestParseMetricName/metric_name_with_group_tag
#15 31.70 === PAUSE TestAddSubmetric/__
#15 31.70 === PAUSE TestParseMetricName/metric_name_with_group_tag
#15 31.70 === RUN   TestAddSubmetric/_a_:_1,_b_:_2_
#15 31.70 === PAUSE TestAddSubmetric/_a_:_1,_b_:_2_
#15 31.70 === RUN   TestParseMetricName/metric_name_with_valid_name_and_repeated_curly_braces_tokens_in_tags_definition
#15 31.70 === RUN   TestAddSubmetric/a_:_'1'_,_b_:_"2"
#15 31.70 === PAUSE TestParseMetricName/metric_name_with_valid_name_and_repeated_curly_braces_tokens_in_tags_definition
#15 31.70 === PAUSE TestAddSubmetric/a_:_'1'_,_b_:_"2"
#15 31.70 === RUN   TestParseMetricName/metric_name_with_valid_name_and_repeated_curly_braces_and_colon_tokens_in_tags_definition
#15 31.70 === RUN   TestAddSubmetric/a
#15 31.70 === PAUSE TestParseMetricName/metric_name_with_valid_name_and_repeated_curly_braces_and_colon_tokens_in_tags_definition
#15 31.70 === PAUSE TestAddSubmetric/a
#15 31.70 === RUN   TestParseMetricName/metric_name_with_tag_definition_missing_`:value`
#15 31.70 === RUN   TestAddSubmetric/a:1
#15 31.70 === PAUSE TestParseMetricName/metric_name_with_tag_definition_missing_`:value`
#15 31.70 === PAUSE TestAddSubmetric/a:1
#15 31.70 === RUN   TestParseMetricName/metric_name_with_tag_definition_missing_value
#15 31.70 === CONT  TestNewThresholdsWithConfig
#15 31.70 === PAUSE TestParseMetricName/metric_name_with_tag_definition_missing_value
#15 31.70 === RUN   TestNewThresholdsWithConfig/empty
#15 31.70 === RUN   TestParseMetricName/metric_name_with_mixed_valid_and_invalid_tag_definitions
#15 31.70 === PAUSE TestNewThresholdsWithConfig/empty
#15 31.70 === PAUSE TestParseMetricName/metric_name_with_mixed_valid_and_invalid_tag_definitions
#15 31.70 === RUN   TestNewThresholdsWithConfig/two
#15 31.70 === PAUSE TestNewThresholdsWithConfig/two
#15 31.70 === RUN   TestParseMetricName/metric_name_with_valid_name_and_unmatched_opening_tags_definition_token
#15 31.70 === CONT  TestThresholdsJSON
#15 31.70 === PAUSE TestParseMetricName/metric_name_with_valid_name_and_unmatched_opening_tags_definition_token
#15 31.70 === RUN   TestThresholdsJSON/[]
#15 31.70 === RUN   TestParseMetricName/metric_name_with_valid_name_and_unmatched_closing_tags_definition_token
#15 31.70 === PAUSE TestParseMetricName/metric_name_with_valid_name_and_unmatched_closing_tags_definition_token
#15 31.70 === PAUSE TestThresholdsJSON/[]
#15 31.70 === RUN   TestParseMetricName/metric_name_with_valid_name_and_invalid_starting_tags_definition_token
#15 31.70 === RUN   TestThresholdsJSON/["rate<0.01"]
#15 31.70 === PAUSE TestParseMetricName/metric_name_with_valid_name_and_invalid_starting_tags_definition_token
#15 31.70 === PAUSE TestThresholdsJSON/["rate<0.01"]
#15 31.70 === RUN   TestParseMetricName/metric_name_with_valid_name_and_invalid_curly_braces_in_tags_definition
#15 31.70 === PAUSE TestParseMetricName/metric_name_with_valid_name_and_invalid_curly_braces_in_tags_definition
#15 31.70 === RUN   TestThresholdsJSON/["rate<0.01"]#01
#15 31.70 === PAUSE TestThresholdsJSON/["rate<0.01"]#01
#15 31.70 === RUN   TestParseMetricName/metric_name_with_valid_name_and_trailing_characters_after_closing_curly_brace_in_tags_definition
#15 31.70 === PAUSE TestParseMetricName/metric_name_with_valid_name_and_trailing_characters_after_closing_curly_brace_in_tags_definition
#15 31.70 === RUN   TestThresholdsJSON/["rate<0.01","p(95)<200"]
#15 31.70 === PAUSE TestThresholdsJSON/["rate<0.01","p(95)<200"]
#15 31.70 === CONT  TestThresholdsRun
#15 31.70 === RUN   TestThresholdsJSON/[{"threshold":"rate<0.01"}]
#15 31.70 === PAUSE TestThresholdsJSON/[{"threshold":"rate<0.01"}]
#15 31.70 === RUN   TestThresholdsRun/Running_thresholds_of_existing_sink
#15 31.70 === PAUSE TestThresholdsRun/Running_thresholds_of_existing_sink
#15 31.70 === RUN   TestThresholdsJSON/[{"threshold":"rate<0.01","abortOnFail":true,"delayAbortEval":null}]
#15 31.70 === PAUSE TestThresholdsJSON/[{"threshold":"rate<0.01","abortOnFail":true,"delayAbortEval":null}]
#15 31.70 === RUN   TestThresholdsRun/Running_thresholds_of_existing_sink_but_failing_threshold
#15 31.70 === PAUSE TestThresholdsRun/Running_thresholds_of_existing_sink_but_failing_threshold
#15 31.70 === RUN   TestThresholdsJSON/[{"threshold":"rate<0.01","abortOnFail":true,"delayAbortEval":"2s"}]
#15 31.70 === PAUSE TestThresholdsJSON/[{"threshold":"rate<0.01","abortOnFail":true,"delayAbortEval":"2s"}]
#15 31.70 === RUN   TestThresholdsRun/Running_threshold_on_non_existing_sink_does_not_fail
#15 31.70 === PAUSE TestThresholdsRun/Running_threshold_on_non_existing_sink_does_not_fail
#15 31.70 === RUN   TestThresholdsJSON/[{"threshold":"rate<0.01","abortOnFail":false}]
#15 31.70 === RUN   TestThresholdsRun/Running_a_counter_rate_threshold_with_zero_duration_does_not_divide_by_zero
#15 31.70 === PAUSE TestThresholdsJSON/[{"threshold":"rate<0.01","abortOnFail":false}]
#15 31.70 === PAUSE TestThresholdsRun/Running_a_counter_rate_threshold_with_zero_duration_does_not_divide_by_zero
#15 31.70 === RUN   TestThresholdsJSON/[{"threshold":"rate<0.01"},_"p(95)<200"]
#15 31.70 === PAUSE TestThresholdsJSON/[{"threshold":"rate<0.01"},_"p(95)<200"]
#15 31.70 === RUN   TestThresholdsRun/Running_threshold_on_trend_sink_with_no_values_and_passing_med_statement_succeeds
#15 31.70 === RUN   TestThresholdsJSON/bad_JSON
#15 31.70 === PAUSE TestThresholdsRun/Running_threshold_on_trend_sink_with_no_values_and_passing_med_statement_succeeds
#15 31.70 === PAUSE TestThresholdsJSON/bad_JSON
#15 31.70 === RUN   TestThresholdsRun/Running_threshold_on_trend_sink_with_no_values_and_non_passing_med_statement_fails
#15 31.70 === RUN   TestThresholdsJSON/bad_source
#15 31.70 === PAUSE TestThresholdsRun/Running_threshold_on_trend_sink_with_no_values_and_non_passing_med_statement_fails
#15 31.70 === PAUSE TestThresholdsJSON/bad_source
#15 31.70 === RUN   TestThresholdsRun/Running_threshold_on_trend_sink_with_values_and_passing_med_statement_succeeds
#15 31.70 === CONT  TestThresholdsRunAll
#15 31.70 === RUN   TestThresholdsRunAll/two_passing
#15 31.70 === PAUSE TestThresholdsRun/Running_threshold_on_trend_sink_with_values_and_passing_med_statement_succeeds
#15 31.70 === PAUSE TestThresholdsRunAll/two_passing
#15 31.70 === RUN   TestThresholdsRun/Running_threshold_on_trend_sink_with_values_and_failing_med_statement_fails
#15 31.70 === RUN   TestThresholdsRunAll/two_failing
#15 31.70 === PAUSE TestThresholdsRun/Running_threshold_on_trend_sink_with_values_and_failing_med_statement_fails
#15 31.70 === PAUSE TestThresholdsRunAll/two_failing
#15 31.70 === CONT  TestThresholdsValidate
#15 31.70 === RUN   TestThresholdsRunAll/two_mixed
#15 31.70 === PAUSE TestThresholdsRunAll/two_mixed
#15 31.70 === RUN   TestThresholdsValidate/validating_thresholds_applied_to_a_non_existing_metric_fails
#15 31.70 === RUN   TestThresholdsRunAll/one_aborting
#15 31.70 === PAUSE TestThresholdsValidate/validating_thresholds_applied_to_a_non_existing_metric_fails
#15 31.70 === PAUSE TestThresholdsRunAll/one_aborting
#15 31.70 === RUN   TestThresholdsValidate/validating_unparsed_thresholds_fails
#15 31.70 === PAUSE TestThresholdsValidate/validating_unparsed_thresholds_fails
#15 31.70 === RUN   TestThresholdsRunAll/abort_with_grace_period
#15 31.70 === PAUSE TestThresholdsRunAll/abort_with_grace_period
#15 31.70 === RUN   TestThresholdsValidate/thresholds_supported_aggregation_methods_for_metrics
#15 31.70 === RUN   TestThresholdsRunAll/no_abort_with_grace_period
#15 31.70 === PAUSE TestThresholdsValidate/thresholds_supported_aggregation_methods_for_metrics
#15 31.70 === PAUSE TestThresholdsRunAll/no_abort_with_grace_period
#15 31.70 === CONT  TestNewThresholds
#15 31.70 === RUN   TestThresholdsRunAll/one_passing
#15 31.70 === RUN   TestNewThresholds/empty
#15 31.70 === PAUSE TestThresholdsRunAll/one_passing
#15 31.70 === PAUSE TestNewThresholds/empty
#15 31.70 === RUN   TestNewThresholds/two
#15 31.70 === RUN   TestThresholdsRunAll/one_failing
#15 31.70 === PAUSE TestNewThresholds/two
#15 31.70 === CONT  TestThresholdsParse
#15 31.70 === PAUSE TestThresholdsRunAll/one_failing
#15 31.70 === CONT  TestThresholdRun
#15 31.70 === RUN   TestThresholdsParse/valid_threshold_expressions
#15 31.70 === RUN   TestThresholdRun/true
#15 31.70 === PAUSE TestThresholdRun/true
#15 31.70 === PAUSE TestThresholdsParse/valid_threshold_expressions
#15 31.70 === RUN   TestThresholdRun/false
#15 31.70 === RUN   TestThresholdsParse/invalid_threshold_expressions
#15 31.70 === PAUSE TestThresholdRun/false
#15 31.70 === PAUSE TestThresholdsParse/invalid_threshold_expressions
#15 31.70 === CONT  TestNewMetric/Counter
#15 31.70 === RUN   TestThresholdsParse/mixed_valid/invalid_threshold_expressions
#15 31.70 === PAUSE TestThresholdsParse/mixed_valid/invalid_threshold_expressions
#15 31.70 === CONT  TestNewMetric/Trend
#15 31.70 === CONT  TestNewMetric/Rate
#15 31.70 === CONT  TestNewMetric/Gauge
#15 31.70 === CONT  TestThreshold_runNoTaint/valid_expression_using_the_>_operator_over_passing_threshold
#15 31.70 --- PASS: TestNewMetric (0.00s)
#15 31.70     --- PASS: TestNewMetric/Counter (0.00s)
#15 31.70     --- PASS: TestNewMetric/Trend (0.00s)
#15 31.70     --- PASS: TestNewMetric/Rate (0.00s)
#15 31.70     --- PASS: TestNewMetric/Gauge (0.00s)
#15 31.70 === CONT  TestThreshold_runNoTaint/valid_expression_using_the_==_operator_over_passing_threshold
#15 31.70 === CONT  TestThreshold_runNoTaint/valid_expression_using_the_===_operator_over_passing_threshold
#15 31.70 === CONT  TestThreshold_runNoTaint/valid_expression_using_the_<=_operator_over_passing_threshold
#15 31.70 === CONT  TestThreshold_runNoTaint/valid_expression_using_the_>=_operator_over_passing_threshold
#15 31.70 === CONT  TestThreshold_runNoTaint/valid_expression_using_the_<_operator_over_passing_threshold
#15 31.70 === CONT  TestThreshold_runNoTaint/valid_expression_using_the_>_operator_over_passing_threshold_and_defined_abort_grace_period
#15 31.70 === CONT  TestThreshold_runNoTaint/valid_expression_over_non-existing_sink
#15 31.70 === CONT  TestThreshold_runNoTaint/valid_expression_over_failing_threshold
#15 31.70 === CONT  TestThreshold_runNoTaint/invalid_expression_operator
#15 31.70 === CONT  TestThreshold_runNoTaint/valid_expression_using_!=_operator_over_passing_threshold
#15 31.70 === CONT  TestScanThresholdExpression/expression_with_<=_operator_is_scanned
#15 31.70 --- PASS: TestThreshold_runNoTaint (0.00s)
#15 31.70     --- PASS: TestThreshold_runNoTaint/valid_expression_using_the_>_operator_over_passing_threshold (0.00s)
#15 31.70     --- PASS: TestThreshold_runNoTaint/valid_expression_using_the_==_operator_over_passing_threshold (0.00s)
#15 31.70     --- PASS: TestThreshold_runNoTaint/valid_expression_using_the_===_operator_over_passing_threshold (0.00s)
#15 31.70     --- PASS: TestThreshold_runNoTaint/valid_expression_using_the_<=_operator_over_passing_threshold (0.00s)
#15 31.70     --- PASS: TestThreshold_runNoTaint/valid_expression_using_the_>=_operator_over_passing_threshold (0.00s)
#15 31.70     --- PASS: TestThreshold_runNoTaint/valid_expression_using_the_<_operator_over_passing_threshold (0.00s)
#15 31.70     --- PASS: TestThreshold_runNoTaint/valid_expression_using_the_>_operator_over_passing_threshold_and_defined_abort_grace_period (0.00s)
#15 31.70     --- PASS: TestThreshold_runNoTaint/valid_expression_over_non-existing_sink (0.00s)
#15 31.70     --- PASS: TestThreshold_runNoTaint/valid_expression_over_failing_threshold (0.00s)
#15 31.70     --- PASS: TestThreshold_runNoTaint/invalid_expression_operator (0.00s)
#15 31.70     --- PASS: TestThreshold_runNoTaint/valid_expression_using_!=_operator_over_passing_threshold (0.00s)
#15 31.70 === CONT  TestScanThresholdExpression/expression_with_unknown_operator_fails
#15 31.70 === CONT  TestParseThresholdAggregationMethod/count_method_is_parsed
#15 31.70 === CONT  TestScanThresholdExpression/expression's_value_is_trimmed
#15 31.70 === CONT  TestScanThresholdExpression/expression's_method_is_trimmed
#15 31.70 === CONT  TestScanThresholdExpression/expression_with_!=_operator_is_scanned
#15 31.70 === CONT  TestScanThresholdExpression/expression_with_==_operator_is_scanned
#15 31.70 === CONT  TestScanThresholdExpression/expression_with_===_operator_is_scanned
#15 31.70 === CONT  TestScanThresholdExpression/expression_with_>_operator_is_scanned
#15 31.70 === CONT  TestScanThresholdExpression/expression_with_>=_operator_is_scanned
#15 31.70 === CONT  TestScanThresholdExpression/expression_with_<_operator_is_scanned
#15 31.70 === CONT  TestParseThresholdAggregationMethod/percentile_method_with_100_value_is_parsed
#15 31.70 --- PASS: TestScanThresholdExpression (0.00s)
#15 31.70     --- PASS: TestScanThresholdExpression/expression_with_<=_operator_is_scanned (0.00s)
#15 31.70     --- PASS: TestScanThresholdExpression/expression_with_unknown_operator_fails (0.00s)
#15 31.70     --- PASS: TestScanThresholdExpression/expression's_value_is_trimmed (0.00s)
#15 31.70     --- PASS: TestScanThresholdExpression/expression's_method_is_trimmed (0.00s)
#15 31.70     --- PASS: TestScanThresholdExpression/expression_with_!=_operator_is_scanned (0.00s)
#15 31.70     --- PASS: TestScanThresholdExpression/expression_with_==_operator_is_scanned (0.00s)
#15 31.70     --- PASS: TestScanThresholdExpression/expression_with_===_operator_is_scanned (0.00s)
#15 31.70     --- PASS: TestScanThresholdExpression/expression_with_>_operator_is_scanned (0.00s)
#15 31.70     --- PASS: TestScanThresholdExpression/expression_with_>=_operator_is_scanned (0.00s)
#15 31.70     --- PASS: TestScanThresholdExpression/expression_with_<_operator_is_scanned (0.00s)
#15 31.70 === CONT  TestParseThresholdAggregationMethod/parsing_infinite_percentile_value_fails
#15 31.70 === CONT  TestParseThresholdAggregationMethod/parsing_NaN_percentile_value_fails
#15 31.70 === CONT  TestParseThresholdAggregationMethod/parsing_negative_percentile_value_fails
#15 31.70 === CONT  TestParseThresholdAggregationMethod/parsing_percentile_value_greater_than_100_fails
#15 31.70 === CONT  TestParseThresholdAggregationMethod/parsing_non-numerical_percentile_value_fails
#15 31.70 === CONT  TestParseThresholdAggregationMethod/parsing_incomplete_percentile_expression_fails
#15 31.70 === CONT  TestParseThresholdAggregationMethod/parsing_empty_percentile_expression_fails
#15 31.70 === CONT  TestParseThresholdAggregationMethod/parsing_invalid_method_fails
#15 31.70 === CONT  TestParseThresholdAggregationMethod/max_method_is_parsed
#15 31.70 === CONT  TestParseThresholdAggregationMethod/percentile_method_with_zero_value_is_parsed
#15 31.70 === CONT  TestParseThresholdAggregationMethod/percentile_method_with_floating_point_value_is_parsed
#15 31.70 === CONT  TestParseThresholdAggregationMethod/percentile_method_with_integer_value_is_parsed
#15 31.70 === CONT  TestParseThresholdAggregationMethod/med_method_is_parsed
#15 31.70 === CONT  TestParseThresholdAggregationMethod/avg_method_is_parsed
#15 31.70 === CONT  TestParseThresholdAggregationMethod/min_method_is_parsed
#15 31.70 === CONT  TestParseThresholdAggregationMethod/value_method_is_parsed
#15 31.70 === CONT  TestParseThresholdAggregationMethod/rate_method_is_parsed
#15 31.70 === CONT  TestParseThresholdExpression/unknown_expression's_operator_fails
#15 31.70 --- PASS: TestParseThresholdAggregationMethod (0.00s)
#15 31.70     --- PASS: TestParseThresholdAggregationMethod/count_method_is_parsed (0.00s)
#15 31.70     --- PASS: TestParseThresholdAggregationMethod/percentile_method_with_100_value_is_parsed (0.00s)
#15 31.70     --- PASS: TestParseThresholdAggregationMethod/parsing_NaN_percentile_value_fails (0.00s)
#15 31.70     --- PASS: TestParseThresholdAggregationMethod/parsing_infinite_percentile_value_fails (0.00s)
#15 31.70     --- PASS: TestParseThresholdAggregationMethod/parsing_negative_percentile_value_fails (0.00s)
#15 31.70     --- PASS: TestParseThresholdAggregationMethod/parsing_percentile_value_greater_than_100_fails (0.00s)
#15 31.70     --- PASS: TestParseThresholdAggregationMethod/parsing_incomplete_percentile_expression_fails (0.00s)
#15 31.70     --- PASS: TestParseThresholdAggregationMethod/parsing_non-numerical_percentile_value_fails (0.00s)
#15 31.70     --- PASS: TestParseThresholdAggregationMethod/parsing_empty_percentile_expression_fails (0.00s)
#15 31.70     --- PASS: TestParseThresholdAggregationMethod/parsing_invalid_method_fails (0.00s)
#15 31.70     --- PASS: TestParseThresholdAggregationMethod/max_method_is_parsed (0.00s)
#15 31.70     --- PASS: TestParseThresholdAggregationMethod/percentile_method_with_zero_value_is_parsed (0.00s)
#15 31.70     --- PASS: TestParseThresholdAggregationMethod/percentile_method_with_floating_point_value_is_parsed (0.00s)
#15 31.70     --- PASS: TestParseThresholdAggregationMethod/percentile_method_with_integer_value_is_parsed (0.00s)
#15 31.70     --- PASS: TestParseThresholdAggregationMethod/med_method_is_parsed (0.00s)
#15 31.70     --- PASS: TestParseThresholdAggregationMethod/avg_method_is_parsed (0.00s)
#15 31.70     --- PASS: TestParseThresholdAggregationMethod/min_method_is_parsed (0.00s)
#15 31.70     --- PASS: TestParseThresholdAggregationMethod/value_method_is_parsed (0.00s)
#15 31.70     --- PASS: TestParseThresholdAggregationMethod/rate_method_is_parsed (0.00s)
#15 31.70 === CONT  TestParseThresholdExpression/valid_threshold_expression_syntax
#15 31.70 === CONT  TestParseThresholdExpression/non_numerical_expression's_value_fails
#15 31.70 === CONT  TestParseThresholdExpression/unknown_expression's_method_fails
#15 31.70 === CONT  TestTagsAndMetaSetSystemTagOrMeta/Metadata
#15 31.70 === CONT  TestTagsAndMetaSetSystemTagOrMeta/Tag
#15 31.70 === CONT  TestTagsAndMetaSetMetadata/WhenNil
#15 31.70 --- PASS: TestTagsAndMetaSetSystemTagOrMeta (0.00s)
#15 31.70     --- PASS: TestTagsAndMetaSetSystemTagOrMeta/Metadata (0.00s)
#15 31.70     --- PASS: TestTagsAndMetaSetSystemTagOrMeta/Tag (0.00s)
#15 31.70 === CONT  TestRateSink/add
#15 31.70 --- PASS: TestParseThresholdExpression (0.00s)
#15 31.70     --- PASS: TestParseThresholdExpression/unknown_expression's_operator_fails (0.00s)
#15 31.70     --- PASS: TestParseThresholdExpression/non_numerical_expression's_value_fails (0.00s)
#15 31.70     --- PASS: TestParseThresholdExpression/unknown_expression's_method_fails (0.00s)
#15 31.70     --- PASS: TestParseThresholdExpression/valid_threshold_expression_syntax (0.00s)
#15 31.70 === RUN   TestRateSink/add/one_true
#15 31.70 === CONT  TestTagsAndMetaSetMetadata/WhenNotNil
#15 31.70 === PAUSE TestRateSink/add/one_true
#15 31.70 === CONT  TestRateSink/format
#15 31.70 === RUN   TestRateSink/add/one_false
#15 31.70 === PAUSE TestRateSink/add/one_false
#15 31.70 === CONT  TestGaugeSink/add
#15 31.70 === RUN   TestRateSink/add/values
#15 31.70 === RUN   TestGaugeSink/add/one_value
#15 31.70 === PAUSE TestRateSink/add/values
#15 31.70 === PAUSE TestGaugeSink/add/one_value
#15 31.70 --- PASS: TestTagsAndMetaSetMetadata (0.00s)
#15 31.70     --- PASS: TestTagsAndMetaSetMetadata/WhenNil (0.00s)
#15 31.70     --- PASS: TestTagsAndMetaSetMetadata/WhenNotNil (0.00s)
#15 31.70 === CONT  TestGaugeSink/format
#15 31.70 === RUN   TestGaugeSink/add/negative_values
#15 31.70 === PAUSE TestGaugeSink/add/negative_values
#15 31.70 === CONT  TestTrendSink/add/one_value
#15 31.70 === RUN   TestGaugeSink/add/values
#15 31.70 === PAUSE TestGaugeSink/add/values
#15 31.70 === CONT  TestTrendSink/add/negative
#15 31.70 === CONT  TestTrendSink/add/mixed
#15 31.70 === CONT  TestTrendSink/add/values
#15 31.70 === CONT  TestCounterSink/add
#15 31.70 === RUN   TestCounterSink/add/one_value
#15 31.70 === CONT  TestCounterSink/format
#15 31.70 === PAUSE TestCounterSink/add/one_value
#15 31.70 === CONT  TestGetResolversForTrendColumnsCalculation/p(50)
#15 31.70 === RUN   TestCounterSink/add/values
#15 31.70 === PAUSE TestCounterSink/add/values
#15 31.70 === CONT  TestGetResolversForTrendColumnsCalculation/p(99.999)
#15 31.70 === CONT  TestGetResolversForTrendColumnsCalculation/p(99.99)
#15 31.70 === CONT  TestGetResolversForTrendColumnsCalculation/p(99.9)
#15 31.70 === CONT  TestGetResolversForTrendColumnsCalculation/p(99)
#15 31.70 === CONT  TestRegistryAll/Empty
#15 31.70 === CONT  TestGetResolversForTrendColumnsValidation/[]
#15 31.70 === CONT  TestRegistryAll/MultipleItems
#15 31.70 === CONT  TestMetricNames/still_simple
#15 31.70 === CONT  TestGetResolversForTrendColumnsValidation/[avg_p(err)]
#15 31.70 === CONT  TestGetResolversForTrendColumnsValidation/[p(1)]
#15 31.70 === CONT  TestGetResolversForTrendColumnsValidation/[p(101)]
#15 31.70 === CONT  TestGetResolversForTrendColumnsValidation/[p(-1)]
#15 31.70 === CONT  TestGetResolversForTrendColumnsValidation/[_avg_]
#15 31.70 === CONT  TestGetResolversForTrendColumnsValidation/[avg_]
#15 31.70 === CONT  TestGetResolversForTrendColumnsValidation/[_avg]
#15 31.70 === CONT  TestGetResolversForTrendColumnsValidation/[p(90]
#15 31.70 === CONT  TestGetResolversForTrendColumnsValidation/[p90]
#15 31.70 === CONT  TestGetResolversForTrendColumnsValidation/[nil_p(err)]
#15 31.70 === CONT  TestMetricNames/tooolooooooooooooooooooooooooooooooooooooooooooooooooooooooooooooooooooooooooooooooooooooooooooooooooooooooooooooooooooooooooooooooooooooooooooooooooog
#15 31.70 === CONT  TestGetResolversForTrendColumnsValidation/[avg_min_med_max_p(0)_p(99)_p(99.999)_count]
#15 31.70 === CONT  TestMetricNames/simple
#15 31.70 === CONT  TestMetricNames/hello.World_in_한글一안녕一세상
#15 31.70 === CONT  TestMetricNames/special__
#15 31.70 === CONT  TestMetricNames/#00
#15 31.70 === CONT  TestMetricNames/@
#15 31.70 === CONT  TestAddSubmetric/_a_:_1_
#15 31.70 === CONT  TestAddSubmetric/a:1
#15 31.70 === CONT  TestAddSubmetric/a
#15 31.70 === CONT  TestAddSubmetric/a_:_'1'_,_b_:_"2"
#15 31.70 === CONT  TestMetricNames/a
#15 31.70 === CONT  TestAddSubmetric/_a_:_1,_b_:_2_
#15 31.70 === CONT  TestAddSubmetric/__
#15 31.70 === CONT  TestAddSubmetric/#00
#15 31.70 === CONT  TestAddSubmetric/"_a"_:_'_1'_,_b_:_"2_"_
#15 31.70 === CONT  TestAddSubmetric/a:1,b:2
#15 31.70 === CONT  TestAddSubmetric/_a:"",b:_''
#15 31.70 === CONT  TestNewThresholdsWithConfig/empty
#15 31.70 === CONT  TestNewThresholdsWithConfig/two
#15 31.70 === CONT  TestParseMetricName/metric_name_without_tags
#15 31.70 === CONT  TestParseMetricName/metric_name_with_valid_name_and_trailing_characters_after_closing_curly_brace_in_tags_definition
#15 31.70 === CONT  TestAddSubmetric/a,b
#15 31.70 === CONT  TestParseMetricName/metric_name_with_valid_name_and_invalid_curly_braces_in_tags_definition
#15 31.70 === CONT  TestParseMetricName/metric_name_with_valid_name_and_invalid_starting_tags_definition_token
#15 31.70 === CONT  TestParseMetricName/metric_name_with_valid_name_and_unmatched_closing_tags_definition_token
#15 31.70 === CONT  TestParseMetricName/metric_name_with_valid_name_and_unmatched_opening_tags_definition_token
#15 31.70 === CONT  TestParseMetricName/metric_name_with_mixed_valid_and_invalid_tag_definitions
#15 31.70 === CONT  TestParseMetricName/metric_name_with_tag_definition_missing_value
#15 31.70 === CONT  TestParseMetricName/metric_name_with_tag_definition_missing_`:value`
#15 31.70 === CONT  TestParseMetricName/metric_name_with_valid_name_and_repeated_curly_braces_and_colon_tokens_in_tags_definition
#15 31.70 === CONT  TestParseMetricName/metric_name_with_valid_name_and_repeated_curly_braces_tokens_in_tags_definition
#15 31.70 === CONT  TestParseMetricName/metric_name_with_group_tag
#15 31.70 === CONT  TestParseMetricName/metric_name_with_multiple_spaced_tags
#15 31.70 === CONT  TestParseMetricName/metric_name_with_multiple_tags
#15 31.70 === CONT  TestThresholdsJSON/[]
#15 31.70 === CONT  TestParseMetricName/metric_name_with_single_tag
#15 31.70 === CONT  TestThresholdsJSON/bad_source
#15 31.70 === CONT  TestThresholdsJSON/bad_JSON
#15 31.70 === CONT  TestThresholdsJSON/[{"threshold":"rate<0.01"},_"p(95)<200"]
#15 31.70 === RUN   TestThresholdsJSON/[]/marshal
#15 31.70 --- PASS: TestGetResolversForTrendColumnsCalculation (0.00s)
#15 31.70     --- PASS: TestGetResolversForTrendColumnsCalculation/p(50) (0.00s)
#15 31.70     --- PASS: TestGetResolversForTrendColumnsCalculation/p(99.999) (0.00s)
#15 31.70     --- PASS: TestGetResolversForTrendColumnsCalculation/p(99.99) (0.00s)
#15 31.70     --- PASS: TestGetResolversForTrendColumnsCalculation/p(99.9) (0.00s)
#15 31.70     --- PASS: TestGetResolversForTrendColumnsCalculation/p(99) (0.00s)
#15 31.70 --- PASS: TestRegistryAll (0.00s)
#15 31.70     --- PASS: TestRegistryAll/Empty (0.00s)
#15 31.70     --- PASS: TestRegistryAll/MultipleItems (0.00s)
#15 31.70 --- PASS: TestGetResolversForTrendColumnsValidation (0.00s)
#15 31.70     --- PASS: TestGetResolversForTrendColumnsValidation/[] (0.00s)
#15 31.70     --- PASS: TestGetResolversForTrendColumnsValidation/[avg_p(err)] (0.00s)
#15 31.70     --- PASS: TestGetResolversForTrendColumnsValidation/[p(1)] (0.00s)
#15 31.70     --- PASS: TestGetResolversForTrendColumnsValidation/[p(101)] (0.00s)
#15 31.70     --- PASS: TestGetResolversForTrendColumnsValidation/[p(-1)] (0.00s)
#15 31.70     --- PASS: TestGetResolversForTrendColumnsValidation/[_avg_] (0.00s)
#15 31.70     --- PASS: TestGetResolversForTrendColumnsValidation/[avg_] (0.00s)
#15 31.70     --- PASS: TestGetResolversForTrendColumnsValidation/[_avg] (0.00s)
#15 31.70     --- PASS: TestGetResolversForTrendColumnsValidation/[p(90] (0.00s)
#15 31.70     --- PASS: TestGetResolversForTrendColumnsValidation/[p90] (0.00s)
#15 31.70     --- PASS: TestGetResolversForTrendColumnsValidation/[nil_p(err)] (0.00s)
#15 31.70     --- PASS: TestGetResolversForTrendColumnsValidation/[avg_min_med_max_p(0)_p(99)_p(99.999)_count] (0.00s)
#15 31.70 === RUN   TestThresholdsJSON/[{"threshold":"rate<0.01"},_"p(95)<200"]/marshal
#15 31.70 --- PASS: TestMetricNames (0.00s)
#15 31.70     --- PASS: TestMetricNames/still_simple (0.00s)
#15 31.70     --- PASS: TestMetricNames/tooolooooooooooooooooooooooooooooooooooooooooooooooooooooooooooooooooooooooooooooooooooooooooooooooooooooooooooooooooooooooooooooooooooooooooooooooooog (0.00s)
#15 31.70     --- PASS: TestMetricNames/simple (0.00s)
#15 31.70     --- PASS: TestMetricNames/hello.World_in_한글一안녕一세상 (0.00s)
#15 31.70     --- PASS: TestMetricNames/special__ (0.00s)
#15 31.70     --- PASS: TestMetricNames/#00 (0.00s)
#15 31.70     --- PASS: TestMetricNames/@ (0.00s)
#15 31.70     --- PASS: TestMetricNames/a (0.00s)
#15 31.70 === CONT  TestThresholdsJSON/[{"threshold":"rate<0.01","abortOnFail":false}]
#15 31.70 --- PASS: TestNewThresholdsWithConfig (0.00s)
#15 31.70     --- PASS: TestNewThresholdsWithConfig/empty (0.00s)
#15 31.70     --- PASS: TestNewThresholdsWithConfig/two (0.00s)
#15 31.70 --- PASS: TestAddSubmetric (0.00s)
#15 31.70     --- PASS: TestAddSubmetric/_a_:_1_ (0.00s)
#15 31.70     --- PASS: TestAddSubmetric/a:1 (0.00s)
#15 31.70     --- PASS: TestAddSubmetric/a (0.00s)
#15 31.70     --- PASS: TestAddSubmetric/a_:_'1'_,_b_:_"2" (0.00s)
#15 31.70     --- PASS: TestAddSubmetric/__ (0.00s)
#15 31.70     --- PASS: TestAddSubmetric/#00 (0.00s)
#15 31.70     --- PASS: TestAddSubmetric/_a_:_1,_b_:_2_ (0.00s)
#15 31.70     --- PASS: TestAddSubmetric/a:1,b:2 (0.00s)
#15 31.70     --- PASS: TestAddSubmetric/"_a"_:_'_1'_,_b_:_"2_"_ (0.00s)
#15 31.70     --- PASS: TestAddSubmetric/_a:"",b:_'' (0.00s)
#15 31.70     --- PASS: TestAddSubmetric/a,b (0.00s)
#15 31.70 === RUN   TestThresholdsJSON/[{"threshold":"rate<0.01","abortOnFail":false}]/marshal
#15 31.70 --- PASS: TestParseMetricName (0.00s)
#15 31.70     --- PASS: TestParseMetricName/metric_name_without_tags (0.00s)
#15 31.70     --- PASS: TestParseMetricName/metric_name_with_valid_name_and_trailing_characters_after_closing_curly_brace_in_tags_definition (0.00s)
#15 31.70     --- PASS: TestParseMetricName/metric_name_with_valid_name_and_invalid_curly_braces_in_tags_definition (0.00s)
#15 31.70     --- PASS: TestParseMetricName/metric_name_with_valid_name_and_invalid_starting_tags_definition_token (0.00s)
#15 31.70     --- PASS: TestParseMetricName/metric_name_with_valid_name_and_unmatched_closing_tags_definition_token (0.00s)
#15 31.70     --- PASS: TestParseMetricName/metric_name_with_valid_name_and_unmatched_opening_tags_definition_token (0.00s)
#15 31.70     --- PASS: TestParseMetricName/metric_name_with_mixed_valid_and_invalid_tag_definitions (0.00s)
#15 31.70     --- PASS: TestParseMetricName/metric_name_with_tag_definition_missing_value (0.00s)
#15 31.70     --- PASS: TestParseMetricName/metric_name_with_tag_definition_missing_`:value` (0.00s)
#15 31.70     --- PASS: TestParseMetricName/metric_name_with_valid_name_and_repeated_curly_braces_and_colon_tokens_in_tags_definition (0.00s)
#15 31.70     --- PASS: TestParseMetricName/metric_name_with_valid_name_and_repeated_curly_braces_tokens_in_tags_definition (0.00s)
#15 31.70     --- PASS: TestParseMetricName/metric_name_with_group_tag (0.00s)
#15 31.70     --- PASS: TestParseMetricName/metric_name_with_multiple_tags (0.00s)
#15 31.70     --- PASS: TestParseMetricName/metric_name_with_multiple_spaced_tags (0.00s)
#15 31.70     --- PASS: TestParseMetricName/metric_name_with_single_tag (0.00s)
#15 31.70 === CONT  TestThresholdsJSON/[{"threshold":"rate<0.01","abortOnFail":true,"delayAbortEval":"2s"}]
#15 31.70 === CONT  TestThresholdsJSON/[{"threshold":"rate<0.01","abortOnFail":true,"delayAbortEval":null}]
#15 31.70 === RUN   TestThresholdsJSON/[{"threshold":"rate<0.01","abortOnFail":true,"delayAbortEval":null}]/marshal
#15 31.70 === RUN   TestThresholdsJSON/[{"threshold":"rate<0.01","abortOnFail":true,"delayAbortEval":"2s"}]/marshal
#15 31.70 === CONT  TestThresholdsJSON/["rate<0.01","p(95)<200"]
#15 31.70 === CONT  TestThresholdsJSON/[{"threshold":"rate<0.01"}]
#15 31.70 === RUN   TestThresholdsJSON/["rate<0.01","p(95)<200"]/marshal
#15 31.70 === RUN   TestThresholdsJSON/[{"threshold":"rate<0.01"}]/marshal
#15 31.70 === CONT  TestThresholdsJSON/["rate<0.01"]#01
#15 31.70 === CONT  TestThresholdsJSON/["rate<0.01"]
#15 31.70 === RUN   TestThresholdsJSON/["rate<0.01"]#01/marshal
#15 31.70 === RUN   TestThresholdsJSON/["rate<0.01"]/marshal
#15 31.70 === CONT  TestThresholdsRun/Running_thresholds_of_existing_sink
#15 31.70 --- PASS: TestThresholdsJSON (0.00s)
#15 31.70     --- PASS: TestThresholdsJSON/bad_source (0.00s)
#15 31.70     --- PASS: TestThresholdsJSON/bad_JSON (0.00s)
#15 31.70     --- PASS: TestThresholdsJSON/[{"threshold":"rate<0.01"},_"p(95)<200"] (0.00s)
#15 31.70         --- PASS: TestThresholdsJSON/[{"threshold":"rate<0.01"},_"p(95)<200"]/marshal (0.00s)
#15 31.70     --- PASS: TestThresholdsJSON/[] (0.00s)
#15 31.70         --- PASS: TestThresholdsJSON/[]/marshal (0.00s)
#15 31.70     --- PASS: TestThresholdsJSON/[{"threshold":"rate<0.01","abortOnFail":false}] (0.00s)
#15 31.70         --- PASS: TestThresholdsJSON/[{"threshold":"rate<0.01","abortOnFail":false}]/marshal (0.00s)
#15 31.70     --- PASS: TestThresholdsJSON/[{"threshold":"rate<0.01","abortOnFail":true,"delayAbortEval":"2s"}] (0.00s)
#15 31.70         --- PASS: TestThresholdsJSON/[{"threshold":"rate<0.01","abortOnFail":true,"delayAbortEval":"2s"}]/marshal (0.00s)
#15 31.70     --- PASS: TestThresholdsJSON/[{"threshold":"rate<0.01","abortOnFail":true,"delayAbortEval":null}] (0.00s)
#15 31.70         --- PASS: TestThresholdsJSON/[{"threshold":"rate<0.01","abortOnFail":true,"delayAbortEval":null}]/marshal (0.00s)
#15 31.70     --- PASS: TestThresholdsJSON/["rate<0.01","p(95)<200"] (0.00s)
#15 31.70         --- PASS: TestThresholdsJSON/["rate<0.01","p(95)<200"]/marshal (0.00s)
#15 31.70     --- PASS: TestThresholdsJSON/[{"threshold":"rate<0.01"}] (0.00s)
#15 31.70         --- PASS: TestThresholdsJSON/[{"threshold":"rate<0.01"}]/marshal (0.00s)
#15 31.70     --- PASS: TestThresholdsJSON/["rate<0.01"]#01 (0.00s)
#15 31.70         --- PASS: TestThresholdsJSON/["rate<0.01"]#01/marshal (0.00s)
#15 31.70     --- PASS: TestThresholdsJSON/["rate<0.01"] (0.00s)
#15 31.70         --- PASS: TestThresholdsJSON/["rate<0.01"]/marshal (0.00s)
#15 31.70 === CONT  TestThresholdsRun/Running_threshold_on_trend_sink_with_values_and_failing_med_statement_fails
#15 31.70 === CONT  TestThresholdsRun/Running_threshold_on_trend_sink_with_values_and_passing_med_statement_succeeds
#15 31.70 === CONT  TestThresholdsRun/Running_threshold_on_trend_sink_with_no_values_and_non_passing_med_statement_fails
#15 31.70 === CONT  TestThresholdsRun/Running_threshold_on_trend_sink_with_no_values_and_passing_med_statement_succeeds
#15 31.70 === CONT  TestThresholdsRun/Running_a_counter_rate_threshold_with_zero_duration_does_not_divide_by_zero
#15 31.70 === CONT  TestThresholdsRun/Running_threshold_on_non_existing_sink_does_not_fail
#15 31.70 === CONT  TestThresholdsRun/Running_thresholds_of_existing_sink_but_failing_threshold
#15 31.70 === CONT  TestThresholdsValidate/thresholds_supported_aggregation_methods_for_metrics
#15 31.70 --- PASS: TestThresholdsRun (0.00s)
#15 31.70     --- PASS: TestThresholdsRun/Running_thresholds_of_existing_sink (0.00s)
#15 31.70     --- PASS: TestThresholdsRun/Running_threshold_on_trend_sink_with_values_and_failing_med_statement_fails (0.00s)
#15 31.70     --- PASS: TestThresholdsRun/Running_threshold_on_trend_sink_with_values_and_passing_med_statement_succeeds (0.00s)
#15 31.70     --- PASS: TestThresholdsRun/Running_threshold_on_trend_sink_with_no_values_and_non_passing_med_statement_fails (0.00s)
#15 31.70     --- PASS: TestThresholdsRun/Running_threshold_on_trend_sink_with_no_values_and_passing_med_statement_succeeds (0.00s)
#15 31.70     --- PASS: TestThresholdsRun/Running_a_counter_rate_threshold_with_zero_duration_does_not_divide_by_zero (0.00s)
#15 31.70     --- PASS: TestThresholdsRun/Running_threshold_on_non_existing_sink_does_not_fail (0.00s)
#15 31.70     --- PASS: TestThresholdsRun/Running_thresholds_of_existing_sink_but_failing_threshold (0.00s)
#15 31.70 === CONT  TestThresholdsValidate/validating_thresholds_applied_to_a_non_existing_metric_fails
#15 31.70 === RUN   TestThresholdsValidate/thresholds_supported_aggregation_methods_for_metrics/threshold_expression_using_'count'_is_valid_against_a_counter_metric
#15 31.70 === PAUSE TestThresholdsValidate/thresholds_supported_aggregation_methods_for_metrics/threshold_expression_using_'count'_is_valid_against_a_counter_metric
#15 31.70 === CONT  TestThresholdsValidate/validating_unparsed_thresholds_fails
#15 31.70 === CONT  TestNewThresholds/empty
#15 31.70 === RUN   TestThresholdsValidate/thresholds_supported_aggregation_methods_for_metrics/threshold_expression_using_'rate'_is_valid_against_a_counter_metric
#15 31.70 === CONT  TestThresholdsRunAll/two_passing
#15 31.70 === PAUSE TestThresholdsValidate/thresholds_supported_aggregation_methods_for_metrics/threshold_expression_using_'rate'_is_valid_against_a_counter_metric
#15 31.70 === CONT  TestNewThresholds/two
#15 31.70 === RUN   TestThresholdsValidate/thresholds_supported_aggregation_methods_for_metrics/threshold_expression_using_'rate'_is_valid_against_a_counter_single_tag_submetric
#15 31.70 --- PASS: TestNewThresholds (0.00s)
#15 31.70     --- PASS: TestNewThresholds/empty (0.00s)
#15 31.70     --- PASS: TestNewThresholds/two (0.00s)
#15 31.70 === PAUSE TestThresholdsValidate/thresholds_supported_aggregation_methods_for_metrics/threshold_expression_using_'rate'_is_valid_against_a_counter_single_tag_submetric
#15 31.70 === CONT  TestThresholdsRunAll/abort_with_grace_period
#15 31.70 === RUN   TestThresholdsValidate/thresholds_supported_aggregation_methods_for_metrics/threshold_expression_using_'rate'_is_valid_against_a_counter_multi-tag_submetric
#15 31.70 === PAUSE TestThresholdsValidate/thresholds_supported_aggregation_methods_for_metrics/threshold_expression_using_'rate'_is_valid_against_a_counter_multi-tag_submetric
#15 31.70 === CONT  TestThresholdsRunAll/one_failing
#15 31.70 === RUN   TestThresholdsValidate/thresholds_supported_aggregation_methods_for_metrics/threshold_expression_using_'value'_is_valid_against_a_gauge_metric
#15 31.70 === PAUSE TestThresholdsValidate/thresholds_supported_aggregation_methods_for_metrics/threshold_expression_using_'value'_is_valid_against_a_gauge_metric
#15 31.70 === RUN   TestThresholdsValidate/thresholds_supported_aggregation_methods_for_metrics/threshold_expression_using_'rate'_is_valid_against_a_rate_metric
#15 31.70 === CONT  TestThresholdsRunAll/one_passing
#15 31.70 === PAUSE TestThresholdsValidate/thresholds_supported_aggregation_methods_for_metrics/threshold_expression_using_'rate'_is_valid_against_a_rate_metric
#15 31.70 === CONT  TestThresholdsRunAll/no_abort_with_grace_period
#15 31.70 === RUN   TestThresholdsValidate/thresholds_supported_aggregation_methods_for_metrics/threshold_expression_using_'avg'_is_valid_against_a_trend_metric
#15 31.70 === CONT  TestThresholdsRunAll/two_mixed
#15 31.70 === PAUSE TestThresholdsValidate/thresholds_supported_aggregation_methods_for_metrics/threshold_expression_using_'avg'_is_valid_against_a_trend_metric
#15 31.70 === CONT  TestThresholdsRunAll/one_aborting
#15 31.70 === CONT  TestThresholdsRunAll/two_failing
#15 31.70 === RUN   TestThresholdsValidate/thresholds_supported_aggregation_methods_for_metrics/threshold_expression_using_'min'_is_valid_against_a_trend_metric
#15 31.70 === PAUSE TestThresholdsValidate/thresholds_supported_aggregation_methods_for_metrics/threshold_expression_using_'min'_is_valid_against_a_trend_metric
#15 31.70 === CONT  TestThresholdRun/true
#15 31.70 === RUN   TestThresholdsValidate/thresholds_supported_aggregation_methods_for_metrics/threshold_expression_using_'max'_is_valid_against_a_trend_metric
#15 31.70 === PAUSE TestThresholdsValidate/thresholds_supported_aggregation_methods_for_metrics/threshold_expression_using_'max'_is_valid_against_a_trend_metric
#15 31.70 === RUN   TestThresholdRun/true/no_taint
#15 31.70 === RUN   TestThresholdsValidate/thresholds_supported_aggregation_methods_for_metrics/threshold_expression_using_'med'_is_valid_against_a_trend_metric
#15 31.70 === PAUSE TestThresholdsValidate/thresholds_supported_aggregation_methods_for_metrics/threshold_expression_using_'med'_is_valid_against_a_trend_metric
#15 31.70 === RUN   TestThresholdsValidate/thresholds_supported_aggregation_methods_for_metrics/threshold_expression_using_'p(value)'_is_valid_against_a_trend_metric
#15 31.70 --- PASS: TestThresholdsRunAll (0.00s)
#15 31.70     --- PASS: TestThresholdsRunAll/two_passing (0.00s)
#15 31.70     --- PASS: TestThresholdsRunAll/abort_with_grace_period (0.00s)
#15 31.70     --- PASS: TestThresholdsRunAll/one_failing (0.00s)
#15 31.70     --- PASS: TestThresholdsRunAll/one_passing (0.00s)
#15 31.70     --- PASS: TestThresholdsRunAll/no_abort_with_grace_period (0.00s)
#15 31.70     --- PASS: TestThresholdsRunAll/two_mixed (0.00s)
#15 31.70     --- PASS: TestThresholdsRunAll/one_aborting (0.00s)
#15 31.70     --- PASS: TestThresholdsRunAll/two_failing (0.00s)
#15 31.70 === PAUSE TestThresholdsValidate/thresholds_supported_aggregation_methods_for_metrics/threshold_expression_using_'p(value)'_is_valid_against_a_trend_metric
#15 31.70 === RUN   TestThresholdRun/true/taint
#15 31.70 === PAUSE TestThresholdRun/true/taint
#15 31.70 === CONT  TestThresholdRun/false
#15 31.70 === CONT  TestThresholdsParse/valid_threshold_expressions
#15 31.70 === RUN   TestThresholdRun/false/no_taint
#15 31.70 === CONT  TestThresholdsParse/mixed_valid/invalid_threshold_expressions
#15 31.70 === RUN   TestThresholdRun/false/taint
#15 31.70 === CONT  TestThresholdsParse/invalid_threshold_expressions
#15 31.70 --- PASS: TestThresholdsParse (0.00s)
#15 31.70     --- PASS: TestThresholdsParse/valid_threshold_expressions (0.00s)
#15 31.70     --- PASS: TestThresholdsParse/mixed_valid/invalid_threshold_expressions (0.00s)
#15 31.70     --- PASS: TestThresholdsParse/invalid_threshold_expressions (0.00s)
#15 31.70 === CONT  TestRateSink/add/values
#15 31.70 === CONT  TestRateSink/add/one_true
#15 31.70 === CONT  TestRateSink/add/one_false
#15 31.70 === CONT  TestGaugeSink/add/one_value
#15 31.70 === CONT  TestGaugeSink/add/values
#15 31.70 === CONT  TestGaugeSink/add/negative_values
#15 31.70 === RUN   TestTrendSink/percentile
#15 31.70 === CONT  TestCounterSink/add/one_value
#15 31.70 === RUN   TestTrendSink/percentile/no_values
#15 31.70 === PAUSE TestTrendSink/percentile/no_values
#15 31.70 === CONT  TestCounterSink/add/values
#15 31.70 === RUN   TestTrendSink/percentile/one_value
#15 31.70 === CONT  TestThresholdsValidate/thresholds_supported_aggregation_methods_for_metrics/threshold_expression_using_'count'_is_valid_against_a_counter_metric
#15 31.70 === PAUSE TestTrendSink/percentile/one_value
#15 31.70 === CONT  TestThresholdsValidate/thresholds_supported_aggregation_methods_for_metrics/threshold_expression_using_'p(value)'_is_valid_against_a_trend_metric
#15 31.70 === RUN   TestTrendSink/percentile/two_values
#15 31.70 === PAUSE TestTrendSink/percentile/two_values
#15 31.70 === CONT  TestThresholdsValidate/thresholds_supported_aggregation_methods_for_metrics/threshold_expression_using_'med'_is_valid_against_a_trend_metric
#15 31.70 === RUN   TestTrendSink/percentile/more_than_2
#15 31.70 === CONT  TestThresholdsValidate/thresholds_supported_aggregation_methods_for_metrics/threshold_expression_using_'max'_is_valid_against_a_trend_metric
#15 31.70 === PAUSE TestTrendSink/percentile/more_than_2
#15 31.70 === CONT  TestThresholdsValidate/thresholds_supported_aggregation_methods_for_metrics/threshold_expression_using_'min'_is_valid_against_a_trend_metric
#15 31.70 === CONT  TestThresholdsValidate/thresholds_supported_aggregation_methods_for_metrics/threshold_expression_using_'rate'_is_valid_against_a_rate_metric
#15 31.70 === CONT  TestThresholdsValidate/thresholds_supported_aggregation_methods_for_metrics/threshold_expression_using_'value'_is_valid_against_a_gauge_metric
#15 31.70 === CONT  TestThresholdsValidate/thresholds_supported_aggregation_methods_for_metrics/threshold_expression_using_'rate'_is_valid_against_a_counter_multi-tag_submetric
#15 31.70 === CONT  TestThresholdsValidate/thresholds_supported_aggregation_methods_for_metrics/threshold_expression_using_'rate'_is_valid_against_a_counter_single_tag_submetric
#15 31.70 === CONT  TestThresholdsValidate/thresholds_supported_aggregation_methods_for_metrics/threshold_expression_using_'rate'_is_valid_against_a_counter_metric
#15 31.70 === CONT  TestThresholdRun/true/taint
#15 31.70 === CONT  TestTrendSink/percentile/no_values
#15 31.70 === CONT  TestTrendSink/percentile/more_than_2
#15 31.70 --- PASS: TestRateSink (0.00s)
#15 31.70     --- PASS: TestRateSink/format (0.00s)
#15 31.70     --- PASS: TestRateSink/add (0.00s)
#15 31.70         --- PASS: TestRateSink/add/values (0.00s)
#15 31.70         --- PASS: TestRateSink/add/one_true (0.00s)
#15 31.70         --- PASS: TestRateSink/add/one_false (0.00s)
#15 31.70 === CONT  TestTrendSink/percentile/two_values
#15 31.70 --- PASS: TestGaugeSink (0.00s)
#15 31.70     --- PASS: TestGaugeSink/format (0.00s)
#15 31.70     --- PASS: TestGaugeSink/add (0.00s)
#15 31.70         --- PASS: TestGaugeSink/add/one_value (0.00s)
#15 31.70         --- PASS: TestGaugeSink/add/values (0.00s)
#15 31.70         --- PASS: TestGaugeSink/add/negative_values (0.00s)
#15 31.70 === CONT  TestThresholdsValidate/thresholds_supported_aggregation_methods_for_metrics/threshold_expression_using_'avg'_is_valid_against_a_trend_metric
#15 31.70 === CONT  TestTrendSink/percentile/one_value
#15 31.70 --- PASS: TestCounterSink (0.00s)
#15 31.70     --- PASS: TestCounterSink/format (0.00s)
#15 31.70     --- PASS: TestCounterSink/add (0.00s)
#15 31.70         --- PASS: TestCounterSink/add/one_value (0.00s)
#15 31.70         --- PASS: TestCounterSink/add/values (0.00s)
#15 31.70 --- PASS: TestThresholdsValidate (0.00s)
#15 31.70     --- PASS: TestThresholdsValidate/validating_thresholds_applied_to_a_non_existing_metric_fails (0.00s)
#15 31.70     --- PASS: TestThresholdsValidate/validating_unparsed_thresholds_fails (0.00s)
#15 31.70     --- PASS: TestThresholdsValidate/thresholds_supported_aggregation_methods_for_metrics (0.00s)
#15 31.70         --- PASS: TestThresholdsValidate/thresholds_supported_aggregation_methods_for_metrics/threshold_expression_using_'count'_is_valid_against_a_counter_metric (0.00s)
#15 31.70         --- PASS: TestThresholdsValidate/thresholds_supported_aggregation_methods_for_metrics/threshold_expression_using_'p(value)'_is_valid_against_a_trend_metric (0.00s)
#15 31.70         --- PASS: TestThresholdsValidate/thresholds_supported_aggregation_methods_for_metrics/threshold_expression_using_'med'_is_valid_against_a_trend_metric (0.00s)
#15 31.70         --- PASS: TestThresholdsValidate/thresholds_supported_aggregation_methods_for_metrics/threshold_expression_using_'max'_is_valid_against_a_trend_metric (0.00s)
#15 31.70         --- PASS: TestThresholdsValidate/thresholds_supported_aggregation_methods_for_metrics/threshold_expression_using_'min'_is_valid_against_a_trend_metric (0.00s)
#15 31.70         --- PASS: TestThresholdsValidate/thresholds_supported_aggregation_methods_for_metrics/threshold_expression_using_'rate'_is_valid_against_a_rate_metric (0.00s)
#15 31.70         --- PASS: TestThresholdsValidate/thresholds_supported_aggregation_methods_for_metrics/threshold_expression_using_'value'_is_valid_against_a_gauge_metric (0.00s)
#15 31.70         --- PASS: TestThresholdsValidate/thresholds_supported_aggregation_methods_for_metrics/threshold_expression_using_'rate'_is_valid_against_a_counter_multi-tag_submetric (0.00s)
#15 31.70         --- PASS: TestThresholdsValidate/thresholds_supported_aggregation_methods_for_metrics/threshold_expression_using_'rate'_is_valid_against_a_counter_single_tag_submetric (0.00s)
#15 31.70         --- PASS: TestThresholdsValidate/thresholds_supported_aggregation_methods_for_metrics/threshold_expression_using_'rate'_is_valid_against_a_counter_metric (0.00s)
#15 31.70         --- PASS: TestThresholdsValidate/thresholds_supported_aggregation_methods_for_metrics/threshold_expression_using_'avg'_is_valid_against_a_trend_metric (0.00s)
#15 31.70 --- PASS: TestThresholdRun (0.00s)
#15 31.70     --- PASS: TestThresholdRun/false (0.00s)
#15 31.70         --- PASS: TestThresholdRun/false/no_taint (0.00s)
#15 31.70         --- PASS: TestThresholdRun/false/taint (0.00s)
#15 31.70     --- PASS: TestThresholdRun/true (0.00s)
#15 31.70         --- PASS: TestThresholdRun/true/no_taint (0.00s)
#15 31.70         --- PASS: TestThresholdRun/true/taint (0.00s)
#15 31.70 === RUN   TestTrendSink/format
#15 31.70 === PAUSE TestTrendSink/format
#15 31.70 === CONT  TestTrendSink/format
#15 31.70 --- PASS: TestTrendSink (0.00s)
#15 31.70     --- PASS: TestTrendSink/add (0.00s)
#15 31.70         --- PASS: TestTrendSink/add/one_value (0.00s)
#15 31.70         --- PASS: TestTrendSink/add/negative (0.00s)
#15 31.70         --- PASS: TestTrendSink/add/mixed (0.00s)
#15 31.70         --- PASS: TestTrendSink/add/values (0.00s)
#15 31.70     --- PASS: TestTrendSink/percentile (0.00s)
#15 31.70         --- PASS: TestTrendSink/percentile/no_values (0.00s)
#15 31.70         --- PASS: TestTrendSink/percentile/more_than_2 (0.00s)
#15 31.70         --- PASS: TestTrendSink/percentile/two_values (0.00s)
#15 31.70         --- PASS: TestTrendSink/percentile/one_value (0.00s)
#15 31.70     --- PASS: TestTrendSink/format (0.00s)
#15 31.70 PASS
#15 31.70 ok  	go.k6.io/k6/v2/metrics	0.007s
#15 DONE 84.1s

#16 [stage-1 3/6] COPY --from=k6 /usr/bin/k6 /usr/bin/k6
#16 DONE 0.1s

#17 [stage-1 4/6] COPY perf /perf
#17 DONE 0.0s

#18 [stage-1 5/6] RUN printf "%s" "unknown" > /perf/.source-sha
#18 DONE 0.4s

#19 [stage-1 6/6] WORKDIR /perf
#19 DONE 0.0s

#20 exporting to image
#20 exporting layers
#20 exporting layers 3.4s done
#20 exporting manifest sha256:2e0a0c1ae24f80572700513bdba0e7d031bfbaf30e2e2a2c8ebff4c88e8731e3 0.0s done
#20 exporting config sha256:7be57ec735fd68aaca1f500537c2ca15155ebcf5592de589e0da572305a51562 done
#20 exporting attestation manifest sha256:27a8891c90cdc5540282d8835bf1bdc805d20fd07596c96d11abc83a659639cf 0.0s done
#20 exporting manifest list sha256:f25de2323ea071dcb0a6ca55d8215a879541588b069a59cb25fbfffc3311b1b2 done
#20 naming to docker.io/library/nazoauth-reverify-load:20261009 done
#20 unpacking to docker.io/library/nazoauth-reverify-load:20261009
#20 unpacking to docker.io/library/nazoauth-reverify-load:20261009 0.7s done
#20 DONE 4.2s
